[2025-01-31T10:18:42.357+0000][11696][info][gc,init] CardTable entry size: 512
[2025-01-31T10:18:42.357+0000][11696][info][gc     ] Using G1
[2025-01-31T10:18:45.457+0000][11696][info][gc,init] Version: 23+37-2369 (release)
[2025-01-31T10:18:45.457+0000][11696][info][gc,init] CPUs: 12 total, 12 available
[2025-01-31T10:18:45.457+0000][11696][info][gc,init] Memory: 8016M
[2025-01-31T10:18:45.457+0000][11696][info][gc,init] Large Page Support: Disabled
[2025-01-31T10:18:45.457+0000][11696][info][gc,init] NUMA Support: Disabled
[2025-01-31T10:18:45.457+0000][11696][info][gc,init] Compressed Oops: Enabled (Zero based)
[2025-01-31T10:18:45.457+0000][11696][info][gc,init] Heap Region Size: 4M
[2025-01-31T10:18:45.457+0000][11696][info][gc,init] Heap Min Capacity: 4008M
[2025-01-31T10:18:45.457+0000][11696][info][gc,init] Heap Initial Capacity: 4008M
[2025-01-31T10:18:45.457+0000][11696][info][gc,init] Heap Max Capacity: 4008M
[2025-01-31T10:18:45.457+0000][11696][info][gc,init] Pre-touch: Enabled
[2025-01-31T10:18:45.457+0000][11696][info][gc,init] Parallel Workers: 10
[2025-01-31T10:18:45.457+0000][11696][info][gc,init] Concurrent Workers: 3
[2025-01-31T10:18:45.457+0000][11696][info][gc,init] Concurrent Refinement Workers: 10
[2025-01-31T10:18:45.457+0000][11696][info][gc,init] Periodic GC: Disabled
[2025-01-31T10:18:45.498+0000][11696][info][gc,metaspace] CDS archive(s) mapped at: [0x000001c40f000000-0x000001c40fd70000-0x000001c40fd70000), size 14090240, SharedBaseAddress: 0x000001c40f000000, ArchiveRelocationMode: 1.
[2025-01-31T10:18:45.498+0000][11696][info][gc,metaspace] Compressed class space mapped at: 0x000001c410000000-0x000001c450000000, reserved size: 1073741824
[2025-01-31T10:18:45.498+0000][11696][info][gc,metaspace] Narrow klass base: 0x000001c40f000000, Narrow klass shift: 0, Narrow klass range: 0x41000000
[2025-01-31T10:18:51.879+0000][11696][info][gc,start    ] GC(0) Pause Young (Normal) (G1 Evacuation Pause)
[2025-01-31T10:18:51.879+0000][11696][info][gc,task     ] GC(0) Using 10 workers of 10 for evacuation
[2025-01-31T10:18:51.879+0000][11696][debug][gc,age      ] GC(0) Desired survivor size 14680064 bytes, new threshold 15 (max threshold 15)
[2025-01-31T10:18:51.894+0000][11696][info ][gc,phases   ] GC(0)   Pre Evacuate Collection Set: 0.45ms
[2025-01-31T10:18:51.894+0000][11696][info ][gc,phases   ] GC(0)   Merge Heap Roots: 0.66ms
[2025-01-31T10:18:51.894+0000][11696][info ][gc,phases   ] GC(0)   Evacuate Collection Set: 11.03ms
[2025-01-31T10:18:51.894+0000][11696][info ][gc,phases   ] GC(0)   Post Evacuate Collection Set: 1.80ms
[2025-01-31T10:18:51.894+0000][11696][info ][gc,phases   ] GC(0)   Other: 0.60ms
[2025-01-31T10:18:51.894+0000][11696][trace][gc,age      ] GC(0) Age table:
[2025-01-31T10:18:51.894+0000][11696][trace][gc,age      ] GC(0) - age   1:   14198280 bytes,   14198280 total
[2025-01-31T10:18:51.894+0000][11696][info ][gc,heap     ] GC(0) Eden regions: 50->0(46)
[2025-01-31T10:18:51.894+0000][11696][info ][gc,heap     ] GC(0) Survivor regions: 0->4(7)
[2025-01-31T10:18:51.894+0000][11696][info ][gc,heap     ] GC(0) Old regions: 0->0
[2025-01-31T10:18:51.894+0000][11696][info ][gc,heap     ] GC(0) Humongous regions: 0->0
[2025-01-31T10:18:51.894+0000][11696][info ][gc,metaspace] GC(0) Metaspace: 18548K(19264K)->18548K(19264K) NonClass: 16441K(16896K)->16441K(16896K) Class: 2106K(2368K)->2106K(2368K)
[2025-01-31T10:18:51.894+0000][11696][info ][gc          ] GC(0) Pause Young (Normal) (G1 Evacuation Pause) 200M->14M(4008M) 15.692ms
[2025-01-31T10:18:51.894+0000][11696][info ][gc,cpu      ] GC(0) User=0.03s Sys=0.00s Real=0.02s
[2025-01-31T10:18:51.894+0000][11696][info ][safepoint   ] Safepoint "G1CollectForAllocation", Time since last: 6373022400 ns, Reaching safepoint: 6900 ns, At safepoint: 15778600 ns, Total: 15785500 ns
[2025-01-31T10:18:53.997+0000][11696][info ][gc,start    ] GC(1) Pause Young (Concurrent Start) (Metadata GC Threshold)
[2025-01-31T10:18:53.997+0000][11696][info ][gc,task     ] GC(1) Using 10 workers of 10 for evacuation
[2025-01-31T10:18:53.997+0000][11696][debug][gc,age      ] GC(1) Desired survivor size 14680064 bytes, new threshold 15 (max threshold 15)
[2025-01-31T10:18:54.013+0000][11696][info ][gc,phases   ] GC(1)   Pre Evacuate Collection Set: 0.57ms
[2025-01-31T10:18:54.013+0000][11696][info ][gc,phases   ] GC(1)   Merge Heap Roots: 0.19ms
[2025-01-31T10:18:54.013+0000][11696][info ][gc,phases   ] GC(1)   Evacuate Collection Set: 8.94ms
[2025-01-31T10:18:54.013+0000][11696][info ][gc,phases   ] GC(1)   Post Evacuate Collection Set: 2.11ms
[2025-01-31T10:18:54.013+0000][11696][info ][gc,phases   ] GC(1)   Other: 0.31ms
[2025-01-31T10:18:54.013+0000][11696][trace][gc,age      ] GC(1) Age table:
[2025-01-31T10:18:54.013+0000][11696][trace][gc,age      ] GC(1) - age   1:    1256792 bytes,    1256792 total
[2025-01-31T10:18:54.013+0000][11696][trace][gc,age      ] GC(1) - age   2:   13994968 bytes,   15251760 total
[2025-01-31T10:18:54.013+0000][11696][info ][gc,heap     ] GC(1) Eden regions: 17->0(46)
[2025-01-31T10:18:54.013+0000][11696][info ][gc,heap     ] GC(1) Survivor regions: 4->4(7)
[2025-01-31T10:18:54.013+0000][11696][info ][gc,heap     ] GC(1) Old regions: 0->0
[2025-01-31T10:18:54.013+0000][11696][info ][gc,heap     ] GC(1) Humongous regions: 0->0
[2025-01-31T10:18:54.013+0000][11696][info ][gc,metaspace] GC(1) Metaspace: 20728K(21504K)->20728K(21504K) NonClass: 18394K(18816K)->18394K(18816K) Class: 2333K(2688K)->2333K(2688K)
[2025-01-31T10:18:54.013+0000][11696][info ][gc          ] GC(1) Pause Young (Concurrent Start) (Metadata GC Threshold) 82M->16M(4008M) 12.525ms
[2025-01-31T10:18:54.013+0000][11696][info ][gc,cpu      ] GC(1) User=0.00s Sys=0.00s Real=0.02s
[2025-01-31T10:18:54.013+0000][11696][info ][safepoint   ] Safepoint "CollectForMetadataAllocation", Time since last: 2101214200 ns, Reaching safepoint: 8200 ns, At safepoint: 12684200 ns, Total: 12692400 ns
[2025-01-31T10:18:54.013+0000][11696][info ][gc          ] GC(2) Concurrent Mark Cycle
[2025-01-31T10:18:54.013+0000][11696][info ][gc,marking  ] GC(2) Concurrent Scan Root Regions
[2025-01-31T10:18:54.013+0000][11696][info ][gc,marking  ] GC(2) Concurrent Scan Root Regions 3.967ms
[2025-01-31T10:18:54.013+0000][11696][info ][gc,marking  ] GC(2) Concurrent Mark
[2025-01-31T10:18:54.013+0000][11696][info ][gc,marking  ] GC(2) Concurrent Mark From Roots
[2025-01-31T10:18:54.013+0000][11696][info ][gc,task     ] GC(2) Using 3 workers of 3 for marking
[2025-01-31T10:18:54.013+0000][11696][info ][gc,marking  ] GC(2) Concurrent Mark From Roots 0.344ms
[2025-01-31T10:18:54.013+0000][11696][info ][gc,marking  ] GC(2) Concurrent Preclean
[2025-01-31T10:18:54.013+0000][11696][info ][gc,marking  ] GC(2) Concurrent Preclean 0.017ms
[2025-01-31T10:18:54.013+0000][11696][info ][gc,start    ] GC(2) Pause Remark
[2025-01-31T10:18:54.013+0000][11696][info ][gc          ] GC(2) Pause Remark 18M->18M(4008M) 4.615ms
[2025-01-31T10:18:54.013+0000][11696][info ][gc,cpu      ] GC(2) User=0.00s Sys=0.00s Real=0.00s
[2025-01-31T10:18:54.013+0000][11696][info ][safepoint   ] Safepoint "G1PauseRemark", Time since last: 4754200 ns, Reaching safepoint: 18600 ns, At safepoint: 4787800 ns, Total: 4806400 ns
[2025-01-31T10:18:54.013+0000][11696][info ][gc,marking  ] GC(2) Concurrent Mark 5.370ms
[2025-01-31T10:18:54.013+0000][11696][info ][gc,marking  ] GC(2) Concurrent Rebuild Remembered Sets and Scrub Regions
[2025-01-31T10:18:54.013+0000][11696][info ][gc,marking  ] GC(2) Concurrent Rebuild Remembered Sets and Scrub Regions 0.137ms
[2025-01-31T10:18:54.013+0000][11696][info ][gc,start    ] GC(2) Pause Cleanup
[2025-01-31T10:18:54.013+0000][11696][info ][gc          ] GC(2) Pause Cleanup 18M->18M(4008M) 0.036ms
[2025-01-31T10:18:54.013+0000][11696][info ][gc,cpu      ] GC(2) User=0.00s Sys=0.00s Real=0.00s
[2025-01-31T10:18:54.013+0000][11696][info ][safepoint   ] Safepoint "G1PauseCleanup", Time since last: 369900 ns, Reaching safepoint: 36700 ns, At safepoint: 85900 ns, Total: 122600 ns
[2025-01-31T10:18:54.013+0000][11696][info ][gc,marking  ] GC(2) Concurrent Clear Claimed Marks
[2025-01-31T10:18:54.013+0000][11696][info ][gc,marking  ] GC(2) Concurrent Clear Claimed Marks 0.172ms
[2025-01-31T10:18:54.013+0000][11696][info ][gc,marking  ] GC(2) Concurrent Cleanup for Next Mark
[2025-01-31T10:18:54.028+0000][11696][info ][gc,marking  ] GC(2) Concurrent Cleanup for Next Mark 5.566ms
[2025-01-31T10:18:54.028+0000][11696][info ][gc          ] GC(2) Concurrent Mark Cycle 15.864ms
[2025-01-31T10:18:55.072+0000][11696][info ][gc,start    ] GC(3) Pause Young (Normal) (G1 Evacuation Pause)
[2025-01-31T10:18:55.072+0000][11696][info ][gc,task     ] GC(3) Using 10 workers of 10 for evacuation
[2025-01-31T10:18:55.072+0000][11696][debug][gc,age      ] GC(3) Desired survivor size 14680064 bytes, new threshold 2 (max threshold 15)
[2025-01-31T10:18:55.089+0000][11696][info ][gc,phases   ] GC(3)   Pre Evacuate Collection Set: 0.49ms
[2025-01-31T10:18:55.089+0000][11696][info ][gc,phases   ] GC(3)   Merge Heap Roots: 0.14ms
[2025-01-31T10:18:55.089+0000][11696][info ][gc,phases   ] GC(3)   Evacuate Collection Set: 11.11ms
[2025-01-31T10:18:55.089+0000][11696][info ][gc,phases   ] GC(3)   Post Evacuate Collection Set: 1.94ms
[2025-01-31T10:18:55.089+0000][11696][info ][gc,phases   ] GC(3)   Other: 0.15ms
[2025-01-31T10:18:55.089+0000][11696][trace][gc,age      ] GC(3) Age table:
[2025-01-31T10:18:55.089+0000][11696][trace][gc,age      ] GC(3) - age   1:    2670824 bytes,    2670824 total
[2025-01-31T10:18:55.089+0000][11696][trace][gc,age      ] GC(3) - age   2:     435824 bytes,    3106648 total
[2025-01-31T10:18:55.089+0000][11696][info ][gc,heap     ] GC(3) Eden regions: 46->0(48)
[2025-01-31T10:18:55.089+0000][11696][info ][gc,heap     ] GC(3) Survivor regions: 4->2(7)
[2025-01-31T10:18:55.089+0000][11696][info ][gc,heap     ] GC(3) Old regions: 0->4
[2025-01-31T10:18:55.089+0000][11696][info ][gc,heap     ] GC(3) Humongous regions: 0->0
[2025-01-31T10:18:55.089+0000][11696][info ][gc,metaspace] GC(3) Metaspace: 23265K(24064K)->23265K(24064K) NonClass: 20634K(21120K)->20634K(21120K) Class: 2631K(2944K)->2631K(2944K)
[2025-01-31T10:18:55.089+0000][11696][info ][gc          ] GC(3) Pause Young (Normal) (G1 Evacuation Pause) 200M->19M(4008M) 14.319ms
[2025-01-31T10:18:55.089+0000][11696][info ][gc,cpu      ] GC(3) User=0.05s Sys=0.02s Real=0.02s
[2025-01-31T10:18:55.089+0000][11696][info ][safepoint   ] Safepoint "G1CollectForAllocation", Time since last: 1052997500 ns, Reaching safepoint: 11000 ns, At safepoint: 14436900 ns, Total: 14447900 ns
[2025-01-31T10:18:56.273+0000][11696][info ][gc,start    ] GC(4) Pause Young (Normal) (G1 Evacuation Pause)
[2025-01-31T10:18:56.273+0000][11696][info ][gc,task     ] GC(4) Using 10 workers of 10 for evacuation
[2025-01-31T10:18:56.273+0000][11696][debug][gc,age      ] GC(4) Desired survivor size 14680064 bytes, new threshold 15 (max threshold 15)
[2025-01-31T10:18:56.282+0000][11696][info ][gc,phases   ] GC(4)   Pre Evacuate Collection Set: 0.39ms
[2025-01-31T10:18:56.282+0000][11696][info ][gc,phases   ] GC(4)   Merge Heap Roots: 0.20ms
[2025-01-31T10:18:56.282+0000][11696][info ][gc,phases   ] GC(4)   Evacuate Collection Set: 3.79ms
[2025-01-31T10:18:56.282+0000][11696][info ][gc,phases   ] GC(4)   Post Evacuate Collection Set: 0.91ms
[2025-01-31T10:18:56.282+0000][11696][info ][gc,phases   ] GC(4)   Other: 0.15ms
[2025-01-31T10:18:56.282+0000][11696][trace][gc,age      ] GC(4) Age table:
[2025-01-31T10:18:56.282+0000][11696][trace][gc,age      ] GC(4) - age   1:    6141712 bytes,    6141712 total
[2025-01-31T10:18:56.282+0000][11696][trace][gc,age      ] GC(4) - age   2:    2193664 bytes,    8335376 total
[2025-01-31T10:18:56.282+0000][11696][trace][gc,age      ] GC(4) - age   3:     434344 bytes,    8769720 total
[2025-01-31T10:18:56.282+0000][11696][info ][gc,heap     ] GC(4) Eden regions: 48->0(47)
[2025-01-31T10:18:56.282+0000][11696][info ][gc,heap     ] GC(4) Survivor regions: 2->3(7)
[2025-01-31T10:18:56.282+0000][11696][info ][gc,heap     ] GC(4) Old regions: 4->4
[2025-01-31T10:18:56.282+0000][11696][info ][gc,heap     ] GC(4) Humongous regions: 0->0
[2025-01-31T10:18:56.282+0000][11696][info ][gc,metaspace] GC(4) Metaspace: 28871K(29824K)->28871K(29824K) NonClass: 25604K(26176K)->25604K(26176K) Class: 3267K(3648K)->3267K(3648K)
[2025-01-31T10:18:56.282+0000][11696][info ][gc          ] GC(4) Pause Young (Normal) (G1 Evacuation Pause) 211M->23M(4008M) 5.840ms
[2025-01-31T10:18:56.282+0000][11696][info ][gc,cpu      ] GC(4) User=0.02s Sys=0.00s Real=0.01s
[2025-01-31T10:18:56.282+0000][11696][info ][safepoint   ] Safepoint "G1CollectForAllocation", Time since last: 1189872600 ns, Reaching safepoint: 10100 ns, At safepoint: 5923500 ns, Total: 5933600 ns
[2025-01-31T10:18:56.874+0000][11696][info ][gc,start    ] GC(5) Pause Young (Normal) (G1 Evacuation Pause)
[2025-01-31T10:18:56.874+0000][11696][info ][gc,task     ] GC(5) Using 10 workers of 10 for evacuation
[2025-01-31T10:18:56.874+0000][11696][debug][gc,age      ] GC(5) Desired survivor size 14680064 bytes, new threshold 15 (max threshold 15)
[2025-01-31T10:18:56.874+0000][11696][info ][gc,phases   ] GC(5)   Pre Evacuate Collection Set: 0.54ms
[2025-01-31T10:18:56.874+0000][11696][info ][gc,phases   ] GC(5)   Merge Heap Roots: 0.17ms
[2025-01-31T10:18:56.874+0000][11696][info ][gc,phases   ] GC(5)   Evacuate Collection Set: 4.11ms
[2025-01-31T10:18:56.874+0000][11696][info ][gc,phases   ] GC(5)   Post Evacuate Collection Set: 0.88ms
[2025-01-31T10:18:56.874+0000][11696][info ][gc,phases   ] GC(5)   Other: 0.14ms
[2025-01-31T10:18:56.874+0000][11696][trace][gc,age      ] GC(5) Age table:
[2025-01-31T10:18:56.874+0000][11696][trace][gc,age      ] GC(5) - age   1:    4500400 bytes,    4500400 total
[2025-01-31T10:18:56.874+0000][11696][trace][gc,age      ] GC(5) - age   2:    3574160 bytes,    8074560 total
[2025-01-31T10:18:56.874+0000][11696][trace][gc,age      ] GC(5) - age   3:    2193456 bytes,   10268016 total
[2025-01-31T10:18:56.874+0000][11696][trace][gc,age      ] GC(5) - age   4:     434344 bytes,   10702360 total
[2025-01-31T10:18:56.874+0000][11696][info ][gc,heap     ] GC(5) Eden regions: 47->0(69)
[2025-01-31T10:18:56.874+0000][11696][info ][gc,heap     ] GC(5) Survivor regions: 3->3(7)
[2025-01-31T10:18:56.874+0000][11696][info ][gc,heap     ] GC(5) Old regions: 4->4
[2025-01-31T10:18:56.874+0000][11696][info ][gc,heap     ] GC(5) Humongous regions: 0->0
[2025-01-31T10:18:56.874+0000][11696][info ][gc,metaspace] GC(5) Metaspace: 29656K(30592K)->29656K(30592K) NonClass: 26265K(26752K)->26265K(26752K) Class: 3391K(3840K)->3391K(3840K)
[2025-01-31T10:18:56.874+0000][11696][info ][gc          ] GC(5) Pause Young (Normal) (G1 Evacuation Pause) 211M->25M(4008M) 6.225ms
[2025-01-31T10:18:56.874+0000][11696][info ][gc,cpu      ] GC(5) User=0.00s Sys=0.00s Real=0.00s
[2025-01-31T10:18:56.874+0000][11696][info ][safepoint   ] Safepoint "G1CollectForAllocation", Time since last: 590215400 ns, Reaching safepoint: 9800 ns, At safepoint: 6306900 ns, Total: 6316700 ns
[2025-01-31T10:18:57.685+0000][11696][info ][gc,start    ] GC(6) Pause Young (Normal) (G1 Evacuation Pause)
[2025-01-31T10:18:57.685+0000][11696][info ][gc,task     ] GC(6) Using 10 workers of 10 for evacuation
[2025-01-31T10:18:57.685+0000][11696][debug][gc,age      ] GC(6) Desired survivor size 18874368 bytes, new threshold 15 (max threshold 15)
[2025-01-31T10:18:57.700+0000][11696][info ][gc,phases   ] GC(6)   Pre Evacuate Collection Set: 0.49ms
[2025-01-31T10:18:57.700+0000][11696][info ][gc,phases   ] GC(6)   Merge Heap Roots: 0.18ms
[2025-01-31T10:18:57.700+0000][11696][info ][gc,phases   ] GC(6)   Evacuate Collection Set: 5.60ms
[2025-01-31T10:18:57.700+0000][11696][info ][gc,phases   ] GC(6)   Post Evacuate Collection Set: 1.04ms
[2025-01-31T10:18:57.700+0000][11696][info ][gc,phases   ] GC(6)   Other: 0.13ms
[2025-01-31T10:18:57.700+0000][11696][trace][gc,age      ] GC(6) Age table:
[2025-01-31T10:18:57.700+0000][11696][trace][gc,age      ] GC(6) - age   1:    2863048 bytes,    2863048 total
[2025-01-31T10:18:57.700+0000][11696][trace][gc,age      ] GC(6) - age   2:    2280056 bytes,    5143104 total
[2025-01-31T10:18:57.700+0000][11696][trace][gc,age      ] GC(6) - age   3:    3573840 bytes,    8716944 total
[2025-01-31T10:18:57.700+0000][11696][trace][gc,age      ] GC(6) - age   4:    2192872 bytes,   10909816 total
[2025-01-31T10:18:57.700+0000][11696][trace][gc,age      ] GC(6) - age   5:     434344 bytes,   11344160 total
[2025-01-31T10:18:57.700+0000][11696][info ][gc,heap     ] GC(6) Eden regions: 69->0(65)
[2025-01-31T10:18:57.700+0000][11696][info ][gc,heap     ] GC(6) Survivor regions: 3->3(9)
[2025-01-31T10:18:57.700+0000][11696][info ][gc,heap     ] GC(6) Old regions: 4->4
[2025-01-31T10:18:57.700+0000][11696][info ][gc,heap     ] GC(6) Humongous regions: 0->0
[2025-01-31T10:18:57.700+0000][11696][info ][gc,metaspace] GC(6) Metaspace: 30311K(31296K)->30311K(31296K) NonClass: 26847K(27392K)->26847K(27392K) Class: 3463K(3904K)->3463K(3904K)
[2025-01-31T10:18:57.700+0000][11696][info ][gc          ] GC(6) Pause Young (Normal) (G1 Evacuation Pause) 301M->26M(4008M) 7.922ms
[2025-01-31T10:18:57.700+0000][11696][info ][gc,cpu      ] GC(6) User=0.03s Sys=0.00s Real=0.02s
[2025-01-31T10:18:57.700+0000][11696][info ][safepoint   ] Safepoint "G1CollectForAllocation", Time since last: 809983400 ns, Reaching safepoint: 57100 ns, At safepoint: 8012000 ns, Total: 8069100 ns
[2025-01-31T10:18:58.185+0000][11696][info ][gc,start    ] GC(7) Pause Young (Normal) (G1 Evacuation Pause)
[2025-01-31T10:18:58.185+0000][11696][info ][gc,task     ] GC(7) Using 10 workers of 10 for evacuation
[2025-01-31T10:18:58.185+0000][11696][debug][gc,age      ] GC(7) Desired survivor size 18874368 bytes, new threshold 15 (max threshold 15)
[2025-01-31T10:18:58.194+0000][11696][info ][gc,phases   ] GC(7)   Pre Evacuate Collection Set: 0.42ms
[2025-01-31T10:18:58.194+0000][11696][info ][gc,phases   ] GC(7)   Merge Heap Roots: 0.15ms
[2025-01-31T10:18:58.194+0000][11696][info ][gc,phases   ] GC(7)   Evacuate Collection Set: 3.70ms
[2025-01-31T10:18:58.194+0000][11696][info ][gc,phases   ] GC(7)   Post Evacuate Collection Set: 0.83ms
[2025-01-31T10:18:58.194+0000][11696][info ][gc,phases   ] GC(7)   Other: 0.15ms
[2025-01-31T10:18:58.194+0000][11696][trace][gc,age      ] GC(7) Age table:
[2025-01-31T10:18:58.194+0000][11696][trace][gc,age      ] GC(7) - age   1:    1861424 bytes,    1861424 total
[2025-01-31T10:18:58.194+0000][11696][trace][gc,age      ] GC(7) - age   2:    2676776 bytes,    4538200 total
[2025-01-31T10:18:58.194+0000][11696][trace][gc,age      ] GC(7) - age   3:    2277896 bytes,    6816096 total
[2025-01-31T10:18:58.194+0000][11696][trace][gc,age      ] GC(7) - age   4:    3572800 bytes,   10388896 total
[2025-01-31T10:18:58.194+0000][11696][trace][gc,age      ] GC(7) - age   5:    2192872 bytes,   12581768 total
[2025-01-31T10:18:58.194+0000][11696][trace][gc,age      ] GC(7) - age   6:     434344 bytes,   13016112 total
[2025-01-31T10:18:58.194+0000][11696][info ][gc,heap     ] GC(7) Eden regions: 65->0(90)
[2025-01-31T10:18:58.194+0000][11696][info ][gc,heap     ] GC(7) Survivor regions: 3->4(9)
[2025-01-31T10:18:58.194+0000][11696][info ][gc,heap     ] GC(7) Old regions: 4->4
[2025-01-31T10:18:58.194+0000][11696][info ][gc,heap     ] GC(7) Humongous regions: 0->0
[2025-01-31T10:18:58.194+0000][11696][info ][gc,metaspace] GC(7) Metaspace: 30599K(31616K)->30599K(31616K) NonClass: 27088K(27648K)->27088K(27648K) Class: 3511K(3968K)->3511K(3968K)
[2025-01-31T10:18:58.194+0000][11696][info ][gc          ] GC(7) Pause Young (Normal) (G1 Evacuation Pause) 286M->27M(4008M) 5.670ms
[2025-01-31T10:18:58.194+0000][11696][info ][gc,cpu      ] GC(7) User=0.02s Sys=0.00s Real=0.01s
[2025-01-31T10:18:58.194+0000][11696][info ][safepoint   ] Safepoint "G1CollectForAllocation", Time since last: 492605300 ns, Reaching safepoint: 11200 ns, At safepoint: 5765300 ns, Total: 5776500 ns
[2025-01-31T10:18:59.089+0000][11696][info ][gc,start    ] GC(8) Pause Young (Concurrent Start) (Metadata GC Threshold)
[2025-01-31T10:18:59.089+0000][11696][info ][gc,task     ] GC(8) Using 10 workers of 10 for evacuation
[2025-01-31T10:18:59.089+0000][11696][debug][gc,age      ] GC(8) Desired survivor size 25165824 bytes, new threshold 15 (max threshold 15)
[2025-01-31T10:18:59.089+0000][11696][info ][gc,phases   ] GC(8)   Pre Evacuate Collection Set: 0.48ms
[2025-01-31T10:18:59.089+0000][11696][info ][gc,phases   ] GC(8)   Merge Heap Roots: 0.15ms
[2025-01-31T10:18:59.089+0000][11696][info ][gc,phases   ] GC(8)   Evacuate Collection Set: 5.69ms
[2025-01-31T10:18:59.089+0000][11696][info ][gc,phases   ] GC(8)   Post Evacuate Collection Set: 0.95ms
[2025-01-31T10:18:59.089+0000][11696][info ][gc,phases   ] GC(8)   Other: 0.20ms
[2025-01-31T10:18:59.089+0000][11696][trace][gc,age      ] GC(8) Age table:
[2025-01-31T10:18:59.089+0000][11696][trace][gc,age      ] GC(8) - age   1:    3381088 bytes,    3381088 total
[2025-01-31T10:18:59.089+0000][11696][trace][gc,age      ] GC(8) - age   2:    1041168 bytes,    4422256 total
[2025-01-31T10:18:59.089+0000][11696][trace][gc,age      ] GC(8) - age   3:    2676744 bytes,    7099000 total
[2025-01-31T10:18:59.089+0000][11696][trace][gc,age      ] GC(8) - age   4:    2277480 bytes,    9376480 total
[2025-01-31T10:18:59.089+0000][11696][trace][gc,age      ] GC(8) - age   5:    3569984 bytes,   12946464 total
[2025-01-31T10:18:59.089+0000][11696][trace][gc,age      ] GC(8) - age   6:    2191704 bytes,   15138168 total
[2025-01-31T10:18:59.089+0000][11696][trace][gc,age      ] GC(8) - age   7:     434344 bytes,   15572512 total
[2025-01-31T10:18:59.089+0000][11696][info ][gc,heap     ] GC(8) Eden regions: 30->0(123)
[2025-01-31T10:18:59.089+0000][11696][info ][gc,heap     ] GC(8) Survivor regions: 4->5(12)
[2025-01-31T10:18:59.089+0000][11696][info ][gc,heap     ] GC(8) Old regions: 4->4
[2025-01-31T10:18:59.089+0000][11696][info ][gc,heap     ] GC(8) Humongous regions: 0->0
[2025-01-31T10:18:59.089+0000][11696][info ][gc,metaspace] GC(8) Metaspace: 34948K(35968K)->34948K(35968K) NonClass: 30988K(31552K)->30988K(31552K) Class: 3960K(4416K)->3960K(4416K)
[2025-01-31T10:18:59.089+0000][11696][info ][gc          ] GC(8) Pause Young (Concurrent Start) (Metadata GC Threshold) 145M->31M(4008M) 7.848ms
[2025-01-31T10:18:59.089+0000][11696][info ][gc,cpu      ] GC(8) User=0.00s Sys=0.00s Real=0.00s
[2025-01-31T10:18:59.089+0000][11696][info ][safepoint   ] Safepoint "CollectForMetadataAllocation", Time since last: 894152100 ns, Reaching safepoint: 6600 ns, At safepoint: 7971300 ns, Total: 7977900 ns
[2025-01-31T10:18:59.089+0000][11696][info ][gc          ] GC(9) Concurrent Mark Cycle
[2025-01-31T10:18:59.089+0000][11696][info ][gc,marking  ] GC(9) Concurrent Scan Root Regions
[2025-01-31T10:18:59.106+0000][11696][info ][gc,marking  ] GC(9) Concurrent Scan Root Regions 4.220ms
[2025-01-31T10:18:59.106+0000][11696][info ][gc,marking  ] GC(9) Concurrent Mark
[2025-01-31T10:18:59.106+0000][11696][info ][gc,marking  ] GC(9) Concurrent Mark From Roots
[2025-01-31T10:18:59.106+0000][11696][info ][gc,task     ] GC(9) Using 3 workers of 3 for marking
[2025-01-31T10:18:59.106+0000][11696][info ][gc,marking  ] GC(9) Concurrent Mark From Roots 8.840ms
[2025-01-31T10:18:59.106+0000][11696][info ][gc,marking  ] GC(9) Concurrent Preclean
[2025-01-31T10:18:59.106+0000][11696][info ][gc,marking  ] GC(9) Concurrent Preclean 0.109ms
[2025-01-31T10:18:59.106+0000][11696][info ][gc,start    ] GC(9) Pause Remark
[2025-01-31T10:18:59.106+0000][11696][info ][gc          ] GC(9) Pause Remark 33M->33M(4008M) 4.795ms
[2025-01-31T10:18:59.120+0000][11696][info ][gc,cpu      ] GC(9) User=0.00s Sys=0.00s Real=0.01s
[2025-01-31T10:18:59.120+0000][11696][info ][safepoint   ] Safepoint "G1PauseRemark", Time since last: 13577800 ns, Reaching safepoint: 28800 ns, At safepoint: 4965400 ns, Total: 4994200 ns
[2025-01-31T10:18:59.120+0000][11696][info ][gc,marking  ] GC(9) Concurrent Mark 14.273ms
[2025-01-31T10:18:59.120+0000][11696][info ][gc,marking  ] GC(9) Concurrent Rebuild Remembered Sets and Scrub Regions
[2025-01-31T10:18:59.120+0000][11696][info ][gc,marking  ] GC(9) Concurrent Rebuild Remembered Sets and Scrub Regions 3.597ms
[2025-01-31T10:18:59.120+0000][11696][info ][gc,start    ] GC(9) Pause Cleanup
[2025-01-31T10:18:59.120+0000][11696][info ][gc          ] GC(9) Pause Cleanup 33M->33M(4008M) 0.094ms
[2025-01-31T10:18:59.120+0000][11696][info ][gc,cpu      ] GC(9) User=0.00s Sys=0.00s Real=0.00s
[2025-01-31T10:18:59.120+0000][11696][info ][safepoint   ] Safepoint "G1PauseCleanup", Time since last: 3962300 ns, Reaching safepoint: 7400 ns, At safepoint: 155800 ns, Total: 163200 ns
[2025-01-31T10:18:59.120+0000][11696][info ][gc,marking  ] GC(9) Concurrent Clear Claimed Marks
[2025-01-31T10:18:59.120+0000][11696][info ][gc,marking  ] GC(9) Concurrent Clear Claimed Marks 0.102ms
[2025-01-31T10:18:59.120+0000][11696][info ][gc,marking  ] GC(9) Concurrent Cleanup for Next Mark
[2025-01-31T10:18:59.120+0000][11696][info ][gc,marking  ] GC(9) Concurrent Cleanup for Next Mark 4.730ms
[2025-01-31T10:18:59.120+0000][11696][info ][gc          ] GC(9) Concurrent Mark Cycle 27.638ms
[2025-01-31T10:19:01.094+0000][11696][info ][gc,start    ] GC(10) Pause Young (Normal) (G1 Evacuation Pause)
[2025-01-31T10:19:01.094+0000][11696][info ][gc,task     ] GC(10) Using 10 workers of 10 for evacuation
[2025-01-31T10:19:01.094+0000][11696][debug][gc,age      ] GC(10) Desired survivor size 33554432 bytes, new threshold 15 (max threshold 15)
[2025-01-31T10:19:01.112+0000][11696][info ][gc,phases   ] GC(10)   Pre Evacuate Collection Set: 0.74ms
[2025-01-31T10:19:01.112+0000][11696][info ][gc,phases   ] GC(10)   Merge Heap Roots: 0.19ms
[2025-01-31T10:19:01.112+0000][11696][info ][gc,phases   ] GC(10)   Evacuate Collection Set: 13.31ms
[2025-01-31T10:19:01.112+0000][11696][info ][gc,phases   ] GC(10)   Post Evacuate Collection Set: 1.50ms
[2025-01-31T10:19:01.112+0000][11696][info ][gc,phases   ] GC(10)   Other: 0.17ms
[2025-01-31T10:19:01.112+0000][11696][trace][gc,age      ] GC(10) Age table:
[2025-01-31T10:19:01.112+0000][11696][trace][gc,age      ] GC(10) - age   1:    8517008 bytes,    8517008 total
[2025-01-31T10:19:01.112+0000][11696][trace][gc,age      ] GC(10) - age   2:    3363968 bytes,   11880976 total
[2025-01-31T10:19:01.112+0000][11696][trace][gc,age      ] GC(10) - age   3:    1041072 bytes,   12922048 total
[2025-01-31T10:19:01.112+0000][11696][trace][gc,age      ] GC(10) - age   4:    2674752 bytes,   15596800 total
[2025-01-31T10:19:01.112+0000][11696][trace][gc,age      ] GC(10) - age   5:    2275640 bytes,   17872440 total
[2025-01-31T10:19:01.112+0000][11696][trace][gc,age      ] GC(10) - age   6:    3567000 bytes,   21439440 total
[2025-01-31T10:19:01.112+0000][11696][trace][gc,age      ] GC(10) - age   7:    2190728 bytes,   23630168 total
[2025-01-31T10:19:01.112+0000][11696][trace][gc,age      ] GC(10) - age   8:     428344 bytes,   24058512 total
[2025-01-31T10:19:01.112+0000][11696][info ][gc,heap     ] GC(10) Eden regions: 123->0(102)
[2025-01-31T10:19:01.112+0000][11696][info ][gc,heap     ] GC(10) Survivor regions: 5->7(16)
[2025-01-31T10:19:01.112+0000][11696][info ][gc,heap     ] GC(10) Old regions: 4->4
[2025-01-31T10:19:01.112+0000][11696][info ][gc,heap     ] GC(10) Humongous regions: 0->0
[2025-01-31T10:19:01.112+0000][11696][info ][gc,metaspace] GC(10) Metaspace: 38371K(39552K)->38371K(39552K) NonClass: 33925K(34624K)->33925K(34624K) Class: 4445K(4928K)->4445K(4928K)
[2025-01-31T10:19:01.112+0000][11696][info ][gc          ] GC(10) Pause Young (Normal) (G1 Evacuation Pause) 523M->39M(4008M) 16.352ms
[2025-01-31T10:19:01.112+0000][11696][info ][gc,cpu      ] GC(10) User=0.02s Sys=0.00s Real=0.02s
[2025-01-31T10:19:01.112+0000][11696][info ][safepoint   ] Safepoint "G1CollectForAllocation", Time since last: 1972952700 ns, Reaching safepoint: 10900 ns, At safepoint: 16433300 ns, Total: 16444200 ns
[2025-01-31T10:19:02.204+0000][11696][info ][gc,start    ] GC(11) Pause Young (Normal) (G1 Evacuation Pause)
[2025-01-31T10:19:02.204+0000][11696][info ][gc,task     ] GC(11) Using 10 workers of 10 for evacuation
[2025-01-31T10:19:02.204+0000][11696][debug][gc,age      ] GC(11) Desired survivor size 29360128 bytes, new threshold 15 (max threshold 15)
[2025-01-31T10:19:02.210+0000][11696][info ][gc,phases   ] GC(11)   Pre Evacuate Collection Set: 0.39ms
[2025-01-31T10:19:02.210+0000][11696][info ][gc,phases   ] GC(11)   Merge Heap Roots: 0.11ms
[2025-01-31T10:19:02.210+0000][11696][info ][gc,phases   ] GC(11)   Evacuate Collection Set: 7.51ms
[2025-01-31T10:19:02.210+0000][11696][info ][gc,phases   ] GC(11)   Post Evacuate Collection Set: 1.22ms
[2025-01-31T10:19:02.210+0000][11696][info ][gc,phases   ] GC(11)   Other: 0.18ms
[2025-01-31T10:19:02.210+0000][11696][trace][gc,age      ] GC(11) Age table:
[2025-01-31T10:19:02.210+0000][11696][trace][gc,age      ] GC(11) - age   1:    4466536 bytes,    4466536 total
[2025-01-31T10:19:02.210+0000][11696][trace][gc,age      ] GC(11) - age   2:    6327352 bytes,   10793888 total
[2025-01-31T10:19:02.210+0000][11696][trace][gc,age      ] GC(11) - age   3:    3363904 bytes,   14157792 total
[2025-01-31T10:19:02.210+0000][11696][trace][gc,age      ] GC(11) - age   4:    1038944 bytes,   15196736 total
[2025-01-31T10:19:02.210+0000][11696][trace][gc,age      ] GC(11) - age   5:    2674624 bytes,   17871360 total
[2025-01-31T10:19:02.210+0000][11696][trace][gc,age      ] GC(11) - age   6:    2275544 bytes,   20146904 total
[2025-01-31T10:19:02.210+0000][11696][trace][gc,age      ] GC(11) - age   7:    3565272 bytes,   23712176 total
[2025-01-31T10:19:02.210+0000][11696][trace][gc,age      ] GC(11) - age   8:    2189576 bytes,   25901752 total
[2025-01-31T10:19:02.210+0000][11696][trace][gc,age      ] GC(11) - age   9:     409736 bytes,   26311488 total
[2025-01-31T10:19:02.210+0000][11696][info ][gc,heap     ] GC(11) Eden regions: 102->0(149)
[2025-01-31T10:19:02.210+0000][11696][info ][gc,heap     ] GC(11) Survivor regions: 7->7(14)
[2025-01-31T10:19:02.210+0000][11696][info ][gc,heap     ] GC(11) Old regions: 4->4
[2025-01-31T10:19:02.210+0000][11696][info ][gc,heap     ] GC(11) Humongous regions: 0->0
[2025-01-31T10:19:02.210+0000][11696][info ][gc,metaspace] GC(11) Metaspace: 39093K(40256K)->39093K(40256K) NonClass: 34550K(35264K)->34550K(35264K) Class: 4542K(4992K)->4542K(4992K)
[2025-01-31T10:19:02.210+0000][11696][info ][gc          ] GC(11) Pause Young (Normal) (G1 Evacuation Pause) 447M->41M(4008M) 9.874ms
[2025-01-31T10:19:02.210+0000][11696][info ][gc,cpu      ] GC(11) User=0.00s Sys=0.00s Real=0.01s
[2025-01-31T10:19:02.210+0000][11696][info ][safepoint   ] Safepoint "G1CollectForAllocation", Time since last: 1094021100 ns, Reaching safepoint: 10700 ns, At safepoint: 9960600 ns, Total: 9971300 ns
[2025-01-31T10:19:06.690+0000][11696][info ][gc,start    ] GC(12) Pause Young (Normal) (G1 Evacuation Pause)
[2025-01-31T10:19:06.690+0000][11696][info ][gc,task     ] GC(12) Using 10 workers of 10 for evacuation
[2025-01-31T10:19:06.690+0000][11696][debug][gc,age      ] GC(12) Desired survivor size 41943040 bytes, new threshold 15 (max threshold 15)
[2025-01-31T10:19:06.722+0000][11696][info ][gc,phases   ] GC(12)   Pre Evacuate Collection Set: 0.57ms
[2025-01-31T10:19:06.722+0000][11696][info ][gc,phases   ] GC(12)   Merge Heap Roots: 0.15ms
[2025-01-31T10:19:06.722+0000][11696][info ][gc,phases   ] GC(12)   Evacuate Collection Set: 18.84ms
[2025-01-31T10:19:06.722+0000][11696][info ][gc,phases   ] GC(12)   Post Evacuate Collection Set: 1.98ms
[2025-01-31T10:19:06.722+0000][11696][info ][gc,phases   ] GC(12)   Other: 0.23ms
[2025-01-31T10:19:06.722+0000][11696][trace][gc,age      ] GC(12) Age table:
[2025-01-31T10:19:06.722+0000][11696][trace][gc,age      ] GC(12) - age   1:    8250792 bytes,    8250792 total
[2025-01-31T10:19:06.722+0000][11696][trace][gc,age      ] GC(12) - age   2:    4436712 bytes,   12687504 total
[2025-01-31T10:19:06.722+0000][11696][trace][gc,age      ] GC(12) - age   3:    6278680 bytes,   18966184 total
[2025-01-31T10:19:06.722+0000][11696][trace][gc,age      ] GC(12) - age   4:    3349904 bytes,   22316088 total
[2025-01-31T10:19:06.722+0000][11696][trace][gc,age      ] GC(12) - age   5:    1031200 bytes,   23347288 total
[2025-01-31T10:19:06.722+0000][11696][trace][gc,age      ] GC(12) - age   6:    2663640 bytes,   26010928 total
[2025-01-31T10:19:06.722+0000][11696][trace][gc,age      ] GC(12) - age   7:    2268192 bytes,   28279120 total
[2025-01-31T10:19:06.722+0000][11696][trace][gc,age      ] GC(12) - age   8:    3552776 bytes,   31831896 total
[2025-01-31T10:19:06.722+0000][11696][trace][gc,age      ] GC(12) - age   9:    1992032 bytes,   33823928 total
[2025-01-31T10:19:06.722+0000][11696][trace][gc,age      ] GC(12) - age  10:     409272 bytes,   34233200 total
[2025-01-31T10:19:06.722+0000][11696][info ][gc,heap     ] GC(12) Eden regions: 149->0(153)
[2025-01-31T10:19:06.722+0000][11696][info ][gc,heap     ] GC(12) Survivor regions: 7->9(20)
[2025-01-31T10:19:06.722+0000][11696][info ][gc,heap     ] GC(12) Old regions: 4->4
[2025-01-31T10:19:06.722+0000][11696][info ][gc,heap     ] GC(12) Humongous regions: 0->0
[2025-01-31T10:19:06.722+0000][11696][info ][gc,metaspace] GC(12) Metaspace: 51207K(52608K)->51207K(52608K) NonClass: 45057K(45888K)->45057K(45888K) Class: 6149K(6720K)->6149K(6720K)
[2025-01-31T10:19:06.722+0000][11696][info ][gc          ] GC(12) Pause Young (Normal) (G1 Evacuation Pause) 637M->50M(4008M) 22.491ms
[2025-01-31T10:19:06.722+0000][11696][info ][gc,cpu      ] GC(12) User=0.03s Sys=0.03s Real=0.03s
[2025-01-31T10:19:06.722+0000][11696][info ][safepoint   ] Safepoint "G1CollectForAllocation", Time since last: 4482377000 ns, Reaching safepoint: 12700 ns, At safepoint: 22615600 ns, Total: 22628300 ns
[2025-01-31T10:19:07.879+0000][11696][info ][gc,start    ] GC(13) Pause Young (Concurrent Start) (Metadata GC Threshold)
[2025-01-31T10:19:07.879+0000][11696][info ][gc,task     ] GC(13) Using 10 workers of 10 for evacuation
[2025-01-31T10:19:07.879+0000][11696][debug][gc,age      ] GC(13) Desired survivor size 44040192 bytes, new threshold 15 (max threshold 15)
[2025-01-31T10:19:07.889+0000][11696][info ][gc,phases   ] GC(13)   Pre Evacuate Collection Set: 0.48ms
[2025-01-31T10:19:07.889+0000][11696][info ][gc,phases   ] GC(13)   Merge Heap Roots: 0.11ms
[2025-01-31T10:19:07.889+0000][11696][info ][gc,phases   ] GC(13)   Evacuate Collection Set: 11.70ms
[2025-01-31T10:19:07.889+0000][11696][info ][gc,phases   ] GC(13)   Post Evacuate Collection Set: 1.85ms
[2025-01-31T10:19:07.889+0000][11696][info ][gc,phases   ] GC(13)   Other: 0.24ms
[2025-01-31T10:19:07.894+0000][11696][trace][gc,age      ] GC(13) Age table:
[2025-01-31T10:19:07.894+0000][11696][trace][gc,age      ] GC(13) - age   1:    1698168 bytes,    1698168 total
[2025-01-31T10:19:07.894+0000][11696][trace][gc,age      ] GC(13) - age   2:    8054456 bytes,    9752624 total
[2025-01-31T10:19:07.894+0000][11696][trace][gc,age      ] GC(13) - age   3:    4435488 bytes,   14188112 total
[2025-01-31T10:19:07.894+0000][11696][trace][gc,age      ] GC(13) - age   4:    6276656 bytes,   20464768 total
[2025-01-31T10:19:07.894+0000][11696][trace][gc,age      ] GC(13) - age   5:    3349904 bytes,   23814672 total
[2025-01-31T10:19:07.894+0000][11696][trace][gc,age      ] GC(13) - age   6:    1030680 bytes,   24845352 total
[2025-01-31T10:19:07.894+0000][11696][trace][gc,age      ] GC(13) - age   7:    2663080 bytes,   27508432 total
[2025-01-31T10:19:07.894+0000][11696][trace][gc,age      ] GC(13) - age   8:    2267840 bytes,   29776272 total
[2025-01-31T10:19:07.894+0000][11696][trace][gc,age      ] GC(13) - age   9:    3550992 bytes,   33327264 total
[2025-01-31T10:19:07.894+0000][11696][trace][gc,age      ] GC(13) - age  10:    1992032 bytes,   35319296 total
[2025-01-31T10:19:07.894+0000][11696][trace][gc,age      ] GC(13) - age  11:     409080 bytes,   35728376 total
[2025-01-31T10:19:07.894+0000][11696][info ][gc,heap     ] GC(13) Eden regions: 23->0(213)
[2025-01-31T10:19:07.894+0000][11696][info ][gc,heap     ] GC(13) Survivor regions: 9->10(21)
[2025-01-31T10:19:07.894+0000][11696][info ][gc,heap     ] GC(13) Old regions: 4->4
[2025-01-31T10:19:07.894+0000][11696][info ][gc,heap     ] GC(13) Humongous regions: 0->0
[2025-01-31T10:19:07.894+0000][11696][info ][gc,metaspace] GC(13) Metaspace: 58740K(60288K)->58740K(60288K) NonClass: 51426K(52352K)->51426K(52352K) Class: 7314K(7936K)->7314K(7936K)
[2025-01-31T10:19:07.894+0000][11696][info ][gc          ] GC(13) Pause Young (Concurrent Start) (Metadata GC Threshold) 142M->53M(4008M) 15.155ms
[2025-01-31T10:19:07.894+0000][11696][info ][gc,cpu      ] GC(13) User=0.00s Sys=0.00s Real=0.02s
[2025-01-31T10:19:07.894+0000][11696][info ][gc          ] GC(14) Concurrent Mark Cycle
[2025-01-31T10:19:07.894+0000][11696][info ][safepoint   ] Safepoint "CollectForMetadataAllocation", Time since last: 1156838700 ns, Reaching safepoint: 9200 ns, At safepoint: 15307700 ns, Total: 15316900 ns
[2025-01-31T10:19:07.894+0000][11696][info ][gc,marking  ] GC(14) Concurrent Scan Root Regions
[2025-01-31T10:19:07.900+0000][11696][info ][gc,marking  ] GC(14) Concurrent Scan Root Regions 6.005ms
[2025-01-31T10:19:07.900+0000][11696][info ][gc,marking  ] GC(14) Concurrent Mark
[2025-01-31T10:19:07.900+0000][11696][info ][gc,marking  ] GC(14) Concurrent Mark From Roots
[2025-01-31T10:19:07.900+0000][11696][info ][gc,task     ] GC(14) Using 3 workers of 3 for marking
[2025-01-31T10:19:07.901+0000][11696][info ][gc,marking  ] GC(14) Concurrent Mark From Roots 8.623ms
[2025-01-31T10:19:07.910+0000][11696][info ][gc,marking  ] GC(14) Concurrent Preclean
[2025-01-31T10:19:07.910+0000][11696][info ][gc,marking  ] GC(14) Concurrent Preclean 0.121ms
[2025-01-31T10:19:07.910+0000][11696][info ][gc,start    ] GC(14) Pause Remark
[2025-01-31T10:19:07.910+0000][11696][info ][gc          ] GC(14) Pause Remark 57M->57M(4008M) 4.934ms
[2025-01-31T10:19:07.910+0000][11696][info ][gc,cpu      ] GC(14) User=0.00s Sys=0.00s Real=0.00s
[2025-01-31T10:19:07.910+0000][11696][info ][safepoint   ] Safepoint "G1PauseRemark", Time since last: 15020200 ns, Reaching safepoint: 29600 ns, At safepoint: 5044900 ns, Total: 5074500 ns
[2025-01-31T10:19:07.910+0000][11696][info ][gc,marking  ] GC(14) Concurrent Mark 14.098ms
[2025-01-31T10:19:07.910+0000][11696][info ][gc,marking  ] GC(14) Concurrent Rebuild Remembered Sets and Scrub Regions
[2025-01-31T10:19:07.916+0000][11696][info ][gc,marking  ] GC(14) Concurrent Rebuild Remembered Sets and Scrub Regions 3.663ms
[2025-01-31T10:19:07.916+0000][11696][info ][gc,start    ] GC(14) Pause Cleanup
[2025-01-31T10:19:07.916+0000][11696][info ][gc          ] GC(14) Pause Cleanup 57M->57M(4008M) 0.084ms
[2025-01-31T10:19:07.916+0000][11696][info ][gc,cpu      ] GC(14) User=0.00s Sys=0.00s Real=0.00s
[2025-01-31T10:19:07.916+0000][11696][info ][safepoint   ] Safepoint "G1PauseCleanup", Time since last: 3968100 ns, Reaching safepoint: 129700 ns, At safepoint: 145900 ns, Total: 275600 ns
[2025-01-31T10:19:07.916+0000][11696][info ][gc,marking  ] GC(14) Concurrent Clear Claimed Marks
[2025-01-31T10:19:07.916+0000][11696][info ][gc,marking  ] GC(14) Concurrent Clear Claimed Marks 0.143ms
[2025-01-31T10:19:07.916+0000][11696][info ][gc,marking  ] GC(14) Concurrent Cleanup for Next Mark
[2025-01-31T10:19:07.916+0000][11696][info ][gc,marking  ] GC(14) Concurrent Cleanup for Next Mark 3.275ms
[2025-01-31T10:19:07.916+0000][11696][info ][gc          ] GC(14) Concurrent Mark Cycle 28.003ms
[2025-01-31T10:19:18.053+0000][11696][info ][gc,start    ] GC(15) Pause Young (Normal) (G1 Evacuation Pause)
[2025-01-31T10:19:18.053+0000][11696][info ][gc,task     ] GC(15) Using 10 workers of 10 for evacuation
[2025-01-31T10:19:18.053+0000][11696][debug][gc,age      ] GC(15) Desired survivor size 58720256 bytes, new threshold 15 (max threshold 15)
[2025-01-31T10:19:18.323+0000][11696][info ][gc,mmu      ] GC(15) MMU target violated: 201.0ms (200.0ms/201.0ms)
[2025-01-31T10:19:18.323+0000][11696][info ][gc,phases   ] GC(15)   Pre Evacuate Collection Set: 7.28ms
[2025-01-31T10:19:18.323+0000][11696][info ][gc,phases   ] GC(15)   Merge Heap Roots: 3.08ms
[2025-01-31T10:19:18.323+0000][11696][info ][gc,phases   ] GC(15)   Evacuate Collection Set: 248.72ms
[2025-01-31T10:19:18.323+0000][11696][info ][gc,phases   ] GC(15)   Post Evacuate Collection Set: 7.10ms
[2025-01-31T10:19:18.335+0000][11696][info ][gc,phases   ] GC(15)   Other: 2.60ms
[2025-01-31T10:19:18.335+0000][11696][trace][gc,age      ] GC(15) Age table:
[2025-01-31T10:19:18.335+0000][11696][trace][gc,age      ] GC(15) - age   1:   16760872 bytes,   16760872 total
[2025-01-31T10:19:18.335+0000][11696][trace][gc,age      ] GC(15) - age   2:    1528688 bytes,   18289560 total
[2025-01-31T10:19:18.335+0000][11696][trace][gc,age      ] GC(15) - age   3:    7755632 bytes,   26045192 total
[2025-01-31T10:19:18.335+0000][11696][trace][gc,age      ] GC(15) - age   4:    4392856 bytes,   30438048 total
[2025-01-31T10:19:18.335+0000][11696][trace][gc,age      ] GC(15) - age   5:    6255696 bytes,   36693744 total
[2025-01-31T10:19:18.335+0000][11696][trace][gc,age      ] GC(15) - age   6:    3337160 bytes,   40030904 total
[2025-01-31T10:19:18.335+0000][11696][trace][gc,age      ] GC(15) - age   7:    1020872 bytes,   41051776 total
[2025-01-31T10:19:18.335+0000][11696][trace][gc,age      ] GC(15) - age   8:    2654760 bytes,   43706536 total
[2025-01-31T10:19:18.335+0000][11696][trace][gc,age      ] GC(15) - age   9:    2259856 bytes,   45966392 total
[2025-01-31T10:19:18.335+0000][11696][trace][gc,age      ] GC(15) - age  10:    3527776 bytes,   49494168 total
[2025-01-31T10:19:18.335+0000][11696][trace][gc,age      ] GC(15) - age  11:    1985384 bytes,   51479552 total
[2025-01-31T10:19:18.335+0000][11696][trace][gc,age      ] GC(15) - age  12:     398096 bytes,   51877648 total
[2025-01-31T10:19:18.335+0000][11696][info ][gc,heap     ] GC(15) Eden regions: 213->0(82)
[2025-01-31T10:19:18.335+0000][11696][info ][gc,heap     ] GC(15) Survivor regions: 10->14(28)
[2025-01-31T10:19:18.335+0000][11696][info ][gc,heap     ] GC(15) Old regions: 4->4
[2025-01-31T10:19:18.335+0000][11696][info ][gc,heap     ] GC(15) Humongous regions: 0->0
[2025-01-31T10:19:18.335+0000][11696][info ][gc,metaspace] GC(15) Metaspace: 89572K(91584K)->89572K(91584K) NonClass: 77470K(78656K)->77470K(78656K) Class: 12102K(12928K)->12102K(12928K)
[2025-01-31T10:19:18.335+0000][11696][info ][gc          ] GC(15) Pause Young (Normal) (G1 Evacuation Pause) 905M->70M(4008M) 273.698ms
[2025-01-31T10:19:18.335+0000][11696][info ][gc,cpu      ] GC(15) User=0.08s Sys=0.77s Real=0.28s
[2025-01-31T10:19:18.335+0000][11696][info ][safepoint   ] Safepoint "G1CollectForAllocation", Time since last: 10142031400 ns, Reaching safepoint: 13500 ns, At safepoint: 274376700 ns, Total: 274390200 ns
[2025-01-31T10:19:22.590+0000][11696][info ][gc,start    ] GC(16) Pause Young (Concurrent Start) (Metadata GC Threshold)
[2025-01-31T10:19:22.590+0000][11696][info ][gc,task     ] GC(16) Using 10 workers of 10 for evacuation
[2025-01-31T10:19:22.590+0000][11696][debug][gc,age      ] GC(16) Desired survivor size 25165824 bytes, new threshold 3 (max threshold 15)
[2025-01-31T10:19:22.801+0000][11696][info ][gc,mmu      ] GC(16) MMU target violated: 201.0ms (200.0ms/201.0ms)
[2025-01-31T10:19:22.801+0000][11696][info ][gc,phases   ] GC(16)   Pre Evacuate Collection Set: 13.71ms
[2025-01-31T10:19:22.801+0000][11696][info ][gc,phases   ] GC(16)   Merge Heap Roots: 0.14ms
[2025-01-31T10:19:22.801+0000][11696][info ][gc,phases   ] GC(16)   Evacuate Collection Set: 196.67ms
[2025-01-31T10:19:22.801+0000][11696][info ][gc,phases   ] GC(16)   Post Evacuate Collection Set: 3.35ms
[2025-01-31T10:19:22.801+0000][11696][info ][gc,phases   ] GC(16)   Other: 0.17ms
[2025-01-31T10:19:22.801+0000][11696][trace][gc,age      ] GC(16) Age table:
[2025-01-31T10:19:22.801+0000][11696][trace][gc,age      ] GC(16) - age   1:    4835272 bytes,    4835272 total
[2025-01-31T10:19:22.801+0000][11696][trace][gc,age      ] GC(16) - age   2:   16153696 bytes,   20988968 total
[2025-01-31T10:19:22.801+0000][11696][trace][gc,age      ] GC(16) - age   3:    1527792 bytes,   22516760 total
[2025-01-31T10:19:22.801+0000][11696][info ][gc,heap     ] GC(16) Eden regions: 49->0(121)
[2025-01-31T10:19:22.801+0000][11696][info ][gc,heap     ] GC(16) Survivor regions: 14->7(12)
[2025-01-31T10:19:22.801+0000][11696][info ][gc,heap     ] GC(16) Old regions: 4->13
[2025-01-31T10:19:22.801+0000][11696][info ][gc,heap     ] GC(16) Humongous regions: 0->0
[2025-01-31T10:19:22.801+0000][11696][info ][gc,metaspace] GC(16) Metaspace: 98554K(100608K)->98554K(100608K) NonClass: 85080K(86272K)->85080K(86272K) Class: 13474K(14336K)->13474K(14336K)
[2025-01-31T10:19:22.801+0000][11696][info ][gc          ] GC(16) Pause Young (Concurrent Start) (Metadata GC Threshold) 266M->75M(4008M) 214.505ms
[2025-01-31T10:19:22.801+0000][11696][info ][gc,cpu      ] GC(16) User=0.08s Sys=0.83s Real=0.21s
[2025-01-31T10:19:22.801+0000][11696][info ][gc          ] GC(17) Concurrent Mark Cycle
[2025-01-31T10:19:22.801+0000][11696][info ][safepoint   ] Safepoint "CollectForMetadataAllocation", Time since last: 4256176300 ns, Reaching safepoint: 12100 ns, At safepoint: 214792100 ns, Total: 214804200 ns
[2025-01-31T10:19:22.801+0000][11696][info ][gc,marking  ] GC(17) Concurrent Scan Root Regions
[2025-01-31T10:19:22.817+0000][11696][info ][gc,marking  ] GC(17) Concurrent Scan Root Regions 21.075ms
[2025-01-31T10:19:22.817+0000][11696][info ][gc,marking  ] GC(17) Concurrent Mark
[2025-01-31T10:19:22.817+0000][11696][info ][gc,marking  ] GC(17) Concurrent Mark From Roots
[2025-01-31T10:19:22.817+0000][11696][info ][gc,task     ] GC(17) Using 3 workers of 3 for marking
[2025-01-31T10:19:22.864+0000][11696][info ][gc,marking  ] GC(17) Concurrent Mark From Roots 36.621ms
[2025-01-31T10:19:22.864+0000][11696][info ][gc,marking  ] GC(17) Concurrent Preclean
[2025-01-31T10:19:22.864+0000][11696][info ][gc,marking  ] GC(17) Concurrent Preclean 0.134ms
[2025-01-31T10:19:22.864+0000][11696][info ][gc,start    ] GC(17) Pause Remark
[2025-01-31T10:19:22.896+0000][11696][info ][gc          ] GC(17) Pause Remark 79M->79M(4008M) 39.347ms
[2025-01-31T10:19:22.896+0000][11696][info ][gc,cpu      ] GC(17) User=0.02s Sys=0.02s Real=0.03s
[2025-01-31T10:19:22.896+0000][11696][info ][safepoint   ] Safepoint "G1PauseRemark", Time since last: 58219900 ns, Reaching safepoint: 18000 ns, At safepoint: 39506200 ns, Total: 39524200 ns
[2025-01-31T10:19:22.896+0000][11696][info ][gc,marking  ] GC(17) Concurrent Mark 76.617ms
[2025-01-31T10:19:22.896+0000][11696][info ][gc,marking  ] GC(17) Concurrent Rebuild Remembered Sets and Scrub Regions
[2025-01-31T10:19:22.911+0000][11696][info ][gc,marking  ] GC(17) Concurrent Rebuild Remembered Sets and Scrub Regions 10.107ms
[2025-01-31T10:19:22.911+0000][11696][info ][gc,start    ] GC(17) Pause Cleanup
[2025-01-31T10:19:22.911+0000][11696][info ][gc          ] GC(17) Pause Cleanup 79M->79M(4008M) 0.067ms
[2025-01-31T10:19:22.911+0000][11696][info ][gc,cpu      ] GC(17) User=0.00s Sys=0.00s Real=0.00s
[2025-01-31T10:19:22.911+0000][11696][info ][safepoint   ] Safepoint "G1PauseCleanup", Time since last: 10361200 ns, Reaching safepoint: 28700 ns, At safepoint: 134400 ns, Total: 163100 ns
[2025-01-31T10:19:22.911+0000][11696][info ][gc,marking  ] GC(17) Concurrent Clear Claimed Marks
[2025-01-31T10:19:22.911+0000][11696][info ][gc,marking  ] GC(17) Concurrent Clear Claimed Marks 0.196ms
[2025-01-31T10:19:22.911+0000][11696][info ][gc,marking  ] GC(17) Concurrent Cleanup for Next Mark
[2025-01-31T10:19:22.960+0000][11696][info ][gc,marking  ] GC(17) Concurrent Cleanup for Next Mark 45.542ms
[2025-01-31T10:19:22.960+0000][11696][info ][gc          ] GC(17) Concurrent Mark Cycle 154.388ms
[2025-01-31T10:20:01.724+0000][11696][info ][gc,start    ] GC(18) Pause Young (Normal) (G1 Evacuation Pause)
[2025-01-31T10:20:01.727+0000][11696][info ][gc,task     ] GC(18) Using 10 workers of 10 for evacuation
[2025-01-31T10:20:01.727+0000][11696][debug][gc,age      ] GC(18) Desired survivor size 33554432 bytes, new threshold 15 (max threshold 15)
[2025-01-31T10:20:02.469+0000][11696][info ][gc,mmu      ] GC(18) MMU target violated: 201.0ms (200.0ms/201.0ms)
[2025-01-31T10:20:02.469+0000][11696][info ][gc,phases   ] GC(18)   Pre Evacuate Collection Set: 7.00ms
[2025-01-31T10:20:02.469+0000][11696][info ][gc,phases   ] GC(18)   Merge Heap Roots: 3.27ms
[2025-01-31T10:20:02.469+0000][11696][info ][gc,phases   ] GC(18)   Evacuate Collection Set: 700.33ms
[2025-01-31T10:20:02.469+0000][11696][info ][gc,phases   ] GC(18)   Post Evacuate Collection Set: 32.35ms
[2025-01-31T10:20:02.469+0000][11696][info ][gc,phases   ] GC(18)   Other: 5.02ms
[2025-01-31T10:20:02.469+0000][11696][trace][gc,age      ] GC(18) Age table:
[2025-01-31T10:20:02.469+0000][11696][trace][gc,age      ] GC(18) - age   1:   42899184 bytes,   42899184 total
[2025-01-31T10:20:02.469+0000][11696][trace][gc,age      ] GC(18) - age   2:    4242808 bytes,   47141992 total
[2025-01-31T10:20:02.469+0000][11696][trace][gc,age      ] GC(18) - age   3:   14143448 bytes,   61285440 total
[2025-01-31T10:20:02.469+0000][11696][trace][gc,age      ] GC(18) - age   4:    1145672 bytes,   62431112 total
[2025-01-31T10:20:02.469+0000][11696][info ][gc,heap     ] GC(18) Eden regions: 121->0(34)
[2025-01-31T10:20:02.469+0000][11696][info ][gc,heap     ] GC(18) Survivor regions: 7->16(16)
[2025-01-31T10:20:02.469+0000][11696][info ][gc,heap     ] GC(18) Old regions: 13->15
[2025-01-31T10:20:02.469+0000][11696][info ][gc,heap     ] GC(18) Humongous regions: 2->2
[2025-01-31T10:20:02.469+0000][11696][info ][gc,metaspace] GC(18) Metaspace: 141740K(145792K)->141740K(145792K) NonClass: 121496K(123712K)->121496K(123712K) Class: 20244K(22080K)->20244K(22080K)
[2025-01-31T10:20:02.469+0000][11696][info ][gc          ] GC(18) Pause Young (Normal) (G1 Evacuation Pause) 567M->131M(4008M) 752.427ms
[2025-01-31T10:20:02.469+0000][11696][info ][gc,cpu      ] GC(18) User=0.30s Sys=1.52s Real=0.75s
[2025-01-31T10:20:02.469+0000][11696][info ][safepoint   ] Safepoint "G1CollectForAllocation", Time since last: 38809212200 ns, Reaching safepoint: 25100 ns, At safepoint: 753470900 ns, Total: 753496000 ns
[2025-01-31T10:21:47.544+0000][11696][info ][gc,start    ] GC(19) Pause Young (Normal) (G1 Evacuation Pause)
[2025-01-31T10:21:47.544+0000][11696][info ][gc,task     ] GC(19) Using 10 workers of 10 for evacuation
[2025-01-31T10:21:47.544+0000][11696][debug][gc,age      ] GC(19) Desired survivor size 14680064 bytes, new threshold 1 (max threshold 15)
[2025-01-31T10:21:47.717+0000][11696][info ][gc,phases   ] GC(19)   Pre Evacuate Collection Set: 2.70ms
[2025-01-31T10:21:47.717+0000][11696][info ][gc,phases   ] GC(19)   Merge Heap Roots: 0.94ms
[2025-01-31T10:21:47.717+0000][11696][info ][gc,phases   ] GC(19)   Evacuate Collection Set: 159.10ms
[2025-01-31T10:21:47.717+0000][11696][info ][gc,phases   ] GC(19)   Post Evacuate Collection Set: 7.60ms
[2025-01-31T10:21:47.717+0000][11696][info ][gc,phases   ] GC(19)   Other: 4.54ms
[2025-01-31T10:21:47.717+0000][11696][trace][gc,age      ] GC(19) Age table:
[2025-01-31T10:21:47.717+0000][11696][trace][gc,age      ] GC(19) - age   1:     109976 bytes,     109976 total
[2025-01-31T10:21:47.717+0000][11696][info ][gc,heap     ] GC(19) Eden regions: 34->0(78)
[2025-01-31T10:21:47.717+0000][11696][info ][gc,heap     ] GC(19) Survivor regions: 16->2(7)
[2025-01-31T10:21:47.717+0000][11696][info ][gc,heap     ] GC(19) Old regions: 15->32
[2025-01-31T10:21:47.717+0000][11696][info ][gc,heap     ] GC(19) Humongous regions: 2->2
[2025-01-31T10:21:47.717+0000][11696][info ][gc,metaspace] GC(19) Metaspace: 142342K(146368K)->142342K(146368K) NonClass: 122068K(124288K)->122068K(124288K) Class: 20274K(22080K)->20274K(22080K)
[2025-01-31T10:21:47.717+0000][11696][info ][gc          ] GC(19) Pause Young (Normal) (G1 Evacuation Pause) 267M->139M(4008M) 179.604ms
[2025-01-31T10:21:47.717+0000][11696][info ][gc,cpu      ] GC(19) User=0.42s Sys=0.69s Real=0.18s
[2025-01-31T10:21:47.717+0000][11696][info ][safepoint   ] Safepoint "G1CollectForAllocation", Time since last: 105065361500 ns, Reaching safepoint: 345100 ns, At safepoint: 180088200 ns, Total: 180433300 ns
[2025-01-31T10:26:51.925+0000][11696][info ][gc,start    ] GC(20) Pause Young (Normal) (G1 Evacuation Pause)
[2025-01-31T10:26:51.935+0000][11696][info ][gc,task     ] GC(20) Using 10 workers of 10 for evacuation
[2025-01-31T10:26:51.935+0000][11696][debug][gc,age      ] GC(20) Desired survivor size 25165824 bytes, new threshold 15 (max threshold 15)
[2025-01-31T10:26:52.015+0000][11696][info ][gc,phases   ] GC(20)   Pre Evacuate Collection Set: 8.25ms
[2025-01-31T10:26:52.015+0000][11696][info ][gc,phases   ] GC(20)   Merge Heap Roots: 0.40ms
[2025-01-31T10:26:52.015+0000][11696][info ][gc,phases   ] GC(20)   Evacuate Collection Set: 56.80ms
[2025-01-31T10:26:52.015+0000][11696][info ][gc,phases   ] GC(20)   Post Evacuate Collection Set: 16.86ms
[2025-01-31T10:26:52.015+0000][11696][info ][gc,phases   ] GC(20)   Other: 7.71ms
[2025-01-31T10:26:52.015+0000][11696][trace][gc,age      ] GC(20) Age table:
[2025-01-31T10:26:52.015+0000][11696][trace][gc,age      ] GC(20) - age   1:     110560 bytes,     110560 total
[2025-01-31T10:26:52.015+0000][11696][trace][gc,age      ] GC(20) - age   2:      96088 bytes,     206648 total
[2025-01-31T10:26:52.015+0000][11696][info ][gc,heap     ] GC(20) Eden regions: 91->0(56)
[2025-01-31T10:26:52.015+0000][11696][info ][gc,heap     ] GC(20) Survivor regions: 2->1(12)
[2025-01-31T10:26:52.015+0000][11696][info ][gc,heap     ] GC(20) Old regions: 32->32
[2025-01-31T10:26:52.015+0000][11696][info ][gc,heap     ] GC(20) Humongous regions: 2->2
[2025-01-31T10:26:52.015+0000][11696][info ][gc,metaspace] GC(20) Metaspace: 142877K(146944K)->142877K(146944K) NonClass: 122580K(124800K)->122580K(124800K) Class: 20297K(22144K)->20297K(22144K)
[2025-01-31T10:26:52.015+0000][11696][info ][gc          ] GC(20) Pause Young (Normal) (G1 Evacuation Pause) 503M->135M(4008M) 99.266ms
[2025-01-31T10:26:52.015+0000][11696][info ][gc,cpu      ] GC(20) User=0.00s Sys=0.08s Real=0.09s
[2025-01-31T10:26:52.015+0000][11696][info ][safepoint   ] Safepoint "G1CollectForAllocation", Time since last: 304199619900 ns, Reaching safepoint: 701000 ns, At safepoint: 99721100 ns, Total: 100422100 ns
[2025-01-31T10:30:19.757+0000][11696][info ][gc,start    ] GC(21) Pause Young (Normal) (G1 Evacuation Pause)
[2025-01-31T10:30:19.757+0000][11696][info ][gc,task     ] GC(21) Using 10 workers of 10 for evacuation
[2025-01-31T10:30:19.757+0000][11696][debug][gc,age      ] GC(21) Desired survivor size 16777216 bytes, new threshold 15 (max threshold 15)
[2025-01-31T10:30:19.820+0000][11696][info ][gc,phases   ] GC(21)   Pre Evacuate Collection Set: 9.96ms
[2025-01-31T10:30:19.820+0000][11696][info ][gc,phases   ] GC(21)   Merge Heap Roots: 1.39ms
[2025-01-31T10:30:19.820+0000][11696][info ][gc,phases   ] GC(21)   Evacuate Collection Set: 28.96ms
[2025-01-31T10:30:19.820+0000][11696][info ][gc,phases   ] GC(21)   Post Evacuate Collection Set: 12.49ms
[2025-01-31T10:30:19.820+0000][11696][info ][gc,phases   ] GC(21)   Other: 7.07ms
[2025-01-31T10:30:19.820+0000][11696][trace][gc,age      ] GC(21) Age table:
[2025-01-31T10:30:19.820+0000][11696][trace][gc,age      ] GC(21) - age   1:      24328 bytes,      24328 total
[2025-01-31T10:30:19.820+0000][11696][trace][gc,age      ] GC(21) - age   2:      95440 bytes,     119768 total
[2025-01-31T10:30:19.820+0000][11696][trace][gc,age      ] GC(21) - age   3:      95976 bytes,     215744 total
[2025-01-31T10:30:19.820+0000][11696][info ][gc,heap     ] GC(21) Eden regions: 63->0(69)
[2025-01-31T10:30:19.820+0000][11696][info ][gc,heap     ] GC(21) Survivor regions: 1->1(8)
[2025-01-31T10:30:19.820+0000][11696][info ][gc,heap     ] GC(21) Old regions: 32->32
[2025-01-31T10:30:19.820+0000][11696][info ][gc,heap     ] GC(21) Humongous regions: 2->2
[2025-01-31T10:30:19.820+0000][11696][info ][gc,metaspace] GC(21) Metaspace: 142929K(147072K)->142929K(147072K) NonClass: 122631K(124928K)->122631K(124928K) Class: 20297K(22144K)->20297K(22144K)
[2025-01-31T10:30:19.820+0000][11696][info ][gc          ] GC(21) Pause Young (Normal) (G1 Evacuation Pause) 387M->134M(4008M) 66.814ms
[2025-01-31T10:30:19.820+0000][11696][info ][gc,cpu      ] GC(21) User=0.00s Sys=0.06s Real=0.08s
[2025-01-31T10:30:19.820+0000][11696][info ][safepoint   ] Safepoint "G1CollectForAllocation", Time since last: 207732790500 ns, Reaching safepoint: 77800 ns, At safepoint: 67474900 ns, Total: 67552700 ns
[2025-01-31T10:34:34.520+0000][11696][info ][gc,start    ] GC(22) Pause Young (Normal) (G1 Evacuation Pause)
[2025-01-31T10:34:34.520+0000][11696][info ][gc,task     ] GC(22) Using 10 workers of 10 for evacuation
[2025-01-31T10:34:34.520+0000][11696][debug][gc,age      ] GC(22) Desired survivor size 20971520 bytes, new threshold 15 (max threshold 15)
[2025-01-31T10:34:34.544+0000][11696][info ][gc,phases   ] GC(22)   Pre Evacuate Collection Set: 4.13ms
[2025-01-31T10:34:34.544+0000][11696][info ][gc,phases   ] GC(22)   Merge Heap Roots: 0.47ms
[2025-01-31T10:34:34.544+0000][11696][info ][gc,phases   ] GC(22)   Evacuate Collection Set: 12.00ms
[2025-01-31T10:34:34.544+0000][11696][info ][gc,phases   ] GC(22)   Post Evacuate Collection Set: 4.98ms
[2025-01-31T10:34:34.544+0000][11696][info ][gc,phases   ] GC(22)   Other: 3.14ms
[2025-01-31T10:34:34.544+0000][11696][trace][gc,age      ] GC(22) Age table:
[2025-01-31T10:34:34.544+0000][11696][trace][gc,age      ] GC(22) - age   1:     390440 bytes,     390440 total
[2025-01-31T10:34:34.544+0000][11696][trace][gc,age      ] GC(22) - age   2:      10784 bytes,     401224 total
[2025-01-31T10:34:34.544+0000][11696][trace][gc,age      ] GC(22) - age   3:      92768 bytes,     493992 total
[2025-01-31T10:34:34.544+0000][11696][trace][gc,age      ] GC(22) - age   4:      93984 bytes,     587976 total
[2025-01-31T10:34:34.544+0000][11696][info ][gc,heap     ] GC(22) Eden regions: 78->0(107)
[2025-01-31T10:34:34.544+0000][11696][info ][gc,heap     ] GC(22) Survivor regions: 1->1(10)
[2025-01-31T10:34:34.544+0000][11696][info ][gc,heap     ] GC(22) Old regions: 32->32
[2025-01-31T10:34:34.544+0000][11696][info ][gc,heap     ] GC(22) Humongous regions: 2->2
[2025-01-31T10:34:34.544+0000][11696][info ][gc,metaspace] GC(22) Metaspace: 143167K(147200K)->143167K(147200K) NonClass: 122826K(125056K)->122826K(125056K) Class: 20340K(22144K)->20340K(22144K)
[2025-01-31T10:34:34.544+0000][11696][info ][gc          ] GC(22) Pause Young (Normal) (G1 Evacuation Pause) 446M->134M(4008M) 26.935ms
[2025-01-31T10:34:34.544+0000][11696][info ][gc,cpu      ] GC(22) User=0.00s Sys=0.02s Real=0.02s
[2025-01-31T10:34:34.544+0000][11696][info ][safepoint   ] Safepoint "G1CollectForAllocation", Time since last: 254679759100 ns, Reaching safepoint: 15487000 ns, At safepoint: 27396300 ns, Total: 42883300 ns
[2025-01-31T10:34:37.453+0000][11696][info ][gc,heap,exit] Heap
[2025-01-31T10:34:37.453+0000][11696][info ][gc,heap,exit]  garbage-first heap   total reserved 4104192K, committed 4104192K, used 162770K [0x0000000705800000, 0x0000000800000000)
[2025-01-31T10:34:37.453+0000][11696][info ][gc,heap,exit]   region size 4096K, 8 young (32768K), 1 survivors (4096K)
[2025-01-31T10:34:37.453+0000][11696][info ][gc,heap,exit]  Metaspace       used 143651K, committed 147776K, reserved 1179648K
[2025-01-31T10:34:37.453+0000][11696][info ][gc,heap,exit]   class space    used 20449K, committed 22272K, reserved 1048576K
