[2025-01-31T12:26:25.017+0000][1504][info][gc,init] CardTable entry size: 512
[2025-01-31T12:26:25.017+0000][1504][info][gc     ] Using G1
[2025-01-31T12:26:28.374+0000][1504][info][gc,init] Version: 23+37-2369 (release)
[2025-01-31T12:26:28.374+0000][1504][info][gc,init] CPUs: 12 total, 12 available
[2025-01-31T12:26:28.374+0000][1504][info][gc,init] Memory: 8016M
[2025-01-31T12:26:28.374+0000][1504][info][gc,init] Large Page Support: Disabled
[2025-01-31T12:26:28.374+0000][1504][info][gc,init] NUMA Support: Disabled
[2025-01-31T12:26:28.374+0000][1504][info][gc,init] Compressed Oops: Enabled (Zero based)
[2025-01-31T12:26:28.374+0000][1504][info][gc,init] Heap Region Size: 4M
[2025-01-31T12:26:28.374+0000][1504][info][gc,init] Heap Min Capacity: 4008M
[2025-01-31T12:26:28.374+0000][1504][info][gc,init] Heap Initial Capacity: 4008M
[2025-01-31T12:26:28.374+0000][1504][info][gc,init] Heap Max Capacity: 4008M
[2025-01-31T12:26:28.374+0000][1504][info][gc,init] Pre-touch: Enabled
[2025-01-31T12:26:28.374+0000][1504][info][gc,init] Parallel Workers: 10
[2025-01-31T12:26:28.374+0000][1504][info][gc,init] Concurrent Workers: 3
[2025-01-31T12:26:28.374+0000][1504][info][gc,init] Concurrent Refinement Workers: 10
[2025-01-31T12:26:28.374+0000][1504][info][gc,init] Periodic GC: Disabled
[2025-01-31T12:26:28.408+0000][1504][info][gc,metaspace] CDS archive(s) mapped at: [0x000001bf02000000-0x000001bf02d70000-0x000001bf02d70000), size 14090240, SharedBaseAddress: 0x000001bf02000000, ArchiveRelocationMode: 1.
[2025-01-31T12:26:28.408+0000][1504][info][gc,metaspace] Compressed class space mapped at: 0x000001bf03000000-0x000001bf43000000, reserved size: 1073741824
[2025-01-31T12:26:28.408+0000][1504][info][gc,metaspace] Narrow klass base: 0x000001bf02000000, Narrow klass shift: 0, Narrow klass range: 0x41000000
[2025-01-31T12:26:43.183+0000][1504][info][gc,start    ] GC(0) Pause Young (Normal) (G1 Evacuation Pause)
[2025-01-31T12:26:43.198+0000][1504][info][gc,task     ] GC(0) Using 10 workers of 10 for evacuation
[2025-01-31T12:26:43.198+0000][1504][debug][gc,age      ] GC(0) Desired survivor size 14680064 bytes, new threshold 15 (max threshold 15)
[2025-01-31T12:26:43.214+0000][1504][info ][gc,phases   ] GC(0)   Pre Evacuate Collection Set: 0.29ms
[2025-01-31T12:26:43.214+0000][1504][info ][gc,phases   ] GC(0)   Merge Heap Roots: 0.60ms
[2025-01-31T12:26:43.214+0000][1504][info ][gc,phases   ] GC(0)   Evacuate Collection Set: 12.76ms
[2025-01-31T12:26:43.214+0000][1504][info ][gc,phases   ] GC(0)   Post Evacuate Collection Set: 2.68ms
[2025-01-31T12:26:43.214+0000][1504][info ][gc,phases   ] GC(0)   Other: 1.75ms
[2025-01-31T12:26:43.214+0000][1504][trace][gc,age      ] GC(0) Age table:
[2025-01-31T12:26:43.214+0000][1504][trace][gc,age      ] GC(0) - age   1:   14158896 bytes,   14158896 total
[2025-01-31T12:26:43.214+0000][1504][info ][gc,heap     ] GC(0) Eden regions: 50->0(46)
[2025-01-31T12:26:43.214+0000][1504][info ][gc,heap     ] GC(0) Survivor regions: 0->4(7)
[2025-01-31T12:26:43.214+0000][1504][info ][gc,heap     ] GC(0) Old regions: 0->0
[2025-01-31T12:26:43.214+0000][1504][info ][gc,heap     ] GC(0) Humongous regions: 0->0
[2025-01-31T12:26:43.214+0000][1504][info ][gc,metaspace] GC(0) Metaspace: 18585K(19264K)->18585K(19264K) NonClass: 16478K(16896K)->16478K(16896K) Class: 2106K(2368K)->2106K(2368K)
[2025-01-31T12:26:43.214+0000][1504][info ][gc          ] GC(0) Pause Young (Normal) (G1 Evacuation Pause) 200M->14M(4008M) 22.361ms
[2025-01-31T12:26:43.214+0000][1504][info ][gc,cpu      ] GC(0) User=0.00s Sys=0.00s Real=0.03s
[2025-01-31T12:26:43.214+0000][1504][info ][safepoint   ] Safepoint "G1CollectForAllocation", Time since last: 14751284900 ns, Reaching safepoint: 434900 ns, At safepoint: 22526700 ns, Total: 22961600 ns
[2025-01-31T12:26:45.869+0000][1504][info ][gc,start    ] GC(1) Pause Young (Concurrent Start) (Metadata GC Threshold)
[2025-01-31T12:26:45.869+0000][1504][info ][gc,task     ] GC(1) Using 10 workers of 10 for evacuation
[2025-01-31T12:26:45.869+0000][1504][debug][gc,age      ] GC(1) Desired survivor size 14680064 bytes, new threshold 15 (max threshold 15)
[2025-01-31T12:26:45.884+0000][1504][info ][gc,phases   ] GC(1)   Pre Evacuate Collection Set: 1.17ms
[2025-01-31T12:26:45.884+0000][1504][info ][gc,phases   ] GC(1)   Merge Heap Roots: 0.09ms
[2025-01-31T12:26:45.884+0000][1504][info ][gc,phases   ] GC(1)   Evacuate Collection Set: 9.49ms
[2025-01-31T12:26:45.884+0000][1504][info ][gc,phases   ] GC(1)   Post Evacuate Collection Set: 2.07ms
[2025-01-31T12:26:45.884+0000][1504][info ][gc,phases   ] GC(1)   Other: 0.13ms
[2025-01-31T12:26:45.884+0000][1504][trace][gc,age      ] GC(1) Age table:
[2025-01-31T12:26:45.884+0000][1504][trace][gc,age      ] GC(1) - age   1:    1292160 bytes,    1292160 total
[2025-01-31T12:26:45.884+0000][1504][trace][gc,age      ] GC(1) - age   2:   13998072 bytes,   15290232 total
[2025-01-31T12:26:45.884+0000][1504][info ][gc,heap     ] GC(1) Eden regions: 18->0(46)
[2025-01-31T12:26:45.884+0000][1504][info ][gc,heap     ] GC(1) Survivor regions: 4->4(7)
[2025-01-31T12:26:45.884+0000][1504][info ][gc,heap     ] GC(1) Old regions: 0->0
[2025-01-31T12:26:45.884+0000][1504][info ][gc,heap     ] GC(1) Humongous regions: 0->0
[2025-01-31T12:26:45.884+0000][1504][info ][gc,metaspace] GC(1) Metaspace: 20695K(21504K)->20695K(21504K) NonClass: 18366K(18816K)->18366K(18816K) Class: 2328K(2688K)->2328K(2688K)
[2025-01-31T12:26:45.884+0000][1504][info ][gc          ] GC(1) Pause Young (Concurrent Start) (Metadata GC Threshold) 84M->15M(4008M) 13.312ms
[2025-01-31T12:26:45.884+0000][1504][info ][gc,cpu      ] GC(1) User=0.06s Sys=0.00s Real=0.02s
[2025-01-31T12:26:45.884+0000][1504][info ][gc          ] GC(2) Concurrent Mark Cycle
[2025-01-31T12:26:45.884+0000][1504][info ][gc,marking  ] GC(2) Concurrent Scan Root Regions
[2025-01-31T12:26:45.884+0000][1504][info ][safepoint   ] Safepoint "CollectForMetadataAllocation", Time since last: 2658652000 ns, Reaching safepoint: 12600 ns, At safepoint: 13468100 ns, Total: 13480700 ns
[2025-01-31T12:26:45.884+0000][1504][info ][gc,marking  ] GC(2) Concurrent Scan Root Regions 4.883ms
[2025-01-31T12:26:45.884+0000][1504][info ][gc,marking  ] GC(2) Concurrent Mark
[2025-01-31T12:26:45.884+0000][1504][info ][gc,marking  ] GC(2) Concurrent Mark From Roots
[2025-01-31T12:26:45.884+0000][1504][info ][gc,task     ] GC(2) Using 3 workers of 3 for marking
[2025-01-31T12:26:45.884+0000][1504][info ][gc,marking  ] GC(2) Concurrent Mark From Roots 0.330ms
[2025-01-31T12:26:45.884+0000][1504][info ][gc,marking  ] GC(2) Concurrent Preclean
[2025-01-31T12:26:45.884+0000][1504][info ][gc,marking  ] GC(2) Concurrent Preclean 0.015ms
[2025-01-31T12:26:45.899+0000][1504][info ][gc,start    ] GC(2) Pause Remark
[2025-01-31T12:26:45.899+0000][1504][info ][gc          ] GC(2) Pause Remark 18M->18M(4008M) 4.162ms
[2025-01-31T12:26:45.899+0000][1504][info ][gc,cpu      ] GC(2) User=0.00s Sys=0.00s Real=0.00s
[2025-01-31T12:26:45.899+0000][1504][info ][safepoint   ] Safepoint "G1PauseRemark", Time since last: 5344200 ns, Reaching safepoint: 3867600 ns, At safepoint: 4303200 ns, Total: 8170800 ns
[2025-01-31T12:26:45.899+0000][1504][info ][gc,marking  ] GC(2) Concurrent Mark 8.711ms
[2025-01-31T12:26:45.899+0000][1504][info ][gc,marking  ] GC(2) Concurrent Rebuild Remembered Sets and Scrub Regions
[2025-01-31T12:26:45.899+0000][1504][info ][gc,marking  ] GC(2) Concurrent Rebuild Remembered Sets and Scrub Regions 0.157ms
[2025-01-31T12:26:45.899+0000][1504][info ][gc,start    ] GC(2) Pause Cleanup
[2025-01-31T12:26:45.899+0000][1504][info ][gc          ] GC(2) Pause Cleanup 18M->18M(4008M) 0.035ms
[2025-01-31T12:26:45.899+0000][1504][info ][gc,cpu      ] GC(2) User=0.00s Sys=0.00s Real=0.00s
[2025-01-31T12:26:45.899+0000][1504][info ][safepoint   ] Safepoint "G1PauseCleanup", Time since last: 399800 ns, Reaching safepoint: 42500 ns, At safepoint: 95100 ns, Total: 137600 ns
[2025-01-31T12:26:45.899+0000][1504][info ][gc,marking  ] GC(2) Concurrent Clear Claimed Marks
[2025-01-31T12:26:45.899+0000][1504][info ][gc,marking  ] GC(2) Concurrent Clear Claimed Marks 0.091ms
[2025-01-31T12:26:45.899+0000][1504][info ][gc,marking  ] GC(2) Concurrent Cleanup for Next Mark
[2025-01-31T12:26:45.899+0000][1504][info ][gc,marking  ] GC(2) Concurrent Cleanup for Next Mark 5.660ms
[2025-01-31T12:26:45.899+0000][1504][info ][gc          ] GC(2) Concurrent Mark Cycle 20.226ms
[2025-01-31T12:26:48.708+0000][1504][info ][gc,start    ] GC(3) Pause Young (Normal) (G1 Evacuation Pause)
[2025-01-31T12:26:48.708+0000][1504][info ][gc,task     ] GC(3) Using 10 workers of 10 for evacuation
[2025-01-31T12:26:48.708+0000][1504][debug][gc,age      ] GC(3) Desired survivor size 14680064 bytes, new threshold 2 (max threshold 15)
[2025-01-31T12:26:48.730+0000][1504][info ][gc,phases   ] GC(3)   Pre Evacuate Collection Set: 0.39ms
[2025-01-31T12:26:48.730+0000][1504][info ][gc,phases   ] GC(3)   Merge Heap Roots: 0.15ms
[2025-01-31T12:26:48.730+0000][1504][info ][gc,phases   ] GC(3)   Evacuate Collection Set: 14.10ms
[2025-01-31T12:26:48.730+0000][1504][info ][gc,phases   ] GC(3)   Post Evacuate Collection Set: 1.82ms
[2025-01-31T12:26:48.730+0000][1504][info ][gc,phases   ] GC(3)   Other: 0.17ms
[2025-01-31T12:26:48.730+0000][1504][trace][gc,age      ] GC(3) Age table:
[2025-01-31T12:26:48.730+0000][1504][trace][gc,age      ] GC(3) - age   1:    2661216 bytes,    2661216 total
[2025-01-31T12:26:48.730+0000][1504][trace][gc,age      ] GC(3) - age   2:     433136 bytes,    3094352 total
[2025-01-31T12:26:48.730+0000][1504][info ][gc,heap     ] GC(3) Eden regions: 46->0(48)
[2025-01-31T12:26:48.730+0000][1504][info ][gc,heap     ] GC(3) Survivor regions: 4->2(7)
[2025-01-31T12:26:48.730+0000][1504][info ][gc,heap     ] GC(3) Old regions: 0->4
[2025-01-31T12:26:48.730+0000][1504][info ][gc,heap     ] GC(3) Humongous regions: 0->0
[2025-01-31T12:26:48.730+0000][1504][info ][gc,metaspace] GC(3) Metaspace: 23308K(24128K)->23308K(24128K) NonClass: 20676K(21184K)->20676K(21184K) Class: 2632K(2944K)->2632K(2944K)
[2025-01-31T12:26:48.730+0000][1504][info ][gc          ] GC(3) Pause Young (Normal) (G1 Evacuation Pause) 199M->18M(4008M) 17.215ms
[2025-01-31T12:26:48.730+0000][1504][info ][gc,cpu      ] GC(3) User=0.03s Sys=0.00s Real=0.02s
[2025-01-31T12:26:48.730+0000][1504][info ][safepoint   ] Safepoint "G1CollectForAllocation", Time since last: 2817062500 ns, Reaching safepoint: 9300 ns, At safepoint: 17333200 ns, Total: 17342500 ns
[2025-01-31T12:26:52.307+0000][1504][info ][gc,start    ] GC(4) Pause Young (Normal) (G1 Evacuation Pause)
[2025-01-31T12:26:52.307+0000][1504][info ][gc,task     ] GC(4) Using 10 workers of 10 for evacuation
[2025-01-31T12:26:52.307+0000][1504][debug][gc,age      ] GC(4) Desired survivor size 14680064 bytes, new threshold 15 (max threshold 15)
[2025-01-31T12:26:52.311+0000][1504][info ][gc,phases   ] GC(4)   Pre Evacuate Collection Set: 0.43ms
[2025-01-31T12:26:52.311+0000][1504][info ][gc,phases   ] GC(4)   Merge Heap Roots: 0.15ms
[2025-01-31T12:26:52.311+0000][1504][info ][gc,phases   ] GC(4)   Evacuate Collection Set: 4.25ms
[2025-01-31T12:26:52.311+0000][1504][info ][gc,phases   ] GC(4)   Post Evacuate Collection Set: 1.01ms
[2025-01-31T12:26:52.311+0000][1504][info ][gc,phases   ] GC(4)   Other: 0.20ms
[2025-01-31T12:26:52.311+0000][1504][trace][gc,age      ] GC(4) Age table:
[2025-01-31T12:26:52.311+0000][1504][trace][gc,age      ] GC(4) - age   1:    6146608 bytes,    6146608 total
[2025-01-31T12:26:52.311+0000][1504][trace][gc,age      ] GC(4) - age   2:    2195224 bytes,    8341832 total
[2025-01-31T12:26:52.311+0000][1504][trace][gc,age      ] GC(4) - age   3:     431656 bytes,    8773488 total
[2025-01-31T12:26:52.311+0000][1504][info ][gc,heap     ] GC(4) Eden regions: 48->0(47)
[2025-01-31T12:26:52.311+0000][1504][info ][gc,heap     ] GC(4) Survivor regions: 2->3(7)
[2025-01-31T12:26:52.311+0000][1504][info ][gc,heap     ] GC(4) Old regions: 4->4
[2025-01-31T12:26:52.311+0000][1504][info ][gc,heap     ] GC(4) Humongous regions: 0->0
[2025-01-31T12:26:52.311+0000][1504][info ][gc,metaspace] GC(4) Metaspace: 28906K(29824K)->28906K(29824K) NonClass: 25638K(26176K)->25638K(26176K) Class: 3268K(3648K)->3268K(3648K)
[2025-01-31T12:26:52.311+0000][1504][info ][gc          ] GC(4) Pause Young (Normal) (G1 Evacuation Pause) 210M->23M(4008M) 6.626ms
[2025-01-31T12:26:52.311+0000][1504][info ][gc,cpu      ] GC(4) User=0.00s Sys=0.00s Real=0.00s
[2025-01-31T12:26:52.311+0000][1504][info ][safepoint   ] Safepoint "G1CollectForAllocation", Time since last: 3570177000 ns, Reaching safepoint: 11700 ns, At safepoint: 6732200 ns, Total: 6743900 ns
[2025-01-31T12:26:55.150+0000][1504][info ][gc,start    ] GC(5) Pause Young (Normal) (G1 Evacuation Pause)
[2025-01-31T12:26:55.150+0000][1504][info ][gc,task     ] GC(5) Using 10 workers of 10 for evacuation
[2025-01-31T12:26:55.150+0000][1504][debug][gc,age      ] GC(5) Desired survivor size 14680064 bytes, new threshold 15 (max threshold 15)
[2025-01-31T12:26:55.166+0000][1504][info ][gc,phases   ] GC(5)   Pre Evacuate Collection Set: 0.48ms
[2025-01-31T12:26:55.166+0000][1504][info ][gc,phases   ] GC(5)   Merge Heap Roots: 0.10ms
[2025-01-31T12:26:55.166+0000][1504][info ][gc,phases   ] GC(5)   Evacuate Collection Set: 12.24ms
[2025-01-31T12:26:55.166+0000][1504][info ][gc,phases   ] GC(5)   Post Evacuate Collection Set: 1.08ms
[2025-01-31T12:26:55.169+0000][1504][info ][gc,phases   ] GC(5)   Other: 0.16ms
[2025-01-31T12:26:55.169+0000][1504][trace][gc,age      ] GC(5) Age table:
[2025-01-31T12:26:55.169+0000][1504][trace][gc,age      ] GC(5) - age   1:    4434768 bytes,    4434768 total
[2025-01-31T12:26:55.169+0000][1504][trace][gc,age      ] GC(5) - age   2:    3575728 bytes,    8010496 total
[2025-01-31T12:26:55.169+0000][1504][trace][gc,age      ] GC(5) - age   3:    2195016 bytes,   10205512 total
[2025-01-31T12:26:55.169+0000][1504][trace][gc,age      ] GC(5) - age   4:     431656 bytes,   10637168 total
[2025-01-31T12:26:55.169+0000][1504][info ][gc,heap     ] GC(5) Eden regions: 47->0(69)
[2025-01-31T12:26:55.169+0000][1504][info ][gc,heap     ] GC(5) Survivor regions: 3->3(7)
[2025-01-31T12:26:55.169+0000][1504][info ][gc,heap     ] GC(5) Old regions: 4->4
[2025-01-31T12:26:55.169+0000][1504][info ][gc,heap     ] GC(5) Humongous regions: 0->0
[2025-01-31T12:26:55.169+0000][1504][info ][gc,metaspace] GC(5) Metaspace: 29688K(30720K)->29688K(30720K) NonClass: 26295K(26880K)->26295K(26880K) Class: 3392K(3840K)->3392K(3840K)
[2025-01-31T12:26:55.169+0000][1504][info ][gc          ] GC(5) Pause Young (Normal) (G1 Evacuation Pause) 211M->25M(4008M) 14.653ms
[2025-01-31T12:26:55.169+0000][1504][info ][gc,cpu      ] GC(5) User=0.02s Sys=0.00s Real=0.02s
[2025-01-31T12:26:55.169+0000][1504][info ][safepoint   ] Safepoint "G1CollectForAllocation", Time since last: 2839109800 ns, Reaching safepoint: 8800 ns, At safepoint: 14763200 ns, Total: 14772000 ns
[2025-01-31T12:27:00.737+0000][1504][info ][gc,start    ] GC(6) Pause Young (Normal) (G1 Evacuation Pause)
[2025-01-31T12:27:00.737+0000][1504][info ][gc,task     ] GC(6) Using 10 workers of 10 for evacuation
[2025-01-31T12:27:00.737+0000][1504][debug][gc,age      ] GC(6) Desired survivor size 18874368 bytes, new threshold 15 (max threshold 15)
[2025-01-31T12:27:00.749+0000][1504][info ][gc,phases   ] GC(6)   Pre Evacuate Collection Set: 0.34ms
[2025-01-31T12:27:00.749+0000][1504][info ][gc,phases   ] GC(6)   Merge Heap Roots: 0.16ms
[2025-01-31T12:27:00.749+0000][1504][info ][gc,phases   ] GC(6)   Evacuate Collection Set: 7.84ms
[2025-01-31T12:27:00.749+0000][1504][info ][gc,phases   ] GC(6)   Post Evacuate Collection Set: 1.21ms
[2025-01-31T12:27:00.749+0000][1504][info ][gc,phases   ] GC(6)   Other: 0.20ms
[2025-01-31T12:27:00.749+0000][1504][trace][gc,age      ] GC(6) Age table:
[2025-01-31T12:27:00.749+0000][1504][trace][gc,age      ] GC(6) - age   1:    2869712 bytes,    2869712 total
[2025-01-31T12:27:00.749+0000][1504][trace][gc,age      ] GC(6) - age   2:    2279432 bytes,    5149144 total
[2025-01-31T12:27:00.749+0000][1504][trace][gc,age      ] GC(6) - age   3:    3575344 bytes,    8724488 total
[2025-01-31T12:27:00.749+0000][1504][trace][gc,age      ] GC(6) - age   4:    2194400 bytes,   10918888 total
[2025-01-31T12:27:00.749+0000][1504][trace][gc,age      ] GC(6) - age   5:     431656 bytes,   11350544 total
[2025-01-31T12:27:00.749+0000][1504][info ][gc,heap     ] GC(6) Eden regions: 69->0(65)
[2025-01-31T12:27:00.749+0000][1504][info ][gc,heap     ] GC(6) Survivor regions: 3->3(9)
[2025-01-31T12:27:00.749+0000][1504][info ][gc,heap     ] GC(6) Old regions: 4->4
[2025-01-31T12:27:00.749+0000][1504][info ][gc,heap     ] GC(6) Humongous regions: 0->0
[2025-01-31T12:27:00.749+0000][1504][info ][gc,metaspace] GC(6) Metaspace: 30341K(31296K)->30341K(31296K) NonClass: 26876K(27392K)->26876K(27392K) Class: 3464K(3904K)->3464K(3904K)
[2025-01-31T12:27:00.749+0000][1504][info ][gc          ] GC(6) Pause Young (Normal) (G1 Evacuation Pause) 301M->25M(4008M) 10.460ms
[2025-01-31T12:27:00.749+0000][1504][info ][gc,cpu      ] GC(6) User=0.00s Sys=0.00s Real=0.01s
[2025-01-31T12:27:00.749+0000][1504][info ][safepoint   ] Safepoint "G1CollectForAllocation", Time since last: 5571814100 ns, Reaching safepoint: 19300 ns, At safepoint: 10586700 ns, Total: 10606000 ns
[2025-01-31T12:27:03.434+0000][1504][info ][gc,start    ] GC(7) Pause Young (Normal) (G1 Evacuation Pause)
[2025-01-31T12:27:03.434+0000][1504][info ][gc,task     ] GC(7) Using 10 workers of 10 for evacuation
[2025-01-31T12:27:03.434+0000][1504][debug][gc,age      ] GC(7) Desired survivor size 18874368 bytes, new threshold 15 (max threshold 15)
[2025-01-31T12:27:03.434+0000][1504][info ][gc,phases   ] GC(7)   Pre Evacuate Collection Set: 0.32ms
[2025-01-31T12:27:03.434+0000][1504][info ][gc,phases   ] GC(7)   Merge Heap Roots: 0.14ms
[2025-01-31T12:27:03.434+0000][1504][info ][gc,phases   ] GC(7)   Evacuate Collection Set: 6.99ms
[2025-01-31T12:27:03.434+0000][1504][info ][gc,phases   ] GC(7)   Post Evacuate Collection Set: 1.00ms
[2025-01-31T12:27:03.434+0000][1504][info ][gc,phases   ] GC(7)   Other: 0.12ms
[2025-01-31T12:27:03.434+0000][1504][trace][gc,age      ] GC(7) Age table:
[2025-01-31T12:27:03.434+0000][1504][trace][gc,age      ] GC(7) - age   1:    1900264 bytes,    1900264 total
[2025-01-31T12:27:03.434+0000][1504][trace][gc,age      ] GC(7) - age   2:    2678608 bytes,    4578872 total
[2025-01-31T12:27:03.434+0000][1504][trace][gc,age      ] GC(7) - age   3:    2277272 bytes,    6856144 total
[2025-01-31T12:27:03.434+0000][1504][trace][gc,age      ] GC(7) - age   4:    3574304 bytes,   10430448 total
[2025-01-31T12:27:03.434+0000][1504][trace][gc,age      ] GC(7) - age   5:    2194400 bytes,   12624848 total
[2025-01-31T12:27:03.434+0000][1504][trace][gc,age      ] GC(7) - age   6:     431656 bytes,   13056504 total
[2025-01-31T12:27:03.434+0000][1504][info ][gc,heap     ] GC(7) Eden regions: 65->0(89)
[2025-01-31T12:27:03.434+0000][1504][info ][gc,heap     ] GC(7) Survivor regions: 3->4(9)
[2025-01-31T12:27:03.434+0000][1504][info ][gc,heap     ] GC(7) Old regions: 4->4
[2025-01-31T12:27:03.434+0000][1504][info ][gc,heap     ] GC(7) Humongous regions: 0->0
[2025-01-31T12:27:03.434+0000][1504][info ][gc,metaspace] GC(7) Metaspace: 30627K(31744K)->30627K(31744K) NonClass: 27115K(27776K)->27115K(27776K) Class: 3512K(3968K)->3512K(3968K)
[2025-01-31T12:27:03.434+0000][1504][info ][gc          ] GC(7) Pause Young (Normal) (G1 Evacuation Pause) 285M->27M(4008M) 9.223ms
[2025-01-31T12:27:03.434+0000][1504][info ][gc,cpu      ] GC(7) User=0.00s Sys=0.00s Real=0.00s
[2025-01-31T12:27:03.434+0000][1504][info ][safepoint   ] Safepoint "G1CollectForAllocation", Time since last: 2685508300 ns, Reaching safepoint: 6000 ns, At safepoint: 9326600 ns, Total: 9332600 ns
[2025-01-31T12:27:09.845+0000][1504][info ][gc,start    ] GC(8) Pause Young (Concurrent Start) (Metadata GC Threshold)
[2025-01-31T12:27:09.845+0000][1504][info ][gc,task     ] GC(8) Using 10 workers of 10 for evacuation
[2025-01-31T12:27:09.845+0000][1504][debug][gc,age      ] GC(8) Desired survivor size 25165824 bytes, new threshold 15 (max threshold 15)
[2025-01-31T12:27:09.865+0000][1504][info ][gc,phases   ] GC(8)   Pre Evacuate Collection Set: 0.51ms
[2025-01-31T12:27:09.865+0000][1504][info ][gc,phases   ] GC(8)   Merge Heap Roots: 0.23ms
[2025-01-31T12:27:09.865+0000][1504][info ][gc,phases   ] GC(8)   Evacuate Collection Set: 7.02ms
[2025-01-31T12:27:09.865+0000][1504][info ][gc,phases   ] GC(8)   Post Evacuate Collection Set: 1.12ms
[2025-01-31T12:27:09.865+0000][1504][info ][gc,phases   ] GC(8)   Other: 0.25ms
[2025-01-31T12:27:09.865+0000][1504][trace][gc,age      ] GC(8) Age table:
[2025-01-31T12:27:09.865+0000][1504][trace][gc,age      ] GC(8) - age   1:    3394608 bytes,    3394608 total
[2025-01-31T12:27:09.865+0000][1504][trace][gc,age      ] GC(8) - age   2:    1040208 bytes,    4434816 total
[2025-01-31T12:27:09.865+0000][1504][trace][gc,age      ] GC(8) - age   3:    2678576 bytes,    7113392 total
[2025-01-31T12:27:09.865+0000][1504][trace][gc,age      ] GC(8) - age   4:    2276856 bytes,    9390248 total
[2025-01-31T12:27:09.865+0000][1504][trace][gc,age      ] GC(8) - age   5:    3571488 bytes,   12961736 total
[2025-01-31T12:27:09.865+0000][1504][trace][gc,age      ] GC(8) - age   6:    2193200 bytes,   15154936 total
[2025-01-31T12:27:09.865+0000][1504][trace][gc,age      ] GC(8) - age   7:     431656 bytes,   15586592 total
[2025-01-31T12:27:09.865+0000][1504][info ][gc,heap     ] GC(8) Eden regions: 30->0(119)
[2025-01-31T12:27:09.865+0000][1504][info ][gc,heap     ] GC(8) Survivor regions: 4->5(12)
[2025-01-31T12:27:09.865+0000][1504][info ][gc,heap     ] GC(8) Old regions: 4->4
[2025-01-31T12:27:09.865+0000][1504][info ][gc,heap     ] GC(8) Humongous regions: 0->0
[2025-01-31T12:27:09.865+0000][1504][info ][gc,metaspace] GC(8) Metaspace: 34913K(35968K)->34913K(35968K) NonClass: 30960K(31616K)->30960K(31616K) Class: 3953K(4352K)->3953K(4352K)
[2025-01-31T12:27:09.865+0000][1504][info ][gc          ] GC(8) Pause Young (Concurrent Start) (Metadata GC Threshold) 145M->30M(4008M) 9.579ms
[2025-01-31T12:27:09.865+0000][1504][info ][gc,cpu      ] GC(8) User=0.03s Sys=0.00s Real=0.02s
[2025-01-31T12:27:09.865+0000][1504][info ][safepoint   ] Safepoint "CollectForMetadataAllocation", Time since last: 6412701000 ns, Reaching safepoint: 10300 ns, At safepoint: 9720400 ns, Total: 9730700 ns
[2025-01-31T12:27:09.865+0000][1504][info ][gc          ] GC(9) Concurrent Mark Cycle
[2025-01-31T12:27:09.865+0000][1504][info ][gc,marking  ] GC(9) Concurrent Scan Root Regions
[2025-01-31T12:27:09.865+0000][1504][info ][gc,marking  ] GC(9) Concurrent Scan Root Regions 5.262ms
[2025-01-31T12:27:09.865+0000][1504][info ][gc,marking  ] GC(9) Concurrent Mark
[2025-01-31T12:27:09.865+0000][1504][info ][gc,marking  ] GC(9) Concurrent Mark From Roots
[2025-01-31T12:27:09.865+0000][1504][info ][gc,task     ] GC(9) Using 3 workers of 3 for marking
[2025-01-31T12:27:09.893+0000][1504][info ][gc,marking  ] GC(9) Concurrent Mark From Roots 22.523ms
[2025-01-31T12:27:09.893+0000][1504][info ][gc,marking  ] GC(9) Concurrent Preclean
[2025-01-31T12:27:09.893+0000][1504][info ][gc,marking  ] GC(9) Concurrent Preclean 0.158ms
[2025-01-31T12:27:09.893+0000][1504][info ][gc,start    ] GC(9) Pause Remark
[2025-01-31T12:27:09.893+0000][1504][info ][gc          ] GC(9) Pause Remark 32M->32M(4008M) 9.619ms
[2025-01-31T12:27:09.893+0000][1504][info ][gc,cpu      ] GC(9) User=0.00s Sys=0.00s Real=0.00s
[2025-01-31T12:27:09.893+0000][1504][info ][safepoint   ] Safepoint "G1PauseRemark", Time since last: 28438300 ns, Reaching safepoint: 46900 ns, At safepoint: 9781000 ns, Total: 9827900 ns
[2025-01-31T12:27:09.893+0000][1504][info ][gc,marking  ] GC(9) Concurrent Mark 32.911ms
[2025-01-31T12:27:09.893+0000][1504][info ][gc,marking  ] GC(9) Concurrent Rebuild Remembered Sets and Scrub Regions
[2025-01-31T12:27:09.909+0000][1504][info ][gc,marking  ] GC(9) Concurrent Rebuild Remembered Sets and Scrub Regions 6.062ms
[2025-01-31T12:27:09.909+0000][1504][info ][gc,start    ] GC(9) Pause Cleanup
[2025-01-31T12:27:09.909+0000][1504][info ][gc          ] GC(9) Pause Cleanup 32M->32M(4008M) 0.107ms
[2025-01-31T12:27:09.909+0000][1504][info ][gc,cpu      ] GC(9) User=0.00s Sys=0.00s Real=0.00s
[2025-01-31T12:27:09.909+0000][1504][info ][safepoint   ] Safepoint "G1PauseCleanup", Time since last: 6358200 ns, Reaching safepoint: 213500 ns, At safepoint: 283000 ns, Total: 496500 ns
[2025-01-31T12:27:09.909+0000][1504][info ][gc,marking  ] GC(9) Concurrent Clear Claimed Marks
[2025-01-31T12:27:09.909+0000][1504][info ][gc,marking  ] GC(9) Concurrent Clear Claimed Marks 0.105ms
[2025-01-31T12:27:09.909+0000][1504][info ][gc,marking  ] GC(9) Concurrent Cleanup for Next Mark
[2025-01-31T12:27:09.971+0000][1504][info ][gc,marking  ] GC(9) Concurrent Cleanup for Next Mark 60.907ms
[2025-01-31T12:27:09.971+0000][1504][info ][gc          ] GC(9) Concurrent Mark Cycle 106.344ms
[2025-01-31T12:27:17.287+0000][1504][info ][gc,start    ] GC(10) Pause Young (Normal) (G1 Evacuation Pause)
[2025-01-31T12:27:17.287+0000][1504][info ][gc,task     ] GC(10) Using 10 workers of 10 for evacuation
[2025-01-31T12:27:17.287+0000][1504][debug][gc,age      ] GC(10) Desired survivor size 33554432 bytes, new threshold 15 (max threshold 15)
[2025-01-31T12:27:17.303+0000][1504][info ][gc,phases   ] GC(10)   Pre Evacuate Collection Set: 0.88ms
[2025-01-31T12:27:17.303+0000][1504][info ][gc,phases   ] GC(10)   Merge Heap Roots: 0.15ms
[2025-01-31T12:27:17.303+0000][1504][info ][gc,phases   ] GC(10)   Evacuate Collection Set: 18.36ms
[2025-01-31T12:27:17.303+0000][1504][info ][gc,phases   ] GC(10)   Post Evacuate Collection Set: 1.20ms
[2025-01-31T12:27:17.303+0000][1504][info ][gc,phases   ] GC(10)   Other: 0.18ms
[2025-01-31T12:27:17.303+0000][1504][trace][gc,age      ] GC(10) Age table:
[2025-01-31T12:27:17.303+0000][1504][trace][gc,age      ] GC(10) - age   1:    7037840 bytes,    7037840 total
[2025-01-31T12:27:17.303+0000][1504][trace][gc,age      ] GC(10) - age   2:    3361424 bytes,   10399264 total
[2025-01-31T12:27:17.303+0000][1504][trace][gc,age      ] GC(10) - age   3:    1040112 bytes,   11439376 total
[2025-01-31T12:27:17.303+0000][1504][trace][gc,age      ] GC(10) - age   4:    2676552 bytes,   14115928 total
[2025-01-31T12:27:17.303+0000][1504][trace][gc,age      ] GC(10) - age   5:    2275080 bytes,   16391008 total
[2025-01-31T12:27:17.303+0000][1504][trace][gc,age      ] GC(10) - age   6:    3568504 bytes,   19959512 total
[2025-01-31T12:27:17.303+0000][1504][trace][gc,age      ] GC(10) - age   7:    2192256 bytes,   22151768 total
[2025-01-31T12:27:17.303+0000][1504][trace][gc,age      ] GC(10) - age   8:     425656 bytes,   22577424 total
[2025-01-31T12:27:17.303+0000][1504][info ][gc,heap     ] GC(10) Eden regions: 119->0(103)
[2025-01-31T12:27:17.303+0000][1504][info ][gc,heap     ] GC(10) Survivor regions: 5->6(16)
[2025-01-31T12:27:17.303+0000][1504][info ][gc,heap     ] GC(10) Old regions: 4->4
[2025-01-31T12:27:17.303+0000][1504][info ][gc,heap     ] GC(10) Humongous regions: 0->0
[2025-01-31T12:27:17.303+0000][1504][info ][gc,metaspace] GC(10) Metaspace: 38388K(39488K)->38388K(39488K) NonClass: 33941K(34624K)->33941K(34624K) Class: 4447K(4864K)->4447K(4864K)
[2025-01-31T12:27:17.303+0000][1504][info ][gc          ] GC(10) Pause Young (Normal) (G1 Evacuation Pause) 506M->38M(4008M) 21.426ms
[2025-01-31T12:27:17.303+0000][1504][info ][gc,cpu      ] GC(10) User=0.02s Sys=0.03s Real=0.02s
[2025-01-31T12:27:17.303+0000][1504][info ][safepoint   ] Safepoint "G1CollectForAllocation", Time since last: 7380977900 ns, Reaching safepoint: 8000 ns, At safepoint: 21528200 ns, Total: 21536200 ns
[2025-01-31T12:27:27.967+0000][1504][info ][gc,start    ] GC(11) Pause Young (Normal) (G1 Evacuation Pause)
[2025-01-31T12:27:27.967+0000][1504][info ][gc,task     ] GC(11) Using 10 workers of 10 for evacuation
[2025-01-31T12:27:27.967+0000][1504][debug][gc,age      ] GC(11) Desired survivor size 29360128 bytes, new threshold 15 (max threshold 15)
[2025-01-31T12:27:28.008+0000][1504][info ][gc,phases   ] GC(11)   Pre Evacuate Collection Set: 0.46ms
[2025-01-31T12:27:28.008+0000][1504][info ][gc,phases   ] GC(11)   Merge Heap Roots: 0.15ms
[2025-01-31T12:27:28.008+0000][1504][info ][gc,phases   ] GC(11)   Evacuate Collection Set: 25.47ms
[2025-01-31T12:27:28.008+0000][1504][info ][gc,phases   ] GC(11)   Post Evacuate Collection Set: 1.29ms
[2025-01-31T12:27:28.008+0000][1504][info ][gc,phases   ] GC(11)   Other: 0.16ms
[2025-01-31T12:27:28.008+0000][1504][trace][gc,age      ] GC(11) Age table:
[2025-01-31T12:27:28.008+0000][1504][trace][gc,age      ] GC(11) - age   1:    4892528 bytes,    4892528 total
[2025-01-31T12:27:28.008+0000][1504][trace][gc,age      ] GC(11) - age   2:    6326392 bytes,   11218920 total
[2025-01-31T12:27:28.008+0000][1504][trace][gc,age      ] GC(11) - age   3:    3361360 bytes,   14580280 total
[2025-01-31T12:27:28.008+0000][1504][trace][gc,age      ] GC(11) - age   4:    1037984 bytes,   15618264 total
[2025-01-31T12:27:28.008+0000][1504][trace][gc,age      ] GC(11) - age   5:    2676424 bytes,   18294688 total
[2025-01-31T12:27:28.008+0000][1504][trace][gc,age      ] GC(11) - age   6:    2274984 bytes,   20569672 total
[2025-01-31T12:27:28.008+0000][1504][trace][gc,age      ] GC(11) - age   7:    3566776 bytes,   24136448 total
[2025-01-31T12:27:28.008+0000][1504][trace][gc,age      ] GC(11) - age   8:    2191104 bytes,   26327552 total
[2025-01-31T12:27:28.008+0000][1504][trace][gc,age      ] GC(11) - age   9:     407048 bytes,   26734600 total
[2025-01-31T12:27:28.008+0000][1504][info ][gc,heap     ] GC(11) Eden regions: 103->0(149)
[2025-01-31T12:27:28.008+0000][1504][info ][gc,heap     ] GC(11) Survivor regions: 6->7(14)
[2025-01-31T12:27:28.008+0000][1504][info ][gc,heap     ] GC(11) Old regions: 4->4
[2025-01-31T12:27:28.008+0000][1504][info ][gc,heap     ] GC(11) Humongous regions: 0->0
[2025-01-31T12:27:28.008+0000][1504][info ][gc,metaspace] GC(11) Metaspace: 39103K(40256K)->39103K(40256K) NonClass: 34560K(35264K)->34560K(35264K) Class: 4543K(4992K)->4543K(4992K)
[2025-01-31T12:27:28.009+0000][1504][info ][gc          ] GC(11) Pause Young (Normal) (G1 Evacuation Pause) 450M->40M(4008M) 28.015ms
[2025-01-31T12:27:28.009+0000][1504][info ][gc,cpu      ] GC(11) User=0.05s Sys=0.00s Real=0.04s
[2025-01-31T12:27:28.009+0000][1504][info ][safepoint   ] Safepoint "G1CollectForAllocation", Time since last: 10664308200 ns, Reaching safepoint: 7800 ns, At safepoint: 28095300 ns, Total: 28103100 ns
[2025-01-31T12:27:35.793+0000][1504][info ][gc,start    ] GC(12) Pause Young (Normal) (G1 Evacuation Pause)
[2025-01-31T12:27:35.793+0000][1504][info ][gc,task     ] GC(12) Using 10 workers of 10 for evacuation
[2025-01-31T12:27:35.793+0000][1504][debug][gc,age      ] GC(12) Desired survivor size 41943040 bytes, new threshold 15 (max threshold 15)
[2025-01-31T12:27:35.855+0000][1504][info ][gc,phases   ] GC(12)   Pre Evacuate Collection Set: 1.25ms
[2025-01-31T12:27:35.855+0000][1504][info ][gc,phases   ] GC(12)   Merge Heap Roots: 0.23ms
[2025-01-31T12:27:35.855+0000][1504][info ][gc,phases   ] GC(12)   Evacuate Collection Set: 62.18ms
[2025-01-31T12:27:35.855+0000][1504][info ][gc,phases   ] GC(12)   Post Evacuate Collection Set: 1.80ms
[2025-01-31T12:27:35.855+0000][1504][info ][gc,phases   ] GC(12)   Other: 0.24ms
[2025-01-31T12:27:35.855+0000][1504][trace][gc,age      ] GC(12) Age table:
[2025-01-31T12:27:35.855+0000][1504][trace][gc,age      ] GC(12) - age   1:    8256160 bytes,    8256160 total
[2025-01-31T12:27:35.855+0000][1504][trace][gc,age      ] GC(12) - age   2:    4420320 bytes,   12676480 total
[2025-01-31T12:27:35.855+0000][1504][trace][gc,age      ] GC(12) - age   3:    6277776 bytes,   18954256 total
[2025-01-31T12:27:35.855+0000][1504][trace][gc,age      ] GC(12) - age   4:    3347328 bytes,   22301584 total
[2025-01-31T12:27:35.855+0000][1504][trace][gc,age      ] GC(12) - age   5:    1030240 bytes,   23331824 total
[2025-01-31T12:27:35.855+0000][1504][trace][gc,age      ] GC(12) - age   6:    2665392 bytes,   25997216 total
[2025-01-31T12:27:35.855+0000][1504][trace][gc,age      ] GC(12) - age   7:    2267696 bytes,   28264912 total
[2025-01-31T12:27:35.855+0000][1504][trace][gc,age      ] GC(12) - age   8:    3554376 bytes,   31819288 total
[2025-01-31T12:27:35.855+0000][1504][trace][gc,age      ] GC(12) - age   9:    1993560 bytes,   33812848 total
[2025-01-31T12:27:35.855+0000][1504][trace][gc,age      ] GC(12) - age  10:     406616 bytes,   34219464 total
[2025-01-31T12:27:35.855+0000][1504][info ][gc,heap     ] GC(12) Eden regions: 149->0(128)
[2025-01-31T12:27:35.855+0000][1504][info ][gc,heap     ] GC(12) Survivor regions: 7->9(20)
[2025-01-31T12:27:35.855+0000][1504][info ][gc,heap     ] GC(12) Old regions: 4->4
[2025-01-31T12:27:35.855+0000][1504][info ][gc,heap     ] GC(12) Humongous regions: 0->0
[2025-01-31T12:27:35.855+0000][1504][info ][gc,metaspace] GC(12) Metaspace: 51203K(52608K)->51203K(52608K) NonClass: 45057K(45888K)->45057K(45888K) Class: 6145K(6720K)->6145K(6720K)
[2025-01-31T12:27:35.855+0000][1504][info ][gc          ] GC(12) Pause Young (Normal) (G1 Evacuation Pause) 636M->50M(4008M) 67.429ms
[2025-01-31T12:27:35.855+0000][1504][info ][gc,cpu      ] GC(12) User=0.03s Sys=0.44s Real=0.06s
[2025-01-31T12:27:35.855+0000][1504][info ][safepoint   ] Safepoint "G1CollectForAllocation", Time since last: 7791454100 ns, Reaching safepoint: 19200 ns, At safepoint: 67579700 ns, Total: 67598900 ns
[2025-01-31T12:27:37.429+0000][1504][info ][gc,start    ] GC(13) Pause Young (Concurrent Start) (Metadata GC Threshold)
[2025-01-31T12:27:37.429+0000][1504][info ][gc,task     ] GC(13) Using 10 workers of 10 for evacuation
[2025-01-31T12:27:37.429+0000][1504][debug][gc,age      ] GC(13) Desired survivor size 37748736 bytes, new threshold 15 (max threshold 15)
[2025-01-31T12:27:37.444+0000][1504][info ][gc,phases   ] GC(13)   Pre Evacuate Collection Set: 0.73ms
[2025-01-31T12:27:37.444+0000][1504][info ][gc,phases   ] GC(13)   Merge Heap Roots: 0.20ms
[2025-01-31T12:27:37.444+0000][1504][info ][gc,phases   ] GC(13)   Evacuate Collection Set: 16.54ms
[2025-01-31T12:27:37.444+0000][1504][info ][gc,phases   ] GC(13)   Post Evacuate Collection Set: 2.46ms
[2025-01-31T12:27:37.444+0000][1504][info ][gc,phases   ] GC(13)   Other: 0.27ms
[2025-01-31T12:27:37.444+0000][1504][trace][gc,age      ] GC(13) Age table:
[2025-01-31T12:27:37.444+0000][1504][trace][gc,age      ] GC(13) - age   1:    1597280 bytes,    1597280 total
[2025-01-31T12:27:37.444+0000][1504][trace][gc,age      ] GC(13) - age   2:    8064824 bytes,    9662104 total
[2025-01-31T12:27:37.444+0000][1504][trace][gc,age      ] GC(13) - age   3:    4419064 bytes,   14081168 total
[2025-01-31T12:27:37.444+0000][1504][trace][gc,age      ] GC(13) - age   4:    6275880 bytes,   20357048 total
[2025-01-31T12:27:37.444+0000][1504][trace][gc,age      ] GC(13) - age   5:    3347328 bytes,   23704376 total
[2025-01-31T12:27:37.444+0000][1504][trace][gc,age      ] GC(13) - age   6:    1029720 bytes,   24734096 total
[2025-01-31T12:27:37.444+0000][1504][trace][gc,age      ] GC(13) - age   7:    2664832 bytes,   27398928 total
[2025-01-31T12:27:37.444+0000][1504][trace][gc,age      ] GC(13) - age   8:    2267344 bytes,   29666272 total
[2025-01-31T12:27:37.444+0000][1504][trace][gc,age      ] GC(13) - age   9:    3553128 bytes,   33219400 total
[2025-01-31T12:27:37.444+0000][1504][trace][gc,age      ] GC(13) - age  10:    1993336 bytes,   35212736 total
[2025-01-31T12:27:37.444+0000][1504][trace][gc,age      ] GC(13) - age  11:     406488 bytes,   35619224 total
[2025-01-31T12:27:37.444+0000][1504][info ][gc,heap     ] GC(13) Eden regions: 27->0(163)
[2025-01-31T12:27:37.444+0000][1504][info ][gc,heap     ] GC(13) Survivor regions: 9->10(18)
[2025-01-31T12:27:37.444+0000][1504][info ][gc,heap     ] GC(13) Old regions: 4->4
[2025-01-31T12:27:37.444+0000][1504][info ][gc,heap     ] GC(13) Humongous regions: 0->0
[2025-01-31T12:27:37.444+0000][1504][info ][gc,metaspace] GC(13) Metaspace: 58923K(60416K)->58923K(60416K) NonClass: 51636K(52544K)->51636K(52544K) Class: 7287K(7872K)->7287K(7872K)
[2025-01-31T12:27:37.444+0000][1504][info ][gc          ] GC(13) Pause Young (Concurrent Start) (Metadata GC Threshold) 158M->52M(4008M) 20.805ms
[2025-01-31T12:27:37.444+0000][1504][info ][gc          ] GC(14) Concurrent Mark Cycle
[2025-01-31T12:27:37.444+0000][1504][info ][gc,cpu      ] GC(13) User=0.02s Sys=0.00s Real=0.02s
[2025-01-31T12:27:37.444+0000][1504][info ][gc,marking  ] GC(14) Concurrent Scan Root Regions
[2025-01-31T12:27:37.444+0000][1504][info ][safepoint   ] Safepoint "CollectForMetadataAllocation", Time since last: 1562415500 ns, Reaching safepoint: 18100 ns, At safepoint: 21101100 ns, Total: 21119200 ns
[2025-01-31T12:27:37.459+0000][1504][info ][gc,marking  ] GC(14) Concurrent Scan Root Regions 7.372ms
[2025-01-31T12:27:37.459+0000][1504][info ][gc,marking  ] GC(14) Concurrent Mark
[2025-01-31T12:27:37.459+0000][1504][info ][gc,marking  ] GC(14) Concurrent Mark From Roots
[2025-01-31T12:27:37.459+0000][1504][info ][gc,task     ] GC(14) Using 3 workers of 3 for marking
[2025-01-31T12:27:37.472+0000][1504][info ][gc,marking  ] GC(14) Concurrent Mark From Roots 12.821ms
[2025-01-31T12:27:37.472+0000][1504][info ][gc,marking  ] GC(14) Concurrent Preclean
[2025-01-31T12:27:37.472+0000][1504][info ][gc,marking  ] GC(14) Concurrent Preclean 0.072ms
[2025-01-31T12:27:37.472+0000][1504][info ][gc,start    ] GC(14) Pause Remark
[2025-01-31T12:27:37.482+0000][1504][info ][gc          ] GC(14) Pause Remark 56M->56M(4008M) 10.513ms
[2025-01-31T12:27:37.482+0000][1504][info ][gc,cpu      ] GC(14) User=0.00s Sys=0.00s Real=0.01s
[2025-01-31T12:27:37.482+0000][1504][info ][safepoint   ] Safepoint "G1PauseRemark", Time since last: 20393800 ns, Reaching safepoint: 11900 ns, At safepoint: 10665900 ns, Total: 10677800 ns
[2025-01-31T12:27:37.483+0000][1504][info ][gc,marking  ] GC(14) Concurrent Mark 23.867ms
[2025-01-31T12:27:37.483+0000][1504][info ][gc,marking  ] GC(14) Concurrent Rebuild Remembered Sets and Scrub Regions
[2025-01-31T12:27:37.484+0000][1504][info ][gc,marking  ] GC(14) Concurrent Rebuild Remembered Sets and Scrub Regions 4.782ms
[2025-01-31T12:27:37.491+0000][1504][info ][gc,start    ] GC(14) Pause Cleanup
[2025-01-31T12:27:37.491+0000][1504][info ][gc          ] GC(14) Pause Cleanup 56M->56M(4008M) 0.082ms
[2025-01-31T12:27:37.491+0000][1504][info ][gc,cpu      ] GC(14) User=0.00s Sys=0.00s Real=0.00s
[2025-01-31T12:27:37.491+0000][1504][info ][safepoint   ] Safepoint "G1PauseCleanup", Time since last: 5045800 ns, Reaching safepoint: 3284400 ns, At safepoint: 148800 ns, Total: 3433200 ns
[2025-01-31T12:27:37.491+0000][1504][info ][gc,marking  ] GC(14) Concurrent Clear Claimed Marks
[2025-01-31T12:27:37.491+0000][1504][info ][gc,marking  ] GC(14) Concurrent Clear Claimed Marks 0.142ms
[2025-01-31T12:27:37.491+0000][1504][info ][gc,marking  ] GC(14) Concurrent Cleanup for Next Mark
[2025-01-31T12:27:37.507+0000][1504][info ][gc,marking  ] GC(14) Concurrent Cleanup for Next Mark 24.511ms
[2025-01-31T12:27:37.507+0000][1504][info ][gc          ] GC(14) Concurrent Mark Cycle 64.788ms
[2025-01-31T12:27:45.037+0000][1504][info ][gc,start    ] GC(15) Pause Young (Normal) (G1 Evacuation Pause)
[2025-01-31T12:27:45.037+0000][1504][info ][gc,task     ] GC(15) Using 10 workers of 10 for evacuation
[2025-01-31T12:27:45.037+0000][1504][debug][gc,age      ] GC(15) Desired survivor size 46137344 bytes, new threshold 15 (max threshold 15)
[2025-01-31T12:27:45.084+0000][1504][info ][gc,phases   ] GC(15)   Pre Evacuate Collection Set: 0.51ms
[2025-01-31T12:27:45.084+0000][1504][info ][gc,phases   ] GC(15)   Merge Heap Roots: 0.14ms
[2025-01-31T12:27:45.084+0000][1504][info ][gc,phases   ] GC(15)   Evacuate Collection Set: 33.92ms
[2025-01-31T12:27:45.084+0000][1504][info ][gc,phases   ] GC(15)   Post Evacuate Collection Set: 2.87ms
[2025-01-31T12:27:45.084+0000][1504][info ][gc,phases   ] GC(15)   Other: 0.25ms
[2025-01-31T12:27:45.084+0000][1504][trace][gc,age      ] GC(15) Age table:
[2025-01-31T12:27:45.084+0000][1504][trace][gc,age      ] GC(15) - age   1:   11728048 bytes,   11728048 total
[2025-01-31T12:27:45.084+0000][1504][trace][gc,age      ] GC(15) - age   2:    1458400 bytes,   13186448 total
[2025-01-31T12:27:45.084+0000][1504][trace][gc,age      ] GC(15) - age   3:    7838936 bytes,   21025384 total
[2025-01-31T12:27:45.084+0000][1504][trace][gc,age      ] GC(15) - age   4:    4378280 bytes,   25403664 total
[2025-01-31T12:27:45.084+0000][1504][trace][gc,age      ] GC(15) - age   5:    6265096 bytes,   31668760 total
[2025-01-31T12:27:45.084+0000][1504][trace][gc,age      ] GC(15) - age   6:    3344432 bytes,   35013192 total
[2025-01-31T12:27:45.084+0000][1504][trace][gc,age      ] GC(15) - age   7:    1021064 bytes,   36034256 total
[2025-01-31T12:27:45.084+0000][1504][trace][gc,age      ] GC(15) - age   8:    2659928 bytes,   38694184 total
[2025-01-31T12:27:45.084+0000][1504][trace][gc,age      ] GC(15) - age   9:    2259776 bytes,   40953960 total
[2025-01-31T12:27:45.084+0000][1504][trace][gc,age      ] GC(15) - age  10:    3531144 bytes,   44485104 total
[2025-01-31T12:27:45.084+0000][1504][trace][gc,age      ] GC(15) - age  11:    1988000 bytes,   46473104 total
[2025-01-31T12:27:45.084+0000][1504][trace][gc,age      ] GC(15) - age  12:     401176 bytes,   46874280 total
[2025-01-31T12:27:45.084+0000][1504][info ][gc,heap     ] GC(15) Eden regions: 163->0(173)
[2025-01-31T12:27:45.084+0000][1504][info ][gc,heap     ] GC(15) Survivor regions: 10->12(22)
[2025-01-31T12:27:45.084+0000][1504][info ][gc,heap     ] GC(15) Old regions: 4->4
[2025-01-31T12:27:45.084+0000][1504][info ][gc,heap     ] GC(15) Humongous regions: 0->0
[2025-01-31T12:27:45.085+0000][1504][info ][gc,metaspace] GC(15) Metaspace: 77735K(79680K)->77735K(79680K) NonClass: 67261K(68416K)->67261K(68416K) Class: 10473K(11264K)->10473K(11264K)
[2025-01-31T12:27:45.085+0000][1504][info ][gc          ] GC(15) Pause Young (Normal) (G1 Evacuation Pause) 704M->62M(4008M) 38.504ms
[2025-01-31T12:27:45.085+0000][1504][info ][gc,cpu      ] GC(15) User=0.28s Sys=0.03s Real=0.05s
[2025-01-31T12:27:45.085+0000][1504][info ][safepoint   ] Safepoint "G1CollectForAllocation", Time since last: 7555466100 ns, Reaching safepoint: 8700 ns, At safepoint: 38617800 ns, Total: 38626500 ns
[2025-01-31T12:27:50.229+0000][1504][info ][gc,start    ] GC(16) Pause Young (Concurrent Start) (Metadata GC Threshold)
[2025-01-31T12:27:50.229+0000][1504][info ][gc,task     ] GC(16) Using 10 workers of 10 for evacuation
[2025-01-31T12:27:50.229+0000][1504][debug][gc,age      ] GC(16) Desired survivor size 50331648 bytes, new threshold 15 (max threshold 15)
[2025-01-31T12:27:50.271+0000][1504][info ][gc,phases   ] GC(16)   Pre Evacuate Collection Set: 0.79ms
[2025-01-31T12:27:50.271+0000][1504][info ][gc,phases   ] GC(16)   Merge Heap Roots: 0.16ms
[2025-01-31T12:27:50.271+0000][1504][info ][gc,phases   ] GC(16)   Evacuate Collection Set: 32.37ms
[2025-01-31T12:27:50.271+0000][1504][info ][gc,phases   ] GC(16)   Post Evacuate Collection Set: 2.96ms
[2025-01-31T12:27:50.271+0000][1504][info ][gc,phases   ] GC(16)   Other: 0.63ms
[2025-01-31T12:27:50.271+0000][1504][trace][gc,age      ] GC(16) Age table:
[2025-01-31T12:27:50.271+0000][1504][trace][gc,age      ] GC(16) - age   1:   10024488 bytes,   10024488 total
[2025-01-31T12:27:50.271+0000][1504][trace][gc,age      ] GC(16) - age   2:   11218584 bytes,   21243072 total
[2025-01-31T12:27:50.271+0000][1504][trace][gc,age      ] GC(16) - age   3:    1450048 bytes,   22693120 total
[2025-01-31T12:27:50.271+0000][1504][trace][gc,age      ] GC(16) - age   4:    7703096 bytes,   30396216 total
[2025-01-31T12:27:50.271+0000][1504][trace][gc,age      ] GC(16) - age   5:    4371848 bytes,   34768064 total
[2025-01-31T12:27:50.271+0000][1504][trace][gc,age      ] GC(16) - age   6:    6244696 bytes,   41012760 total
[2025-01-31T12:27:50.271+0000][1504][trace][gc,age      ] GC(16) - age   7:    3333944 bytes,   44346704 total
[2025-01-31T12:27:50.271+0000][1504][trace][gc,age      ] GC(16) - age   8:    1019240 bytes,   45365944 total
[2025-01-31T12:27:50.271+0000][1504][trace][gc,age      ] GC(16) - age   9:    2656240 bytes,   48022184 total
[2025-01-31T12:27:50.271+0000][1504][trace][gc,age      ] GC(16) - age  10:    2258024 bytes,   50280208 total
[2025-01-31T12:27:50.271+0000][1504][trace][gc,age      ] GC(16) - age  11:    3523200 bytes,   53803408 total
[2025-01-31T12:27:50.271+0000][1504][trace][gc,age      ] GC(16) - age  12:    1984832 bytes,   55788240 total
[2025-01-31T12:27:50.271+0000][1504][trace][gc,age      ] GC(16) - age  13:     393216 bytes,   56181456 total
[2025-01-31T12:27:50.271+0000][1504][info ][gc,heap     ] GC(16) Eden regions: 99->0(210)
[2025-01-31T12:27:50.271+0000][1504][info ][gc,heap     ] GC(16) Survivor regions: 12->16(24)
[2025-01-31T12:27:50.271+0000][1504][info ][gc,heap     ] GC(16) Old regions: 4->4
[2025-01-31T12:27:50.271+0000][1504][info ][gc,heap     ] GC(16) Humongous regions: 0->0
[2025-01-31T12:27:50.271+0000][1504][info ][gc,metaspace] GC(16) Metaspace: 98811K(100928K)->98811K(100928K) NonClass: 85321K(86592K)->85321K(86592K) Class: 13490K(14336K)->13490K(14336K)
[2025-01-31T12:27:50.271+0000][1504][info ][gc          ] GC(16) Pause Young (Concurrent Start) (Metadata GC Threshold) 458M->75M(4008M) 37.588ms
[2025-01-31T12:27:50.271+0000][1504][info ][gc,cpu      ] GC(16) User=0.16s Sys=0.00s Real=0.04s
[2025-01-31T12:27:50.271+0000][1504][info ][gc          ] GC(17) Concurrent Mark Cycle
[2025-01-31T12:27:50.271+0000][1504][info ][gc,marking  ] GC(17) Concurrent Scan Root Regions
[2025-01-31T12:27:50.271+0000][1504][info ][safepoint   ] Safepoint "CollectForMetadataAllocation", Time since last: 5150280800 ns, Reaching safepoint: 8000 ns, At safepoint: 37800800 ns, Total: 37808800 ns
[2025-01-31T12:27:50.286+0000][1504][info ][gc,marking  ] GC(17) Concurrent Scan Root Regions 17.389ms
[2025-01-31T12:27:50.286+0000][1504][info ][gc,marking  ] GC(17) Concurrent Mark
[2025-01-31T12:27:50.286+0000][1504][info ][gc,marking  ] GC(17) Concurrent Mark From Roots
[2025-01-31T12:27:50.286+0000][1504][info ][gc,task     ] GC(17) Using 3 workers of 3 for marking
[2025-01-31T12:27:50.303+0000][1504][info ][gc,marking  ] GC(17) Concurrent Mark From Roots 12.430ms
[2025-01-31T12:27:50.303+0000][1504][info ][gc,marking  ] GC(17) Concurrent Preclean
[2025-01-31T12:27:50.303+0000][1504][info ][gc,marking  ] GC(17) Concurrent Preclean 0.106ms
[2025-01-31T12:27:50.303+0000][1504][info ][gc,start    ] GC(17) Pause Remark
[2025-01-31T12:27:50.303+0000][1504][info ][gc          ] GC(17) Pause Remark 79M->79M(4008M) 7.225ms
[2025-01-31T12:27:50.303+0000][1504][info ][gc,cpu      ] GC(17) User=0.00s Sys=0.00s Real=0.00s
[2025-01-31T12:27:50.303+0000][1504][info ][safepoint   ] Safepoint "G1PauseRemark", Time since last: 30223900 ns, Reaching safepoint: 13400 ns, At safepoint: 7378200 ns, Total: 7391600 ns
[2025-01-31T12:27:50.303+0000][1504][info ][gc,marking  ] GC(17) Concurrent Mark 20.292ms
[2025-01-31T12:27:50.303+0000][1504][info ][gc,marking  ] GC(17) Concurrent Rebuild Remembered Sets and Scrub Regions
[2025-01-31T12:27:50.303+0000][1504][info ][gc,marking  ] GC(17) Concurrent Rebuild Remembered Sets and Scrub Regions 5.142ms
[2025-01-31T12:27:50.303+0000][1504][info ][gc,start    ] GC(17) Pause Cleanup
[2025-01-31T12:27:50.303+0000][1504][info ][gc          ] GC(17) Pause Cleanup 79M->79M(4008M) 0.125ms
[2025-01-31T12:27:50.303+0000][1504][info ][gc,cpu      ] GC(17) User=0.00s Sys=0.00s Real=0.00s
[2025-01-31T12:27:50.303+0000][1504][info ][safepoint   ] Safepoint "G1PauseCleanup", Time since last: 5417900 ns, Reaching safepoint: 18100 ns, At safepoint: 217500 ns, Total: 235600 ns
[2025-01-31T12:27:50.303+0000][1504][info ][gc,marking  ] GC(17) Concurrent Clear Claimed Marks
[2025-01-31T12:27:50.303+0000][1504][info ][gc,marking  ] GC(17) Concurrent Clear Claimed Marks 0.153ms
[2025-01-31T12:27:50.303+0000][1504][info ][gc,marking  ] GC(17) Concurrent Cleanup for Next Mark
[2025-01-31T12:27:50.318+0000][1504][info ][gc,marking  ] GC(17) Concurrent Cleanup for Next Mark 5.254ms
[2025-01-31T12:27:50.318+0000][1504][info ][gc          ] GC(17) Concurrent Mark Cycle 49.077ms
[2025-01-31T12:32:21.063+0000][1504][info ][gc,start    ] GC(18) Pause Young (Normal) (G1 Evacuation Pause)
[2025-01-31T12:32:21.084+0000][1504][info ][gc,task     ] GC(18) Using 10 workers of 10 for evacuation
[2025-01-31T12:32:21.092+0000][1504][debug][gc,age      ] GC(18) Desired survivor size 60817408 bytes, new threshold 15 (max threshold 15)
[2025-01-31T12:32:22.462+0000][1504][info ][gc,mmu      ] GC(18) MMU target violated: 201.0ms (200.0ms/201.0ms)
[2025-01-31T12:32:22.463+0000][1504][info ][gc,phases   ] GC(18)   Pre Evacuate Collection Set: 37.57ms
[2025-01-31T12:32:22.463+0000][1504][info ][gc,phases   ] GC(18)   Merge Heap Roots: 14.75ms
[2025-01-31T12:32:22.463+0000][1504][info ][gc,phases   ] GC(18)   Evacuate Collection Set: 1254.31ms
[2025-01-31T12:32:22.463+0000][1504][info ][gc,phases   ] GC(18)   Post Evacuate Collection Set: 48.73ms
[2025-01-31T12:32:22.463+0000][1504][info ][gc,phases   ] GC(18)   Other: 30.70ms
[2025-01-31T12:32:22.463+0000][1504][trace][gc,age      ] GC(18) Age table:
[2025-01-31T12:32:22.464+0000][1504][trace][gc,age      ] GC(18) - age   1:   49214920 bytes,   49214920 total
[2025-01-31T12:32:22.464+0000][1504][trace][gc,age      ] GC(18) - age   2:    9549088 bytes,   58764008 total
[2025-01-31T12:32:22.464+0000][1504][trace][gc,age      ] GC(18) - age   3:   11118000 bytes,   69882008 total
[2025-01-31T12:32:22.464+0000][1504][trace][gc,age      ] GC(18) - age   4:    1441008 bytes,   71323016 total
[2025-01-31T12:32:22.464+0000][1504][trace][gc,age      ] GC(18) - age   5:    7604112 bytes,   78927128 total
[2025-01-31T12:32:22.465+0000][1504][trace][gc,age      ] GC(18) - age   6:    4368992 bytes,   83296120 total
[2025-01-31T12:32:22.465+0000][1504][trace][gc,age      ] GC(18) - age   7:    6236712 bytes,   89532832 total
[2025-01-31T12:32:22.465+0000][1504][trace][gc,age      ] GC(18) - age   8:    3332488 bytes,   92865320 total
[2025-01-31T12:32:22.465+0000][1504][trace][gc,age      ] GC(18) - age   9:    1016016 bytes,   93881336 total
[2025-01-31T12:32:22.465+0000][1504][trace][gc,age      ] GC(18) - age  10:    2653176 bytes,   96534512 total
[2025-01-31T12:32:22.465+0000][1504][trace][gc,age      ] GC(18) - age  11:    2253272 bytes,   98787784 total
[2025-01-31T12:32:22.465+0000][1504][trace][gc,age      ] GC(18) - age  12:    3520808 bytes,  102308592 total
[2025-01-31T12:32:22.465+0000][1504][trace][gc,age      ] GC(18) - age  13:    1983320 bytes,  104291912 total
[2025-01-31T12:32:22.465+0000][1504][trace][gc,age      ] GC(18) - age  14:     388824 bytes,  104680736 total
[2025-01-31T12:32:22.465+0000][1504][info ][gc,heap     ] GC(18) Eden regions: 210->0(22)
[2025-01-31T12:32:22.465+0000][1504][info ][gc,heap     ] GC(18) Survivor regions: 16->28(29)
[2025-01-31T12:32:22.465+0000][1504][info ][gc,heap     ] GC(18) Old regions: 4->4
[2025-01-31T12:32:22.465+0000][1504][info ][gc,heap     ] GC(18) Humongous regions: 2->2
[2025-01-31T12:32:22.465+0000][1504][info ][gc,metaspace] GC(18) Metaspace: 143146K(147328K)->143146K(147328K) NonClass: 122807K(125120K)->122807K(125120K) Class: 20338K(22208K)->20338K(22208K)
[2025-01-31T12:32:22.467+0000][1504][info ][gc          ] GC(18) Pause Young (Normal) (G1 Evacuation Pause) 923M->133M(4008M) 1402.556ms
[2025-01-31T12:32:22.467+0000][1504][info ][gc,cpu      ] GC(18) User=0.19s Sys=0.44s Real=1.40s
[2025-01-31T12:32:22.468+0000][1504][info ][safepoint   ] Safepoint "G1CollectForAllocation", Time since last: 270746203600 ns, Reaching safepoint: 524700 ns, At safepoint: 1404302000 ns, Total: 1404826700 ns
[2025-01-31T12:33:13.987+0000][1504][info ][gc,start    ] GC(19) Pause Young (Normal) (G1 Evacuation Pause)
[2025-01-31T12:33:13.987+0000][1504][info ][gc,task     ] GC(19) Using 10 workers of 10 for evacuation
[2025-01-31T12:33:13.987+0000][1504][debug][gc,age      ] GC(19) Desired survivor size 14680064 bytes, new threshold 1 (max threshold 15)
[2025-01-31T12:33:14.146+0000][1504][info ][gc,phases   ] GC(19)   Pre Evacuate Collection Set: 1.70ms
[2025-01-31T12:33:14.146+0000][1504][info ][gc,phases   ] GC(19)   Merge Heap Roots: 0.27ms
[2025-01-31T12:33:14.146+0000][1504][info ][gc,phases   ] GC(19)   Evacuate Collection Set: 149.60ms
[2025-01-31T12:33:14.146+0000][1504][info ][gc,phases   ] GC(19)   Post Evacuate Collection Set: 4.01ms
[2025-01-31T12:33:14.146+0000][1504][info ][gc,phases   ] GC(19)   Other: 1.05ms
[2025-01-31T12:33:14.146+0000][1504][trace][gc,age      ] GC(19) Age table:
[2025-01-31T12:33:14.146+0000][1504][trace][gc,age      ] GC(19) - age   1:     167480 bytes,     167480 total
[2025-01-31T12:33:14.146+0000][1504][info ][gc,heap     ] GC(19) Eden regions: 22->0(93)
[2025-01-31T12:33:14.146+0000][1504][info ][gc,heap     ] GC(19) Survivor regions: 28->3(7)
[2025-01-31T12:33:14.146+0000][1504][info ][gc,heap     ] GC(19) Old regions: 4->32
[2025-01-31T12:33:14.146+0000][1504][info ][gc,heap     ] GC(19) Humongous regions: 2->2
[2025-01-31T12:33:14.146+0000][1504][info ][gc,metaspace] GC(19) Metaspace: 143341K(147520K)->143341K(147520K) NonClass: 122972K(125248K)->122972K(125248K) Class: 20369K(22272K)->20369K(22272K)
[2025-01-31T12:33:14.146+0000][1504][info ][gc          ] GC(19) Pause Young (Normal) (G1 Evacuation Pause) 221M->143M(4008M) 157.556ms
[2025-01-31T12:33:14.146+0000][1504][info ][gc,cpu      ] GC(19) User=0.59s Sys=0.23s Real=0.16s
[2025-01-31T12:33:14.146+0000][1504][info ][safepoint   ] Safepoint "G1CollectForAllocation", Time since last: 51521615700 ns, Reaching safepoint: 51600 ns, At safepoint: 157726100 ns, Total: 157777700 ns
[2025-01-31T12:38:32.908+0000][1504][info ][gc,start    ] GC(20) Pause Young (Normal) (G1 Evacuation Pause)
[2025-01-31T12:38:32.916+0000][1504][info ][gc,task     ] GC(20) Using 10 workers of 10 for evacuation
[2025-01-31T12:38:32.916+0000][1504][debug][gc,age      ] GC(20) Desired survivor size 25165824 bytes, new threshold 15 (max threshold 15)
[2025-01-31T12:38:33.100+0000][1504][info ][gc,phases   ] GC(20)   Pre Evacuate Collection Set: 25.46ms
[2025-01-31T12:38:33.100+0000][1504][info ][gc,phases   ] GC(20)   Merge Heap Roots: 8.15ms
[2025-01-31T12:38:33.100+0000][1504][info ][gc,phases   ] GC(20)   Evacuate Collection Set: 100.85ms
[2025-01-31T12:38:33.100+0000][1504][info ][gc,phases   ] GC(20)   Post Evacuate Collection Set: 34.23ms
[2025-01-31T12:38:33.100+0000][1504][info ][gc,phases   ] GC(20)   Other: 16.94ms
[2025-01-31T12:38:33.100+0000][1504][trace][gc,age      ] GC(20) Age table:
[2025-01-31T12:38:33.100+0000][1504][trace][gc,age      ] GC(20) - age   1:      35336 bytes,      35336 total
[2025-01-31T12:38:33.100+0000][1504][trace][gc,age      ] GC(20) - age   2:     149432 bytes,     184768 total
[2025-01-31T12:38:33.102+0000][1504][info ][gc,heap     ] GC(20) Eden regions: 93->0(68)
[2025-01-31T12:38:33.102+0000][1504][info ][gc,heap     ] GC(20) Survivor regions: 3->1(12)
[2025-01-31T12:38:33.102+0000][1504][info ][gc,heap     ] GC(20) Old regions: 32->32
[2025-01-31T12:38:33.102+0000][1504][info ][gc,heap     ] GC(20) Humongous regions: 2->2
[2025-01-31T12:38:33.102+0000][1504][info ][gc,metaspace] GC(20) Metaspace: 143477K(147648K)->143477K(147648K) NonClass: 123107K(125376K)->123107K(125376K) Class: 20369K(22272K)->20369K(22272K)
[2025-01-31T12:38:33.102+0000][1504][info ][gc          ] GC(20) Pause Young (Normal) (G1 Evacuation Pause) 515M->136M(4008M) 195.455ms
[2025-01-31T12:38:33.102+0000][1504][info ][gc,cpu      ] GC(20) User=0.00s Sys=0.03s Real=0.20s
[2025-01-31T12:38:33.102+0000][1504][info ][safepoint   ] Safepoint "G1CollectForAllocation", Time since last: 318759741600 ns, Reaching safepoint: 121000 ns, At safepoint: 197227900 ns, Total: 197348900 ns
[2025-01-31T12:42:23.046+0000][1504][info ][gc,start    ] GC(21) Pause Young (Normal) (G1 Evacuation Pause)
[2025-01-31T12:42:23.066+0000][1504][info ][gc,task     ] GC(21) Using 10 workers of 10 for evacuation
[2025-01-31T12:42:23.066+0000][1504][debug][gc,age      ] GC(21) Desired survivor size 18874368 bytes, new threshold 15 (max threshold 15)
[2025-01-31T12:42:23.155+0000][1504][info ][gc,phases   ] GC(21)   Pre Evacuate Collection Set: 8.83ms
[2025-01-31T12:42:23.155+0000][1504][info ][gc,phases   ] GC(21)   Merge Heap Roots: 1.19ms
[2025-01-31T12:42:23.155+0000][1504][info ][gc,phases   ] GC(21)   Evacuate Collection Set: 25.51ms
[2025-01-31T12:42:23.155+0000][1504][info ][gc,phases   ] GC(21)   Post Evacuate Collection Set: 52.88ms
[2025-01-31T12:42:23.155+0000][1504][info ][gc,phases   ] GC(21)   Other: 9.14ms
[2025-01-31T12:42:23.155+0000][1504][trace][gc,age      ] GC(21) Age table:
[2025-01-31T12:42:23.155+0000][1504][trace][gc,age      ] GC(21) - age   1:      21816 bytes,      21816 total
[2025-01-31T12:42:23.155+0000][1504][trace][gc,age      ] GC(21) - age   2:      21664 bytes,      43480 total
[2025-01-31T12:42:23.155+0000][1504][trace][gc,age      ] GC(21) - age   3:     149432 bytes,     192912 total
[2025-01-31T12:42:23.155+0000][1504][info ][gc,heap     ] GC(21) Eden regions: 68->0(85)
[2025-01-31T12:42:23.155+0000][1504][info ][gc,heap     ] GC(21) Survivor regions: 1->1(9)
[2025-01-31T12:42:23.155+0000][1504][info ][gc,heap     ] GC(21) Old regions: 32->32
[2025-01-31T12:42:23.155+0000][1504][info ][gc,heap     ] GC(21) Humongous regions: 2->2
[2025-01-31T12:42:23.155+0000][1504][info ][gc,metaspace] GC(21) Metaspace: 143497K(147648K)->143497K(147648K) NonClass: 123127K(125376K)->123127K(125376K) Class: 20369K(22272K)->20369K(22272K)
[2025-01-31T12:42:23.155+0000][1504][info ][gc          ] GC(21) Pause Young (Normal) (G1 Evacuation Pause) 408M->133M(4008M) 106.885ms
[2025-01-31T12:42:23.155+0000][1504][info ][gc,cpu      ] GC(21) User=0.03s Sys=0.08s Real=0.11s
[2025-01-31T12:42:23.155+0000][1504][info ][safepoint   ] Safepoint "G1CollectForAllocation", Time since last: 229950664500 ns, Reaching safepoint: 416200 ns, At safepoint: 109544900 ns, Total: 109961100 ns
[2025-01-31T12:47:10.095+0000][1504][info ][gc,start    ] GC(22) Pause Young (Normal) (G1 Evacuation Pause)
[2025-01-31T12:47:10.111+0000][1504][info ][gc,task     ] GC(22) Using 10 workers of 10 for evacuation
[2025-01-31T12:47:10.111+0000][1504][debug][gc,age      ] GC(22) Desired survivor size 23068672 bytes, new threshold 15 (max threshold 15)
[2025-01-31T12:47:10.362+0000][1504][info ][gc,mmu      ] GC(22) MMU target violated: 201.0ms (200.0ms/201.0ms)
[2025-01-31T12:47:10.362+0000][1504][info ][gc,phases   ] GC(22)   Pre Evacuate Collection Set: 26.14ms
[2025-01-31T12:47:10.362+0000][1504][info ][gc,phases   ] GC(22)   Merge Heap Roots: 9.61ms
[2025-01-31T12:47:10.362+0000][1504][info ][gc,phases   ] GC(22)   Evacuate Collection Set: 166.20ms
[2025-01-31T12:47:10.362+0000][1504][info ][gc,phases   ] GC(22)   Post Evacuate Collection Set: 38.74ms
[2025-01-31T12:47:10.362+0000][1504][info ][gc,phases   ] GC(22)   Other: 11.36ms
[2025-01-31T12:47:10.362+0000][1504][trace][gc,age      ] GC(22) Age table:
[2025-01-31T12:47:10.362+0000][1504][trace][gc,age      ] GC(22) - age   1:      36560 bytes,      36560 total
[2025-01-31T12:47:10.362+0000][1504][trace][gc,age      ] GC(22) - age   2:       8416 bytes,      44976 total
[2025-01-31T12:47:10.362+0000][1504][trace][gc,age      ] GC(22) - age   3:      21544 bytes,      66520 total
[2025-01-31T12:47:10.362+0000][1504][trace][gc,age      ] GC(22) - age   4:     146800 bytes,     213320 total
[2025-01-31T12:47:10.362+0000][1504][info ][gc,heap     ] GC(22) Eden regions: 85->0(64)
[2025-01-31T12:47:10.362+0000][1504][info ][gc,heap     ] GC(22) Survivor regions: 1->1(11)
[2025-01-31T12:47:10.362+0000][1504][info ][gc,heap     ] GC(22) Old regions: 32->32
[2025-01-31T12:47:10.362+0000][1504][info ][gc,heap     ] GC(22) Humongous regions: 2->2
[2025-01-31T12:47:10.362+0000][1504][info ][gc,metaspace] GC(22) Metaspace: 143520K(147712K)->143520K(147712K) NonClass: 123151K(125440K)->123151K(125440K) Class: 20369K(22272K)->20369K(22272K)
[2025-01-31T12:47:10.362+0000][1504][info ][gc          ] GC(22) Pause Young (Normal) (G1 Evacuation Pause) 473M->133M(4008M) 258.510ms
[2025-01-31T12:47:10.362+0000][1504][info ][gc,cpu      ] GC(22) User=0.03s Sys=0.23s Real=0.27s
[2025-01-31T12:47:10.362+0000][1504][info ][safepoint   ] Safepoint "G1CollectForAllocation", Time since last: 286941956200 ns, Reaching safepoint: 31200 ns, At safepoint: 260237000 ns, Total: 260268200 ns
[2025-01-31T12:50:47.076+0000][1504][info ][gc,start    ] GC(23) Pause Young (Normal) (G1 Evacuation Pause)
[2025-01-31T12:50:47.078+0000][1504][info ][gc,task     ] GC(23) Using 10 workers of 10 for evacuation
[2025-01-31T12:50:47.078+0000][1504][debug][gc,age      ] GC(23) Desired survivor size 18874368 bytes, new threshold 15 (max threshold 15)
[2025-01-31T12:50:47.152+0000][1504][info ][gc,phases   ] GC(23)   Pre Evacuate Collection Set: 10.67ms
[2025-01-31T12:50:47.152+0000][1504][info ][gc,phases   ] GC(23)   Merge Heap Roots: 3.25ms
[2025-01-31T12:50:47.152+0000][1504][info ][gc,phases   ] GC(23)   Evacuate Collection Set: 31.38ms
[2025-01-31T12:50:47.152+0000][1504][info ][gc,phases   ] GC(23)   Post Evacuate Collection Set: 17.78ms
[2025-01-31T12:50:47.152+0000][1504][info ][gc,phases   ] GC(23)   Other: 7.42ms
[2025-01-31T12:50:47.152+0000][1504][trace][gc,age      ] GC(23) Age table:
[2025-01-31T12:50:47.152+0000][1504][trace][gc,age      ] GC(23) - age   1:     711232 bytes,     711232 total
[2025-01-31T12:50:47.152+0000][1504][trace][gc,age      ] GC(23) - age   2:      22816 bytes,     734048 total
[2025-01-31T12:50:47.152+0000][1504][trace][gc,age      ] GC(23) - age   3:       8296 bytes,     742344 total
[2025-01-31T12:50:47.152+0000][1504][trace][gc,age      ] GC(23) - age   4:      19888 bytes,     762232 total
[2025-01-31T12:50:47.152+0000][1504][trace][gc,age      ] GC(23) - age   5:     146632 bytes,     908864 total
[2025-01-31T12:50:47.154+0000][1504][info ][gc,heap     ] GC(23) Eden regions: 64->0(77)
[2025-01-31T12:50:47.154+0000][1504][info ][gc,heap     ] GC(23) Survivor regions: 1->1(9)
[2025-01-31T12:50:47.154+0000][1504][info ][gc,heap     ] GC(23) Old regions: 32->32
[2025-01-31T12:50:47.154+0000][1504][info ][gc,heap     ] GC(23) Humongous regions: 2->2
[2025-01-31T12:50:47.154+0000][1504][info ][gc,metaspace] GC(23) Metaspace: 144006K(148224K)->144006K(148224K) NonClass: 123563K(125824K)->123563K(125824K) Class: 20443K(22400K)->20443K(22400K)
[2025-01-31T12:50:47.154+0000][1504][info ][gc          ] GC(23) Pause Young (Normal) (G1 Evacuation Pause) 389M->134M(4008M) 78.621ms
[2025-01-31T12:50:47.154+0000][1504][info ][gc,cpu      ] GC(23) User=0.00s Sys=0.17s Real=0.09s
[2025-01-31T12:50:47.154+0000][1504][info ][safepoint   ] Safepoint "G1CollectForAllocation", Time since last: 216708052200 ns, Reaching safepoint: 54300 ns, At safepoint: 79454500 ns, Total: 79508800 ns
[2025-01-31T12:50:49.872+0000][1504][info ][gc,heap,exit] Heap
[2025-01-31T12:50:49.872+0000][1504][info ][gc,heap,exit]  garbage-first heap   total reserved 4104192K, committed 4104192K, used 150839K [0x0000000705800000, 0x0000000800000000)
[2025-01-31T12:50:49.872+0000][1504][info ][gc,heap,exit]   region size 4096K, 5 young (20480K), 1 survivors (4096K)
[2025-01-31T12:50:49.872+0000][1504][info ][gc,heap,exit]  Metaspace       used 144275K, committed 148544K, reserved 1179648K
[2025-01-31T12:50:49.872+0000][1504][info ][gc,heap,exit]   class space    used 20515K, committed 22464K, reserved 1048576K
