[2025-02-03T08:40:30.425+0000][16196][info][gc,init] CardTable entry size: 512
[2025-02-03T08:40:30.425+0000][16196][info][gc     ] Using G1
[2025-02-03T08:40:32.575+0000][16196][info][gc,init] Version: 23+37-2369 (release)
[2025-02-03T08:40:32.575+0000][16196][info][gc,init] CPUs: 12 total, 12 available
[2025-02-03T08:40:32.575+0000][16196][info][gc,init] Memory: 8016M
[2025-02-03T08:40:32.575+0000][16196][info][gc,init] Large Page Support: Disabled
[2025-02-03T08:40:32.575+0000][16196][info][gc,init] NUMA Support: Disabled
[2025-02-03T08:40:32.575+0000][16196][info][gc,init] Compressed Oops: Enabled (Zero based)
[2025-02-03T08:40:32.575+0000][16196][info][gc,init] Heap Region Size: 4M
[2025-02-03T08:40:32.575+0000][16196][info][gc,init] Heap Min Capacity: 4008M
[2025-02-03T08:40:32.575+0000][16196][info][gc,init] Heap Initial Capacity: 4008M
[2025-02-03T08:40:32.575+0000][16196][info][gc,init] Heap Max Capacity: 4008M
[2025-02-03T08:40:32.575+0000][16196][info][gc,init] Pre-touch: Enabled
[2025-02-03T08:40:32.575+0000][16196][info][gc,init] Parallel Workers: 10
[2025-02-03T08:40:32.575+0000][16196][info][gc,init] Concurrent Workers: 3
[2025-02-03T08:40:32.575+0000][16196][info][gc,init] Concurrent Refinement Workers: 10
[2025-02-03T08:40:32.575+0000][16196][info][gc,init] Periodic GC: Disabled
[2025-02-03T08:40:32.607+0000][16196][info][gc,metaspace] CDS archive(s) mapped at: [0x00000246df000000-0x00000246dfd70000-0x00000246dfd70000), size 14090240, SharedBaseAddress: 0x00000246df000000, ArchiveRelocationMode: 1.
[2025-02-03T08:40:32.607+0000][16196][info][gc,metaspace] Compressed class space mapped at: 0x00000246e0000000-0x0000024720000000, reserved size: 1073741824
[2025-02-03T08:40:32.607+0000][16196][info][gc,metaspace] Narrow klass base: 0x00000246df000000, Narrow klass shift: 0, Narrow klass range: 0x41000000
[2025-02-03T08:40:39.654+0000][16196][info][gc,start    ] GC(0) Pause Young (Normal) (G1 Evacuation Pause)
[2025-02-03T08:40:39.654+0000][16196][info][gc,task     ] GC(0) Using 10 workers of 10 for evacuation
[2025-02-03T08:40:39.654+0000][16196][debug][gc,age      ] GC(0) Desired survivor size 14680064 bytes, new threshold 15 (max threshold 15)
[2025-02-03T08:40:39.670+0000][16196][info ][gc,phases   ] GC(0)   Pre Evacuate Collection Set: 0.57ms
[2025-02-03T08:40:39.670+0000][16196][info ][gc,phases   ] GC(0)   Merge Heap Roots: 2.45ms
[2025-02-03T08:40:39.670+0000][16196][info ][gc,phases   ] GC(0)   Evacuate Collection Set: 8.44ms
[2025-02-03T08:40:39.670+0000][16196][info ][gc,phases   ] GC(0)   Post Evacuate Collection Set: 2.25ms
[2025-02-03T08:40:39.670+0000][16196][info ][gc,phases   ] GC(0)   Other: 1.49ms
[2025-02-03T08:40:39.670+0000][16196][trace][gc,age      ] GC(0) Age table:
[2025-02-03T08:40:39.670+0000][16196][trace][gc,age      ] GC(0) - age   1:   14147592 bytes,   14147592 total
[2025-02-03T08:40:39.670+0000][16196][info ][gc,heap     ] GC(0) Eden regions: 50->0(46)
[2025-02-03T08:40:39.670+0000][16196][info ][gc,heap     ] GC(0) Survivor regions: 0->4(7)
[2025-02-03T08:40:39.670+0000][16196][info ][gc,heap     ] GC(0) Old regions: 0->0
[2025-02-03T08:40:39.670+0000][16196][info ][gc,heap     ] GC(0) Humongous regions: 0->0
[2025-02-03T08:40:39.670+0000][16196][info ][gc,metaspace] GC(0) Metaspace: 18556K(19264K)->18556K(19264K) NonClass: 16450K(16896K)->16450K(16896K) Class: 2106K(2368K)->2106K(2368K)
[2025-02-03T08:40:39.670+0000][16196][info ][gc          ] GC(0) Pause Young (Normal) (G1 Evacuation Pause) 200M->14M(4008M) 17.419ms
[2025-02-03T08:40:39.670+0000][16196][info ][gc,cpu      ] GC(0) User=0.09s Sys=0.00s Real=0.02s
[2025-02-03T08:40:39.670+0000][16196][info ][safepoint   ] Safepoint "G1CollectForAllocation", Time since last: 7018615300 ns, Reaching safepoint: 225400 ns, At safepoint: 17566500 ns, Total: 17791900 ns
[2025-02-03T08:40:40.988+0000][16196][info ][gc,start    ] GC(1) Pause Young (Concurrent Start) (Metadata GC Threshold)
[2025-02-03T08:40:40.988+0000][16196][info ][gc,task     ] GC(1) Using 10 workers of 10 for evacuation
[2025-02-03T08:40:40.988+0000][16196][debug][gc,age      ] GC(1) Desired survivor size 14680064 bytes, new threshold 15 (max threshold 15)
[2025-02-03T08:40:40.988+0000][16196][info ][gc,phases   ] GC(1)   Pre Evacuate Collection Set: 0.43ms
[2025-02-03T08:40:40.988+0000][16196][info ][gc,phases   ] GC(1)   Merge Heap Roots: 0.13ms
[2025-02-03T08:40:40.988+0000][16196][info ][gc,phases   ] GC(1)   Evacuate Collection Set: 6.01ms
[2025-02-03T08:40:40.988+0000][16196][info ][gc,phases   ] GC(1)   Post Evacuate Collection Set: 1.67ms
[2025-02-03T08:40:40.988+0000][16196][info ][gc,phases   ] GC(1)   Other: 0.28ms
[2025-02-03T08:40:40.988+0000][16196][trace][gc,age      ] GC(1) Age table:
[2025-02-03T08:40:40.988+0000][16196][trace][gc,age      ] GC(1) - age   1:    1287576 bytes,    1287576 total
[2025-02-03T08:40:40.988+0000][16196][trace][gc,age      ] GC(1) - age   2:   13994640 bytes,   15282216 total
[2025-02-03T08:40:40.988+0000][16196][info ][gc,heap     ] GC(1) Eden regions: 18->0(46)
[2025-02-03T08:40:40.988+0000][16196][info ][gc,heap     ] GC(1) Survivor regions: 4->4(7)
[2025-02-03T08:40:40.988+0000][16196][info ][gc,heap     ] GC(1) Old regions: 0->0
[2025-02-03T08:40:40.988+0000][16196][info ][gc,heap     ] GC(1) Humongous regions: 0->0
[2025-02-03T08:40:40.988+0000][16196][info ][gc,metaspace] GC(1) Metaspace: 20710K(21504K)->20710K(21504K) NonClass: 18378K(18816K)->18378K(18816K) Class: 2332K(2688K)->2332K(2688K)
[2025-02-03T08:40:40.988+0000][16196][info ][gc          ] GC(1) Pause Young (Concurrent Start) (Metadata GC Threshold) 84M->15M(4008M) 8.909ms
[2025-02-03T08:40:40.988+0000][16196][info ][gc,cpu      ] GC(1) User=0.00s Sys=0.00s Real=0.00s
[2025-02-03T08:40:40.988+0000][16196][info ][gc          ] GC(2) Concurrent Mark Cycle
[2025-02-03T08:40:40.988+0000][16196][info ][safepoint   ] Safepoint "CollectForMetadataAllocation", Time since last: 1319014700 ns, Reaching safepoint: 7400 ns, At safepoint: 9061000 ns, Total: 9068400 ns
[2025-02-03T08:40:40.988+0000][16196][info ][gc,marking  ] GC(2) Concurrent Scan Root Regions
[2025-02-03T08:40:41.004+0000][16196][info ][gc,marking  ] GC(2) Concurrent Scan Root Regions 3.720ms
[2025-02-03T08:40:41.004+0000][16196][info ][gc,marking  ] GC(2) Concurrent Mark
[2025-02-03T08:40:41.004+0000][16196][info ][gc,marking  ] GC(2) Concurrent Mark From Roots
[2025-02-03T08:40:41.004+0000][16196][info ][gc,task     ] GC(2) Using 3 workers of 3 for marking
[2025-02-03T08:40:41.004+0000][16196][info ][gc,marking  ] GC(2) Concurrent Mark From Roots 0.491ms
[2025-02-03T08:40:41.004+0000][16196][info ][gc,marking  ] GC(2) Concurrent Preclean
[2025-02-03T08:40:41.004+0000][16196][info ][gc,marking  ] GC(2) Concurrent Preclean 0.019ms
[2025-02-03T08:40:41.004+0000][16196][info ][gc,start    ] GC(2) Pause Remark
[2025-02-03T08:40:41.004+0000][16196][info ][gc          ] GC(2) Pause Remark 18M->18M(4008M) 3.127ms
[2025-02-03T08:40:41.004+0000][16196][info ][gc,cpu      ] GC(2) User=0.00s Sys=0.00s Real=0.00s
[2025-02-03T08:40:41.004+0000][16196][info ][safepoint   ] Safepoint "G1PauseRemark", Time since last: 4461100 ns, Reaching safepoint: 5600 ns, At safepoint: 3269300 ns, Total: 3274900 ns
[2025-02-03T08:40:41.004+0000][16196][info ][gc,marking  ] GC(2) Concurrent Mark 3.975ms
[2025-02-03T08:40:41.004+0000][16196][info ][gc,marking  ] GC(2) Concurrent Rebuild Remembered Sets and Scrub Regions
[2025-02-03T08:40:41.004+0000][16196][info ][gc,marking  ] GC(2) Concurrent Rebuild Remembered Sets and Scrub Regions 0.460ms
[2025-02-03T08:40:41.004+0000][16196][info ][gc,start    ] GC(2) Pause Cleanup
[2025-02-03T08:40:41.004+0000][16196][info ][gc          ] GC(2) Pause Cleanup 18M->18M(4008M) 0.050ms
[2025-02-03T08:40:41.004+0000][16196][info ][gc,cpu      ] GC(2) User=0.00s Sys=0.00s Real=0.00s
[2025-02-03T08:40:41.004+0000][16196][info ][safepoint   ] Safepoint "G1PauseCleanup", Time since last: 684900 ns, Reaching safepoint: 5200 ns, At safepoint: 112500 ns, Total: 117700 ns
[2025-02-03T08:40:41.004+0000][16196][info ][gc,marking  ] GC(2) Concurrent Clear Claimed Marks
[2025-02-03T08:40:41.004+0000][16196][info ][gc,marking  ] GC(2) Concurrent Clear Claimed Marks 0.147ms
[2025-02-03T08:40:41.004+0000][16196][info ][gc,marking  ] GC(2) Concurrent Cleanup for Next Mark
[2025-02-03T08:40:41.004+0000][16196][info ][gc,marking  ] GC(2) Concurrent Cleanup for Next Mark 4.574ms
[2025-02-03T08:40:41.004+0000][16196][info ][gc          ] GC(2) Concurrent Mark Cycle 13.518ms
[2025-02-03T08:40:42.055+0000][16196][info ][gc,start    ] GC(3) Pause Young (Normal) (G1 Evacuation Pause)
[2025-02-03T08:40:42.055+0000][16196][info ][gc,task     ] GC(3) Using 10 workers of 10 for evacuation
[2025-02-03T08:40:42.055+0000][16196][debug][gc,age      ] GC(3) Desired survivor size 14680064 bytes, new threshold 2 (max threshold 15)
[2025-02-03T08:40:42.071+0000][16196][info ][gc,phases   ] GC(3)   Pre Evacuate Collection Set: 0.22ms
[2025-02-03T08:40:42.071+0000][16196][info ][gc,phases   ] GC(3)   Merge Heap Roots: 0.22ms
[2025-02-03T08:40:42.071+0000][16196][info ][gc,phases   ] GC(3)   Evacuate Collection Set: 11.52ms
[2025-02-03T08:40:42.071+0000][16196][info ][gc,phases   ] GC(3)   Post Evacuate Collection Set: 1.38ms
[2025-02-03T08:40:42.071+0000][16196][info ][gc,phases   ] GC(3)   Other: 0.12ms
[2025-02-03T08:40:42.071+0000][16196][trace][gc,age      ] GC(3) Age table:
[2025-02-03T08:40:42.071+0000][16196][trace][gc,age      ] GC(3) - age   1:    2660960 bytes,    2660960 total
[2025-02-03T08:40:42.071+0000][16196][trace][gc,age      ] GC(3) - age   2:     435416 bytes,    3096376 total
[2025-02-03T08:40:42.071+0000][16196][info ][gc,heap     ] GC(3) Eden regions: 46->0(48)
[2025-02-03T08:40:42.071+0000][16196][info ][gc,heap     ] GC(3) Survivor regions: 4->2(7)
[2025-02-03T08:40:42.071+0000][16196][info ][gc,heap     ] GC(3) Old regions: 0->4
[2025-02-03T08:40:42.071+0000][16196][info ][gc,heap     ] GC(3) Humongous regions: 0->0
[2025-02-03T08:40:42.071+0000][16196][info ][gc,metaspace] GC(3) Metaspace: 23272K(24064K)->23272K(24064K) NonClass: 20641K(21120K)->20641K(21120K) Class: 2631K(2944K)->2631K(2944K)
[2025-02-03T08:40:42.071+0000][16196][info ][gc          ] GC(3) Pause Young (Normal) (G1 Evacuation Pause) 199M->18M(4008M) 13.803ms
[2025-02-03T08:40:42.071+0000][16196][info ][gc,cpu      ] GC(3) User=0.00s Sys=0.02s Real=0.02s
[2025-02-03T08:40:42.071+0000][16196][info ][safepoint   ] Safepoint "G1CollectForAllocation", Time since last: 1051205100 ns, Reaching safepoint: 7600 ns, At safepoint: 13886500 ns, Total: 13894100 ns
[2025-02-03T08:40:42.951+0000][16196][info ][gc,start    ] GC(4) Pause Young (Normal) (G1 Evacuation Pause)
[2025-02-03T08:40:42.951+0000][16196][info ][gc,task     ] GC(4) Using 10 workers of 10 for evacuation
[2025-02-03T08:40:42.951+0000][16196][debug][gc,age      ] GC(4) Desired survivor size 14680064 bytes, new threshold 15 (max threshold 15)
[2025-02-03T08:40:42.951+0000][16196][info ][gc,phases   ] GC(4)   Pre Evacuate Collection Set: 0.30ms
[2025-02-03T08:40:42.951+0000][16196][info ][gc,phases   ] GC(4)   Merge Heap Roots: 0.10ms
[2025-02-03T08:40:42.951+0000][16196][info ][gc,phases   ] GC(4)   Evacuate Collection Set: 3.21ms
[2025-02-03T08:40:42.951+0000][16196][info ][gc,phases   ] GC(4)   Post Evacuate Collection Set: 0.73ms
[2025-02-03T08:40:42.951+0000][16196][info ][gc,phases   ] GC(4)   Other: 0.13ms
[2025-02-03T08:40:42.951+0000][16196][trace][gc,age      ] GC(4) Age table:
[2025-02-03T08:40:42.951+0000][16196][trace][gc,age      ] GC(4) - age   1:    6135408 bytes,    6135408 total
[2025-02-03T08:40:42.951+0000][16196][trace][gc,age      ] GC(4) - age   2:    2192640 bytes,    8328048 total
[2025-02-03T08:40:42.951+0000][16196][trace][gc,age      ] GC(4) - age   3:     433936 bytes,    8761984 total
[2025-02-03T08:40:42.951+0000][16196][info ][gc,heap     ] GC(4) Eden regions: 48->0(47)
[2025-02-03T08:40:42.951+0000][16196][info ][gc,heap     ] GC(4) Survivor regions: 2->3(7)
[2025-02-03T08:40:42.951+0000][16196][info ][gc,heap     ] GC(4) Old regions: 4->4
[2025-02-03T08:40:42.951+0000][16196][info ][gc,heap     ] GC(4) Humongous regions: 0->0
[2025-02-03T08:40:42.951+0000][16196][info ][gc,metaspace] GC(4) Metaspace: 28882K(29760K)->28882K(29760K) NonClass: 25612K(26112K)->25612K(26112K) Class: 3269K(3648K)->3269K(3648K)
[2025-02-03T08:40:42.951+0000][16196][info ][gc          ] GC(4) Pause Young (Normal) (G1 Evacuation Pause) 210M->22M(4008M) 4.899ms
[2025-02-03T08:40:42.951+0000][16196][info ][gc,cpu      ] GC(4) User=0.00s Sys=0.00s Real=0.00s
[2025-02-03T08:40:42.951+0000][16196][info ][safepoint   ] Safepoint "G1CollectForAllocation", Time since last: 877238200 ns, Reaching safepoint: 8400 ns, At safepoint: 4986100 ns, Total: 4994500 ns
[2025-02-03T08:40:43.485+0000][16196][info ][gc,start    ] GC(5) Pause Young (Normal) (G1 Evacuation Pause)
[2025-02-03T08:40:43.485+0000][16196][info ][gc,task     ] GC(5) Using 10 workers of 10 for evacuation
[2025-02-03T08:40:43.485+0000][16196][debug][gc,age      ] GC(5) Desired survivor size 14680064 bytes, new threshold 15 (max threshold 15)
[2025-02-03T08:40:43.485+0000][16196][info ][gc,phases   ] GC(5)   Pre Evacuate Collection Set: 0.25ms
[2025-02-03T08:40:43.485+0000][16196][info ][gc,phases   ] GC(5)   Merge Heap Roots: 0.12ms
[2025-02-03T08:40:43.485+0000][16196][info ][gc,phases   ] GC(5)   Evacuate Collection Set: 2.48ms
[2025-02-03T08:40:43.485+0000][16196][info ][gc,phases   ] GC(5)   Post Evacuate Collection Set: 0.67ms
[2025-02-03T08:40:43.485+0000][16196][info ][gc,phases   ] GC(5)   Other: 0.11ms
[2025-02-03T08:40:43.485+0000][16196][trace][gc,age      ] GC(5) Age table:
[2025-02-03T08:40:43.485+0000][16196][trace][gc,age      ] GC(5) - age   1:    4466568 bytes,    4466568 total
[2025-02-03T08:40:43.485+0000][16196][trace][gc,age      ] GC(5) - age   2:    3575144 bytes,    8041712 total
[2025-02-03T08:40:43.485+0000][16196][trace][gc,age      ] GC(5) - age   3:    2192432 bytes,   10234144 total
[2025-02-03T08:40:43.485+0000][16196][trace][gc,age      ] GC(5) - age   4:     433936 bytes,   10668080 total
[2025-02-03T08:40:43.485+0000][16196][info ][gc,heap     ] GC(5) Eden regions: 47->0(71)
[2025-02-03T08:40:43.485+0000][16196][info ][gc,heap     ] GC(5) Survivor regions: 3->3(7)
[2025-02-03T08:40:43.485+0000][16196][info ][gc,heap     ] GC(5) Old regions: 4->4
[2025-02-03T08:40:43.485+0000][16196][info ][gc,heap     ] GC(5) Humongous regions: 0->0
[2025-02-03T08:40:43.485+0000][16196][info ][gc,metaspace] GC(5) Metaspace: 29666K(30656K)->29666K(30656K) NonClass: 26273K(26816K)->26273K(26816K) Class: 3392K(3840K)->3392K(3840K)
[2025-02-03T08:40:43.485+0000][16196][info ][gc          ] GC(5) Pause Young (Normal) (G1 Evacuation Pause) 210M->24M(4008M) 3.980ms
[2025-02-03T08:40:43.485+0000][16196][info ][gc,cpu      ] GC(5) User=0.00s Sys=0.00s Real=0.00s
[2025-02-03T08:40:43.485+0000][16196][info ][safepoint   ] Safepoint "G1CollectForAllocation", Time since last: 532179000 ns, Reaching safepoint: 7800 ns, At safepoint: 4056600 ns, Total: 4064400 ns
[2025-02-03T08:40:44.050+0000][16196][info ][gc,start    ] GC(6) Pause Young (Normal) (G1 Evacuation Pause)
[2025-02-03T08:40:44.050+0000][16196][info ][gc,task     ] GC(6) Using 10 workers of 10 for evacuation
[2025-02-03T08:40:44.050+0000][16196][debug][gc,age      ] GC(6) Desired survivor size 20971520 bytes, new threshold 15 (max threshold 15)
[2025-02-03T08:40:44.065+0000][16196][info ][gc,phases   ] GC(6)   Pre Evacuate Collection Set: 0.24ms
[2025-02-03T08:40:44.065+0000][16196][info ][gc,phases   ] GC(6)   Merge Heap Roots: 0.10ms
[2025-02-03T08:40:44.065+0000][16196][info ][gc,phases   ] GC(6)   Evacuate Collection Set: 2.84ms
[2025-02-03T08:40:44.065+0000][16196][info ][gc,phases   ] GC(6)   Post Evacuate Collection Set: 0.62ms
[2025-02-03T08:40:44.065+0000][16196][info ][gc,phases   ] GC(6)   Other: 0.10ms
[2025-02-03T08:40:44.065+0000][16196][trace][gc,age      ] GC(6) Age table:
[2025-02-03T08:40:44.065+0000][16196][trace][gc,age      ] GC(6) - age   1:    3450160 bytes,    3450160 total
[2025-02-03T08:40:44.065+0000][16196][trace][gc,age      ] GC(6) - age   2:    2280072 bytes,    5730232 total
[2025-02-03T08:40:44.065+0000][16196][trace][gc,age      ] GC(6) - age   3:    3574824 bytes,    9305056 total
[2025-02-03T08:40:44.065+0000][16196][trace][gc,age      ] GC(6) - age   4:    2191848 bytes,   11496904 total
[2025-02-03T08:40:44.065+0000][16196][trace][gc,age      ] GC(6) - age   5:     433936 bytes,   11930840 total
[2025-02-03T08:40:44.065+0000][16196][info ][gc,heap     ] GC(6) Eden regions: 71->0(65)
[2025-02-03T08:40:44.065+0000][16196][info ][gc,heap     ] GC(6) Survivor regions: 3->4(10)
[2025-02-03T08:40:44.065+0000][16196][info ][gc,heap     ] GC(6) Old regions: 4->4
[2025-02-03T08:40:44.065+0000][16196][info ][gc,heap     ] GC(6) Humongous regions: 0->0
[2025-02-03T08:40:44.065+0000][16196][info ][gc,metaspace] GC(6) Metaspace: 30322K(31296K)->30322K(31296K) NonClass: 26857K(27392K)->26857K(27392K) Class: 3465K(3904K)->3465K(3904K)
[2025-02-03T08:40:44.065+0000][16196][info ][gc          ] GC(6) Pause Young (Normal) (G1 Evacuation Pause) 308M->26M(4008M) 4.221ms
[2025-02-03T08:40:44.065+0000][16196][info ][gc,cpu      ] GC(6) User=0.00s Sys=0.00s Real=0.02s
[2025-02-03T08:40:44.065+0000][16196][info ][safepoint   ] Safepoint "G1CollectForAllocation", Time since last: 566700600 ns, Reaching safepoint: 5300 ns, At safepoint: 4277300 ns, Total: 4282600 ns
[2025-02-03T08:40:44.505+0000][16196][info ][gc,start    ] GC(7) Pause Young (Normal) (G1 Evacuation Pause)
[2025-02-03T08:40:44.505+0000][16196][info ][gc,task     ] GC(7) Using 10 workers of 10 for evacuation
[2025-02-03T08:40:44.505+0000][16196][debug][gc,age      ] GC(7) Desired survivor size 18874368 bytes, new threshold 15 (max threshold 15)
[2025-02-03T08:40:44.505+0000][16196][info ][gc,phases   ] GC(7)   Pre Evacuate Collection Set: 0.31ms
[2025-02-03T08:40:44.505+0000][16196][info ][gc,phases   ] GC(7)   Merge Heap Roots: 0.07ms
[2025-02-03T08:40:44.505+0000][16196][info ][gc,phases   ] GC(7)   Evacuate Collection Set: 3.34ms
[2025-02-03T08:40:44.505+0000][16196][info ][gc,phases   ] GC(7)   Post Evacuate Collection Set: 0.89ms
[2025-02-03T08:40:44.505+0000][16196][info ][gc,phases   ] GC(7)   Other: 0.11ms
[2025-02-03T08:40:44.505+0000][16196][trace][gc,age      ] GC(7) Age table:
[2025-02-03T08:40:44.505+0000][16196][trace][gc,age      ] GC(7) - age   1:    1058536 bytes,    1058536 total
[2025-02-03T08:40:44.505+0000][16196][trace][gc,age      ] GC(7) - age   2:    2678808 bytes,    3737344 total
[2025-02-03T08:40:44.505+0000][16196][trace][gc,age      ] GC(7) - age   3:    2277912 bytes,    6015256 total
[2025-02-03T08:40:44.505+0000][16196][trace][gc,age      ] GC(7) - age   4:    3573784 bytes,    9589040 total
[2025-02-03T08:40:44.505+0000][16196][trace][gc,age      ] GC(7) - age   5:    2191848 bytes,   11780888 total
[2025-02-03T08:40:44.505+0000][16196][trace][gc,age      ] GC(7) - age   6:     433936 bytes,   12214824 total
[2025-02-03T08:40:44.505+0000][16196][info ][gc,heap     ] GC(7) Eden regions: 65->0(94)
[2025-02-03T08:40:44.505+0000][16196][info ][gc,heap     ] GC(7) Survivor regions: 4->4(9)
[2025-02-03T08:40:44.505+0000][16196][info ][gc,heap     ] GC(7) Old regions: 4->4
[2025-02-03T08:40:44.505+0000][16196][info ][gc,heap     ] GC(7) Humongous regions: 0->0
[2025-02-03T08:40:44.505+0000][16196][info ][gc,metaspace] GC(7) Metaspace: 30606K(31616K)->30606K(31616K) NonClass: 27093K(27648K)->27093K(27648K) Class: 3513K(3968K)->3513K(3968K)
[2025-02-03T08:40:44.505+0000][16196][info ][gc          ] GC(7) Pause Young (Normal) (G1 Evacuation Pause) 286M->27M(4008M) 5.096ms
[2025-02-03T08:40:44.505+0000][16196][info ][gc,cpu      ] GC(7) User=0.00s Sys=0.00s Real=0.00s
[2025-02-03T08:40:44.505+0000][16196][info ][safepoint   ] Safepoint "G1CollectForAllocation", Time since last: 447062000 ns, Reaching safepoint: 5400 ns, At safepoint: 5175900 ns, Total: 5181300 ns
[2025-02-03T08:40:45.276+0000][16196][info ][gc,start    ] GC(8) Pause Young (Concurrent Start) (Metadata GC Threshold)
[2025-02-03T08:40:45.276+0000][16196][info ][gc,task     ] GC(8) Using 10 workers of 10 for evacuation
[2025-02-03T08:40:45.276+0000][16196][debug][gc,age      ] GC(8) Desired survivor size 27262976 bytes, new threshold 15 (max threshold 15)
[2025-02-03T08:40:45.276+0000][16196][info ][gc,phases   ] GC(8)   Pre Evacuate Collection Set: 0.29ms
[2025-02-03T08:40:45.276+0000][16196][info ][gc,phases   ] GC(8)   Merge Heap Roots: 0.10ms
[2025-02-03T08:40:45.276+0000][16196][info ][gc,phases   ] GC(8)   Evacuate Collection Set: 3.71ms
[2025-02-03T08:40:45.276+0000][16196][info ][gc,phases   ] GC(8)   Post Evacuate Collection Set: 0.85ms
[2025-02-03T08:40:45.276+0000][16196][info ][gc,phases   ] GC(8)   Other: 0.28ms
[2025-02-03T08:40:45.276+0000][16196][trace][gc,age      ] GC(8) Age table:
[2025-02-03T08:40:45.276+0000][16196][trace][gc,age      ] GC(8) - age   1:    3370136 bytes,    3370136 total
[2025-02-03T08:40:45.276+0000][16196][trace][gc,age      ] GC(8) - age   2:    1049896 bytes,    4420032 total
[2025-02-03T08:40:45.276+0000][16196][trace][gc,age      ] GC(8) - age   3:    2678776 bytes,    7098808 total
[2025-02-03T08:40:45.276+0000][16196][trace][gc,age      ] GC(8) - age   4:    2277496 bytes,    9376304 total
[2025-02-03T08:40:45.276+0000][16196][trace][gc,age      ] GC(8) - age   5:    3570968 bytes,   12947272 total
[2025-02-03T08:40:45.276+0000][16196][trace][gc,age      ] GC(8) - age   6:    2190680 bytes,   15137952 total
[2025-02-03T08:40:45.276+0000][16196][trace][gc,age      ] GC(8) - age   7:     433936 bytes,   15571888 total
[2025-02-03T08:40:45.276+0000][16196][info ][gc,heap     ] GC(8) Eden regions: 28->0(127)
[2025-02-03T08:40:45.276+0000][16196][info ][gc,heap     ] GC(8) Survivor regions: 4->5(13)
[2025-02-03T08:40:45.276+0000][16196][info ][gc,heap     ] GC(8) Old regions: 4->4
[2025-02-03T08:40:45.276+0000][16196][info ][gc,heap     ] GC(8) Humongous regions: 0->0
[2025-02-03T08:40:45.276+0000][16196][info ][gc,metaspace] GC(8) Metaspace: 34964K(35968K)->34964K(35968K) NonClass: 31000K(31552K)->31000K(31552K) Class: 3963K(4416K)->3963K(4416K)
[2025-02-03T08:40:45.276+0000][16196][info ][gc          ] GC(8) Pause Young (Concurrent Start) (Metadata GC Threshold) 137M->30M(4008M) 5.669ms
[2025-02-03T08:40:45.276+0000][16196][info ][gc,cpu      ] GC(8) User=0.00s Sys=0.00s Real=0.00s
[2025-02-03T08:40:45.276+0000][16196][info ][gc          ] GC(9) Concurrent Mark Cycle
[2025-02-03T08:40:45.276+0000][16196][info ][gc,marking  ] GC(9) Concurrent Scan Root Regions
[2025-02-03T08:40:45.276+0000][16196][info ][safepoint   ] Safepoint "CollectForMetadataAllocation", Time since last: 758690700 ns, Reaching safepoint: 7200 ns, At safepoint: 5830400 ns, Total: 5837600 ns
[2025-02-03T08:40:45.276+0000][16196][info ][gc,marking  ] GC(9) Concurrent Scan Root Regions 3.611ms
[2025-02-03T08:40:45.276+0000][16196][info ][gc,marking  ] GC(9) Concurrent Mark
[2025-02-03T08:40:45.276+0000][16196][info ][gc,marking  ] GC(9) Concurrent Mark From Roots
[2025-02-03T08:40:45.276+0000][16196][info ][gc,task     ] GC(9) Using 3 workers of 3 for marking
[2025-02-03T08:40:45.289+0000][16196][info ][gc,marking  ] GC(9) Concurrent Mark From Roots 8.422ms
[2025-02-03T08:40:45.289+0000][16196][info ][gc,marking  ] GC(9) Concurrent Preclean
[2025-02-03T08:40:45.289+0000][16196][info ][gc,marking  ] GC(9) Concurrent Preclean 0.082ms
[2025-02-03T08:40:45.289+0000][16196][info ][gc,start    ] GC(9) Pause Remark
[2025-02-03T08:40:45.289+0000][16196][info ][gc          ] GC(9) Pause Remark 32M->32M(4008M) 4.689ms
[2025-02-03T08:40:45.289+0000][16196][info ][gc,cpu      ] GC(9) User=0.00s Sys=0.00s Real=0.00s
[2025-02-03T08:40:45.289+0000][16196][info ][safepoint   ] Safepoint "G1PauseRemark", Time since last: 12291800 ns, Reaching safepoint: 15900 ns, At safepoint: 4804600 ns, Total: 4820500 ns
[2025-02-03T08:40:45.289+0000][16196][info ][gc,marking  ] GC(9) Concurrent Mark 13.499ms
[2025-02-03T08:40:45.289+0000][16196][info ][gc,marking  ] GC(9) Concurrent Rebuild Remembered Sets and Scrub Regions
[2025-02-03T08:40:45.289+0000][16196][info ][gc,marking  ] GC(9) Concurrent Rebuild Remembered Sets and Scrub Regions 3.006ms
[2025-02-03T08:40:45.289+0000][16196][info ][gc,start    ] GC(9) Pause Cleanup
[2025-02-03T08:40:45.289+0000][16196][info ][gc          ] GC(9) Pause Cleanup 32M->32M(4008M) 0.081ms
[2025-02-03T08:40:45.289+0000][16196][info ][gc,cpu      ] GC(9) User=0.00s Sys=0.00s Real=0.00s
[2025-02-03T08:40:45.289+0000][16196][info ][safepoint   ] Safepoint "G1PauseCleanup", Time since last: 3255800 ns, Reaching safepoint: 263000 ns, At safepoint: 155000 ns, Total: 418000 ns
[2025-02-03T08:40:45.289+0000][16196][info ][gc,marking  ] GC(9) Concurrent Clear Claimed Marks
[2025-02-03T08:40:45.289+0000][16196][info ][gc,marking  ] GC(9) Concurrent Clear Claimed Marks 0.085ms
[2025-02-03T08:40:45.289+0000][16196][info ][gc,marking  ] GC(9) Concurrent Cleanup for Next Mark
[2025-02-03T08:40:45.305+0000][16196][info ][gc,marking  ] GC(9) Concurrent Cleanup for Next Mark 4.515ms
[2025-02-03T08:40:45.305+0000][16196][info ][gc          ] GC(9) Concurrent Mark Cycle 25.617ms
[2025-02-03T08:40:46.718+0000][16196][info ][gc,start    ] GC(10) Pause Young (Normal) (G1 Evacuation Pause)
[2025-02-03T08:40:46.718+0000][16196][info ][gc,task     ] GC(10) Using 10 workers of 10 for evacuation
[2025-02-03T08:40:46.718+0000][16196][debug][gc,age      ] GC(10) Desired survivor size 35651584 bytes, new threshold 15 (max threshold 15)
[2025-02-03T08:40:46.734+0000][16196][info ][gc,phases   ] GC(10)   Pre Evacuate Collection Set: 0.49ms
[2025-02-03T08:40:46.734+0000][16196][info ][gc,phases   ] GC(10)   Merge Heap Roots: 0.14ms
[2025-02-03T08:40:46.734+0000][16196][info ][gc,phases   ] GC(10)   Evacuate Collection Set: 5.08ms
[2025-02-03T08:40:46.734+0000][16196][info ][gc,phases   ] GC(10)   Post Evacuate Collection Set: 1.16ms
[2025-02-03T08:40:46.734+0000][16196][info ][gc,phases   ] GC(10)   Other: 0.16ms
[2025-02-03T08:40:46.734+0000][16196][trace][gc,age      ] GC(10) Age table:
[2025-02-03T08:40:46.734+0000][16196][trace][gc,age      ] GC(10) - age   1:    6912816 bytes,    6912816 total
[2025-02-03T08:40:46.734+0000][16196][trace][gc,age      ] GC(10) - age   2:    3353016 bytes,   10265832 total
[2025-02-03T08:40:46.734+0000][16196][trace][gc,age      ] GC(10) - age   3:    1049800 bytes,   11315632 total
[2025-02-03T08:40:46.734+0000][16196][trace][gc,age      ] GC(10) - age   4:    2676784 bytes,   13992416 total
[2025-02-03T08:40:46.734+0000][16196][trace][gc,age      ] GC(10) - age   5:    2275656 bytes,   16268072 total
[2025-02-03T08:40:46.734+0000][16196][trace][gc,age      ] GC(10) - age   6:    3568016 bytes,   19836088 total
[2025-02-03T08:40:46.734+0000][16196][trace][gc,age      ] GC(10) - age   7:    2189640 bytes,   22025728 total
[2025-02-03T08:40:46.734+0000][16196][trace][gc,age      ] GC(10) - age   8:     427936 bytes,   22453664 total
[2025-02-03T08:40:46.734+0000][16196][info ][gc,heap     ] GC(10) Eden regions: 127->0(111)
[2025-02-03T08:40:46.734+0000][16196][info ][gc,heap     ] GC(10) Survivor regions: 5->6(17)
[2025-02-03T08:40:46.734+0000][16196][info ][gc,heap     ] GC(10) Old regions: 4->4
[2025-02-03T08:40:46.734+0000][16196][info ][gc,heap     ] GC(10) Humongous regions: 0->0
[2025-02-03T08:40:46.734+0000][16196][info ][gc,metaspace] GC(10) Metaspace: 38391K(39552K)->38391K(39552K) NonClass: 33942K(34624K)->33942K(34624K) Class: 4448K(4928K)->4448K(4928K)
[2025-02-03T08:40:46.734+0000][16196][info ][gc          ] GC(10) Pause Young (Normal) (G1 Evacuation Pause) 538M->38M(4008M) 7.498ms
[2025-02-03T08:40:46.734+0000][16196][info ][gc,cpu      ] GC(10) User=0.02s Sys=0.00s Real=0.02s
[2025-02-03T08:40:46.734+0000][16196][info ][safepoint   ] Safepoint "G1CollectForAllocation", Time since last: 1428924800 ns, Reaching safepoint: 8300 ns, At safepoint: 7581200 ns, Total: 7589500 ns
[2025-02-03T08:40:47.706+0000][16196][info ][gc,start    ] GC(11) Pause Young (Normal) (G1 Evacuation Pause)
[2025-02-03T08:40:47.706+0000][16196][info ][gc,task     ] GC(11) Using 10 workers of 10 for evacuation
[2025-02-03T08:40:47.706+0000][16196][debug][gc,age      ] GC(11) Desired survivor size 31457280 bytes, new threshold 15 (max threshold 15)
[2025-02-03T08:40:47.722+0000][16196][info ][gc,phases   ] GC(11)   Pre Evacuate Collection Set: 0.22ms
[2025-02-03T08:40:47.722+0000][16196][info ][gc,phases   ] GC(11)   Merge Heap Roots: 0.08ms
[2025-02-03T08:40:47.722+0000][16196][info ][gc,phases   ] GC(11)   Evacuate Collection Set: 10.56ms
[2025-02-03T08:40:47.722+0000][16196][info ][gc,phases   ] GC(11)   Post Evacuate Collection Set: 0.86ms
[2025-02-03T08:40:47.722+0000][16196][info ][gc,phases   ] GC(11)   Other: 0.13ms
[2025-02-03T08:40:47.722+0000][16196][trace][gc,age      ] GC(11) Age table:
[2025-02-03T08:40:47.722+0000][16196][trace][gc,age      ] GC(11) - age   1:    4839544 bytes,    4839544 total
[2025-02-03T08:40:47.722+0000][16196][trace][gc,age      ] GC(11) - age   2:    6344320 bytes,   11183864 total
[2025-02-03T08:40:47.722+0000][16196][trace][gc,age      ] GC(11) - age   3:    3352952 bytes,   14536816 total
[2025-02-03T08:40:47.722+0000][16196][trace][gc,age      ] GC(11) - age   4:    1047672 bytes,   15584488 total
[2025-02-03T08:40:47.722+0000][16196][trace][gc,age      ] GC(11) - age   5:    2676352 bytes,   18260840 total
[2025-02-03T08:40:47.722+0000][16196][trace][gc,age      ] GC(11) - age   6:    2275528 bytes,   20536368 total
[2025-02-03T08:40:47.722+0000][16196][trace][gc,age      ] GC(11) - age   7:    3566192 bytes,   24102560 total
[2025-02-03T08:40:47.722+0000][16196][trace][gc,age      ] GC(11) - age   8:    2188488 bytes,   26291048 total
[2025-02-03T08:40:47.722+0000][16196][trace][gc,age      ] GC(11) - age   9:     409328 bytes,   26700376 total
[2025-02-03T08:40:47.722+0000][16196][info ][gc,heap     ] GC(11) Eden regions: 111->0(163)
[2025-02-03T08:40:47.722+0000][16196][info ][gc,heap     ] GC(11) Survivor regions: 6->7(15)
[2025-02-03T08:40:47.722+0000][16196][info ][gc,heap     ] GC(11) Old regions: 4->4
[2025-02-03T08:40:47.722+0000][16196][info ][gc,heap     ] GC(11) Humongous regions: 0->0
[2025-02-03T08:40:47.722+0000][16196][info ][gc,metaspace] GC(11) Metaspace: 39126K(40256K)->39126K(40256K) NonClass: 34580K(35264K)->34580K(35264K) Class: 4545K(4992K)->4545K(4992K)
[2025-02-03T08:40:47.722+0000][16196][info ][gc          ] GC(11) Pause Young (Normal) (G1 Evacuation Pause) 482M->41M(4008M) 12.127ms
[2025-02-03T08:40:47.722+0000][16196][info ][gc,cpu      ] GC(11) User=0.00s Sys=0.00s Real=0.02s
[2025-02-03T08:40:47.722+0000][16196][info ][safepoint   ] Safepoint "G1CollectForAllocation", Time since last: 975590000 ns, Reaching safepoint: 4100 ns, At safepoint: 12179400 ns, Total: 12183500 ns
[2025-02-03T08:40:51.755+0000][16196][info ][gc,start    ] GC(12) Pause Young (Concurrent Start) (Metadata GC Threshold)
[2025-02-03T08:40:51.755+0000][16196][info ][gc,task     ] GC(12) Using 10 workers of 10 for evacuation
[2025-02-03T08:40:51.755+0000][16196][debug][gc,age      ] GC(12) Desired survivor size 46137344 bytes, new threshold 15 (max threshold 15)
[2025-02-03T08:40:51.771+0000][16196][info ][gc,phases   ] GC(12)   Pre Evacuate Collection Set: 1.64ms
[2025-02-03T08:40:51.771+0000][16196][info ][gc,phases   ] GC(12)   Merge Heap Roots: 0.13ms
[2025-02-03T08:40:51.771+0000][16196][info ][gc,phases   ] GC(12)   Evacuate Collection Set: 15.25ms
[2025-02-03T08:40:51.771+0000][16196][info ][gc,phases   ] GC(12)   Post Evacuate Collection Set: 1.46ms
[2025-02-03T08:40:51.771+0000][16196][info ][gc,phases   ] GC(12)   Other: 0.20ms
[2025-02-03T08:40:51.771+0000][16196][trace][gc,age      ] GC(12) Age table:
[2025-02-03T08:40:51.771+0000][16196][trace][gc,age      ] GC(12) - age   1:    9319856 bytes,    9319856 total
[2025-02-03T08:40:51.771+0000][16196][trace][gc,age      ] GC(12) - age   2:    4806656 bytes,   14126512 total
[2025-02-03T08:40:51.771+0000][16196][trace][gc,age      ] GC(12) - age   3:    6293176 bytes,   20419688 total
[2025-02-03T08:40:51.771+0000][16196][trace][gc,age      ] GC(12) - age   4:    3338920 bytes,   23758608 total
[2025-02-03T08:40:51.771+0000][16196][trace][gc,age      ] GC(12) - age   5:    1039464 bytes,   24798072 total
[2025-02-03T08:40:51.771+0000][16196][trace][gc,age      ] GC(12) - age   6:    2665032 bytes,   27463104 total
[2025-02-03T08:40:51.771+0000][16196][trace][gc,age      ] GC(12) - age   7:    2267920 bytes,   29731024 total
[2025-02-03T08:40:51.771+0000][16196][trace][gc,age      ] GC(12) - age   8:    3552576 bytes,   33283600 total
[2025-02-03T08:40:51.771+0000][16196][trace][gc,age      ] GC(12) - age   9:    1990720 bytes,   35274320 total
[2025-02-03T08:40:51.771+0000][16196][trace][gc,age      ] GC(12) - age  10:     408736 bytes,   35683056 total
[2025-02-03T08:40:51.771+0000][16196][info ][gc,heap     ] GC(12) Eden regions: 158->0(163)
[2025-02-03T08:40:51.771+0000][16196][info ][gc,heap     ] GC(12) Survivor regions: 7->10(22)
[2025-02-03T08:40:51.771+0000][16196][info ][gc,heap     ] GC(12) Old regions: 4->4
[2025-02-03T08:40:51.771+0000][16196][info ][gc,heap     ] GC(12) Humongous regions: 0->0
[2025-02-03T08:40:51.771+0000][16196][info ][gc,metaspace] GC(12) Metaspace: 58603K(60160K)->58603K(60160K) NonClass: 51370K(52352K)->51370K(52352K) Class: 7232K(7808K)->7232K(7808K)
[2025-02-03T08:40:51.771+0000][16196][info ][gc          ] GC(12) Pause Young (Concurrent Start) (Metadata GC Threshold) 673M->50M(4008M) 19.164ms
[2025-02-03T08:40:51.771+0000][16196][info ][gc          ] GC(13) Concurrent Mark Cycle
[2025-02-03T08:40:51.771+0000][16196][info ][gc,cpu      ] GC(12) User=0.03s Sys=0.00s Real=0.02s
[2025-02-03T08:40:51.771+0000][16196][info ][gc,marking  ] GC(13) Concurrent Scan Root Regions
[2025-02-03T08:40:51.771+0000][16196][info ][safepoint   ] Safepoint "CollectForMetadataAllocation", Time since last: 4034647500 ns, Reaching safepoint: 15500 ns, At safepoint: 19407200 ns, Total: 19422700 ns
[2025-02-03T08:40:51.787+0000][16196][info ][gc,marking  ] GC(13) Concurrent Scan Root Regions 5.554ms
[2025-02-03T08:40:51.788+0000][16196][info ][gc,marking  ] GC(13) Concurrent Mark
[2025-02-03T08:40:51.788+0000][16196][info ][gc,marking  ] GC(13) Concurrent Mark From Roots
[2025-02-03T08:40:51.788+0000][16196][info ][gc,task     ] GC(13) Using 3 workers of 3 for marking
[2025-02-03T08:40:51.790+0000][16196][info ][gc,marking  ] GC(13) Concurrent Mark From Roots 8.025ms
[2025-02-03T08:40:51.790+0000][16196][info ][gc,marking  ] GC(13) Concurrent Preclean
[2025-02-03T08:40:51.790+0000][16196][info ][gc,marking  ] GC(13) Concurrent Preclean 0.108ms
[2025-02-03T08:40:51.790+0000][16196][info ][gc,start    ] GC(13) Pause Remark
[2025-02-03T08:40:51.790+0000][16196][info ][gc          ] GC(13) Pause Remark 54M->54M(4008M) 4.582ms
[2025-02-03T08:40:51.790+0000][16196][info ][gc,cpu      ] GC(13) User=0.00s Sys=0.00s Real=0.00s
[2025-02-03T08:40:51.790+0000][16196][info ][safepoint   ] Safepoint "G1PauseRemark", Time since last: 13784300 ns, Reaching safepoint: 99400 ns, At safepoint: 4715700 ns, Total: 4815100 ns
[2025-02-03T08:40:51.790+0000][16196][info ][gc,marking  ] GC(13) Concurrent Mark 13.130ms
[2025-02-03T08:40:51.790+0000][16196][info ][gc,marking  ] GC(13) Concurrent Rebuild Remembered Sets and Scrub Regions
[2025-02-03T08:40:51.803+0000][16196][info ][gc,marking  ] GC(13) Concurrent Rebuild Remembered Sets and Scrub Regions 2.894ms
[2025-02-03T08:40:51.803+0000][16196][info ][gc,start    ] GC(13) Pause Cleanup
[2025-02-03T08:40:51.803+0000][16196][info ][gc          ] GC(13) Pause Cleanup 54M->54M(4008M) 0.076ms
[2025-02-03T08:40:51.803+0000][16196][info ][gc,cpu      ] GC(13) User=0.00s Sys=0.00s Real=0.00s
[2025-02-03T08:40:51.803+0000][16196][info ][safepoint   ] Safepoint "G1PauseCleanup", Time since last: 3090500 ns, Reaching safepoint: 119900 ns, At safepoint: 143400 ns, Total: 263300 ns
[2025-02-03T08:40:51.803+0000][16196][info ][gc,marking  ] GC(13) Concurrent Clear Claimed Marks
[2025-02-03T08:40:51.803+0000][16196][info ][gc,marking  ] GC(13) Concurrent Clear Claimed Marks 0.138ms
[2025-02-03T08:40:51.803+0000][16196][info ][gc,marking  ] GC(13) Concurrent Cleanup for Next Mark
[2025-02-03T08:40:51.803+0000][16196][info ][gc,marking  ] GC(13) Concurrent Cleanup for Next Mark 4.387ms
[2025-02-03T08:40:51.803+0000][16196][info ][gc          ] GC(13) Concurrent Mark Cycle 26.852ms
[2025-02-03T08:40:57.153+0000][16196][info ][gc,start    ] GC(14) Pause Young (Normal) (G1 Evacuation Pause)
[2025-02-03T08:40:57.153+0000][16196][info ][gc,task     ] GC(14) Using 10 workers of 10 for evacuation
[2025-02-03T08:40:57.153+0000][16196][debug][gc,age      ] GC(14) Desired survivor size 46137344 bytes, new threshold 15 (max threshold 15)
[2025-02-03T08:40:57.184+0000][16196][info ][gc,phases   ] GC(14)   Pre Evacuate Collection Set: 0.39ms
[2025-02-03T08:40:57.184+0000][16196][info ][gc,phases   ] GC(14)   Merge Heap Roots: 0.15ms
[2025-02-03T08:40:57.184+0000][16196][info ][gc,phases   ] GC(14)   Evacuate Collection Set: 27.69ms
[2025-02-03T08:40:57.184+0000][16196][info ][gc,phases   ] GC(14)   Post Evacuate Collection Set: 2.65ms
[2025-02-03T08:40:57.184+0000][16196][info ][gc,phases   ] GC(14)   Other: 0.19ms
[2025-02-03T08:40:57.184+0000][16196][trace][gc,age      ] GC(14) Age table:
[2025-02-03T08:40:57.184+0000][16196][trace][gc,age      ] GC(14) - age   1:   11809920 bytes,   11809920 total
[2025-02-03T08:40:57.184+0000][16196][trace][gc,age      ] GC(14) - age   2:    8834168 bytes,   20644088 total
[2025-02-03T08:40:57.184+0000][16196][trace][gc,age      ] GC(14) - age   3:    4765872 bytes,   25409960 total
[2025-02-03T08:40:57.184+0000][16196][trace][gc,age      ] GC(14) - age   4:    6282264 bytes,   31692224 total
[2025-02-03T08:40:57.184+0000][16196][trace][gc,age      ] GC(14) - age   5:    3336024 bytes,   35028248 total
[2025-02-03T08:40:57.184+0000][16196][trace][gc,age      ] GC(14) - age   6:    1030840 bytes,   36059088 total
[2025-02-03T08:40:57.184+0000][16196][trace][gc,age      ] GC(14) - age   7:    2660128 bytes,   38719216 total
[2025-02-03T08:40:57.184+0000][16196][trace][gc,age      ] GC(14) - age   8:    2260352 bytes,   40979568 total
[2025-02-03T08:40:57.184+0000][16196][trace][gc,age      ] GC(14) - age   9:    3530528 bytes,   44510096 total
[2025-02-03T08:40:57.184+0000][16196][trace][gc,age      ] GC(14) - age  10:    1985368 bytes,   46495464 total
[2025-02-03T08:40:57.184+0000][16196][trace][gc,age      ] GC(14) - age  11:     403376 bytes,   46898840 total
[2025-02-03T08:40:57.184+0000][16196][info ][gc,heap     ] GC(14) Eden regions: 163->0(184)
[2025-02-03T08:40:57.184+0000][16196][info ][gc,heap     ] GC(14) Survivor regions: 10->13(22)
[2025-02-03T08:40:57.184+0000][16196][info ][gc,heap     ] GC(14) Old regions: 4->4
[2025-02-03T08:40:57.184+0000][16196][info ][gc,heap     ] GC(14) Humongous regions: 0->0
[2025-02-03T08:40:57.184+0000][16196][info ][gc,metaspace] GC(14) Metaspace: 77727K(79680K)->77727K(79680K) NonClass: 67254K(68416K)->67254K(68416K) Class: 10473K(11264K)->10473K(11264K)
[2025-02-03T08:40:57.184+0000][16196][info ][gc          ] GC(14) Pause Young (Normal) (G1 Evacuation Pause) 702M->63M(4008M) 31.668ms
[2025-02-03T08:40:57.184+0000][16196][info ][gc,cpu      ] GC(14) User=0.20s Sys=0.03s Real=0.03s
[2025-02-03T08:40:57.184+0000][16196][info ][safepoint   ] Safepoint "G1CollectForAllocation", Time since last: 5357347200 ns, Reaching safepoint: 12700 ns, At safepoint: 31790800 ns, Total: 31803500 ns
[2025-02-03T08:41:01.741+0000][16196][info ][gc,start    ] GC(15) Pause Young (Concurrent Start) (Metadata GC Threshold)
[2025-02-03T08:41:01.741+0000][16196][info ][gc,task     ] GC(15) Using 10 workers of 10 for evacuation
[2025-02-03T08:41:01.741+0000][16196][debug][gc,age      ] GC(15) Desired survivor size 52428800 bytes, new threshold 15 (max threshold 15)
[2025-02-03T08:41:01.772+0000][16196][info ][gc,phases   ] GC(15)   Pre Evacuate Collection Set: 1.13ms
[2025-02-03T08:41:01.772+0000][16196][info ][gc,phases   ] GC(15)   Merge Heap Roots: 0.11ms
[2025-02-03T08:41:01.772+0000][16196][info ][gc,phases   ] GC(15)   Evacuate Collection Set: 19.03ms
[2025-02-03T08:41:01.772+0000][16196][info ][gc,phases   ] GC(15)   Post Evacuate Collection Set: 3.27ms
[2025-02-03T08:41:01.772+0000][16196][info ][gc,phases   ] GC(15)   Other: 0.17ms
[2025-02-03T08:41:01.772+0000][16196][trace][gc,age      ] GC(15) Age table:
[2025-02-03T08:41:01.772+0000][16196][trace][gc,age      ] GC(15) - age   1:    9895432 bytes,    9895432 total
[2025-02-03T08:41:01.772+0000][16196][trace][gc,age      ] GC(15) - age   2:   11284032 bytes,   21179464 total
[2025-02-03T08:41:01.772+0000][16196][trace][gc,age      ] GC(15) - age   3:    8691688 bytes,   29871152 total
[2025-02-03T08:41:01.772+0000][16196][trace][gc,age      ] GC(15) - age   4:    4760072 bytes,   34631224 total
[2025-02-03T08:41:01.772+0000][16196][trace][gc,age      ] GC(15) - age   5:    6261264 bytes,   40892488 total
[2025-02-03T08:41:01.772+0000][16196][trace][gc,age      ] GC(15) - age   6:    3325760 bytes,   44218248 total
[2025-02-03T08:41:01.772+0000][16196][trace][gc,age      ] GC(15) - age   7:    1028888 bytes,   45247136 total
[2025-02-03T08:41:01.772+0000][16196][trace][gc,age      ] GC(15) - age   8:    2656440 bytes,   47903576 total
[2025-02-03T08:41:01.772+0000][16196][trace][gc,age      ] GC(15) - age   9:    2258792 bytes,   50162368 total
[2025-02-03T08:41:01.772+0000][16196][trace][gc,age      ] GC(15) - age  10:    3522520 bytes,   53684888 total
[2025-02-03T08:41:01.772+0000][16196][trace][gc,age      ] GC(15) - age  11:    1982168 bytes,   55667056 total
[2025-02-03T08:41:01.772+0000][16196][trace][gc,age      ] GC(15) - age  12:     395224 bytes,   56062280 total
[2025-02-03T08:41:01.772+0000][16196][info ][gc,heap     ] GC(15) Eden regions: 93->0(234)
[2025-02-03T08:41:01.772+0000][16196][info ][gc,heap     ] GC(15) Survivor regions: 13->15(25)
[2025-02-03T08:41:01.772+0000][16196][info ][gc,heap     ] GC(15) Old regions: 4->4
[2025-02-03T08:41:01.772+0000][16196][info ][gc,heap     ] GC(15) Humongous regions: 0->0
[2025-02-03T08:41:01.772+0000][16196][info ][gc,metaspace] GC(15) Metaspace: 98474K(100480K)->98474K(100480K) NonClass: 85043K(86208K)->85043K(86208K) Class: 13430K(14272K)->13430K(14272K)
[2025-02-03T08:41:01.772+0000][16196][info ][gc          ] GC(15) Pause Young (Concurrent Start) (Metadata GC Threshold) 433M->72M(4008M) 24.264ms
[2025-02-03T08:41:01.772+0000][16196][info ][gc,cpu      ] GC(15) User=0.06s Sys=0.00s Real=0.03s
[2025-02-03T08:41:01.772+0000][16196][info ][gc          ] GC(16) Concurrent Mark Cycle
[2025-02-03T08:41:01.772+0000][16196][info ][gc,marking  ] GC(16) Concurrent Scan Root Regions
[2025-02-03T08:41:01.772+0000][16196][info ][safepoint   ] Safepoint "CollectForMetadataAllocation", Time since last: 4559068700 ns, Reaching safepoint: 11000 ns, At safepoint: 24463800 ns, Total: 24474800 ns
[2025-02-03T08:41:01.788+0000][16196][info ][gc,marking  ] GC(16) Concurrent Scan Root Regions 11.580ms
[2025-02-03T08:41:01.788+0000][16196][info ][gc,marking  ] GC(16) Concurrent Mark
[2025-02-03T08:41:01.788+0000][16196][info ][gc,marking  ] GC(16) Concurrent Mark From Roots
[2025-02-03T08:41:01.788+0000][16196][info ][gc,task     ] GC(16) Using 3 workers of 3 for marking
[2025-02-03T08:41:01.788+0000][16196][info ][gc,marking  ] GC(16) Concurrent Mark From Roots 7.996ms
[2025-02-03T08:41:01.788+0000][16196][info ][gc,marking  ] GC(16) Concurrent Preclean
[2025-02-03T08:41:01.788+0000][16196][info ][gc,marking  ] GC(16) Concurrent Preclean 0.098ms
[2025-02-03T08:41:01.788+0000][16196][info ][gc,start    ] GC(16) Pause Remark
[2025-02-03T08:41:01.788+0000][16196][info ][gc          ] GC(16) Pause Remark 76M->76M(4008M) 6.360ms
[2025-02-03T08:41:01.788+0000][16196][info ][gc,cpu      ] GC(16) User=0.00s Sys=0.00s Real=0.00s
[2025-02-03T08:41:01.788+0000][16196][info ][safepoint   ] Safepoint "G1PauseRemark", Time since last: 19881100 ns, Reaching safepoint: 9900 ns, At safepoint: 6495600 ns, Total: 6505500 ns
[2025-02-03T08:41:01.788+0000][16196][info ][gc,marking  ] GC(16) Concurrent Mark 14.829ms
[2025-02-03T08:41:01.803+0000][16196][info ][gc,marking  ] GC(16) Concurrent Rebuild Remembered Sets and Scrub Regions
[2025-02-03T08:41:01.806+0000][16196][info ][gc,marking  ] GC(16) Concurrent Rebuild Remembered Sets and Scrub Regions 4.003ms
[2025-02-03T08:41:01.806+0000][16196][info ][gc,start    ] GC(16) Pause Cleanup
[2025-02-03T08:41:01.806+0000][16196][info ][gc          ] GC(16) Pause Cleanup 76M->76M(4008M) 0.089ms
[2025-02-03T08:41:01.806+0000][16196][info ][gc,cpu      ] GC(16) User=0.00s Sys=0.00s Real=0.00s
[2025-02-03T08:41:01.806+0000][16196][info ][safepoint   ] Safepoint "G1PauseCleanup", Time since last: 4279000 ns, Reaching safepoint: 10100 ns, At safepoint: 175600 ns, Total: 185700 ns
[2025-02-03T08:41:01.806+0000][16196][info ][gc,marking  ] GC(16) Concurrent Clear Claimed Marks
[2025-02-03T08:41:01.806+0000][16196][info ][gc,marking  ] GC(16) Concurrent Clear Claimed Marks 0.166ms
[2025-02-03T08:41:01.806+0000][16196][info ][gc,marking  ] GC(16) Concurrent Cleanup for Next Mark
[2025-02-03T08:41:01.806+0000][16196][info ][gc,marking  ] GC(16) Concurrent Cleanup for Next Mark 8.985ms
[2025-02-03T08:41:01.806+0000][16196][info ][gc          ] GC(16) Concurrent Mark Cycle 40.311ms
[2025-02-03T08:47:01.206+0000][16196][info ][gc,start    ] GC(17) Pause Young (Normal) (G1 Evacuation Pause)
[2025-02-03T08:47:01.221+0000][16196][info ][gc,task     ] GC(17) Using 10 workers of 10 for evacuation
[2025-02-03T08:47:01.221+0000][16196][debug][gc,age      ] GC(17) Desired survivor size 67108864 bytes, new threshold 15 (max threshold 15)
[2025-02-03T08:47:01.851+0000][16196][info ][gc,mmu      ] GC(17) MMU target violated: 201.0ms (200.0ms/201.0ms)
[2025-02-03T08:47:01.852+0000][16196][info ][gc,phases   ] GC(17)   Pre Evacuate Collection Set: 15.83ms
[2025-02-03T08:47:01.852+0000][16196][info ][gc,phases   ] GC(17)   Merge Heap Roots: 2.40ms
[2025-02-03T08:47:01.852+0000][16196][info ][gc,phases   ] GC(17)   Evacuate Collection Set: 588.94ms
[2025-02-03T08:47:01.852+0000][16196][info ][gc,phases   ] GC(17)   Post Evacuate Collection Set: 18.21ms
[2025-02-03T08:47:01.852+0000][16196][info ][gc,phases   ] GC(17)   Other: 8.52ms
[2025-02-03T08:47:01.852+0000][16196][trace][gc,age      ] GC(17) Age table:
[2025-02-03T08:47:01.852+0000][16196][trace][gc,age      ] GC(17) - age   1:   49395432 bytes,   49395432 total
[2025-02-03T08:47:01.852+0000][16196][trace][gc,age      ] GC(17) - age   2:    9458888 bytes,   58854320 total
[2025-02-03T08:47:01.852+0000][16196][trace][gc,age      ] GC(17) - age   3:   11182320 bytes,   70036640 total
[2025-02-03T08:47:01.852+0000][16196][trace][gc,age      ] GC(17) - age   4:    8582432 bytes,   78619072 total
[2025-02-03T08:47:01.852+0000][16196][trace][gc,age      ] GC(17) - age   5:    4757216 bytes,   83376288 total
[2025-02-03T08:47:01.852+0000][16196][trace][gc,age      ] GC(17) - age   6:    6253360 bytes,   89629648 total
[2025-02-03T08:47:01.852+0000][16196][trace][gc,age      ] GC(17) - age   7:    3324336 bytes,   92953984 total
[2025-02-03T08:47:01.852+0000][16196][trace][gc,age      ] GC(17) - age   8:    1025696 bytes,   93979680 total
[2025-02-03T08:47:01.852+0000][16196][trace][gc,age      ] GC(17) - age   9:    2653376 bytes,   96633056 total
[2025-02-03T08:47:01.852+0000][16196][trace][gc,age      ] GC(17) - age  10:    2253848 bytes,   98886904 total
[2025-02-03T08:47:01.852+0000][16196][trace][gc,age      ] GC(17) - age  11:    3520096 bytes,  102407000 total
[2025-02-03T08:47:01.852+0000][16196][trace][gc,age      ] GC(17) - age  12:    1980656 bytes,  104387656 total
[2025-02-03T08:47:01.852+0000][16196][trace][gc,age      ] GC(17) - age  13:     390928 bytes,  104778584 total
[2025-02-03T08:47:01.852+0000][16196][info ][gc,heap     ] GC(17) Eden regions: 234->0(21)
[2025-02-03T08:47:01.852+0000][16196][info ][gc,heap     ] GC(17) Survivor regions: 15->29(32)
[2025-02-03T08:47:01.852+0000][16196][info ][gc,heap     ] GC(17) Old regions: 4->4
[2025-02-03T08:47:01.852+0000][16196][info ][gc,heap     ] GC(17) Humongous regions: 2->2
[2025-02-03T08:47:01.852+0000][16196][info ][gc,metaspace] GC(17) Metaspace: 143112K(147328K)->143112K(147328K) NonClass: 122746K(125056K)->122746K(125056K) Class: 20365K(22272K)->20365K(22272K)
[2025-02-03T08:47:01.853+0000][16196][info ][gc          ] GC(17) Pause Young (Normal) (G1 Evacuation Pause) 1016M->136M(4008M) 640.491ms
[2025-02-03T08:47:01.853+0000][16196][info ][gc,cpu      ] GC(17) User=0.06s Sys=0.20s Real=0.65s
[2025-02-03T08:47:01.853+0000][16196][info ][safepoint   ] Safepoint "G1CollectForAllocation", Time since last: 359404620300 ns, Reaching safepoint: 24000 ns, At safepoint: 641449400 ns, Total: 641473400 ns
[2025-02-03T08:47:57.478+0000][16196][info ][gc,start    ] GC(18) Pause Young (Normal) (G1 Evacuation Pause)
[2025-02-03T08:47:57.482+0000][16196][info ][gc,task     ] GC(18) Using 10 workers of 10 for evacuation
[2025-02-03T08:47:57.482+0000][16196][debug][gc,age      ] GC(18) Desired survivor size 14680064 bytes, new threshold 1 (max threshold 15)
[2025-02-03T08:47:57.650+0000][16196][info ][gc,phases   ] GC(18)   Pre Evacuate Collection Set: 8.89ms
[2025-02-03T08:47:57.650+0000][16196][info ][gc,phases   ] GC(18)   Merge Heap Roots: 1.00ms
[2025-02-03T08:47:57.650+0000][16196][info ][gc,phases   ] GC(18)   Evacuate Collection Set: 145.78ms
[2025-02-03T08:47:57.650+0000][16196][info ][gc,phases   ] GC(18)   Post Evacuate Collection Set: 12.69ms
[2025-02-03T08:47:57.650+0000][16196][info ][gc,phases   ] GC(18)   Other: 2.56ms
[2025-02-03T08:47:57.650+0000][16196][trace][gc,age      ] GC(18) Age table:
[2025-02-03T08:47:57.650+0000][16196][trace][gc,age      ] GC(18) - age   1:      59968 bytes,      59968 total
[2025-02-03T08:47:57.650+0000][16196][info ][gc,heap     ] GC(18) Eden regions: 21->0(161)
[2025-02-03T08:47:57.650+0000][16196][info ][gc,heap     ] GC(18) Survivor regions: 29->3(7)
[2025-02-03T08:47:57.650+0000][16196][info ][gc,heap     ] GC(18) Old regions: 4->32
[2025-02-03T08:47:57.650+0000][16196][info ][gc,heap     ] GC(18) Humongous regions: 2->2
[2025-02-03T08:47:57.650+0000][16196][info ][gc,metaspace] GC(18) Metaspace: 143224K(147456K)->143224K(147456K) NonClass: 122856K(125184K)->122856K(125184K) Class: 20368K(22272K)->20368K(22272K)
[2025-02-03T08:47:57.650+0000][16196][info ][gc          ] GC(18) Pause Young (Normal) (G1 Evacuation Pause) 220M->143M(4008M) 175.567ms
[2025-02-03T08:47:57.650+0000][16196][info ][gc,cpu      ] GC(18) User=0.22s Sys=0.23s Real=0.17s
[2025-02-03T08:47:57.650+0000][16196][info ][safepoint   ] Safepoint "G1CollectForAllocation", Time since last: 55624514500 ns, Reaching safepoint: 53500 ns, At safepoint: 177150400 ns, Total: 177203900 ns
[2025-02-03T08:57:01.669+0000][16196][info ][gc,start    ] GC(19) Pause Young (Normal) (G1 Evacuation Pause)
[2025-02-03T08:57:01.700+0000][16196][info ][gc,task     ] GC(19) Using 10 workers of 10 for evacuation
[2025-02-03T08:57:01.700+0000][16196][debug][gc,age      ] GC(19) Desired survivor size 44040192 bytes, new threshold 15 (max threshold 15)
[2025-02-03T08:57:01.911+0000][16196][info ][gc,mmu      ] GC(19) MMU target violated: 201.0ms (200.0ms/201.0ms)
[2025-02-03T08:57:01.913+0000][16196][info ][gc,phases   ] GC(19)   Pre Evacuate Collection Set: 26.22ms
[2025-02-03T08:57:01.913+0000][16196][info ][gc,phases   ] GC(19)   Merge Heap Roots: 6.31ms
[2025-02-03T08:57:01.913+0000][16196][info ][gc,phases   ] GC(19)   Evacuate Collection Set: 137.72ms
[2025-02-03T08:57:01.913+0000][16196][info ][gc,phases   ] GC(19)   Post Evacuate Collection Set: 30.35ms
[2025-02-03T08:57:01.913+0000][16196][info ][gc,phases   ] GC(19)   Other: 19.23ms
[2025-02-03T08:57:01.913+0000][16196][trace][gc,age      ] GC(19) Age table:
[2025-02-03T08:57:01.913+0000][16196][trace][gc,age      ] GC(19) - age   1:     114504 bytes,     114504 total
[2025-02-03T08:57:01.913+0000][16196][trace][gc,age      ] GC(19) - age   2:      49000 bytes,     163504 total
[2025-02-03T08:57:01.913+0000][16196][info ][gc,heap     ] GC(19) Eden regions: 161->0(49)
[2025-02-03T08:57:01.913+0000][16196][info ][gc,heap     ] GC(19) Survivor regions: 3->1(21)
[2025-02-03T08:57:01.913+0000][16196][info ][gc,heap     ] GC(19) Old regions: 32->32
[2025-02-03T08:57:01.913+0000][16196][info ][gc,heap     ] GC(19) Humongous regions: 2->2
[2025-02-03T08:57:01.913+0000][16196][info ][gc,metaspace] GC(19) Metaspace: 143513K(147712K)->143513K(147712K) NonClass: 123108K(125440K)->123108K(125440K) Class: 20404K(22272K)->20404K(22272K)
[2025-02-03T08:57:01.916+0000][16196][info ][gc          ] GC(19) Pause Young (Normal) (G1 Evacuation Pause) 787M->136M(4008M) 236.283ms
[2025-02-03T08:57:01.916+0000][16196][info ][gc,cpu      ] GC(19) User=0.05s Sys=0.20s Real=0.25s
[2025-02-03T08:57:01.916+0000][16196][info ][safepoint   ] Safepoint "G1CollectForAllocation", Time since last: 544020109100 ns, Reaching safepoint: 1002700 ns, At safepoint: 240307400 ns, Total: 241310100 ns
[2025-02-03T08:59:43.208+0000][16196][info ][gc,start    ] GC(20) Pause Young (Normal) (G1 Evacuation Pause)
[2025-02-03T08:59:43.223+0000][16196][info ][gc,task     ] GC(20) Using 10 workers of 10 for evacuation
[2025-02-03T08:59:43.223+0000][16196][debug][gc,age      ] GC(20) Desired survivor size 14680064 bytes, new threshold 15 (max threshold 15)
[2025-02-03T08:59:43.443+0000][16196][info ][gc,mmu      ] GC(20) MMU target violated: 201.0ms (200.0ms/201.0ms)
[2025-02-03T08:59:43.443+0000][16196][info ][gc,phases   ] GC(20)   Pre Evacuate Collection Set: 20.79ms
[2025-02-03T08:59:43.443+0000][16196][info ][gc,phases   ] GC(20)   Merge Heap Roots: 3.68ms
[2025-02-03T08:59:43.443+0000][16196][info ][gc,phases   ] GC(20)   Evacuate Collection Set: 143.72ms
[2025-02-03T08:59:43.443+0000][16196][info ][gc,phases   ] GC(20)   Post Evacuate Collection Set: 34.60ms
[2025-02-03T08:59:43.443+0000][16196][info ][gc,phases   ] GC(20)   Other: 18.46ms
[2025-02-03T08:59:43.443+0000][16196][trace][gc,age      ] GC(20) Age table:
[2025-02-03T08:59:43.443+0000][16196][trace][gc,age      ] GC(20) - age   1:      15272 bytes,      15272 total
[2025-02-03T08:59:43.443+0000][16196][trace][gc,age      ] GC(20) - age   2:      99944 bytes,     115216 total
[2025-02-03T08:59:43.443+0000][16196][trace][gc,age      ] GC(20) - age   3:      48968 bytes,     164184 total
[2025-02-03T08:59:43.443+0000][16196][info ][gc,heap     ] GC(20) Eden regions: 49->0(49)
[2025-02-03T08:59:43.443+0000][16196][info ][gc,heap     ] GC(20) Survivor regions: 1->1(7)
[2025-02-03T08:59:43.443+0000][16196][info ][gc,heap     ] GC(20) Old regions: 32->32
[2025-02-03T08:59:43.443+0000][16196][info ][gc,heap     ] GC(20) Humongous regions: 2->2
[2025-02-03T08:59:43.443+0000][16196][info ][gc,metaspace] GC(20) Metaspace: 143526K(147776K)->143526K(147776K) NonClass: 123121K(125504K)->123121K(125504K) Class: 20404K(22272K)->20404K(22272K)
[2025-02-03T08:59:43.443+0000][16196][info ][gc          ] GC(20) Pause Young (Normal) (G1 Evacuation Pause) 332M->134M(4008M) 239.324ms
[2025-02-03T08:59:43.443+0000][16196][info ][gc,cpu      ] GC(20) User=0.05s Sys=0.19s Real=0.24s
[2025-02-03T08:59:43.443+0000][16196][info ][safepoint   ] Safepoint "G1CollectForAllocation", Time since last: 161290247800 ns, Reaching safepoint: 1126700 ns, At safepoint: 242759800 ns, Total: 243886500 ns
[2025-02-03T09:01:20.317+0000][16196][info ][gc,heap,exit] Heap
[2025-02-03T09:01:20.318+0000][16196][info ][gc,heap,exit]  garbage-first heap   total reserved 4104192K, committed 4104192K, used 264428K [0x0000000705800000, 0x0000000800000000)
[2025-02-03T09:01:20.318+0000][16196][info ][gc,heap,exit]   region size 4096K, 32 young (131072K), 1 survivors (4096K)
[2025-02-03T09:01:20.318+0000][16196][info ][gc,heap,exit]  Metaspace       used 144215K, committed 148480K, reserved 1179648K
[2025-02-03T09:01:20.318+0000][16196][info ][gc,heap,exit]   class space    used 20551K, committed 22464K, reserved 1048576K
