[2025-01-31T12:26:16.183+0000][22012][info][gc,init] CardTable entry size: 512
[2025-01-31T12:26:16.183+0000][22012][info][gc     ] Using G1
[2025-01-31T12:26:20.700+0000][22012][info][gc,init] Version: 23+37-2369 (release)
[2025-01-31T12:26:20.715+0000][22012][info][gc,init] CPUs: 12 total, 12 available
[2025-01-31T12:26:20.715+0000][22012][info][gc,init] Memory: 8016M
[2025-01-31T12:26:20.715+0000][22012][info][gc,init] Large Page Support: Disabled
[2025-01-31T12:26:20.716+0000][22012][info][gc,init] NUMA Support: Disabled
[2025-01-31T12:26:20.716+0000][22012][info][gc,init] Compressed Oops: Enabled (Zero based)
[2025-01-31T12:26:20.716+0000][22012][info][gc,init] Heap Region Size: 4M
[2025-01-31T12:26:20.716+0000][22012][info][gc,init] Heap Min Capacity: 4008M
[2025-01-31T12:26:20.716+0000][22012][info][gc,init] Heap Initial Capacity: 4008M
[2025-01-31T12:26:20.716+0000][22012][info][gc,init] Heap Max Capacity: 4008M
[2025-01-31T12:26:20.716+0000][22012][info][gc,init] Pre-touch: Enabled
[2025-01-31T12:26:20.716+0000][22012][info][gc,init] Parallel Workers: 10
[2025-01-31T12:26:20.716+0000][22012][info][gc,init] Concurrent Workers: 3
[2025-01-31T12:26:20.716+0000][22012][info][gc,init] Concurrent Refinement Workers: 10
[2025-01-31T12:26:20.716+0000][22012][info][gc,init] Periodic GC: Disabled
[2025-01-31T12:26:20.748+0000][22012][info][gc,metaspace] CDS archive(s) mapped at: [0x0000023080000000-0x0000023080d70000-0x0000023080d70000), size 14090240, SharedBaseAddress: 0x0000023080000000, ArchiveRelocationMode: 1.
[2025-01-31T12:26:20.748+0000][22012][info][gc,metaspace] Compressed class space mapped at: 0x0000023081000000-0x00000230c1000000, reserved size: 1073741824
[2025-01-31T12:26:20.748+0000][22012][info][gc,metaspace] Narrow klass base: 0x0000023080000000, Narrow klass shift: 0, Narrow klass range: 0x41000000
[2025-01-31T12:26:36.113+0000][22012][info][gc,start    ] GC(0) Pause Young (Normal) (G1 Evacuation Pause)
[2025-01-31T12:26:36.113+0000][22012][info][gc,task     ] GC(0) Using 10 workers of 10 for evacuation
[2025-01-31T12:26:36.113+0000][22012][debug][gc,age      ] GC(0) Desired survivor size 14680064 bytes, new threshold 15 (max threshold 15)
[2025-01-31T12:26:36.172+0000][22012][info ][gc,phases   ] GC(0)   Pre Evacuate Collection Set: 6.39ms
[2025-01-31T12:26:36.172+0000][22012][info ][gc,phases   ] GC(0)   Merge Heap Roots: 10.78ms
[2025-01-31T12:26:36.172+0000][22012][info ][gc,phases   ] GC(0)   Evacuate Collection Set: 28.75ms
[2025-01-31T12:26:36.172+0000][22012][info ][gc,phases   ] GC(0)   Post Evacuate Collection Set: 6.20ms
[2025-01-31T12:26:36.172+0000][22012][info ][gc,phases   ] GC(0)   Other: 4.35ms
[2025-01-31T12:26:36.172+0000][22012][trace][gc,age      ] GC(0) Age table:
[2025-01-31T12:26:36.172+0000][22012][trace][gc,age      ] GC(0) - age   1:   15294496 bytes,   15294496 total
[2025-01-31T12:26:36.172+0000][22012][info ][gc,heap     ] GC(0) Eden regions: 50->0(46)
[2025-01-31T12:26:36.172+0000][22012][info ][gc,heap     ] GC(0) Survivor regions: 0->4(7)
[2025-01-31T12:26:36.172+0000][22012][info ][gc,heap     ] GC(0) Old regions: 0->0
[2025-01-31T12:26:36.172+0000][22012][info ][gc,heap     ] GC(0) Humongous regions: 0->0
[2025-01-31T12:26:36.172+0000][22012][info ][gc,metaspace] GC(0) Metaspace: 19783K(20480K)->19783K(20480K) NonClass: 17526K(17920K)->17526K(17920K) Class: 2256K(2560K)->2256K(2560K)
[2025-01-31T12:26:36.172+0000][22012][info ][gc          ] GC(0) Pause Young (Normal) (G1 Evacuation Pause) 200M->15M(4008M) 62.486ms
[2025-01-31T12:26:36.172+0000][22012][info ][gc,cpu      ] GC(0) User=0.16s Sys=0.08s Real=0.06s
[2025-01-31T12:26:36.176+0000][22012][info ][safepoint   ] Safepoint "G1CollectForAllocation", Time since last: 15308797800 ns, Reaching safepoint: 218000 ns, At safepoint: 63422400 ns, Total: 63640400 ns
[2025-01-31T12:26:36.334+0000][22012][info ][gc,start    ] GC(1) Pause Young (Concurrent Start) (Metadata GC Threshold)
[2025-01-31T12:26:36.334+0000][22012][info ][gc,task     ] GC(1) Using 10 workers of 10 for evacuation
[2025-01-31T12:26:36.334+0000][22012][debug][gc,age      ] GC(1) Desired survivor size 14680064 bytes, new threshold 1 (max threshold 15)
[2025-01-31T12:26:36.353+0000][22012][info ][gc,phases   ] GC(1)   Pre Evacuate Collection Set: 0.54ms
[2025-01-31T12:26:36.353+0000][22012][info ][gc,phases   ] GC(1)   Merge Heap Roots: 0.08ms
[2025-01-31T12:26:36.353+0000][22012][info ][gc,phases   ] GC(1)   Evacuate Collection Set: 15.16ms
[2025-01-31T12:26:36.353+0000][22012][info ][gc,phases   ] GC(1)   Post Evacuate Collection Set: 2.58ms
[2025-01-31T12:26:36.353+0000][22012][info ][gc,phases   ] GC(1)   Other: 0.56ms
[2025-01-31T12:26:36.353+0000][22012][trace][gc,age      ] GC(1) Age table:
[2025-01-31T12:26:36.353+0000][22012][trace][gc,age      ] GC(1) - age   1:     129040 bytes,     129040 total
[2025-01-31T12:26:36.353+0000][22012][info ][gc,heap     ] GC(1) Eden regions: 2->0(49)
[2025-01-31T12:26:36.353+0000][22012][info ][gc,heap     ] GC(1) Survivor regions: 4->1(7)
[2025-01-31T12:26:36.353+0000][22012][info ][gc,heap     ] GC(1) Old regions: 0->4
[2025-01-31T12:26:36.353+0000][22012][info ][gc,heap     ] GC(1) Humongous regions: 0->0
[2025-01-31T12:26:36.353+0000][22012][info ][gc,metaspace] GC(1) Metaspace: 20731K(21504K)->20731K(21504K) NonClass: 18395K(18816K)->18395K(18816K) Class: 2336K(2688K)->2336K(2688K)
[2025-01-31T12:26:36.353+0000][22012][info ][gc          ] GC(1) Pause Young (Concurrent Start) (Metadata GC Threshold) 21M->16M(4008M) 19.547ms
[2025-01-31T12:26:36.353+0000][22012][info ][gc,cpu      ] GC(1) User=0.11s Sys=0.02s Real=0.02s
[2025-01-31T12:26:36.353+0000][22012][info ][safepoint   ] Safepoint "CollectForMetadataAllocation", Time since last: 162372300 ns, Reaching safepoint: 5900 ns, At safepoint: 19714300 ns, Total: 19720200 ns
[2025-01-31T12:26:36.353+0000][22012][info ][gc          ] GC(2) Concurrent Mark Cycle
[2025-01-31T12:26:36.353+0000][22012][info ][gc,marking  ] GC(2) Concurrent Scan Root Regions
[2025-01-31T12:26:36.367+0000][22012][info ][gc,marking  ] GC(2) Concurrent Scan Root Regions 9.956ms
[2025-01-31T12:26:36.367+0000][22012][info ][gc,marking  ] GC(2) Concurrent Mark
[2025-01-31T12:26:36.367+0000][22012][info ][gc,marking  ] GC(2) Concurrent Mark From Roots
[2025-01-31T12:26:36.367+0000][22012][info ][gc,task     ] GC(2) Using 3 workers of 3 for marking
[2025-01-31T12:26:36.367+0000][22012][info ][gc,marking  ] GC(2) Concurrent Mark From Roots 0.307ms
[2025-01-31T12:26:36.367+0000][22012][info ][gc,marking  ] GC(2) Concurrent Preclean
[2025-01-31T12:26:36.367+0000][22012][info ][gc,marking  ] GC(2) Concurrent Preclean 0.018ms
[2025-01-31T12:26:36.367+0000][22012][info ][gc,start    ] GC(2) Pause Remark
[2025-01-31T12:26:36.367+0000][22012][info ][gc          ] GC(2) Pause Remark 19M->19M(4008M) 5.113ms
[2025-01-31T12:26:36.367+0000][22012][info ][gc,cpu      ] GC(2) User=0.00s Sys=0.00s Real=0.00s
[2025-01-31T12:26:36.367+0000][22012][info ][safepoint   ] Safepoint "G1PauseRemark", Time since last: 10888000 ns, Reaching safepoint: 17300 ns, At safepoint: 5237400 ns, Total: 5254700 ns
[2025-01-31T12:26:36.367+0000][22012][info ][gc,marking  ] GC(2) Concurrent Mark 5.757ms
[2025-01-31T12:26:36.367+0000][22012][info ][gc,marking  ] GC(2) Concurrent Rebuild Remembered Sets and Scrub Regions
[2025-01-31T12:26:36.382+0000][22012][info ][gc,marking  ] GC(2) Concurrent Rebuild Remembered Sets and Scrub Regions 8.580ms
[2025-01-31T12:26:36.382+0000][22012][info ][gc,start    ] GC(2) Pause Cleanup
[2025-01-31T12:26:36.382+0000][22012][info ][gc          ] GC(2) Pause Cleanup 19M->19M(4008M) 0.117ms
[2025-01-31T12:26:36.382+0000][22012][info ][gc,cpu      ] GC(2) User=0.00s Sys=0.00s Real=0.00s
[2025-01-31T12:26:36.382+0000][22012][info ][safepoint   ] Safepoint "G1PauseCleanup", Time since last: 8829000 ns, Reaching safepoint: 241500 ns, At safepoint: 236500 ns, Total: 478000 ns
[2025-01-31T12:26:36.382+0000][22012][info ][gc,marking  ] GC(2) Concurrent Clear Claimed Marks
[2025-01-31T12:26:36.382+0000][22012][info ][gc,marking  ] GC(2) Concurrent Clear Claimed Marks 0.111ms
[2025-01-31T12:26:36.382+0000][22012][info ][gc,marking  ] GC(2) Concurrent Cleanup for Next Mark
[2025-01-31T12:26:36.413+0000][22012][info ][gc,marking  ] GC(2) Concurrent Cleanup for Next Mark 34.269ms
[2025-01-31T12:26:36.413+0000][22012][info ][gc          ] GC(2) Concurrent Mark Cycle 60.106ms
[2025-01-31T12:26:41.733+0000][22012][info ][gc,start    ] GC(3) Pause Young (Normal) (G1 Evacuation Pause)
[2025-01-31T12:26:41.733+0000][22012][info ][gc,task     ] GC(3) Using 10 workers of 10 for evacuation
[2025-01-31T12:26:41.733+0000][22012][debug][gc,age      ] GC(3) Desired survivor size 14680064 bytes, new threshold 15 (max threshold 15)
[2025-01-31T12:26:41.733+0000][22012][info ][gc,phases   ] GC(3)   Pre Evacuate Collection Set: 0.42ms
[2025-01-31T12:26:41.733+0000][22012][info ][gc,phases   ] GC(3)   Merge Heap Roots: 0.70ms
[2025-01-31T12:26:41.733+0000][22012][info ][gc,phases   ] GC(3)   Evacuate Collection Set: 2.96ms
[2025-01-31T12:26:41.733+0000][22012][info ][gc,phases   ] GC(3)   Post Evacuate Collection Set: 0.92ms
[2025-01-31T12:26:41.733+0000][22012][info ][gc,phases   ] GC(3)   Other: 0.20ms
[2025-01-31T12:26:41.733+0000][22012][trace][gc,age      ] GC(3) Age table:
[2025-01-31T12:26:41.733+0000][22012][trace][gc,age      ] GC(3) - age   1:    4317352 bytes,    4317352 total
[2025-01-31T12:26:41.733+0000][22012][trace][gc,age      ] GC(3) - age   2:     118712 bytes,    4436064 total
[2025-01-31T12:26:41.733+0000][22012][info ][gc,heap     ] GC(3) Eden regions: 49->0(48)
[2025-01-31T12:26:41.733+0000][22012][info ][gc,heap     ] GC(3) Survivor regions: 1->2(7)
[2025-01-31T12:26:41.733+0000][22012][info ][gc,heap     ] GC(3) Old regions: 4->4
[2025-01-31T12:26:41.733+0000][22012][info ][gc,heap     ] GC(3) Humongous regions: 0->0
[2025-01-31T12:26:41.744+0000][22012][info ][gc,metaspace] GC(3) Metaspace: 23249K(24064K)->23249K(24064K) NonClass: 20600K(21056K)->20600K(21056K) Class: 2648K(3008K)->2648K(3008K)
[2025-01-31T12:26:41.744+0000][22012][info ][gc          ] GC(3) Pause Young (Normal) (G1 Evacuation Pause) 212M->18M(4008M) 5.901ms
[2025-01-31T12:26:41.744+0000][22012][info ][gc,cpu      ] GC(3) User=0.00s Sys=0.00s Real=0.01s
[2025-01-31T12:26:41.744+0000][22012][info ][safepoint   ] Safepoint "G1CollectForAllocation", Time since last: 5355103800 ns, Reaching safepoint: 41000 ns, At safepoint: 6058300 ns, Total: 6099300 ns
[2025-01-31T12:26:43.577+0000][22012][info ][gc,start    ] GC(4) Pause Young (Normal) (G1 Evacuation Pause)
[2025-01-31T12:26:43.577+0000][22012][info ][gc,task     ] GC(4) Using 10 workers of 10 for evacuation
[2025-01-31T12:26:43.577+0000][22012][debug][gc,age      ] GC(4) Desired survivor size 14680064 bytes, new threshold 15 (max threshold 15)
[2025-01-31T12:26:43.577+0000][22012][info ][gc,phases   ] GC(4)   Pre Evacuate Collection Set: 0.27ms
[2025-01-31T12:26:43.577+0000][22012][info ][gc,phases   ] GC(4)   Merge Heap Roots: 0.17ms
[2025-01-31T12:26:43.577+0000][22012][info ][gc,phases   ] GC(4)   Evacuate Collection Set: 3.10ms
[2025-01-31T12:26:43.577+0000][22012][info ][gc,phases   ] GC(4)   Post Evacuate Collection Set: 1.90ms
[2025-01-31T12:26:43.577+0000][22012][info ][gc,phases   ] GC(4)   Other: 0.30ms
[2025-01-31T12:26:43.577+0000][22012][trace][gc,age      ] GC(4) Age table:
[2025-01-31T12:26:43.577+0000][22012][trace][gc,age      ] GC(4) - age   1:    4270720 bytes,    4270720 total
[2025-01-31T12:26:43.577+0000][22012][trace][gc,age      ] GC(4) - age   2:    1120184 bytes,    5390904 total
[2025-01-31T12:26:43.577+0000][22012][trace][gc,age      ] GC(4) - age   3:     115080 bytes,    5505984 total
[2025-01-31T12:26:43.577+0000][22012][info ][gc,heap     ] GC(4) Eden regions: 48->0(48)
[2025-01-31T12:26:43.577+0000][22012][info ][gc,heap     ] GC(4) Survivor regions: 2->2(7)
[2025-01-31T12:26:43.577+0000][22012][info ][gc,heap     ] GC(4) Old regions: 4->4
[2025-01-31T12:26:43.577+0000][22012][info ][gc,heap     ] GC(4) Humongous regions: 0->0
[2025-01-31T12:26:43.577+0000][22012][info ][gc,metaspace] GC(4) Metaspace: 29010K(29888K)->29010K(29888K) NonClass: 25738K(26240K)->25738K(26240K) Class: 3272K(3648K)->3272K(3648K)
[2025-01-31T12:26:43.577+0000][22012][info ][gc          ] GC(4) Pause Young (Normal) (G1 Evacuation Pause) 210M->20M(4008M) 6.596ms
[2025-01-31T12:26:43.577+0000][22012][info ][gc,cpu      ] GC(4) User=0.00s Sys=0.00s Real=0.00s
[2025-01-31T12:26:43.577+0000][22012][info ][safepoint   ] Safepoint "G1CollectForAllocation", Time since last: 1833527500 ns, Reaching safepoint: 15200 ns, At safepoint: 6779400 ns, Total: 6794600 ns
[2025-01-31T12:26:44.589+0000][22012][info ][gc,start    ] GC(5) Pause Young (Normal) (G1 Evacuation Pause)
[2025-01-31T12:26:44.589+0000][22012][info ][gc,task     ] GC(5) Using 10 workers of 10 for evacuation
[2025-01-31T12:26:44.589+0000][22012][debug][gc,age      ] GC(5) Desired survivor size 14680064 bytes, new threshold 15 (max threshold 15)
[2025-01-31T12:26:44.605+0000][22012][info ][gc,phases   ] GC(5)   Pre Evacuate Collection Set: 0.37ms
[2025-01-31T12:26:44.605+0000][22012][info ][gc,phases   ] GC(5)   Merge Heap Roots: 0.15ms
[2025-01-31T12:26:44.605+0000][22012][info ][gc,phases   ] GC(5)   Evacuate Collection Set: 4.54ms
[2025-01-31T12:26:44.605+0000][22012][info ][gc,phases   ] GC(5)   Post Evacuate Collection Set: 1.35ms
[2025-01-31T12:26:44.605+0000][22012][info ][gc,phases   ] GC(5)   Other: 0.20ms
[2025-01-31T12:26:44.605+0000][22012][trace][gc,age      ] GC(5) Age table:
[2025-01-31T12:26:44.605+0000][22012][trace][gc,age      ] GC(5) - age   1:    4934792 bytes,    4934792 total
[2025-01-31T12:26:44.605+0000][22012][trace][gc,age      ] GC(5) - age   2:    4117048 bytes,    9051840 total
[2025-01-31T12:26:44.606+0000][22012][trace][gc,age      ] GC(5) - age   3:    1119944 bytes,   10171784 total
[2025-01-31T12:26:44.606+0000][22012][trace][gc,age      ] GC(5) - age   4:     115080 bytes,   10286864 total
[2025-01-31T12:26:44.606+0000][22012][info ][gc,heap     ] GC(5) Eden regions: 48->0(66)
[2025-01-31T12:26:44.606+0000][22012][info ][gc,heap     ] GC(5) Survivor regions: 2->3(7)
[2025-01-31T12:26:44.606+0000][22012][info ][gc,heap     ] GC(5) Old regions: 4->4
[2025-01-31T12:26:44.606+0000][22012][info ][gc,heap     ] GC(5) Humongous regions: 0->0
[2025-01-31T12:26:44.606+0000][22012][info ][gc,metaspace] GC(5) Metaspace: 30032K(30976K)->30032K(30976K) NonClass: 26588K(27136K)->26588K(27136K) Class: 3443K(3840K)->3443K(3840K)
[2025-01-31T12:26:44.606+0000][22012][info ][gc          ] GC(5) Pause Young (Normal) (G1 Evacuation Pause) 212M->25M(4008M) 7.518ms
[2025-01-31T12:26:44.606+0000][22012][info ][gc,cpu      ] GC(5) User=0.02s Sys=0.00s Real=0.02s
[2025-01-31T12:26:44.606+0000][22012][info ][safepoint   ] Safepoint "G1CollectForAllocation", Time since last: 1013586600 ns, Reaching safepoint: 7300 ns, At safepoint: 7612700 ns, Total: 7620000 ns
[2025-01-31T12:26:45.654+0000][22012][info ][gc,start    ] GC(6) Pause Young (Normal) (G1 Evacuation Pause)
[2025-01-31T12:26:45.654+0000][22012][info ][gc,task     ] GC(6) Using 10 workers of 10 for evacuation
[2025-01-31T12:26:45.654+0000][22012][debug][gc,age      ] GC(6) Desired survivor size 18874368 bytes, new threshold 15 (max threshold 15)
[2025-01-31T12:26:45.670+0000][22012][info ][gc,phases   ] GC(6)   Pre Evacuate Collection Set: 0.45ms
[2025-01-31T12:26:45.670+0000][22012][info ][gc,phases   ] GC(6)   Merge Heap Roots: 0.16ms
[2025-01-31T12:26:45.670+0000][22012][info ][gc,phases   ] GC(6)   Evacuate Collection Set: 7.63ms
[2025-01-31T12:26:45.670+0000][22012][info ][gc,phases   ] GC(6)   Post Evacuate Collection Set: 0.85ms
[2025-01-31T12:26:45.670+0000][22012][info ][gc,phases   ] GC(6)   Other: 0.16ms
[2025-01-31T12:26:45.670+0000][22012][trace][gc,age      ] GC(6) Age table:
[2025-01-31T12:26:45.670+0000][22012][trace][gc,age      ] GC(6) - age   1:    4172048 bytes,    4172048 total
[2025-01-31T12:26:45.670+0000][22012][trace][gc,age      ] GC(6) - age   2:    2484984 bytes,    6657032 total
[2025-01-31T12:26:45.670+0000][22012][trace][gc,age      ] GC(6) - age   3:    4116824 bytes,   10773856 total
[2025-01-31T12:26:45.670+0000][22012][trace][gc,age      ] GC(6) - age   4:    1119912 bytes,   11893768 total
[2025-01-31T12:26:45.670+0000][22012][trace][gc,age      ] GC(6) - age   5:     115080 bytes,   12008848 total
[2025-01-31T12:26:45.670+0000][22012][info ][gc,heap     ] GC(6) Eden regions: 66->0(62)
[2025-01-31T12:26:45.670+0000][22012][info ][gc,heap     ] GC(6) Survivor regions: 3->4(9)
[2025-01-31T12:26:45.670+0000][22012][info ][gc,heap     ] GC(6) Old regions: 4->4
[2025-01-31T12:26:45.670+0000][22012][info ][gc,heap     ] GC(6) Humongous regions: 0->0
[2025-01-31T12:26:45.670+0000][22012][info ][gc,metaspace] GC(6) Metaspace: 30445K(31424K)->30445K(31424K) NonClass: 26961K(27520K)->26961K(27520K) Class: 3484K(3904K)->3484K(3904K)
[2025-01-31T12:26:45.670+0000][22012][info ][gc          ] GC(6) Pause Young (Normal) (G1 Evacuation Pause) 289M->26M(4008M) 9.984ms
[2025-01-31T12:26:45.670+0000][22012][info ][gc,cpu      ] GC(6) User=0.00s Sys=0.02s Real=0.02s
[2025-01-31T12:26:45.670+0000][22012][info ][safepoint   ] Safepoint "G1CollectForAllocation", Time since last: 1054485300 ns, Reaching safepoint: 12100 ns, At safepoint: 10091700 ns, Total: 10103800 ns
[2025-01-31T12:26:46.294+0000][22012][info ][gc,start    ] GC(7) Pause Young (Normal) (G1 Evacuation Pause)
[2025-01-31T12:26:46.294+0000][22012][info ][gc,task     ] GC(7) Using 10 workers of 10 for evacuation
[2025-01-31T12:26:46.294+0000][22012][debug][gc,age      ] GC(7) Desired survivor size 18874368 bytes, new threshold 15 (max threshold 15)
[2025-01-31T12:26:46.309+0000][22012][info ][gc,phases   ] GC(7)   Pre Evacuate Collection Set: 0.85ms
[2025-01-31T12:26:46.309+0000][22012][info ][gc,phases   ] GC(7)   Merge Heap Roots: 0.14ms
[2025-01-31T12:26:46.309+0000][22012][info ][gc,phases   ] GC(7)   Evacuate Collection Set: 3.17ms
[2025-01-31T12:26:46.309+0000][22012][info ][gc,phases   ] GC(7)   Post Evacuate Collection Set: 1.75ms
[2025-01-31T12:26:46.309+0000][22012][info ][gc,phases   ] GC(7)   Other: 0.17ms
[2025-01-31T12:26:46.309+0000][22012][trace][gc,age      ] GC(7) Age table:
[2025-01-31T12:26:46.309+0000][22012][trace][gc,age      ] GC(7) - age   1:    4160016 bytes,    4160016 total
[2025-01-31T12:26:46.309+0000][22012][trace][gc,age      ] GC(7) - age   2:    1439392 bytes,    5599408 total
[2025-01-31T12:26:46.309+0000][22012][trace][gc,age      ] GC(7) - age   3:    2484952 bytes,    8084360 total
[2025-01-31T12:26:46.309+0000][22012][trace][gc,age      ] GC(7) - age   4:    4116472 bytes,   12200832 total
[2025-01-31T12:26:46.309+0000][22012][trace][gc,age      ] GC(7) - age   5:    1119824 bytes,   13320656 total
[2025-01-31T12:26:46.309+0000][22012][trace][gc,age      ] GC(7) - age   6:     115080 bytes,   13435736 total
[2025-01-31T12:26:46.309+0000][22012][info ][gc,heap     ] GC(7) Eden regions: 62->0(87)
[2025-01-31T12:26:46.309+0000][22012][info ][gc,heap     ] GC(7) Survivor regions: 4->4(9)
[2025-01-31T12:26:46.309+0000][22012][info ][gc,heap     ] GC(7) Old regions: 4->4
[2025-01-31T12:26:46.309+0000][22012][info ][gc,heap     ] GC(7) Humongous regions: 0->0
[2025-01-31T12:26:46.309+0000][22012][info ][gc,metaspace] GC(7) Metaspace: 30865K(31872K)->30865K(31872K) NonClass: 27321K(27904K)->27321K(27904K) Class: 3544K(3968K)->3544K(3968K)
[2025-01-31T12:26:46.309+0000][22012][info ][gc          ] GC(7) Pause Young (Normal) (G1 Evacuation Pause) 274M->28M(4008M) 7.492ms
[2025-01-31T12:26:46.309+0000][22012][info ][gc,cpu      ] GC(7) User=0.09s Sys=0.00s Real=0.02s
[2025-01-31T12:26:46.309+0000][22012][info ][safepoint   ] Safepoint "G1CollectForAllocation", Time since last: 636675600 ns, Reaching safepoint: 15800 ns, At safepoint: 7696900 ns, Total: 7712700 ns
[2025-01-31T12:26:47.714+0000][22012][info ][gc,start    ] GC(8) Pause Young (Concurrent Start) (Metadata GC Threshold)
[2025-01-31T12:26:47.714+0000][22012][info ][gc,task     ] GC(8) Using 10 workers of 10 for evacuation
[2025-01-31T12:26:47.714+0000][22012][debug][gc,age      ] GC(8) Desired survivor size 25165824 bytes, new threshold 15 (max threshold 15)
[2025-01-31T12:26:47.732+0000][22012][info ][gc,phases   ] GC(8)   Pre Evacuate Collection Set: 0.42ms
[2025-01-31T12:26:47.732+0000][22012][info ][gc,phases   ] GC(8)   Merge Heap Roots: 0.16ms
[2025-01-31T12:26:47.732+0000][22012][info ][gc,phases   ] GC(8)   Evacuate Collection Set: 10.75ms
[2025-01-31T12:26:47.732+0000][22012][info ][gc,phases   ] GC(8)   Post Evacuate Collection Set: 1.18ms
[2025-01-31T12:26:47.732+0000][22012][info ][gc,phases   ] GC(8)   Other: 0.31ms
[2025-01-31T12:26:47.732+0000][22012][trace][gc,age      ] GC(8) Age table:
[2025-01-31T12:26:47.732+0000][22012][trace][gc,age      ] GC(8) - age   1:    4312016 bytes,    4312016 total
[2025-01-31T12:26:47.732+0000][22012][trace][gc,age      ] GC(8) - age   2:    1833232 bytes,    6145248 total
[2025-01-31T12:26:47.732+0000][22012][trace][gc,age      ] GC(8) - age   3:    1439360 bytes,    7584608 total
[2025-01-31T12:26:47.732+0000][22012][trace][gc,age      ] GC(8) - age   4:    2478888 bytes,   10063496 total
[2025-01-31T12:26:47.732+0000][22012][trace][gc,age      ] GC(8) - age   5:    4115112 bytes,   14178608 total
[2025-01-31T12:26:47.732+0000][22012][trace][gc,age      ] GC(8) - age   6:    1119680 bytes,   15298288 total
[2025-01-31T12:26:47.732+0000][22012][trace][gc,age      ] GC(8) - age   7:     115048 bytes,   15413336 total
[2025-01-31T12:26:47.732+0000][22012][info ][gc,heap     ] GC(8) Eden regions: 76->0(89)
[2025-01-31T12:26:47.732+0000][22012][info ][gc,heap     ] GC(8) Survivor regions: 4->4(12)
[2025-01-31T12:26:47.732+0000][22012][info ][gc,heap     ] GC(8) Old regions: 4->4
[2025-01-31T12:26:47.732+0000][22012][info ][gc,heap     ] GC(8) Humongous regions: 0->0
[2025-01-31T12:26:47.732+0000][22012][info ][gc,metaspace] GC(8) Metaspace: 34983K(35968K)->34983K(35968K) NonClass: 31003K(31552K)->31003K(31552K) Class: 3980K(4416K)->3980K(4416K)
[2025-01-31T12:26:47.732+0000][22012][info ][gc          ] GC(8) Pause Young (Concurrent Start) (Metadata GC Threshold) 332M->30M(4008M) 13.324ms
[2025-01-31T12:26:47.732+0000][22012][info ][gc,cpu      ] GC(8) User=0.03s Sys=0.02s Real=0.02s
[2025-01-31T12:26:47.732+0000][22012][info ][gc          ] GC(9) Concurrent Mark Cycle
[2025-01-31T12:26:47.732+0000][22012][info ][safepoint   ] Safepoint "CollectForMetadataAllocation", Time since last: 1404304100 ns, Reaching safepoint: 14100 ns, At safepoint: 13479200 ns, Total: 13493300 ns
[2025-01-31T12:26:47.732+0000][22012][info ][gc,marking  ] GC(9) Concurrent Scan Root Regions
[2025-01-31T12:26:47.732+0000][22012][info ][gc,marking  ] GC(9) Concurrent Scan Root Regions 4.594ms
[2025-01-31T12:26:47.732+0000][22012][info ][gc,marking  ] GC(9) Concurrent Mark
[2025-01-31T12:26:47.732+0000][22012][info ][gc,marking  ] GC(9) Concurrent Mark From Roots
[2025-01-31T12:26:47.732+0000][22012][info ][gc,task     ] GC(9) Using 3 workers of 3 for marking
[2025-01-31T12:26:47.753+0000][22012][info ][gc,marking  ] GC(9) Concurrent Mark From Roots 17.497ms
[2025-01-31T12:26:47.753+0000][22012][info ][gc,marking  ] GC(9) Concurrent Preclean
[2025-01-31T12:26:47.753+0000][22012][info ][gc,marking  ] GC(9) Concurrent Preclean 0.120ms
[2025-01-31T12:26:47.753+0000][22012][info ][gc,start    ] GC(9) Pause Remark
[2025-01-31T12:26:47.760+0000][22012][info ][gc          ] GC(9) Pause Remark 32M->32M(4008M) 8.508ms
[2025-01-31T12:26:47.760+0000][22012][info ][gc,cpu      ] GC(9) User=0.00s Sys=0.00s Real=0.01s
[2025-01-31T12:26:47.760+0000][22012][info ][safepoint   ] Safepoint "G1PauseRemark", Time since last: 22527800 ns, Reaching safepoint: 133100 ns, At safepoint: 8672400 ns, Total: 8805500 ns
[2025-01-31T12:26:47.760+0000][22012][info ][gc,marking  ] GC(9) Concurrent Mark 26.659ms
[2025-01-31T12:26:47.760+0000][22012][info ][gc,marking  ] GC(9) Concurrent Rebuild Remembered Sets and Scrub Regions
[2025-01-31T12:26:47.760+0000][22012][info ][gc,marking  ] GC(9) Concurrent Rebuild Remembered Sets and Scrub Regions 4.796ms
[2025-01-31T12:26:47.760+0000][22012][info ][gc,start    ] GC(9) Pause Cleanup
[2025-01-31T12:26:47.760+0000][22012][info ][gc          ] GC(9) Pause Cleanup 32M->32M(4008M) 0.153ms
[2025-01-31T12:26:47.760+0000][22012][info ][gc,cpu      ] GC(9) User=0.00s Sys=0.00s Real=0.00s
[2025-01-31T12:26:47.760+0000][22012][info ][safepoint   ] Safepoint "G1PauseCleanup", Time since last: 5059300 ns, Reaching safepoint: 39200 ns, At safepoint: 257100 ns, Total: 296300 ns
[2025-01-31T12:26:47.760+0000][22012][info ][gc,marking  ] GC(9) Concurrent Clear Claimed Marks
[2025-01-31T12:26:47.760+0000][22012][info ][gc,marking  ] GC(9) Concurrent Clear Claimed Marks 0.148ms
[2025-01-31T12:26:47.760+0000][22012][info ][gc,marking  ] GC(9) Concurrent Cleanup for Next Mark
[2025-01-31T12:26:47.760+0000][22012][info ][gc,marking  ] GC(9) Concurrent Cleanup for Next Mark 5.436ms
[2025-01-31T12:26:47.760+0000][22012][info ][gc          ] GC(9) Concurrent Mark Cycle 42.622ms
[2025-01-31T12:26:48.962+0000][22012][info ][gc,start    ] GC(10) Pause Young (Normal) (G1 Evacuation Pause)
[2025-01-31T12:26:48.962+0000][22012][info ][gc,task     ] GC(10) Using 10 workers of 10 for evacuation
[2025-01-31T12:26:48.962+0000][22012][debug][gc,age      ] GC(10) Desired survivor size 25165824 bytes, new threshold 15 (max threshold 15)
[2025-01-31T12:26:48.962+0000][22012][info ][gc,phases   ] GC(10)   Pre Evacuate Collection Set: 0.78ms
[2025-01-31T12:26:48.962+0000][22012][info ][gc,phases   ] GC(10)   Merge Heap Roots: 0.10ms
[2025-01-31T12:26:48.962+0000][22012][info ][gc,phases   ] GC(10)   Evacuate Collection Set: 9.46ms
[2025-01-31T12:26:48.962+0000][22012][info ][gc,phases   ] GC(10)   Post Evacuate Collection Set: 1.30ms
[2025-01-31T12:26:48.962+0000][22012][info ][gc,phases   ] GC(10)   Other: 0.14ms
[2025-01-31T12:26:48.962+0000][22012][trace][gc,age      ] GC(10) Age table:
[2025-01-31T12:26:48.962+0000][22012][trace][gc,age      ] GC(10) - age   1:    4640296 bytes,    4640296 total
[2025-01-31T12:26:48.962+0000][22012][trace][gc,age      ] GC(10) - age   2:    4291976 bytes,    8932272 total
[2025-01-31T12:26:48.962+0000][22012][trace][gc,age      ] GC(10) - age   3:    1833136 bytes,   10765408 total
[2025-01-31T12:26:48.962+0000][22012][trace][gc,age      ] GC(10) - age   4:    1438288 bytes,   12203696 total
[2025-01-31T12:26:48.962+0000][22012][trace][gc,age      ] GC(10) - age   5:    2478504 bytes,   14682200 total
[2025-01-31T12:26:48.962+0000][22012][trace][gc,age      ] GC(10) - age   6:    4107928 bytes,   18790128 total
[2025-01-31T12:26:48.962+0000][22012][trace][gc,age      ] GC(10) - age   7:    1119024 bytes,   19909152 total
[2025-01-31T12:26:48.962+0000][22012][trace][gc,age      ] GC(10) - age   8:     114728 bytes,   20023880 total
[2025-01-31T12:26:48.962+0000][22012][info ][gc,heap     ] GC(10) Eden regions: 89->0(102)
[2025-01-31T12:26:48.962+0000][22012][info ][gc,heap     ] GC(10) Survivor regions: 4->6(12)
[2025-01-31T12:26:48.962+0000][22012][info ][gc,heap     ] GC(10) Old regions: 4->4
[2025-01-31T12:26:48.962+0000][22012][info ][gc,heap     ] GC(10) Humongous regions: 0->0
[2025-01-31T12:26:48.962+0000][22012][info ][gc,metaspace] GC(10) Metaspace: 36996K(38016K)->36996K(38016K) NonClass: 32723K(33344K)->32723K(33344K) Class: 4272K(4672K)->4272K(4672K)
[2025-01-31T12:26:48.962+0000][22012][info ][gc          ] GC(10) Pause Young (Normal) (G1 Evacuation Pause) 386M->35M(4008M) 12.109ms
[2025-01-31T12:26:48.962+0000][22012][info ][gc,cpu      ] GC(10) User=0.00s Sys=0.00s Real=0.00s
[2025-01-31T12:26:48.962+0000][22012][info ][safepoint   ] Safepoint "G1CollectForAllocation", Time since last: 1193795200 ns, Reaching safepoint: 8400 ns, At safepoint: 12173000 ns, Total: 12181400 ns
[2025-01-31T12:26:50.433+0000][22012][info ][gc,start    ] GC(11) Pause Young (Normal) (G1 Evacuation Pause)
[2025-01-31T12:26:50.433+0000][22012][info ][gc,task     ] GC(11) Using 10 workers of 10 for evacuation
[2025-01-31T12:26:50.433+0000][22012][debug][gc,age      ] GC(11) Desired survivor size 29360128 bytes, new threshold 15 (max threshold 15)
[2025-01-31T12:26:50.446+0000][22012][info ][gc,phases   ] GC(11)   Pre Evacuate Collection Set: 0.35ms
[2025-01-31T12:26:50.446+0000][22012][info ][gc,phases   ] GC(11)   Merge Heap Roots: 0.11ms
[2025-01-31T12:26:50.446+0000][22012][info ][gc,phases   ] GC(11)   Evacuate Collection Set: 11.43ms
[2025-01-31T12:26:50.446+0000][22012][info ][gc,phases   ] GC(11)   Post Evacuate Collection Set: 1.73ms
[2025-01-31T12:26:50.446+0000][22012][info ][gc,phases   ] GC(11)   Other: 0.16ms
[2025-01-31T12:26:50.446+0000][22012][trace][gc,age      ] GC(11) Age table:
[2025-01-31T12:26:50.446+0000][22012][trace][gc,age      ] GC(11) - age   1:    3801328 bytes,    3801328 total
[2025-01-31T12:26:50.446+0000][22012][trace][gc,age      ] GC(11) - age   2:    3160048 bytes,    6961376 total
[2025-01-31T12:26:50.446+0000][22012][trace][gc,age      ] GC(11) - age   3:    4291784 bytes,   11253160 total
[2025-01-31T12:26:50.446+0000][22012][trace][gc,age      ] GC(11) - age   4:    1832376 bytes,   13085536 total
[2025-01-31T12:26:50.446+0000][22012][trace][gc,age      ] GC(11) - age   5:    1437504 bytes,   14523040 total
[2025-01-31T12:26:50.446+0000][22012][trace][gc,age      ] GC(11) - age   6:    2474936 bytes,   16997976 total
[2025-01-31T12:26:50.446+0000][22012][trace][gc,age      ] GC(11) - age   7:    4107584 bytes,   21105560 total
[2025-01-31T12:26:50.446+0000][22012][trace][gc,age      ] GC(11) - age   8:    1118728 bytes,   22224288 total
[2025-01-31T12:26:50.446+0000][22012][trace][gc,age      ] GC(11) - age   9:     114136 bytes,   22338424 total
[2025-01-31T12:26:50.446+0000][22012][info ][gc,heap     ] GC(11) Eden regions: 102->0(121)
[2025-01-31T12:26:50.446+0000][22012][info ][gc,heap     ] GC(11) Survivor regions: 6->6(14)
[2025-01-31T12:26:50.446+0000][22012][info ][gc,heap     ] GC(11) Old regions: 4->4
[2025-01-31T12:26:50.446+0000][22012][info ][gc,heap     ] GC(11) Humongous regions: 0->0
[2025-01-31T12:26:50.446+0000][22012][info ][gc,metaspace] GC(11) Metaspace: 38873K(40000K)->38873K(40000K) NonClass: 34362K(35008K)->34362K(35008K) Class: 4511K(4992K)->4511K(4992K)
[2025-01-31T12:26:50.446+0000][22012][info ][gc          ] GC(11) Pause Young (Normal) (G1 Evacuation Pause) 443M->38M(4008M) 14.401ms
[2025-01-31T12:26:50.446+0000][22012][info ][gc,cpu      ] GC(11) User=0.06s Sys=0.00s Real=0.01s
[2025-01-31T12:26:50.446+0000][22012][info ][safepoint   ] Safepoint "G1CollectForAllocation", Time since last: 1464988600 ns, Reaching safepoint: 11300 ns, At safepoint: 14506800 ns, Total: 14518100 ns
[2025-01-31T12:26:51.642+0000][22012][info ][gc,start    ] GC(12) Pause Young (Normal) (G1 Evacuation Pause)
[2025-01-31T12:26:51.642+0000][22012][info ][gc,task     ] GC(12) Using 10 workers of 10 for evacuation
[2025-01-31T12:26:51.642+0000][22012][debug][gc,age      ] GC(12) Desired survivor size 33554432 bytes, new threshold 15 (max threshold 15)
[2025-01-31T12:26:51.738+0000][22012][info ][gc,phases   ] GC(12)   Pre Evacuate Collection Set: 0.61ms
[2025-01-31T12:26:51.738+0000][22012][info ][gc,phases   ] GC(12)   Merge Heap Roots: 0.15ms
[2025-01-31T12:26:51.738+0000][22012][info ][gc,phases   ] GC(12)   Evacuate Collection Set: 95.40ms
[2025-01-31T12:26:51.738+0000][22012][info ][gc,phases   ] GC(12)   Post Evacuate Collection Set: 3.55ms
[2025-01-31T12:26:51.738+0000][22012][info ][gc,phases   ] GC(12)   Other: 0.25ms
[2025-01-31T12:26:51.738+0000][22012][trace][gc,age      ] GC(12) Age table:
[2025-01-31T12:26:51.738+0000][22012][trace][gc,age      ] GC(12) - age   1:    6459792 bytes,    6459792 total
[2025-01-31T12:26:51.738+0000][22012][trace][gc,age      ] GC(12) - age   2:    3776128 bytes,   10235920 total
[2025-01-31T12:26:51.738+0000][22012][trace][gc,age      ] GC(12) - age   3:    3159776 bytes,   13395696 total
[2025-01-31T12:26:51.738+0000][22012][trace][gc,age      ] GC(12) - age   4:    4289720 bytes,   17685416 total
[2025-01-31T12:26:51.738+0000][22012][trace][gc,age      ] GC(12) - age   5:    1831816 bytes,   19517232 total
[2025-01-31T12:26:51.738+0000][22012][trace][gc,age      ] GC(12) - age   6:    1437440 bytes,   20954672 total
[2025-01-31T12:26:51.738+0000][22012][trace][gc,age      ] GC(12) - age   7:    2474808 bytes,   23429480 total
[2025-01-31T12:26:51.738+0000][22012][trace][gc,age      ] GC(12) - age   8:    4105824 bytes,   27535304 total
[2025-01-31T12:26:51.738+0000][22012][trace][gc,age      ] GC(12) - age   9:    1099032 bytes,   28634336 total
[2025-01-31T12:26:51.738+0000][22012][trace][gc,age      ] GC(12) - age  10:     114104 bytes,   28748440 total
[2025-01-31T12:26:51.738+0000][22012][info ][gc,heap     ] GC(12) Eden regions: 121->0(123)
[2025-01-31T12:26:51.738+0000][22012][info ][gc,heap     ] GC(12) Survivor regions: 6->8(16)
[2025-01-31T12:26:51.738+0000][22012][info ][gc,heap     ] GC(12) Old regions: 4->4
[2025-01-31T12:26:51.738+0000][22012][info ][gc,heap     ] GC(12) Humongous regions: 0->0
[2025-01-31T12:26:51.738+0000][22012][info ][gc,metaspace] GC(12) Metaspace: 39208K(40448K)->39208K(40448K) NonClass: 34642K(35392K)->34642K(35392K) Class: 4565K(5056K)->4565K(5056K)
[2025-01-31T12:26:51.738+0000][22012][info ][gc          ] GC(12) Pause Young (Normal) (G1 Evacuation Pause) 522M->45M(4008M) 101.055ms
[2025-01-31T12:26:51.738+0000][22012][info ][gc,cpu      ] GC(12) User=0.05s Sys=0.11s Real=0.10s
[2025-01-31T12:26:51.738+0000][22012][info ][safepoint   ] Safepoint "G1CollectForAllocation", Time since last: 1192857500 ns, Reaching safepoint: 10200 ns, At safepoint: 101212600 ns, Total: 101222800 ns
[2025-01-31T12:26:57.011+0000][22012][info ][gc,start    ] GC(13) Pause Young (Concurrent Start) (Metadata GC Threshold)
[2025-01-31T12:26:57.011+0000][22012][info ][gc,task     ] GC(13) Using 10 workers of 10 for evacuation
[2025-01-31T12:26:57.011+0000][22012][debug][gc,age      ] GC(13) Desired survivor size 35651584 bytes, new threshold 15 (max threshold 15)
[2025-01-31T12:26:57.029+0000][22012][info ][gc,phases   ] GC(13)   Pre Evacuate Collection Set: 0.58ms
[2025-01-31T12:26:57.029+0000][22012][info ][gc,phases   ] GC(13)   Merge Heap Roots: 0.24ms
[2025-01-31T12:26:57.029+0000][22012][info ][gc,phases   ] GC(13)   Evacuate Collection Set: 15.62ms
[2025-01-31T12:26:57.029+0000][22012][info ][gc,phases   ] GC(13)   Post Evacuate Collection Set: 2.23ms
[2025-01-31T12:26:57.029+0000][22012][info ][gc,phases   ] GC(13)   Other: 0.20ms
[2025-01-31T12:26:57.029+0000][22012][trace][gc,age      ] GC(13) Age table:
[2025-01-31T12:26:57.029+0000][22012][trace][gc,age      ] GC(13) - age   1:    7159824 bytes,    7159824 total
[2025-01-31T12:26:57.029+0000][22012][trace][gc,age      ] GC(13) - age   2:    6282296 bytes,   13442120 total
[2025-01-31T12:26:57.029+0000][22012][trace][gc,age      ] GC(13) - age   3:    3741984 bytes,   17184104 total
[2025-01-31T12:26:57.029+0000][22012][trace][gc,age      ] GC(13) - age   4:    3142016 bytes,   20326120 total
[2025-01-31T12:26:57.029+0000][22012][trace][gc,age      ] GC(13) - age   5:    4270336 bytes,   24596456 total
[2025-01-31T12:26:57.029+0000][22012][trace][gc,age      ] GC(13) - age   6:    1824408 bytes,   26420864 total
[2025-01-31T12:26:57.029+0000][22012][trace][gc,age      ] GC(13) - age   7:    1427768 bytes,   27848632 total
[2025-01-31T12:26:57.029+0000][22012][trace][gc,age      ] GC(13) - age   8:    2463664 bytes,   30312296 total
[2025-01-31T12:26:57.029+0000][22012][trace][gc,age      ] GC(13) - age   9:    4097040 bytes,   34409336 total
[2025-01-31T12:26:57.029+0000][22012][trace][gc,age      ] GC(13) - age  10:     894744 bytes,   35304080 total
[2025-01-31T12:26:57.029+0000][22012][trace][gc,age      ] GC(13) - age  11:     114104 bytes,   35418184 total
[2025-01-31T12:26:57.029+0000][22012][info ][gc,heap     ] GC(13) Eden regions: 117->0(162)
[2025-01-31T12:26:57.029+0000][22012][info ][gc,heap     ] GC(13) Survivor regions: 8->10(17)
[2025-01-31T12:26:57.029+0000][22012][info ][gc,heap     ] GC(13) Old regions: 4->4
[2025-01-31T12:26:57.029+0000][22012][info ][gc,heap     ] GC(13) Humongous regions: 0->0
[2025-01-31T12:26:57.029+0000][22012][info ][gc,metaspace] GC(13) Metaspace: 58830K(60288K)->58830K(60288K) NonClass: 51555K(52416K)->51555K(52416K) Class: 7274K(7872K)->7274K(7872K)
[2025-01-31T12:26:57.029+0000][22012][info ][gc          ] GC(13) Pause Young (Concurrent Start) (Metadata GC Threshold) 513M->51M(4008M) 19.383ms
[2025-01-31T12:26:57.029+0000][22012][info ][gc,cpu      ] GC(13) User=0.06s Sys=0.02s Real=0.02s
[2025-01-31T12:26:57.029+0000][22012][info ][gc          ] GC(14) Concurrent Mark Cycle
[2025-01-31T12:26:57.029+0000][22012][info ][gc,marking  ] GC(14) Concurrent Scan Root Regions
[2025-01-31T12:26:57.029+0000][22012][info ][safepoint   ] Safepoint "CollectForMetadataAllocation", Time since last: 5267339500 ns, Reaching safepoint: 9500 ns, At safepoint: 19553800 ns, Total: 19563300 ns
[2025-01-31T12:26:57.043+0000][22012][info ][gc,marking  ] GC(14) Concurrent Scan Root Regions 8.698ms
[2025-01-31T12:26:57.043+0000][22012][info ][gc,marking  ] GC(14) Concurrent Mark
[2025-01-31T12:26:57.043+0000][22012][info ][gc,marking  ] GC(14) Concurrent Mark From Roots
[2025-01-31T12:26:57.043+0000][22012][info ][gc,task     ] GC(14) Using 3 workers of 3 for marking
[2025-01-31T12:26:57.074+0000][22012][info ][gc,marking  ] GC(14) Concurrent Mark From Roots 29.788ms
[2025-01-31T12:26:57.074+0000][22012][info ][gc,marking  ] GC(14) Concurrent Preclean
[2025-01-31T12:26:57.074+0000][22012][info ][gc,marking  ] GC(14) Concurrent Preclean 0.246ms
[2025-01-31T12:26:57.074+0000][22012][info ][gc,start    ] GC(14) Pause Remark
[2025-01-31T12:26:57.074+0000][22012][info ][gc          ] GC(14) Pause Remark 55M->55M(4008M) 10.233ms
[2025-01-31T12:26:57.074+0000][22012][info ][gc,cpu      ] GC(14) User=0.00s Sys=0.00s Real=0.00s
[2025-01-31T12:26:57.074+0000][22012][info ][safepoint   ] Safepoint "G1PauseRemark", Time since last: 39206100 ns, Reaching safepoint: 17200 ns, At safepoint: 10624500 ns, Total: 10641700 ns
[2025-01-31T12:26:57.074+0000][22012][info ][gc,marking  ] GC(14) Concurrent Mark 41.210ms
[2025-01-31T12:26:57.074+0000][22012][info ][gc,marking  ] GC(14) Concurrent Rebuild Remembered Sets and Scrub Regions
[2025-01-31T12:26:57.094+0000][22012][info ][gc,marking  ] GC(14) Concurrent Rebuild Remembered Sets and Scrub Regions 10.049ms
[2025-01-31T12:26:57.094+0000][22012][info ][gc,start    ] GC(14) Pause Cleanup
[2025-01-31T12:26:57.094+0000][22012][info ][gc          ] GC(14) Pause Cleanup 55M->55M(4008M) 0.097ms
[2025-01-31T12:26:57.094+0000][22012][info ][gc,cpu      ] GC(14) User=0.00s Sys=0.00s Real=0.00s
[2025-01-31T12:26:57.094+0000][22012][info ][safepoint   ] Safepoint "G1PauseCleanup", Time since last: 10483400 ns, Reaching safepoint: 207600 ns, At safepoint: 183700 ns, Total: 391300 ns
[2025-01-31T12:26:57.094+0000][22012][info ][gc,marking  ] GC(14) Concurrent Clear Claimed Marks
[2025-01-31T12:26:57.094+0000][22012][info ][gc,marking  ] GC(14) Concurrent Clear Claimed Marks 0.145ms
[2025-01-31T12:26:57.094+0000][22012][info ][gc,marking  ] GC(14) Concurrent Cleanup for Next Mark
[2025-01-31T12:26:57.122+0000][22012][info ][gc,marking  ] GC(14) Concurrent Cleanup for Next Mark 25.100ms
[2025-01-31T12:26:57.122+0000][22012][info ][gc          ] GC(14) Concurrent Mark Cycle 86.341ms
[2025-01-31T12:27:04.588+0000][22012][info ][gc,start    ] GC(15) Pause Young (Normal) (G1 Evacuation Pause)
[2025-01-31T12:27:04.588+0000][22012][info ][gc,task     ] GC(15) Using 10 workers of 10 for evacuation
[2025-01-31T12:27:04.588+0000][22012][debug][gc,age      ] GC(15) Desired survivor size 46137344 bytes, new threshold 15 (max threshold 15)
[2025-01-31T12:27:04.699+0000][22012][info ][gc,phases   ] GC(15)   Pre Evacuate Collection Set: 5.01ms
[2025-01-31T12:27:04.699+0000][22012][info ][gc,phases   ] GC(15)   Merge Heap Roots: 0.91ms
[2025-01-31T12:27:04.699+0000][22012][info ][gc,phases   ] GC(15)   Evacuate Collection Set: 95.86ms
[2025-01-31T12:27:04.699+0000][22012][info ][gc,phases   ] GC(15)   Post Evacuate Collection Set: 3.36ms
[2025-01-31T12:27:04.699+0000][22012][info ][gc,phases   ] GC(15)   Other: 3.50ms
[2025-01-31T12:27:04.699+0000][22012][trace][gc,age      ] GC(15) Age table:
[2025-01-31T12:27:04.699+0000][22012][trace][gc,age      ] GC(15) - age   1:   11754120 bytes,   11754120 total
[2025-01-31T12:27:04.699+0000][22012][trace][gc,age      ] GC(15) - age   2:    6713800 bytes,   18467920 total
[2025-01-31T12:27:04.699+0000][22012][trace][gc,age      ] GC(15) - age   3:    6239384 bytes,   24707304 total
[2025-01-31T12:27:04.699+0000][22012][trace][gc,age      ] GC(15) - age   4:    3733736 bytes,   28441040 total
[2025-01-31T12:27:04.699+0000][22012][trace][gc,age      ] GC(15) - age   5:    3138680 bytes,   31579720 total
[2025-01-31T12:27:04.699+0000][22012][trace][gc,age      ] GC(15) - age   6:    4261928 bytes,   35841648 total
[2025-01-31T12:27:04.699+0000][22012][trace][gc,age      ] GC(15) - age   7:    1820432 bytes,   37662080 total
[2025-01-31T12:27:04.699+0000][22012][trace][gc,age      ] GC(15) - age   8:    1422544 bytes,   39084624 total
[2025-01-31T12:27:04.699+0000][22012][trace][gc,age      ] GC(15) - age   9:    2454312 bytes,   41538936 total
[2025-01-31T12:27:04.699+0000][22012][trace][gc,age      ] GC(15) - age  10:    4077152 bytes,   45616088 total
[2025-01-31T12:27:04.699+0000][22012][trace][gc,age      ] GC(15) - age  11:     888280 bytes,   46504368 total
[2025-01-31T12:27:04.699+0000][22012][trace][gc,age      ] GC(15) - age  12:     113336 bytes,   46617704 total
[2025-01-31T12:27:04.699+0000][22012][info ][gc,heap     ] GC(15) Eden regions: 162->0(130)
[2025-01-31T12:27:04.699+0000][22012][info ][gc,heap     ] GC(15) Survivor regions: 10->13(22)
[2025-01-31T12:27:04.699+0000][22012][info ][gc,heap     ] GC(15) Old regions: 4->4
[2025-01-31T12:27:04.699+0000][22012][info ][gc,heap     ] GC(15) Humongous regions: 0->0
[2025-01-31T12:27:04.699+0000][22012][info ][gc,metaspace] GC(15) Metaspace: 77738K(79680K)->77738K(79680K) NonClass: 67259K(68416K)->67259K(68416K) Class: 10479K(11264K)->10479K(11264K)
[2025-01-31T12:27:04.712+0000][22012][info ][gc          ] GC(15) Pause Young (Normal) (G1 Evacuation Pause) 699M->64M(4008M) 118.739ms
[2025-01-31T12:27:04.712+0000][22012][info ][gc,cpu      ] GC(15) User=0.25s Sys=0.30s Real=0.12s
[2025-01-31T12:27:04.712+0000][22012][info ][safepoint   ] Safepoint "G1CollectForAllocation", Time since last: 7495774100 ns, Reaching safepoint: 312500 ns, At safepoint: 119551700 ns, Total: 119864200 ns
[2025-01-31T12:27:14.148+0000][22012][info ][gc,start    ] GC(16) Pause Young (Concurrent Start) (Metadata GC Threshold)
[2025-01-31T12:27:14.148+0000][22012][info ][gc,task     ] GC(16) Using 10 workers of 10 for evacuation
[2025-01-31T12:27:14.148+0000][22012][debug][gc,age      ] GC(16) Desired survivor size 37748736 bytes, new threshold 8 (max threshold 15)
[2025-01-31T12:27:14.210+0000][22012][info ][gc,phases   ] GC(16)   Pre Evacuate Collection Set: 1.22ms
[2025-01-31T12:27:14.210+0000][22012][info ][gc,phases   ] GC(16)   Merge Heap Roots: 0.16ms
[2025-01-31T12:27:14.210+0000][22012][info ][gc,phases   ] GC(16)   Evacuate Collection Set: 58.36ms
[2025-01-31T12:27:14.210+0000][22012][info ][gc,phases   ] GC(16)   Post Evacuate Collection Set: 3.52ms
[2025-01-31T12:27:14.210+0000][22012][info ][gc,phases   ] GC(16)   Other: 0.96ms
[2025-01-31T12:27:14.210+0000][22012][trace][gc,age      ] GC(16) Age table:
[2025-01-31T12:27:14.210+0000][22012][trace][gc,age      ] GC(16) - age   1:   10052592 bytes,   10052592 total
[2025-01-31T12:27:14.210+0000][22012][trace][gc,age      ] GC(16) - age   2:   11308208 bytes,   21360800 total
[2025-01-31T12:27:14.210+0000][22012][trace][gc,age      ] GC(16) - age   3:    6577448 bytes,   27938248 total
[2025-01-31T12:27:14.210+0000][22012][trace][gc,age      ] GC(16) - age   4:    6233272 bytes,   34171520 total
[2025-01-31T12:27:14.210+0000][22012][trace][gc,age      ] GC(16) - age   5:    3725512 bytes,   37897032 total
[2025-01-31T12:27:14.210+0000][22012][trace][gc,age      ] GC(16) - age   6:    3130496 bytes,   41027528 total
[2025-01-31T12:27:14.210+0000][22012][trace][gc,age      ] GC(16) - age   7:    4250016 bytes,   45277544 total
[2025-01-31T12:27:14.210+0000][22012][trace][gc,age      ] GC(16) - age   8:    1817816 bytes,   47095360 total
[2025-01-31T12:27:14.210+0000][22012][info ][gc,heap     ] GC(16) Eden regions: 100->0(152)
[2025-01-31T12:27:14.210+0000][22012][info ][gc,heap     ] GC(16) Survivor regions: 13->13(18)
[2025-01-31T12:27:14.210+0000][22012][info ][gc,heap     ] GC(16) Old regions: 4->6
[2025-01-31T12:27:14.210+0000][22012][info ][gc,heap     ] GC(16) Humongous regions: 0->0
[2025-01-31T12:27:14.210+0000][22012][info ][gc,metaspace] GC(16) Metaspace: 99005K(101056K)->99005K(101056K) NonClass: 85468K(86656K)->85468K(86656K) Class: 13537K(14400K)->13537K(14400K)
[2025-01-31T12:27:14.210+0000][22012][info ][gc          ] GC(16) Pause Young (Concurrent Start) (Metadata GC Threshold) 462M->72M(4008M) 65.718ms
[2025-01-31T12:27:14.210+0000][22012][info ][gc,cpu      ] GC(16) User=0.12s Sys=0.16s Real=0.06s
[2025-01-31T12:27:14.210+0000][22012][info ][gc          ] GC(17) Concurrent Mark Cycle
[2025-01-31T12:27:14.210+0000][22012][info ][safepoint   ] Safepoint "CollectForMetadataAllocation", Time since last: 9439920300 ns, Reaching safepoint: 15200 ns, At safepoint: 66067900 ns, Total: 66083100 ns
[2025-01-31T12:27:14.210+0000][22012][info ][gc,marking  ] GC(17) Concurrent Scan Root Regions
[2025-01-31T12:27:14.242+0000][22012][info ][gc,marking  ] GC(17) Concurrent Scan Root Regions 23.266ms
[2025-01-31T12:27:14.242+0000][22012][info ][gc,marking  ] GC(17) Concurrent Mark
[2025-01-31T12:27:14.242+0000][22012][info ][gc,marking  ] GC(17) Concurrent Mark From Roots
[2025-01-31T12:27:14.242+0000][22012][info ][gc,task     ] GC(17) Using 3 workers of 3 for marking
[2025-01-31T12:27:14.257+0000][22012][info ][gc,marking  ] GC(17) Concurrent Mark From Roots 26.004ms
[2025-01-31T12:27:14.257+0000][22012][info ][gc,marking  ] GC(17) Concurrent Preclean
[2025-01-31T12:27:14.257+0000][22012][info ][gc,marking  ] GC(17) Concurrent Preclean 0.111ms
[2025-01-31T12:27:14.257+0000][22012][info ][gc,start    ] GC(17) Pause Remark
[2025-01-31T12:27:14.273+0000][22012][info ][gc          ] GC(17) Pause Remark 76M->76M(4008M) 19.122ms
[2025-01-31T12:27:14.273+0000][22012][info ][gc,cpu      ] GC(17) User=0.03s Sys=0.02s Real=0.02s
[2025-01-31T12:27:14.273+0000][22012][info ][safepoint   ] Safepoint "G1PauseRemark", Time since last: 49799600 ns, Reaching safepoint: 48700 ns, At safepoint: 19248400 ns, Total: 19297100 ns
[2025-01-31T12:27:14.273+0000][22012][info ][gc,marking  ] GC(17) Concurrent Mark 45.773ms
[2025-01-31T12:27:14.273+0000][22012][info ][gc,marking  ] GC(17) Concurrent Rebuild Remembered Sets and Scrub Regions
[2025-01-31T12:27:14.289+0000][22012][info ][gc,marking  ] GC(17) Concurrent Rebuild Remembered Sets and Scrub Regions 8.961ms
[2025-01-31T12:27:14.289+0000][22012][info ][gc,start    ] GC(17) Pause Cleanup
[2025-01-31T12:27:14.289+0000][22012][info ][gc          ] GC(17) Pause Cleanup 77M->77M(4008M) 0.081ms
[2025-01-31T12:27:14.289+0000][22012][info ][gc,cpu      ] GC(17) User=0.00s Sys=0.00s Real=0.00s
[2025-01-31T12:27:14.289+0000][22012][info ][safepoint   ] Safepoint "G1PauseCleanup", Time since last: 9353200 ns, Reaching safepoint: 147600 ns, At safepoint: 154100 ns, Total: 301700 ns
[2025-01-31T12:27:14.289+0000][22012][info ][gc,marking  ] GC(17) Concurrent Clear Claimed Marks
[2025-01-31T12:27:14.289+0000][22012][info ][gc,marking  ] GC(17) Concurrent Clear Claimed Marks 0.285ms
[2025-01-31T12:27:14.289+0000][22012][info ][gc,marking  ] GC(17) Concurrent Cleanup for Next Mark
[2025-01-31T12:27:14.337+0000][22012][info ][gc,marking  ] GC(17) Concurrent Cleanup for Next Mark 39.697ms
[2025-01-31T12:27:14.337+0000][22012][info ][gc          ] GC(17) Concurrent Mark Cycle 119.002ms
[2025-01-31T12:28:22.662+0000][22012][info ][gc,start    ] GC(18) Pause Young (Prepare Mixed) (G1 Evacuation Pause)
[2025-01-31T12:28:22.670+0000][22012][info ][gc,task     ] GC(18) Using 10 workers of 10 for evacuation
[2025-01-31T12:28:22.671+0000][22012][debug][gc,age      ] GC(18) Desired survivor size 44040192 bytes, new threshold 7 (max threshold 15)
[2025-01-31T12:28:24.230+0000][22012][info ][gc,mmu      ] GC(18) MMU target violated: 201.0ms (200.0ms/201.0ms)
[2025-01-31T12:28:24.230+0000][22012][info ][gc,phases   ] GC(18)   Pre Evacuate Collection Set: 26.96ms
[2025-01-31T12:28:24.230+0000][22012][info ][gc,phases   ] GC(18)   Merge Heap Roots: 4.16ms
[2025-01-31T12:28:24.230+0000][22012][info ][gc,phases   ] GC(18)   Evacuate Collection Set: 1495.39ms
[2025-01-31T12:28:24.230+0000][22012][info ][gc,phases   ] GC(18)   Post Evacuate Collection Set: 35.38ms
[2025-01-31T12:28:24.230+0000][22012][info ][gc,phases   ] GC(18)   Other: 9.77ms
[2025-01-31T12:28:24.230+0000][22012][trace][gc,age      ] GC(18) Age table:
[2025-01-31T12:28:24.230+0000][22012][trace][gc,age      ] GC(18) - age   1:   45624208 bytes,   45624208 total
[2025-01-31T12:28:24.230+0000][22012][trace][gc,age      ] GC(18) - age   2:    8750352 bytes,   54374560 total
[2025-01-31T12:28:24.230+0000][22012][trace][gc,age      ] GC(18) - age   3:    9986048 bytes,   64360608 total
[2025-01-31T12:28:24.230+0000][22012][trace][gc,age      ] GC(18) - age   4:    5787224 bytes,   70147832 total
[2025-01-31T12:28:24.230+0000][22012][trace][gc,age      ] GC(18) - age   5:    6143848 bytes,   76291680 total
[2025-01-31T12:28:24.239+0000][22012][trace][gc,age      ] GC(18) - age   6:    3678512 bytes,   79970192 total
[2025-01-31T12:28:24.239+0000][22012][trace][gc,age      ] GC(18) - age   7:    3090144 bytes,   83060336 total
[2025-01-31T12:28:24.239+0000][22012][info ][gc,heap     ] GC(18) Eden regions: 152->0(29)
[2025-01-31T12:28:24.239+0000][22012][info ][gc,heap     ] GC(18) Survivor regions: 13->21(21)
[2025-01-31T12:28:24.239+0000][22012][info ][gc,heap     ] GC(18) Old regions: 6->11
[2025-01-31T12:28:24.239+0000][22012][info ][gc,heap     ] GC(18) Humongous regions: 2->2
[2025-01-31T12:28:24.239+0000][22012][info ][gc,metaspace] GC(18) Metaspace: 146519K(150592K)->146519K(150592K) NonClass: 125430K(127680K)->125430K(127680K) Class: 21089K(22912K)->21089K(22912K)
[2025-01-31T12:28:24.239+0000][22012][info ][gc          ] GC(18) Pause Young (Prepare Mixed) (G1 Evacuation Pause) (Evacuation Failure: Pinned) 688M->133M(4008M) 1577.226ms
[2025-01-31T12:28:24.239+0000][22012][info ][gc,cpu      ] GC(18) User=0.20s Sys=1.50s Real=1.59s
[2025-01-31T12:28:24.239+0000][22012][info ][safepoint   ] Safepoint "G1CollectForAllocation", Time since last: 68364855700 ns, Reaching safepoint: 26600 ns, At safepoint: 1578369500 ns, Total: 1578396100 ns
[2025-01-31T12:29:55.972+0000][22012][info ][gc,start    ] GC(19) Pause Young (Mixed) (G1 Evacuation Pause)
[2025-01-31T12:29:55.972+0000][22012][info ][gc,task     ] GC(19) Using 10 workers of 10 for evacuation
[2025-01-31T12:29:55.972+0000][22012][debug][gc,age      ] GC(19) Desired survivor size 14680064 bytes, new threshold 1 (max threshold 15)
[2025-01-31T12:29:56.508+0000][22012][info ][gc,mmu      ] GC(19) MMU target violated: 201.0ms (200.0ms/201.0ms)
[2025-01-31T12:29:56.513+0000][22012][info ][gc,phases   ] GC(19)   Pre Evacuate Collection Set: 18.37ms
[2025-01-31T12:29:56.513+0000][22012][info ][gc,phases   ] GC(19)   Merge Heap Roots: 7.52ms
[2025-01-31T12:29:56.513+0000][22012][info ][gc,phases   ] GC(19)   Evacuate Collection Set: 479.73ms
[2025-01-31T12:29:56.513+0000][22012][info ][gc,phases   ] GC(19)   Post Evacuate Collection Set: 24.06ms
[2025-01-31T12:29:56.513+0000][22012][info ][gc,phases   ] GC(19)   Other: 7.77ms
[2025-01-31T12:29:56.513+0000][22012][trace][gc,age      ] GC(19) Age table:
[2025-01-31T12:29:56.513+0000][22012][trace][gc,age      ] GC(19) - age   1:     612288 bytes,     612288 total
[2025-01-31T12:29:56.513+0000][22012][info ][gc,heap     ] GC(19) Eden regions: 29->0(48)
[2025-01-31T12:29:56.513+0000][22012][info ][gc,heap     ] GC(19) Survivor regions: 21->2(7)
[2025-01-31T12:29:56.513+0000][22012][info ][gc,heap     ] GC(19) Old regions: 11->31
[2025-01-31T12:29:56.513+0000][22012][info ][gc,heap     ] GC(19) Humongous regions: 2->2
[2025-01-31T12:29:56.513+0000][22012][info ][gc,metaspace] GC(19) Metaspace: 148197K(152320K)->148197K(152320K) NonClass: 126886K(129152K)->126886K(129152K) Class: 21311K(23168K)->21311K(23168K)
[2025-01-31T12:29:56.514+0000][22012][info ][gc          ] GC(19) Pause Young (Mixed) (G1 Evacuation Pause) 249M->138M(4008M) 541.898ms
[2025-01-31T12:29:56.514+0000][22012][info ][gc,cpu      ] GC(19) User=0.05s Sys=0.19s Real=0.56s
[2025-01-31T12:29:56.514+0000][22012][info ][safepoint   ] Safepoint "G1CollectForAllocation", Time since last: 91730493400 ns, Reaching safepoint: 483000 ns, At safepoint: 542776900 ns, Total: 543259900 ns
[2025-01-31T12:33:25.845+0000][22012][info ][gc,start    ] GC(20) Pause Young (Normal) (G1 Evacuation Pause)
[2025-01-31T12:33:25.850+0000][22012][info ][gc,task     ] GC(20) Using 10 workers of 10 for evacuation
[2025-01-31T12:33:25.850+0000][22012][debug][gc,age      ] GC(20) Desired survivor size 14680064 bytes, new threshold 15 (max threshold 15)
[2025-01-31T12:33:25.939+0000][22012][info ][gc,phases   ] GC(20)   Pre Evacuate Collection Set: 8.10ms
[2025-01-31T12:33:25.939+0000][22012][info ][gc,phases   ] GC(20)   Merge Heap Roots: 2.93ms
[2025-01-31T12:33:25.939+0000][22012][info ][gc,phases   ] GC(20)   Evacuate Collection Set: 71.83ms
[2025-01-31T12:33:25.939+0000][22012][info ][gc,phases   ] GC(20)   Post Evacuate Collection Set: 12.74ms
[2025-01-31T12:33:25.939+0000][22012][info ][gc,phases   ] GC(20)   Other: 3.62ms
[2025-01-31T12:33:25.939+0000][22012][trace][gc,age      ] GC(20) Age table:
[2025-01-31T12:33:25.939+0000][22012][trace][gc,age      ] GC(20) - age   1:     218520 bytes,     218520 total
[2025-01-31T12:33:25.939+0000][22012][trace][gc,age      ] GC(20) - age   2:     556824 bytes,     775344 total
[2025-01-31T12:33:25.939+0000][22012][info ][gc,heap     ] GC(20) Eden regions: 53->0(57)
[2025-01-31T12:33:25.939+0000][22012][info ][gc,heap     ] GC(20) Survivor regions: 2->1(7)
[2025-01-31T12:33:25.939+0000][22012][info ][gc,heap     ] GC(20) Old regions: 31->31
[2025-01-31T12:33:25.939+0000][22012][info ][gc,heap     ] GC(20) Humongous regions: 2->2
[2025-01-31T12:33:25.939+0000][22012][info ][gc,metaspace] GC(20) Metaspace: 148778K(152896K)->148778K(152896K) NonClass: 127396K(129664K)->127396K(129664K) Class: 21381K(23232K)->21381K(23232K)
[2025-01-31T12:33:25.939+0000][22012][info ][gc          ] GC(20) Pause Young (Normal) (G1 Evacuation Pause) 350M->132M(4008M) 103.793ms
[2025-01-31T12:33:25.939+0000][22012][info ][gc,cpu      ] GC(20) User=0.00s Sys=0.11s Real=0.09s
[2025-01-31T12:33:25.939+0000][22012][info ][safepoint   ] Safepoint "G1CollectForAllocation", Time since last: 209332846100 ns, Reaching safepoint: 45400 ns, At safepoint: 104328700 ns, Total: 104374100 ns
[2025-01-31T12:37:41.726+0000][22012][info ][gc,start    ] GC(21) Pause Young (Normal) (G1 Evacuation Pause)
[2025-01-31T12:37:41.726+0000][22012][info ][gc,task     ] GC(21) Using 10 workers of 10 for evacuation
[2025-01-31T12:37:41.726+0000][22012][debug][gc,age      ] GC(21) Desired survivor size 16777216 bytes, new threshold 15 (max threshold 15)
[2025-01-31T12:37:41.846+0000][22012][info ][gc,phases   ] GC(21)   Pre Evacuate Collection Set: 13.77ms
[2025-01-31T12:37:41.846+0000][22012][info ][gc,phases   ] GC(21)   Merge Heap Roots: 1.39ms
[2025-01-31T12:37:41.846+0000][22012][info ][gc,phases   ] GC(21)   Evacuate Collection Set: 74.81ms
[2025-01-31T12:37:41.846+0000][22012][info ][gc,phases   ] GC(21)   Post Evacuate Collection Set: 19.78ms
[2025-01-31T12:37:41.846+0000][22012][info ][gc,phases   ] GC(21)   Other: 3.25ms
[2025-01-31T12:37:41.846+0000][22012][trace][gc,age      ] GC(21) Age table:
[2025-01-31T12:37:41.846+0000][22012][trace][gc,age      ] GC(21) - age   1:      84776 bytes,      84776 total
[2025-01-31T12:37:41.846+0000][22012][trace][gc,age      ] GC(21) - age   2:     177720 bytes,     262496 total
[2025-01-31T12:37:41.846+0000][22012][trace][gc,age      ] GC(21) - age   3:     556680 bytes,     819176 total
[2025-01-31T12:37:41.846+0000][22012][info ][gc,heap     ] GC(21) Eden regions: 62->0(70)
[2025-01-31T12:37:41.846+0000][22012][info ][gc,heap     ] GC(21) Survivor regions: 1->1(8)
[2025-01-31T12:37:41.846+0000][22012][info ][gc,heap     ] GC(21) Old regions: 31->31
[2025-01-31T12:37:41.846+0000][22012][info ][gc,heap     ] GC(21) Humongous regions: 2->2
[2025-01-31T12:37:41.846+0000][22012][info ][gc,metaspace] GC(21) Metaspace: 148912K(153024K)->148912K(153024K) NonClass: 127518K(129792K)->127518K(129792K) Class: 21393K(23232K)->21393K(23232K)
[2025-01-31T12:37:41.846+0000][22012][info ][gc          ] GC(21) Pause Young (Normal) (G1 Evacuation Pause) 380M->131M(4008M) 115.510ms
[2025-01-31T12:37:41.846+0000][22012][info ][gc,cpu      ] GC(21) User=0.05s Sys=0.06s Real=0.12s
[2025-01-31T12:37:41.846+0000][22012][info ][safepoint   ] Safepoint "G1CollectForAllocation", Time since last: 255786135400 ns, Reaching safepoint: 112200 ns, At safepoint: 116121100 ns, Total: 116233300 ns
[2025-01-31T12:42:52.517+0000][22012][info ][gc,start    ] GC(22) Pause Young (Normal) (G1 Evacuation Pause)
[2025-01-31T12:42:52.533+0000][22012][info ][gc,task     ] GC(22) Using 10 workers of 10 for evacuation
[2025-01-31T12:42:52.533+0000][22012][debug][gc,age      ] GC(22) Desired survivor size 20971520 bytes, new threshold 15 (max threshold 15)
[2025-01-31T12:42:52.724+0000][22012][info ][gc,mmu      ] GC(22) MMU target violated: 200.0ms (200.0ms/201.0ms)
[2025-01-31T12:42:52.724+0000][22012][info ][gc,phases   ] GC(22)   Pre Evacuate Collection Set: 25.79ms
[2025-01-31T12:42:52.724+0000][22012][info ][gc,phases   ] GC(22)   Merge Heap Roots: 1.82ms
[2025-01-31T12:42:52.724+0000][22012][info ][gc,phases   ] GC(22)   Evacuate Collection Set: 138.20ms
[2025-01-31T12:42:52.724+0000][22012][info ][gc,phases   ] GC(22)   Post Evacuate Collection Set: 28.90ms
[2025-01-31T12:42:52.724+0000][22012][info ][gc,phases   ] GC(22)   Other: 10.32ms
[2025-01-31T12:42:52.724+0000][22012][trace][gc,age      ] GC(22) Age table:
[2025-01-31T12:42:52.724+0000][22012][trace][gc,age      ] GC(22) - age   1:      68120 bytes,      68120 total
[2025-01-31T12:42:52.724+0000][22012][trace][gc,age      ] GC(22) - age   2:      50416 bytes,     118536 total
[2025-01-31T12:42:52.724+0000][22012][trace][gc,age      ] GC(22) - age   3:     177688 bytes,     296224 total
[2025-01-31T12:42:52.724+0000][22012][trace][gc,age      ] GC(22) - age   4:     556680 bytes,     852904 total
[2025-01-31T12:42:52.724+0000][22012][info ][gc,heap     ] GC(22) Eden regions: 75->0(58)
[2025-01-31T12:42:52.724+0000][22012][info ][gc,heap     ] GC(22) Survivor regions: 1->1(10)
[2025-01-31T12:42:52.724+0000][22012][info ][gc,heap     ] GC(22) Old regions: 31->31
[2025-01-31T12:42:52.724+0000][22012][info ][gc,heap     ] GC(22) Humongous regions: 2->2
[2025-01-31T12:42:52.724+0000][22012][info ][gc,metaspace] GC(22) Metaspace: 148968K(153088K)->148968K(153088K) NonClass: 127571K(129856K)->127571K(129856K) Class: 21396K(23232K)->21396K(23232K)
[2025-01-31T12:42:52.724+0000][22012][info ][gc          ] GC(22) Pause Young (Normal) (G1 Evacuation Pause) 431M->131M(4008M) 215.255ms
[2025-01-31T12:42:52.724+0000][22012][info ][gc,cpu      ] GC(22) User=0.05s Sys=0.09s Real=0.21s
[2025-01-31T12:42:52.724+0000][22012][info ][safepoint   ] Safepoint "G1CollectForAllocation", Time since last: 310667598500 ns, Reaching safepoint: 105800 ns, At safepoint: 216397400 ns, Total: 216503200 ns
[2025-01-31T12:47:33.999+0000][22012][info ][gc,start    ] GC(23) Pause Young (Normal) (G1 Evacuation Pause)
[2025-01-31T12:47:34.008+0000][22012][info ][gc,task     ] GC(23) Using 10 workers of 10 for evacuation
[2025-01-31T12:47:34.008+0000][22012][debug][gc,age      ] GC(23) Desired survivor size 18874368 bytes, new threshold 15 (max threshold 15)
[2025-01-31T12:47:34.136+0000][22012][info ][gc,phases   ] GC(23)   Pre Evacuate Collection Set: 21.06ms
[2025-01-31T12:47:34.136+0000][22012][info ][gc,phases   ] GC(23)   Merge Heap Roots: 2.31ms
[2025-01-31T12:47:34.136+0000][22012][info ][gc,phases   ] GC(23)   Evacuate Collection Set: 86.42ms
[2025-01-31T12:47:34.136+0000][22012][info ][gc,phases   ] GC(23)   Post Evacuate Collection Set: 14.12ms
[2025-01-31T12:47:34.136+0000][22012][info ][gc,phases   ] GC(23)   Other: 7.90ms
[2025-01-31T12:47:34.136+0000][22012][trace][gc,age      ] GC(23) Age table:
[2025-01-31T12:47:34.136+0000][22012][trace][gc,age      ] GC(23) - age   1:      41256 bytes,      41256 total
[2025-01-31T12:47:34.136+0000][22012][trace][gc,age      ] GC(23) - age   2:      47848 bytes,      89104 total
[2025-01-31T12:47:34.136+0000][22012][trace][gc,age      ] GC(23) - age   3:      49304 bytes,     138408 total
[2025-01-31T12:47:34.136+0000][22012][trace][gc,age      ] GC(23) - age   4:     177448 bytes,     315856 total
[2025-01-31T12:47:34.136+0000][22012][trace][gc,age      ] GC(23) - age   5:     556616 bytes,     872472 total
[2025-01-31T12:47:34.136+0000][22012][info ][gc,heap     ] GC(23) Eden regions: 68->0(75)
[2025-01-31T12:47:34.136+0000][22012][info ][gc,heap     ] GC(23) Survivor regions: 1->1(9)
[2025-01-31T12:47:34.136+0000][22012][info ][gc,heap     ] GC(23) Old regions: 31->31
[2025-01-31T12:47:34.136+0000][22012][info ][gc,heap     ] GC(23) Humongous regions: 2->2
[2025-01-31T12:47:34.136+0000][22012][info ][gc,metaspace] GC(23) Metaspace: 149011K(153152K)->149011K(153152K) NonClass: 127614K(129920K)->127614K(129920K) Class: 21396K(23232K)->21396K(23232K)
[2025-01-31T12:47:34.136+0000][22012][info ][gc          ] GC(23) Pause Young (Normal) (G1 Evacuation Pause) 403M->131M(4008M) 140.226ms
[2025-01-31T12:47:34.136+0000][22012][info ][gc,cpu      ] GC(23) User=0.02s Sys=0.03s Real=0.14s
[2025-01-31T12:47:34.136+0000][22012][info ][safepoint   ] Safepoint "G1CollectForAllocation", Time since last: 281261735700 ns, Reaching safepoint: 215700 ns, At safepoint: 141428200 ns, Total: 141643900 ns
[2025-01-31T12:50:02.692+0000][22012][info ][gc,heap,exit] Heap
[2025-01-31T12:50:02.695+0000][22012][info ][gc,heap,exit]  garbage-first heap   total reserved 4104192K, committed 4104192K, used 298885K [0x0000000705800000, 0x0000000800000000)
[2025-01-31T12:50:02.695+0000][22012][info ][gc,heap,exit]   region size 4096K, 42 young (172032K), 1 survivors (4096K)
[2025-01-31T12:50:02.695+0000][22012][info ][gc,heap,exit]  Metaspace       used 149566K, committed 153728K, reserved 1179648K
[2025-01-31T12:50:02.695+0000][22012][info ][gc,heap,exit]   class space    used 21514K, committed 23360K, reserved 1048576K
