[2025-01-31T14:14:15.515+0000][23188][info][gc,init] CardTable entry size: 512
[2025-01-31T14:14:15.515+0000][23188][info][gc     ] Using G1
[2025-01-31T14:14:17.924+0000][23188][info][gc,init] Version: 23+37-2369 (release)
[2025-01-31T14:14:17.924+0000][23188][info][gc,init] CPUs: 12 total, 12 available
[2025-01-31T14:14:17.924+0000][23188][info][gc,init] Memory: 8016M
[2025-01-31T14:14:17.924+0000][23188][info][gc,init] Large Page Support: Disabled
[2025-01-31T14:14:17.924+0000][23188][info][gc,init] NUMA Support: Disabled
[2025-01-31T14:14:17.924+0000][23188][info][gc,init] Compressed Oops: Enabled (Zero based)
[2025-01-31T14:14:17.924+0000][23188][info][gc,init] Heap Region Size: 4M
[2025-01-31T14:14:17.924+0000][23188][info][gc,init] Heap Min Capacity: 4008M
[2025-01-31T14:14:17.924+0000][23188][info][gc,init] Heap Initial Capacity: 4008M
[2025-01-31T14:14:17.924+0000][23188][info][gc,init] Heap Max Capacity: 4008M
[2025-01-31T14:14:17.924+0000][23188][info][gc,init] Pre-touch: Enabled
[2025-01-31T14:14:17.924+0000][23188][info][gc,init] Parallel Workers: 10
[2025-01-31T14:14:17.924+0000][23188][info][gc,init] Concurrent Workers: 3
[2025-01-31T14:14:17.924+0000][23188][info][gc,init] Concurrent Refinement Workers: 10
[2025-01-31T14:14:17.924+0000][23188][info][gc,init] Periodic GC: Disabled
[2025-01-31T14:14:17.955+0000][23188][info][gc,metaspace] CDS archive(s) mapped at: [0x0000012e40000000-0x0000012e40d70000-0x0000012e40d70000), size 14090240, SharedBaseAddress: 0x0000012e40000000, ArchiveRelocationMode: 1.
[2025-01-31T14:14:17.955+0000][23188][info][gc,metaspace] Compressed class space mapped at: 0x0000012e41000000-0x0000012e81000000, reserved size: 1073741824
[2025-01-31T14:14:17.955+0000][23188][info][gc,metaspace] Narrow klass base: 0x0000012e40000000, Narrow klass shift: 0, Narrow klass range: 0x41000000
[2025-01-31T14:14:24.548+0000][23188][info][gc,start    ] GC(0) Pause Young (Normal) (G1 Evacuation Pause)
[2025-01-31T14:14:24.548+0000][23188][info][gc,task     ] GC(0) Using 10 workers of 10 for evacuation
[2025-01-31T14:14:24.548+0000][23188][debug][gc,age      ] GC(0) Desired survivor size 14680064 bytes, new threshold 15 (max threshold 15)
[2025-01-31T14:14:24.580+0000][23188][info ][gc,phases   ] GC(0)   Pre Evacuate Collection Set: 5.04ms
[2025-01-31T14:14:24.580+0000][23188][info ][gc,phases   ] GC(0)   Merge Heap Roots: 0.69ms
[2025-01-31T14:14:24.580+0000][23188][info ][gc,phases   ] GC(0)   Evacuate Collection Set: 14.24ms
[2025-01-31T14:14:24.580+0000][23188][info ][gc,phases   ] GC(0)   Post Evacuate Collection Set: 2.79ms
[2025-01-31T14:14:24.580+0000][23188][info ][gc,phases   ] GC(0)   Other: 1.43ms
[2025-01-31T14:14:24.580+0000][23188][trace][gc,age      ] GC(0) Age table:
[2025-01-31T14:14:24.580+0000][23188][trace][gc,age      ] GC(0) - age   1:   15248392 bytes,   15248392 total
[2025-01-31T14:14:24.580+0000][23188][info ][gc,heap     ] GC(0) Eden regions: 50->0(46)
[2025-01-31T14:14:24.580+0000][23188][info ][gc,heap     ] GC(0) Survivor regions: 0->4(7)
[2025-01-31T14:14:24.580+0000][23188][info ][gc,heap     ] GC(0) Old regions: 0->0
[2025-01-31T14:14:24.580+0000][23188][info ][gc,heap     ] GC(0) Humongous regions: 0->0
[2025-01-31T14:14:24.580+0000][23188][info ][gc,metaspace] GC(0) Metaspace: 20285K(21056K)->20285K(21056K) NonClass: 17991K(18432K)->17991K(18432K) Class: 2293K(2624K)->2293K(2624K)
[2025-01-31T14:14:24.580+0000][23188][info ][gc          ] GC(0) Pause Young (Normal) (G1 Evacuation Pause) 200M->15M(4008M) 27.062ms
[2025-01-31T14:14:24.580+0000][23188][info ][gc,cpu      ] GC(0) User=0.00s Sys=0.00s Real=0.03s
[2025-01-31T14:14:24.580+0000][23188][info ][safepoint   ] Safepoint "G1CollectForAllocation", Time since last: 6587847800 ns, Reaching safepoint: 256700 ns, At safepoint: 27895100 ns, Total: 28151800 ns
[2025-01-31T14:14:24.626+0000][23188][info ][gc,start    ] GC(1) Pause Young (Concurrent Start) (Metadata GC Threshold)
[2025-01-31T14:14:24.626+0000][23188][info ][gc,task     ] GC(1) Using 10 workers of 10 for evacuation
[2025-01-31T14:14:24.626+0000][23188][debug][gc,age      ] GC(1) Desired survivor size 14680064 bytes, new threshold 1 (max threshold 15)
[2025-01-31T14:14:24.626+0000][23188][info ][gc,phases   ] GC(1)   Pre Evacuate Collection Set: 0.53ms
[2025-01-31T14:14:24.626+0000][23188][info ][gc,phases   ] GC(1)   Merge Heap Roots: 0.17ms
[2025-01-31T14:14:24.626+0000][23188][info ][gc,phases   ] GC(1)   Evacuate Collection Set: 7.67ms
[2025-01-31T14:14:24.626+0000][23188][info ][gc,phases   ] GC(1)   Post Evacuate Collection Set: 1.47ms
[2025-01-31T14:14:24.642+0000][23188][info ][gc,phases   ] GC(1)   Other: 0.34ms
[2025-01-31T14:14:24.642+0000][23188][trace][gc,age      ] GC(1) Age table:
[2025-01-31T14:14:24.642+0000][23188][trace][gc,age      ] GC(1) - age   1:      77384 bytes,      77384 total
[2025-01-31T14:14:24.642+0000][23188][info ][gc,heap     ] GC(1) Eden regions: 1->0(49)
[2025-01-31T14:14:24.642+0000][23188][info ][gc,heap     ] GC(1) Survivor regions: 4->1(7)
[2025-01-31T14:14:24.642+0000][23188][info ][gc,heap     ] GC(1) Old regions: 0->4
[2025-01-31T14:14:24.642+0000][23188][info ][gc,heap     ] GC(1) Humongous regions: 0->0
[2025-01-31T14:14:24.642+0000][23188][info ][gc,metaspace] GC(1) Metaspace: 20747K(21504K)->20747K(21504K) NonClass: 18407K(18816K)->18407K(18816K) Class: 2340K(2688K)->2340K(2688K)
[2025-01-31T14:14:24.642+0000][23188][info ][gc          ] GC(1) Pause Young (Concurrent Start) (Metadata GC Threshold) 19M->16M(4008M) 10.557ms
[2025-01-31T14:14:24.642+0000][23188][info ][gc,cpu      ] GC(1) User=0.00s Sys=0.00s Real=0.02s
[2025-01-31T14:14:24.642+0000][23188][info ][gc          ] GC(2) Concurrent Mark Cycle
[2025-01-31T14:14:24.642+0000][23188][info ][safepoint   ] Safepoint "CollectForMetadataAllocation", Time since last: 45604600 ns, Reaching safepoint: 6300 ns, At safepoint: 10769000 ns, Total: 10775300 ns
[2025-01-31T14:14:24.642+0000][23188][info ][gc,marking  ] GC(2) Concurrent Scan Root Regions
[2025-01-31T14:14:24.642+0000][23188][info ][gc,marking  ] GC(2) Concurrent Scan Root Regions 3.871ms
[2025-01-31T14:14:24.642+0000][23188][info ][gc,marking  ] GC(2) Concurrent Mark
[2025-01-31T14:14:24.642+0000][23188][info ][gc,marking  ] GC(2) Concurrent Mark From Roots
[2025-01-31T14:14:24.642+0000][23188][info ][gc,task     ] GC(2) Using 3 workers of 3 for marking
[2025-01-31T14:14:24.642+0000][23188][info ][gc,marking  ] GC(2) Concurrent Mark From Roots 0.441ms
[2025-01-31T14:14:24.642+0000][23188][info ][gc,marking  ] GC(2) Concurrent Preclean
[2025-01-31T14:14:24.642+0000][23188][info ][gc,marking  ] GC(2) Concurrent Preclean 0.019ms
[2025-01-31T14:14:24.642+0000][23188][info ][gc,start    ] GC(2) Pause Remark
[2025-01-31T14:14:24.642+0000][23188][info ][gc          ] GC(2) Pause Remark 19M->19M(4008M) 5.230ms
[2025-01-31T14:14:24.642+0000][23188][info ][gc,cpu      ] GC(2) User=0.00s Sys=0.00s Real=0.00s
[2025-01-31T14:14:24.642+0000][23188][info ][safepoint   ] Safepoint "G1PauseRemark", Time since last: 4537600 ns, Reaching safepoint: 15400 ns, At safepoint: 5351000 ns, Total: 5366400 ns
[2025-01-31T14:14:24.642+0000][23188][info ][gc,marking  ] GC(2) Concurrent Mark 6.025ms
[2025-01-31T14:14:24.642+0000][23188][info ][gc,marking  ] GC(2) Concurrent Rebuild Remembered Sets and Scrub Regions
[2025-01-31T14:14:24.642+0000][23188][info ][gc,marking  ] GC(2) Concurrent Rebuild Remembered Sets and Scrub Regions 3.028ms
[2025-01-31T14:14:24.642+0000][23188][info ][gc,start    ] GC(2) Pause Cleanup
[2025-01-31T14:14:24.642+0000][23188][info ][gc          ] GC(2) Pause Cleanup 19M->19M(4008M) 0.076ms
[2025-01-31T14:14:24.642+0000][23188][info ][gc,cpu      ] GC(2) User=0.00s Sys=0.00s Real=0.00s
[2025-01-31T14:14:24.642+0000][23188][info ][safepoint   ] Safepoint "G1PauseCleanup", Time since last: 3249000 ns, Reaching safepoint: 5500 ns, At safepoint: 139300 ns, Total: 144800 ns
[2025-01-31T14:14:24.642+0000][23188][info ][gc,marking  ] GC(2) Concurrent Clear Claimed Marks
[2025-01-31T14:14:24.642+0000][23188][info ][gc,marking  ] GC(2) Concurrent Clear Claimed Marks 0.080ms
[2025-01-31T14:14:24.642+0000][23188][info ][gc,marking  ] GC(2) Concurrent Cleanup for Next Mark
[2025-01-31T14:14:24.673+0000][23188][info ][gc,marking  ] GC(2) Concurrent Cleanup for Next Mark 18.305ms
[2025-01-31T14:14:24.673+0000][23188][info ][gc          ] GC(2) Concurrent Mark Cycle 31.968ms
[2025-01-31T14:14:27.265+0000][23188][info ][gc,start    ] GC(3) Pause Young (Normal) (G1 Evacuation Pause)
[2025-01-31T14:14:27.265+0000][23188][info ][gc,task     ] GC(3) Using 10 workers of 10 for evacuation
[2025-01-31T14:14:27.265+0000][23188][debug][gc,age      ] GC(3) Desired survivor size 14680064 bytes, new threshold 15 (max threshold 15)
[2025-01-31T14:14:27.265+0000][23188][info ][gc,phases   ] GC(3)   Pre Evacuate Collection Set: 0.21ms
[2025-01-31T14:14:27.265+0000][23188][info ][gc,phases   ] GC(3)   Merge Heap Roots: 0.15ms
[2025-01-31T14:14:27.265+0000][23188][info ][gc,phases   ] GC(3)   Evacuate Collection Set: 1.69ms
[2025-01-31T14:14:27.265+0000][23188][info ][gc,phases   ] GC(3)   Post Evacuate Collection Set: 0.63ms
[2025-01-31T14:14:27.265+0000][23188][info ][gc,phases   ] GC(3)   Other: 0.15ms
[2025-01-31T14:14:27.265+0000][23188][trace][gc,age      ] GC(3) Age table:
[2025-01-31T14:14:27.265+0000][23188][trace][gc,age      ] GC(3) - age   1:    4235832 bytes,    4235832 total
[2025-01-31T14:14:27.265+0000][23188][trace][gc,age      ] GC(3) - age   2:      68928 bytes,    4304760 total
[2025-01-31T14:14:27.265+0000][23188][info ][gc,heap     ] GC(3) Eden regions: 49->0(48)
[2025-01-31T14:14:27.265+0000][23188][info ][gc,heap     ] GC(3) Survivor regions: 1->2(7)
[2025-01-31T14:14:27.265+0000][23188][info ][gc,heap     ] GC(3) Old regions: 4->4
[2025-01-31T14:14:27.265+0000][23188][info ][gc,heap     ] GC(3) Humongous regions: 0->0
[2025-01-31T14:14:27.265+0000][23188][info ][gc,metaspace] GC(3) Metaspace: 23244K(24128K)->23244K(24128K) NonClass: 20595K(21120K)->20595K(21120K) Class: 2648K(3008K)->2648K(3008K)
[2025-01-31T14:14:27.265+0000][23188][info ][gc          ] GC(3) Pause Young (Normal) (G1 Evacuation Pause) 212M->18M(4008M) 3.227ms
[2025-01-31T14:14:27.265+0000][23188][info ][gc,cpu      ] GC(3) User=0.00s Sys=0.00s Real=0.00s
[2025-01-31T14:14:27.265+0000][23188][info ][safepoint   ] Safepoint "G1CollectForAllocation", Time since last: 2612281600 ns, Reaching safepoint: 6300 ns, At safepoint: 3299400 ns, Total: 3305700 ns
[2025-01-31T14:14:28.222+0000][23188][info ][gc,start    ] GC(4) Pause Young (Normal) (G1 Evacuation Pause)
[2025-01-31T14:14:28.222+0000][23188][info ][gc,task     ] GC(4) Using 10 workers of 10 for evacuation
[2025-01-31T14:14:28.222+0000][23188][debug][gc,age      ] GC(4) Desired survivor size 14680064 bytes, new threshold 15 (max threshold 15)
[2025-01-31T14:14:28.233+0000][23188][info ][gc,phases   ] GC(4)   Pre Evacuate Collection Set: 0.28ms
[2025-01-31T14:14:28.233+0000][23188][info ][gc,phases   ] GC(4)   Merge Heap Roots: 0.09ms
[2025-01-31T14:14:28.233+0000][23188][info ][gc,phases   ] GC(4)   Evacuate Collection Set: 2.40ms
[2025-01-31T14:14:28.233+0000][23188][info ][gc,phases   ] GC(4)   Post Evacuate Collection Set: 0.66ms
[2025-01-31T14:14:28.233+0000][23188][info ][gc,phases   ] GC(4)   Other: 0.13ms
[2025-01-31T14:14:28.233+0000][23188][trace][gc,age      ] GC(4) Age table:
[2025-01-31T14:14:28.233+0000][23188][trace][gc,age      ] GC(4) - age   1:    4128224 bytes,    4128224 total
[2025-01-31T14:14:28.233+0000][23188][trace][gc,age      ] GC(4) - age   2:    1117200 bytes,    5245424 total
[2025-01-31T14:14:28.233+0000][23188][trace][gc,age      ] GC(4) - age   3:      68896 bytes,    5314320 total
[2025-01-31T14:14:28.233+0000][23188][info ][gc,heap     ] GC(4) Eden regions: 48->0(49)
[2025-01-31T14:14:28.233+0000][23188][info ][gc,heap     ] GC(4) Survivor regions: 2->2(7)
[2025-01-31T14:14:28.233+0000][23188][info ][gc,heap     ] GC(4) Old regions: 4->4
[2025-01-31T14:14:28.233+0000][23188][info ][gc,heap     ] GC(4) Humongous regions: 0->0
[2025-01-31T14:14:28.233+0000][23188][info ][gc,metaspace] GC(4) Metaspace: 29023K(29952K)->29023K(29952K) NonClass: 25750K(26304K)->25750K(26304K) Class: 3272K(3648K)->3272K(3648K)
[2025-01-31T14:14:28.233+0000][23188][info ][gc          ] GC(4) Pause Young (Normal) (G1 Evacuation Pause) 210M->19M(4008M) 3.947ms
[2025-01-31T14:14:28.233+0000][23188][info ][gc,cpu      ] GC(4) User=0.00s Sys=0.00s Real=0.01s
[2025-01-31T14:14:28.233+0000][23188][info ][safepoint   ] Safepoint "G1CollectForAllocation", Time since last: 960390500 ns, Reaching safepoint: 9500 ns, At safepoint: 4043900 ns, Total: 4053400 ns
[2025-01-31T14:14:28.782+0000][23188][info ][gc,start    ] GC(5) Pause Young (Normal) (G1 Evacuation Pause)
[2025-01-31T14:14:28.782+0000][23188][info ][gc,task     ] GC(5) Using 10 workers of 10 for evacuation
[2025-01-31T14:14:28.782+0000][23188][debug][gc,age      ] GC(5) Desired survivor size 14680064 bytes, new threshold 15 (max threshold 15)
[2025-01-31T14:14:28.785+0000][23188][info ][gc,phases   ] GC(5)   Pre Evacuate Collection Set: 0.27ms
[2025-01-31T14:14:28.785+0000][23188][info ][gc,phases   ] GC(5)   Merge Heap Roots: 0.17ms
[2025-01-31T14:14:28.785+0000][23188][info ][gc,phases   ] GC(5)   Evacuate Collection Set: 2.52ms
[2025-01-31T14:14:28.785+0000][23188][info ][gc,phases   ] GC(5)   Post Evacuate Collection Set: 0.60ms
[2025-01-31T14:14:28.785+0000][23188][info ][gc,phases   ] GC(5)   Other: 0.10ms
[2025-01-31T14:14:28.785+0000][23188][trace][gc,age      ] GC(5) Age table:
[2025-01-31T14:14:28.785+0000][23188][trace][gc,age      ] GC(5) - age   1:    2588368 bytes,    2588368 total
[2025-01-31T14:14:28.785+0000][23188][trace][gc,age      ] GC(5) - age   2:    4117288 bytes,    6705656 total
[2025-01-31T14:14:28.785+0000][23188][trace][gc,age      ] GC(5) - age   3:    1116992 bytes,    7822648 total
[2025-01-31T14:14:28.785+0000][23188][trace][gc,age      ] GC(5) - age   4:      68896 bytes,    7891544 total
[2025-01-31T14:14:28.785+0000][23188][info ][gc,heap     ] GC(5) Eden regions: 49->0(77)
[2025-01-31T14:14:28.785+0000][23188][info ][gc,heap     ] GC(5) Survivor regions: 2->2(7)
[2025-01-31T14:14:28.785+0000][23188][info ][gc,heap     ] GC(5) Old regions: 4->4
[2025-01-31T14:14:28.785+0000][23188][info ][gc,heap     ] GC(5) Humongous regions: 0->0
[2025-01-31T14:14:28.785+0000][23188][info ][gc,metaspace] GC(5) Metaspace: 30040K(31040K)->30040K(31040K) NonClass: 26597K(27200K)->26597K(27200K) Class: 3443K(3840K)->3443K(3840K)
[2025-01-31T14:14:28.785+0000][23188][info ][gc          ] GC(5) Pause Young (Normal) (G1 Evacuation Pause) 215M->22M(4008M) 4.022ms
[2025-01-31T14:14:28.785+0000][23188][info ][gc,cpu      ] GC(5) User=0.00s Sys=0.00s Real=0.00s
[2025-01-31T14:14:28.785+0000][23188][info ][safepoint   ] Safepoint "G1CollectForAllocation", Time since last: 546577100 ns, Reaching safepoint: 5600 ns, At safepoint: 4088900 ns, Total: 4094500 ns
[2025-01-31T14:14:29.432+0000][23188][info ][gc,start    ] GC(6) Pause Young (Normal) (G1 Evacuation Pause)
[2025-01-31T14:14:29.432+0000][23188][info ][gc,task     ] GC(6) Using 10 workers of 10 for evacuation
[2025-01-31T14:14:29.432+0000][23188][debug][gc,age      ] GC(6) Desired survivor size 20971520 bytes, new threshold 15 (max threshold 15)
[2025-01-31T14:14:29.435+0000][23188][info ][gc,phases   ] GC(6)   Pre Evacuate Collection Set: 0.60ms
[2025-01-31T14:14:29.435+0000][23188][info ][gc,phases   ] GC(6)   Merge Heap Roots: 0.13ms
[2025-01-31T14:14:29.435+0000][23188][info ][gc,phases   ] GC(6)   Evacuate Collection Set: 6.04ms
[2025-01-31T14:14:29.435+0000][23188][info ][gc,phases   ] GC(6)   Post Evacuate Collection Set: 0.67ms
[2025-01-31T14:14:29.435+0000][23188][info ][gc,phases   ] GC(6)   Other: 0.14ms
[2025-01-31T14:14:29.435+0000][23188][trace][gc,age      ] GC(6) Age table:
[2025-01-31T14:14:29.435+0000][23188][trace][gc,age      ] GC(6) - age   1:    2838408 bytes,    2838408 total
[2025-01-31T14:14:29.435+0000][23188][trace][gc,age      ] GC(6) - age   2:    2564424 bytes,    5402832 total
[2025-01-31T14:14:29.435+0000][23188][trace][gc,age      ] GC(6) - age   3:    4117096 bytes,    9519928 total
[2025-01-31T14:14:29.435+0000][23188][trace][gc,age      ] GC(6) - age   4:    1116992 bytes,   10636920 total
[2025-01-31T14:14:29.435+0000][23188][trace][gc,age      ] GC(6) - age   5:      68896 bytes,   10705816 total
[2025-01-31T14:14:29.435+0000][23188][info ][gc,heap     ] GC(6) Eden regions: 77->0(66)
[2025-01-31T14:14:29.435+0000][23188][info ][gc,heap     ] GC(6) Survivor regions: 2->3(10)
[2025-01-31T14:14:29.435+0000][23188][info ][gc,heap     ] GC(6) Old regions: 4->4
[2025-01-31T14:14:29.435+0000][23188][info ][gc,heap     ] GC(6) Humongous regions: 0->0
[2025-01-31T14:14:29.435+0000][23188][info ][gc,metaspace] GC(6) Metaspace: 30482K(31488K)->30482K(31488K) NonClass: 26992K(27584K)->26992K(27584K) Class: 3490K(3904K)->3490K(3904K)
[2025-01-31T14:14:29.435+0000][23188][info ][gc          ] GC(6) Pause Young (Normal) (G1 Evacuation Pause) 330M->25M(4008M) 8.042ms
[2025-01-31T14:14:29.435+0000][23188][info ][gc,cpu      ] GC(6) User=0.00s Sys=0.00s Real=0.00s
[2025-01-31T14:14:29.435+0000][23188][info ][safepoint   ] Safepoint "G1CollectForAllocation", Time since last: 647215600 ns, Reaching safepoint: 6900 ns, At safepoint: 8120200 ns, Total: 8127100 ns
[2025-01-31T14:14:29.872+0000][23188][info ][gc,start    ] GC(7) Pause Young (Normal) (G1 Evacuation Pause)
[2025-01-31T14:14:29.872+0000][23188][info ][gc,task     ] GC(7) Using 10 workers of 10 for evacuation
[2025-01-31T14:14:29.872+0000][23188][debug][gc,age      ] GC(7) Desired survivor size 18874368 bytes, new threshold 15 (max threshold 15)
[2025-01-31T14:14:29.872+0000][23188][info ][gc,phases   ] GC(7)   Pre Evacuate Collection Set: 0.50ms
[2025-01-31T14:14:29.872+0000][23188][info ][gc,phases   ] GC(7)   Merge Heap Roots: 0.09ms
[2025-01-31T14:14:29.872+0000][23188][info ][gc,phases   ] GC(7)   Evacuate Collection Set: 3.12ms
[2025-01-31T14:14:29.872+0000][23188][info ][gc,phases   ] GC(7)   Post Evacuate Collection Set: 0.93ms
[2025-01-31T14:14:29.872+0000][23188][info ][gc,phases   ] GC(7)   Other: 0.12ms
[2025-01-31T14:14:29.872+0000][23188][trace][gc,age      ] GC(7) Age table:
[2025-01-31T14:14:29.872+0000][23188][trace][gc,age      ] GC(7) - age   1:    2518312 bytes,    2518312 total
[2025-01-31T14:14:29.872+0000][23188][trace][gc,age      ] GC(7) - age   2:    2346376 bytes,    4864688 total
[2025-01-31T14:14:29.872+0000][23188][trace][gc,age      ] GC(7) - age   3:    2564392 bytes,    7429080 total
[2025-01-31T14:14:29.872+0000][23188][trace][gc,age      ] GC(7) - age   4:    4116744 bytes,   11545824 total
[2025-01-31T14:14:29.872+0000][23188][trace][gc,age      ] GC(7) - age   5:    1116904 bytes,   12662728 total
[2025-01-31T14:14:29.872+0000][23188][trace][gc,age      ] GC(7) - age   6:      68896 bytes,   12731624 total
[2025-01-31T14:14:29.872+0000][23188][info ][gc,heap     ] GC(7) Eden regions: 66->0(91)
[2025-01-31T14:14:29.872+0000][23188][info ][gc,heap     ] GC(7) Survivor regions: 3->4(9)
[2025-01-31T14:14:29.872+0000][23188][info ][gc,heap     ] GC(7) Old regions: 4->4
[2025-01-31T14:14:29.872+0000][23188][info ][gc,heap     ] GC(7) Humongous regions: 0->0
[2025-01-31T14:14:29.872+0000][23188][info ][gc,metaspace] GC(7) Metaspace: 30884K(31936K)->30884K(31936K) NonClass: 27339K(27968K)->27339K(27968K) Class: 3545K(3968K)->3545K(3968K)
[2025-01-31T14:14:29.872+0000][23188][info ][gc          ] GC(7) Pause Young (Normal) (G1 Evacuation Pause) 289M->27M(4008M) 5.207ms
[2025-01-31T14:14:29.872+0000][23188][info ][gc,cpu      ] GC(7) User=0.00s Sys=0.00s Real=0.00s
[2025-01-31T14:14:29.872+0000][23188][info ][safepoint   ] Safepoint "G1CollectForAllocation", Time since last: 440239200 ns, Reaching safepoint: 6500 ns, At safepoint: 5293800 ns, Total: 5300300 ns
[2025-01-31T14:14:30.802+0000][23188][info ][gc,start    ] GC(8) Pause Young (Concurrent Start) (Metadata GC Threshold)
[2025-01-31T14:14:30.802+0000][23188][info ][gc,task     ] GC(8) Using 10 workers of 10 for evacuation
[2025-01-31T14:14:30.802+0000][23188][debug][gc,age      ] GC(8) Desired survivor size 25165824 bytes, new threshold 15 (max threshold 15)
[2025-01-31T14:14:30.808+0000][23188][info ][gc,phases   ] GC(8)   Pre Evacuate Collection Set: 0.44ms
[2025-01-31T14:14:30.808+0000][23188][info ][gc,phases   ] GC(8)   Merge Heap Roots: 0.12ms
[2025-01-31T14:14:30.808+0000][23188][info ][gc,phases   ] GC(8)   Evacuate Collection Set: 4.40ms
[2025-01-31T14:14:30.808+0000][23188][info ][gc,phases   ] GC(8)   Post Evacuate Collection Set: 0.94ms
[2025-01-31T14:14:30.808+0000][23188][info ][gc,phases   ] GC(8)   Other: 0.23ms
[2025-01-31T14:14:30.808+0000][23188][trace][gc,age      ] GC(8) Age table:
[2025-01-31T14:14:30.808+0000][23188][trace][gc,age      ] GC(8) - age   1:    4292568 bytes,    4292568 total
[2025-01-31T14:14:30.808+0000][23188][trace][gc,age      ] GC(8) - age   2:     865864 bytes,    5158432 total
[2025-01-31T14:14:30.808+0000][23188][trace][gc,age      ] GC(8) - age   3:    2346344 bytes,    7504776 total
[2025-01-31T14:14:30.808+0000][23188][trace][gc,age      ] GC(8) - age   4:    2558328 bytes,   10063104 total
[2025-01-31T14:14:30.808+0000][23188][trace][gc,age      ] GC(8) - age   5:    4115384 bytes,   14178488 total
[2025-01-31T14:14:30.808+0000][23188][trace][gc,age      ] GC(8) - age   6:    1116760 bytes,   15295248 total
[2025-01-31T14:14:30.808+0000][23188][trace][gc,age      ] GC(8) - age   7:      68864 bytes,   15364112 total
[2025-01-31T14:14:30.808+0000][23188][info ][gc,heap     ] GC(8) Eden regions: 61->0(126)
[2025-01-31T14:14:30.808+0000][23188][info ][gc,heap     ] GC(8) Survivor regions: 4->4(12)
[2025-01-31T14:14:30.808+0000][23188][info ][gc,heap     ] GC(8) Old regions: 4->4
[2025-01-31T14:14:30.808+0000][23188][info ][gc,heap     ] GC(8) Humongous regions: 0->0
[2025-01-31T14:14:30.808+0000][23188][info ][gc,metaspace] GC(8) Metaspace: 35040K(36096K)->35040K(36096K) NonClass: 31055K(31680K)->31055K(31680K) Class: 3985K(4416K)->3985K(4416K)
[2025-01-31T14:14:30.808+0000][23188][info ][gc          ] GC(8) Pause Young (Concurrent Start) (Metadata GC Threshold) 269M->30M(4008M) 6.874ms
[2025-01-31T14:14:30.808+0000][23188][info ][gc,cpu      ] GC(8) User=0.00s Sys=0.00s Real=0.01s
[2025-01-31T14:14:30.808+0000][23188][info ][gc          ] GC(9) Concurrent Mark Cycle
[2025-01-31T14:14:30.808+0000][23188][info ][safepoint   ] Safepoint "CollectForMetadataAllocation", Time since last: 915583800 ns, Reaching safepoint: 6700 ns, At safepoint: 7092400 ns, Total: 7099100 ns
[2025-01-31T14:14:30.808+0000][23188][info ][gc,marking  ] GC(9) Concurrent Scan Root Regions
[2025-01-31T14:14:30.808+0000][23188][info ][gc,marking  ] GC(9) Concurrent Scan Root Regions 4.179ms
[2025-01-31T14:14:30.808+0000][23188][info ][gc,marking  ] GC(9) Concurrent Mark
[2025-01-31T14:14:30.808+0000][23188][info ][gc,marking  ] GC(9) Concurrent Mark From Roots
[2025-01-31T14:14:30.808+0000][23188][info ][gc,task     ] GC(9) Using 3 workers of 3 for marking
[2025-01-31T14:14:30.815+0000][23188][info ][gc,marking  ] GC(9) Concurrent Mark From Roots 11.328ms
[2025-01-31T14:14:30.815+0000][23188][info ][gc,marking  ] GC(9) Concurrent Preclean
[2025-01-31T14:14:30.815+0000][23188][info ][gc,marking  ] GC(9) Concurrent Preclean 0.098ms
[2025-01-31T14:14:30.815+0000][23188][info ][gc,start    ] GC(9) Pause Remark
[2025-01-31T14:14:30.830+0000][23188][info ][gc          ] GC(9) Pause Remark 32M->32M(4008M) 6.073ms
[2025-01-31T14:14:30.830+0000][23188][info ][gc,cpu      ] GC(9) User=0.00s Sys=0.00s Real=0.01s
[2025-01-31T14:14:30.830+0000][23188][info ][safepoint   ] Safepoint "G1PauseRemark", Time since last: 15857100 ns, Reaching safepoint: 36900 ns, At safepoint: 6184600 ns, Total: 6221500 ns
[2025-01-31T14:14:30.830+0000][23188][info ][gc,marking  ] GC(9) Concurrent Mark 17.948ms
[2025-01-31T14:14:30.830+0000][23188][info ][gc,marking  ] GC(9) Concurrent Rebuild Remembered Sets and Scrub Regions
[2025-01-31T14:14:30.830+0000][23188][info ][gc,marking  ] GC(9) Concurrent Rebuild Remembered Sets and Scrub Regions 3.582ms
[2025-01-31T14:14:30.830+0000][23188][info ][gc,start    ] GC(9) Pause Cleanup
[2025-01-31T14:14:30.830+0000][23188][info ][gc          ] GC(9) Pause Cleanup 32M->32M(4008M) 0.082ms
[2025-01-31T14:14:30.830+0000][23188][info ][gc,cpu      ] GC(9) User=0.00s Sys=0.00s Real=0.00s
[2025-01-31T14:14:30.830+0000][23188][info ][safepoint   ] Safepoint "G1PauseCleanup", Time since last: 3872500 ns, Reaching safepoint: 6900 ns, At safepoint: 148800 ns, Total: 155700 ns
[2025-01-31T14:14:30.830+0000][23188][info ][gc,marking  ] GC(9) Concurrent Clear Claimed Marks
[2025-01-31T14:14:30.830+0000][23188][info ][gc,marking  ] GC(9) Concurrent Clear Claimed Marks 0.101ms
[2025-01-31T14:14:30.830+0000][23188][info ][gc,marking  ] GC(9) Concurrent Cleanup for Next Mark
[2025-01-31T14:14:30.837+0000][23188][info ][gc,marking  ] GC(9) Concurrent Cleanup for Next Mark 7.883ms
[2025-01-31T14:14:30.837+0000][23188][info ][gc          ] GC(9) Concurrent Mark Cycle 34.367ms
[2025-01-31T14:14:32.369+0000][23188][info ][gc,start    ] GC(10) Pause Young (Normal) (G1 Evacuation Pause)
[2025-01-31T14:14:32.369+0000][23188][info ][gc,task     ] GC(10) Using 10 workers of 10 for evacuation
[2025-01-31T14:14:32.369+0000][23188][debug][gc,age      ] GC(10) Desired survivor size 35651584 bytes, new threshold 15 (max threshold 15)
[2025-01-31T14:14:32.400+0000][23188][info ][gc,phases   ] GC(10)   Pre Evacuate Collection Set: 0.54ms
[2025-01-31T14:14:32.400+0000][23188][info ][gc,phases   ] GC(10)   Merge Heap Roots: 0.12ms
[2025-01-31T14:14:32.400+0000][23188][info ][gc,phases   ] GC(10)   Evacuate Collection Set: 22.54ms
[2025-01-31T14:14:32.400+0000][23188][info ][gc,phases   ] GC(10)   Post Evacuate Collection Set: 1.28ms
[2025-01-31T14:14:32.400+0000][23188][info ][gc,phases   ] GC(10)   Other: 0.13ms
[2025-01-31T14:14:32.400+0000][23188][trace][gc,age      ] GC(10) Age table:
[2025-01-31T14:14:32.400+0000][23188][trace][gc,age      ] GC(10) - age   1:    6367032 bytes,    6367032 total
[2025-01-31T14:14:32.400+0000][23188][trace][gc,age      ] GC(10) - age   2:    4272384 bytes,   10639416 total
[2025-01-31T14:14:32.400+0000][23188][trace][gc,age      ] GC(10) - age   3:     865040 bytes,   11504456 total
[2025-01-31T14:14:32.400+0000][23188][trace][gc,age      ] GC(10) - age   4:    2344680 bytes,   13849136 total
[2025-01-31T14:14:32.400+0000][23188][trace][gc,age      ] GC(10) - age   5:    2554376 bytes,   16403512 total
[2025-01-31T14:14:32.400+0000][23188][trace][gc,age      ] GC(10) - age   6:    4107664 bytes,   20511176 total
[2025-01-31T14:14:32.400+0000][23188][trace][gc,age      ] GC(10) - age   7:    1115712 bytes,   21626888 total
[2025-01-31T14:14:32.400+0000][23188][trace][gc,age      ] GC(10) - age   8:      68704 bytes,   21695592 total
[2025-01-31T14:14:32.400+0000][23188][info ][gc,heap     ] GC(10) Eden regions: 126->0(107)
[2025-01-31T14:14:32.400+0000][23188][info ][gc,heap     ] GC(10) Survivor regions: 4->6(17)
[2025-01-31T14:14:32.400+0000][23188][info ][gc,heap     ] GC(10) Old regions: 4->4
[2025-01-31T14:14:32.400+0000][23188][info ][gc,heap     ] GC(10) Humongous regions: 0->0
[2025-01-31T14:14:32.400+0000][23188][info ][gc,metaspace] GC(10) Metaspace: 38367K(39552K)->38367K(39552K) NonClass: 33924K(34624K)->33924K(34624K) Class: 4442K(4928K)->4442K(4928K)
[2025-01-31T14:14:32.400+0000][23188][info ][gc          ] GC(10) Pause Young (Normal) (G1 Evacuation Pause) 534M->36M(4008M) 25.062ms
[2025-01-31T14:14:32.400+0000][23188][info ][gc,cpu      ] GC(10) User=0.06s Sys=0.02s Real=0.03s
[2025-01-31T14:14:32.400+0000][23188][info ][safepoint   ] Safepoint "G1CollectForAllocation", Time since last: 1546458000 ns, Reaching safepoint: 5100 ns, At safepoint: 25156900 ns, Total: 25162000 ns
[2025-01-31T14:14:33.170+0000][23188][info ][gc,start    ] GC(11) Pause Young (Normal) (G1 Evacuation Pause)
[2025-01-31T14:14:33.170+0000][23188][info ][gc,task     ] GC(11) Using 10 workers of 10 for evacuation
[2025-01-31T14:14:33.170+0000][23188][debug][gc,age      ] GC(11) Desired survivor size 31457280 bytes, new threshold 15 (max threshold 15)
[2025-01-31T14:14:33.186+0000][23188][info ][gc,phases   ] GC(11)   Pre Evacuate Collection Set: 0.29ms
[2025-01-31T14:14:33.186+0000][23188][info ][gc,phases   ] GC(11)   Merge Heap Roots: 0.09ms
[2025-01-31T14:14:33.186+0000][23188][info ][gc,phases   ] GC(11)   Evacuate Collection Set: 6.58ms
[2025-01-31T14:14:33.186+0000][23188][info ][gc,phases   ] GC(11)   Post Evacuate Collection Set: 0.94ms
[2025-01-31T14:14:33.186+0000][23188][info ][gc,phases   ] GC(11)   Other: 0.13ms
[2025-01-31T14:14:33.186+0000][23188][trace][gc,age      ] GC(11) Age table:
[2025-01-31T14:14:33.186+0000][23188][trace][gc,age      ] GC(11) - age   1:    6014008 bytes,    6014008 total
[2025-01-31T14:14:33.186+0000][23188][trace][gc,age      ] GC(11) - age   2:    6174296 bytes,   12188304 total
[2025-01-31T14:14:33.186+0000][23188][trace][gc,age      ] GC(11) - age   3:    4270288 bytes,   16458592 total
[2025-01-31T14:14:33.186+0000][23188][trace][gc,age      ] GC(11) - age   4:     864944 bytes,   17323536 total
[2025-01-31T14:14:33.186+0000][23188][trace][gc,age      ] GC(11) - age   5:    2344648 bytes,   19668184 total
[2025-01-31T14:14:33.186+0000][23188][trace][gc,age      ] GC(11) - age   6:    2554280 bytes,   22222464 total
[2025-01-31T14:14:33.186+0000][23188][trace][gc,age      ] GC(11) - age   7:    4105936 bytes,   26328400 total
[2025-01-31T14:14:33.186+0000][23188][trace][gc,age      ] GC(11) - age   8:    1096048 bytes,   27424448 total
[2025-01-31T14:14:33.186+0000][23188][trace][gc,age      ] GC(11) - age   9:      68640 bytes,   27493088 total
[2025-01-31T14:14:33.186+0000][23188][info ][gc,heap     ] GC(11) Eden regions: 107->0(149)
[2025-01-31T14:14:33.186+0000][23188][info ][gc,heap     ] GC(11) Survivor regions: 6->8(15)
[2025-01-31T14:14:33.186+0000][23188][info ][gc,heap     ] GC(11) Old regions: 4->4
[2025-01-31T14:14:33.186+0000][23188][info ][gc,heap     ] GC(11) Humongous regions: 0->0
[2025-01-31T14:14:33.186+0000][23188][info ][gc,metaspace] GC(11) Metaspace: 39078K(40384K)->39078K(40384K) NonClass: 34536K(35328K)->34536K(35328K) Class: 4541K(5056K)->4541K(5056K)
[2025-01-31T14:14:33.186+0000][23188][info ][gc          ] GC(11) Pause Young (Normal) (G1 Evacuation Pause) 464M->43M(4008M) 8.457ms
[2025-01-31T14:14:33.186+0000][23188][info ][gc,cpu      ] GC(11) User=0.05s Sys=0.00s Real=0.02s
[2025-01-31T14:14:33.186+0000][23188][info ][safepoint   ] Safepoint "G1CollectForAllocation", Time since last: 776134500 ns, Reaching safepoint: 8000 ns, At safepoint: 8531900 ns, Total: 8539900 ns
[2025-01-31T14:14:35.742+0000][23188][info ][gc,start    ] GC(12) Pause Young (Normal) (G1 Evacuation Pause)
[2025-01-31T14:14:35.742+0000][23188][info ][gc,task     ] GC(12) Using 10 workers of 10 for evacuation
[2025-01-31T14:14:35.742+0000][23188][debug][gc,age      ] GC(12) Desired survivor size 41943040 bytes, new threshold 15 (max threshold 15)
[2025-01-31T14:14:35.756+0000][23188][info ][gc,phases   ] GC(12)   Pre Evacuate Collection Set: 0.56ms
[2025-01-31T14:14:35.756+0000][23188][info ][gc,phases   ] GC(12)   Merge Heap Roots: 0.11ms
[2025-01-31T14:14:35.756+0000][23188][info ][gc,phases   ] GC(12)   Evacuate Collection Set: 16.23ms
[2025-01-31T14:14:35.756+0000][23188][info ][gc,phases   ] GC(12)   Post Evacuate Collection Set: 1.57ms
[2025-01-31T14:14:35.756+0000][23188][info ][gc,phases   ] GC(12)   Other: 0.24ms
[2025-01-31T14:14:35.756+0000][23188][trace][gc,age      ] GC(12) Age table:
[2025-01-31T14:14:35.756+0000][23188][trace][gc,age      ] GC(12) - age   1:    7163448 bytes,    7163448 total
[2025-01-31T14:14:35.756+0000][23188][trace][gc,age      ] GC(12) - age   2:    4184512 bytes,   11347960 total
[2025-01-31T14:14:35.756+0000][23188][trace][gc,age      ] GC(12) - age   3:    6136512 bytes,   17484472 total
[2025-01-31T14:14:35.756+0000][23188][trace][gc,age      ] GC(12) - age   4:    4252400 bytes,   21736872 total
[2025-01-31T14:14:35.756+0000][23188][trace][gc,age      ] GC(12) - age   5:     858392 bytes,   22595264 total
[2025-01-31T14:14:35.756+0000][23188][trace][gc,age      ] GC(12) - age   6:    2333456 bytes,   24928720 total
[2025-01-31T14:14:35.756+0000][23188][trace][gc,age      ] GC(12) - age   7:    2543480 bytes,   27472200 total
[2025-01-31T14:14:35.756+0000][23188][trace][gc,age      ] GC(12) - age   8:    4097264 bytes,   31569464 total
[2025-01-31T14:14:35.756+0000][23188][trace][gc,age      ] GC(12) - age   9:     893328 bytes,   32462792 total
[2025-01-31T14:14:35.756+0000][23188][trace][gc,age      ] GC(12) - age  10:      68640 bytes,   32531432 total
[2025-01-31T14:14:35.756+0000][23188][info ][gc,heap     ] GC(12) Eden regions: 149->0(159)
[2025-01-31T14:14:35.756+0000][23188][info ][gc,heap     ] GC(12) Survivor regions: 8->9(20)
[2025-01-31T14:14:35.756+0000][23188][info ][gc,heap     ] GC(12) Old regions: 4->4
[2025-01-31T14:14:35.756+0000][23188][info ][gc,heap     ] GC(12) Humongous regions: 0->0
[2025-01-31T14:14:35.756+0000][23188][info ][gc,metaspace] GC(12) Metaspace: 45640K(46976K)->45640K(46976K) NonClass: 40144K(40960K)->40144K(40960K) Class: 5495K(6016K)->5495K(6016K)
[2025-01-31T14:14:35.756+0000][23188][info ][gc          ] GC(12) Pause Young (Normal) (G1 Evacuation Pause) 639M->49M(4008M) 19.353ms
[2025-01-31T14:14:35.756+0000][23188][info ][gc,cpu      ] GC(12) User=0.00s Sys=0.00s Real=0.01s
[2025-01-31T14:14:35.756+0000][23188][info ][safepoint   ] Safepoint "G1CollectForAllocation", Time since last: 2550623100 ns, Reaching safepoint: 7000 ns, At safepoint: 19448100 ns, Total: 19455100 ns
[2025-01-31T14:14:37.648+0000][23188][info ][gc,start    ] GC(13) Pause Young (Concurrent Start) (Metadata GC Threshold)
[2025-01-31T14:14:37.648+0000][23188][info ][gc,task     ] GC(13) Using 10 workers of 10 for evacuation
[2025-01-31T14:14:37.648+0000][23188][debug][gc,age      ] GC(13) Desired survivor size 44040192 bytes, new threshold 15 (max threshold 15)
[2025-01-31T14:14:37.671+0000][23188][info ][gc,phases   ] GC(13)   Pre Evacuate Collection Set: 0.84ms
[2025-01-31T14:14:37.671+0000][23188][info ][gc,phases   ] GC(13)   Merge Heap Roots: 0.15ms
[2025-01-31T14:14:37.671+0000][23188][info ][gc,phases   ] GC(13)   Evacuate Collection Set: 22.70ms
[2025-01-31T14:14:37.671+0000][23188][info ][gc,phases   ] GC(13)   Post Evacuate Collection Set: 1.60ms
[2025-01-31T14:14:37.671+0000][23188][info ][gc,phases   ] GC(13)   Other: 0.16ms
[2025-01-31T14:14:37.671+0000][23188][trace][gc,age      ] GC(13) Age table:
[2025-01-31T14:14:37.671+0000][23188][trace][gc,age      ] GC(13) - age   1:    2954712 bytes,    2954712 total
[2025-01-31T14:14:37.671+0000][23188][trace][gc,age      ] GC(13) - age   2:    6995736 bytes,    9950448 total
[2025-01-31T14:14:37.671+0000][23188][trace][gc,age      ] GC(13) - age   3:    4180528 bytes,   14130976 total
[2025-01-31T14:14:37.671+0000][23188][trace][gc,age      ] GC(13) - age   4:    6132744 bytes,   20263720 total
[2025-01-31T14:14:37.671+0000][23188][trace][gc,age      ] GC(13) - age   5:    4251880 bytes,   24515600 total
[2025-01-31T14:14:37.671+0000][23188][trace][gc,age      ] GC(13) - age   6:     858360 bytes,   25373960 total
[2025-01-31T14:14:37.671+0000][23188][trace][gc,age      ] GC(13) - age   7:    2332704 bytes,   27706664 total
[2025-01-31T14:14:37.671+0000][23188][trace][gc,age      ] GC(13) - age   8:    2543016 bytes,   30249680 total
[2025-01-31T14:14:37.671+0000][23188][trace][gc,age      ] GC(13) - age   9:    4097152 bytes,   34346832 total
[2025-01-31T14:14:37.671+0000][23188][trace][gc,age      ] GC(13) - age  10:     891760 bytes,   35238592 total
[2025-01-31T14:14:37.671+0000][23188][trace][gc,age      ] GC(13) - age  11:      68640 bytes,   35307232 total
[2025-01-31T14:14:37.671+0000][23188][info ][gc,heap     ] GC(13) Eden regions: 47->0(215)
[2025-01-31T14:14:37.671+0000][23188][info ][gc,heap     ] GC(13) Survivor regions: 9->10(21)
[2025-01-31T14:14:37.671+0000][23188][info ][gc,heap     ] GC(13) Old regions: 4->4
[2025-01-31T14:14:37.671+0000][23188][info ][gc,heap     ] GC(13) Humongous regions: 0->0
[2025-01-31T14:14:37.671+0000][23188][info ][gc,metaspace] GC(13) Metaspace: 58928K(60480K)->58928K(60480K) NonClass: 51639K(52544K)->51639K(52544K) Class: 7288K(7936K)->7288K(7936K)
[2025-01-31T14:14:37.671+0000][23188][info ][gc          ] GC(13) Pause Young (Concurrent Start) (Metadata GC Threshold) 237M->52M(4008M) 25.868ms
[2025-01-31T14:14:37.671+0000][23188][info ][gc,cpu      ] GC(13) User=0.00s Sys=0.00s Real=0.02s
[2025-01-31T14:14:37.671+0000][23188][info ][gc          ] GC(14) Concurrent Mark Cycle
[2025-01-31T14:14:37.671+0000][23188][info ][safepoint   ] Safepoint "CollectForMetadataAllocation", Time since last: 1892130000 ns, Reaching safepoint: 5300 ns, At safepoint: 26424500 ns, Total: 26429800 ns
[2025-01-31T14:14:37.671+0000][23188][info ][gc,marking  ] GC(14) Concurrent Scan Root Regions
[2025-01-31T14:14:37.703+0000][23188][info ][gc,marking  ] GC(14) Concurrent Scan Root Regions 21.911ms
[2025-01-31T14:14:37.703+0000][23188][info ][gc,marking  ] GC(14) Concurrent Mark
[2025-01-31T14:14:37.703+0000][23188][info ][gc,marking  ] GC(14) Concurrent Mark From Roots
[2025-01-31T14:14:37.703+0000][23188][info ][gc,task     ] GC(14) Using 3 workers of 3 for marking
[2025-01-31T14:14:37.736+0000][23188][info ][safepoint   ] Safepoint "CollectForMetadataAllocation", Time since last: 55154100 ns, Reaching safepoint: 304500 ns, At safepoint: 80300 ns, Total: 384800 ns
[2025-01-31T14:14:37.738+0000][23188][info ][gc,marking  ] GC(14) Concurrent Mark From Roots 35.008ms
[2025-01-31T14:14:37.738+0000][23188][info ][gc,marking  ] GC(14) Concurrent Preclean
[2025-01-31T14:14:37.738+0000][23188][info ][gc,marking  ] GC(14) Concurrent Preclean 0.090ms
[2025-01-31T14:14:37.738+0000][23188][info ][gc,start    ] GC(14) Pause Remark
[2025-01-31T14:14:37.752+0000][23188][info ][gc          ] GC(14) Pause Remark 56M->56M(4008M) 12.669ms
[2025-01-31T14:14:37.752+0000][23188][info ][gc,cpu      ] GC(14) User=0.00s Sys=0.00s Real=0.01s
[2025-01-31T14:14:37.752+0000][23188][info ][safepoint   ] Safepoint "G1PauseRemark", Time since last: 1840200 ns, Reaching safepoint: 545500 ns, At safepoint: 12786300 ns, Total: 13331800 ns
[2025-01-31T14:14:37.752+0000][23188][info ][gc,marking  ] GC(14) Concurrent Mark 48.602ms
[2025-01-31T14:14:37.752+0000][23188][info ][gc,marking  ] GC(14) Concurrent Rebuild Remembered Sets and Scrub Regions
[2025-01-31T14:14:37.754+0000][23188][info ][gc,marking  ] GC(14) Concurrent Rebuild Remembered Sets and Scrub Regions 2.567ms
[2025-01-31T14:14:37.754+0000][23188][info ][gc,start    ] GC(14) Pause Cleanup
[2025-01-31T14:14:37.754+0000][23188][info ][gc          ] GC(14) Pause Cleanup 56M->56M(4008M) 0.075ms
[2025-01-31T14:14:37.754+0000][23188][info ][gc,cpu      ] GC(14) User=0.00s Sys=0.00s Real=0.00s
[2025-01-31T14:14:37.754+0000][23188][info ][safepoint   ] Safepoint "G1PauseCleanup", Time since last: 2715500 ns, Reaching safepoint: 35700 ns, At safepoint: 144700 ns, Total: 180400 ns
[2025-01-31T14:14:37.754+0000][23188][info ][gc,marking  ] GC(14) Concurrent Clear Claimed Marks
[2025-01-31T14:14:37.754+0000][23188][info ][gc,marking  ] GC(14) Concurrent Clear Claimed Marks 0.102ms
[2025-01-31T14:14:37.754+0000][23188][info ][gc,marking  ] GC(14) Concurrent Cleanup for Next Mark
[2025-01-31T14:14:37.829+0000][23188][info ][gc,marking  ] GC(14) Concurrent Cleanup for Next Mark 82.938ms
[2025-01-31T14:14:37.829+0000][23188][info ][gc          ] GC(14) Concurrent Mark Cycle 156.899ms
[2025-01-31T14:14:47.108+0000][23188][info ][gc,start    ] GC(15) Pause Young (Normal) (G1 Evacuation Pause)
[2025-01-31T14:14:47.124+0000][23188][info ][gc,task     ] GC(15) Using 10 workers of 10 for evacuation
[2025-01-31T14:14:47.124+0000][23188][debug][gc,age      ] GC(15) Desired survivor size 60817408 bytes, new threshold 15 (max threshold 15)
[2025-01-31T14:14:47.171+0000][23188][info ][gc,phases   ] GC(15)   Pre Evacuate Collection Set: 2.65ms
[2025-01-31T14:14:47.171+0000][23188][info ][gc,phases   ] GC(15)   Merge Heap Roots: 0.83ms
[2025-01-31T14:14:47.171+0000][23188][info ][gc,phases   ] GC(15)   Evacuate Collection Set: 40.56ms
[2025-01-31T14:14:47.171+0000][23188][info ][gc,phases   ] GC(15)   Post Evacuate Collection Set: 3.85ms
[2025-01-31T14:14:47.171+0000][23188][info ][gc,phases   ] GC(15)   Other: 1.12ms
[2025-01-31T14:14:47.171+0000][23188][trace][gc,age      ] GC(15) Age table:
[2025-01-31T14:14:47.171+0000][23188][trace][gc,age      ] GC(15) - age   1:   17041448 bytes,   17041448 total
[2025-01-31T14:14:47.171+0000][23188][trace][gc,age      ] GC(15) - age   2:    2715560 bytes,   19757008 total
[2025-01-31T14:14:47.171+0000][23188][trace][gc,age      ] GC(15) - age   3:    6783344 bytes,   26540352 total
[2025-01-31T14:14:47.171+0000][23188][trace][gc,age      ] GC(15) - age   4:    4137824 bytes,   30678176 total
[2025-01-31T14:14:47.171+0000][23188][trace][gc,age      ] GC(15) - age   5:    6113432 bytes,   36791608 total
[2025-01-31T14:14:47.171+0000][23188][trace][gc,age      ] GC(15) - age   6:    4233208 bytes,   41024816 total
[2025-01-31T14:14:47.171+0000][23188][trace][gc,age      ] GC(15) - age   7:     852992 bytes,   41877808 total
[2025-01-31T14:14:47.171+0000][23188][trace][gc,age      ] GC(15) - age   8:    2324752 bytes,   44202560 total
[2025-01-31T14:14:47.171+0000][23188][trace][gc,age      ] GC(15) - age   9:    2533168 bytes,   46735728 total
[2025-01-31T14:14:47.171+0000][23188][trace][gc,age      ] GC(15) - age  10:    4075400 bytes,   50811128 total
[2025-01-31T14:14:47.171+0000][23188][trace][gc,age      ] GC(15) - age  11:     879568 bytes,   51690696 total
[2025-01-31T14:14:47.171+0000][23188][trace][gc,age      ] GC(15) - age  12:      68224 bytes,   51758920 total
[2025-01-31T14:14:47.171+0000][23188][info ][gc,heap     ] GC(15) Eden regions: 215->0(191)
[2025-01-31T14:14:47.171+0000][23188][info ][gc,heap     ] GC(15) Survivor regions: 10->14(29)
[2025-01-31T14:14:47.171+0000][23188][info ][gc,heap     ] GC(15) Old regions: 4->4
[2025-01-31T14:14:47.171+0000][23188][info ][gc,heap     ] GC(15) Humongous regions: 0->0
[2025-01-31T14:14:47.171+0000][23188][info ][gc,metaspace] GC(15) Metaspace: 90472K(92480K)->90472K(92480K) NonClass: 78278K(79488K)->78278K(79488K) Class: 12194K(12992K)->12194K(12992K)
[2025-01-31T14:14:47.171+0000][23188][info ][gc          ] GC(15) Pause Young (Normal) (G1 Evacuation Pause) 912M->69M(4008M) 51.022ms
[2025-01-31T14:14:47.171+0000][23188][info ][gc,cpu      ] GC(15) User=0.19s Sys=0.03s Real=0.06s
[2025-01-31T14:14:47.171+0000][23188][info ][safepoint   ] Safepoint "G1CollectForAllocation", Time since last: 9367573300 ns, Reaching safepoint: 45600 ns, At safepoint: 51747700 ns, Total: 51793300 ns
[2025-01-31T14:14:49.439+0000][23188][info ][gc,start    ] GC(16) Pause Young (Concurrent Start) (Metadata GC Threshold)
[2025-01-31T14:14:49.439+0000][23188][info ][gc,task     ] GC(16) Using 10 workers of 10 for evacuation
[2025-01-31T14:14:49.439+0000][23188][debug][gc,age      ] GC(16) Desired survivor size 54525952 bytes, new threshold 15 (max threshold 15)
[2025-01-31T14:14:49.455+0000][23188][info ][gc,phases   ] GC(16)   Pre Evacuate Collection Set: 0.40ms
[2025-01-31T14:14:49.455+0000][23188][info ][gc,phases   ] GC(16)   Merge Heap Roots: 0.21ms
[2025-01-31T14:14:49.455+0000][23188][info ][gc,phases   ] GC(16)   Evacuate Collection Set: 18.75ms
[2025-01-31T14:14:49.455+0000][23188][info ][gc,phases   ] GC(16)   Post Evacuate Collection Set: 2.62ms
[2025-01-31T14:14:49.455+0000][23188][info ][gc,phases   ] GC(16)   Other: 0.16ms
[2025-01-31T14:14:49.455+0000][23188][trace][gc,age      ] GC(16) Age table:
[2025-01-31T14:14:49.455+0000][23188][trace][gc,age      ] GC(16) - age   1:    4891176 bytes,    4891176 total
[2025-01-31T14:14:49.455+0000][23188][trace][gc,age      ] GC(16) - age   2:   16424512 bytes,   21315688 total
[2025-01-31T14:14:49.455+0000][23188][trace][gc,age      ] GC(16) - age   3:    2704048 bytes,   24019736 total
[2025-01-31T14:14:49.455+0000][23188][trace][gc,age      ] GC(16) - age   4:    6729336 bytes,   30749072 total
[2025-01-31T14:14:49.455+0000][23188][trace][gc,age      ] GC(16) - age   5:    4134696 bytes,   34883768 total
[2025-01-31T14:14:49.455+0000][23188][trace][gc,age      ] GC(16) - age   6:    6110064 bytes,   40993832 total
[2025-01-31T14:14:49.455+0000][23188][trace][gc,age      ] GC(16) - age   7:    4232152 bytes,   45225984 total
[2025-01-31T14:14:49.455+0000][23188][trace][gc,age      ] GC(16) - age   8:     852544 bytes,   46078528 total
[2025-01-31T14:14:49.455+0000][23188][trace][gc,age      ] GC(16) - age   9:    2323848 bytes,   48402376 total
[2025-01-31T14:14:49.455+0000][23188][trace][gc,age      ] GC(16) - age  10:    2531952 bytes,   50934328 total
[2025-01-31T14:14:49.455+0000][23188][trace][gc,age      ] GC(16) - age  11:    4061992 bytes,   54996320 total
[2025-01-31T14:14:49.455+0000][23188][trace][gc,age      ] GC(16) - age  12:     878672 bytes,   55874992 total
[2025-01-31T14:14:49.455+0000][23188][trace][gc,age      ] GC(16) - age  13:      68128 bytes,   55943120 total
[2025-01-31T14:14:49.455+0000][23188][info ][gc,heap     ] GC(16) Eden regions: 49->0(249)
[2025-01-31T14:14:49.455+0000][23188][info ][gc,heap     ] GC(16) Survivor regions: 14->15(26)
[2025-01-31T14:14:49.455+0000][23188][info ][gc,heap     ] GC(16) Old regions: 4->4
[2025-01-31T14:14:49.455+0000][23188][info ][gc,heap     ] GC(16) Humongous regions: 0->0
[2025-01-31T14:14:49.455+0000][23188][info ][gc,metaspace] GC(16) Metaspace: 99478K(101440K)->99478K(101440K) NonClass: 85879K(87040K)->85879K(87040K) Class: 13598K(14400K)->13598K(14400K)
[2025-01-31T14:14:49.455+0000][23188][info ][gc          ] GC(16) Pause Young (Concurrent Start) (Metadata GC Threshold) 265M->74M(4008M) 22.496ms
[2025-01-31T14:14:49.455+0000][23188][info ][gc,cpu      ] GC(16) User=0.02s Sys=0.03s Real=0.02s
[2025-01-31T14:14:49.455+0000][23188][info ][safepoint   ] Safepoint "CollectForMetadataAllocation", Time since last: 2273061600 ns, Reaching safepoint: 8400 ns, At safepoint: 22664000 ns, Total: 22672400 ns
[2025-01-31T14:14:49.455+0000][23188][info ][gc          ] GC(17) Concurrent Mark Cycle
[2025-01-31T14:14:49.455+0000][23188][info ][gc,marking  ] GC(17) Concurrent Scan Root Regions
[2025-01-31T14:14:49.471+0000][23188][info ][gc,marking  ] GC(17) Concurrent Scan Root Regions 11.137ms
[2025-01-31T14:14:49.471+0000][23188][info ][gc,marking  ] GC(17) Concurrent Mark
[2025-01-31T14:14:49.471+0000][23188][info ][gc,marking  ] GC(17) Concurrent Mark From Roots
[2025-01-31T14:14:49.471+0000][23188][info ][gc,task     ] GC(17) Using 3 workers of 3 for marking
[2025-01-31T14:14:49.487+0000][23188][info ][gc,marking  ] GC(17) Concurrent Mark From Roots 11.988ms
[2025-01-31T14:14:49.487+0000][23188][info ][gc,marking  ] GC(17) Concurrent Preclean
[2025-01-31T14:14:49.487+0000][23188][info ][gc,marking  ] GC(17) Concurrent Preclean 0.096ms
[2025-01-31T14:14:49.487+0000][23188][info ][gc,start    ] GC(17) Pause Remark
[2025-01-31T14:14:49.502+0000][23188][info ][gc          ] GC(17) Pause Remark 78M->78M(4008M) 12.127ms
[2025-01-31T14:14:49.502+0000][23188][info ][gc,cpu      ] GC(17) User=0.00s Sys=0.00s Real=0.02s
[2025-01-31T14:14:49.502+0000][23188][info ][safepoint   ] Safepoint "G1PauseRemark", Time since last: 23586200 ns, Reaching safepoint: 97900 ns, At safepoint: 12248000 ns, Total: 12345900 ns
[2025-01-31T14:14:49.502+0000][23188][info ][gc,marking  ] GC(17) Concurrent Mark 24.636ms
[2025-01-31T14:14:49.502+0000][23188][info ][gc,marking  ] GC(17) Concurrent Rebuild Remembered Sets and Scrub Regions
[2025-01-31T14:14:49.502+0000][23188][info ][gc,marking  ] GC(17) Concurrent Rebuild Remembered Sets and Scrub Regions 3.688ms
[2025-01-31T14:14:49.502+0000][23188][info ][gc,start    ] GC(17) Pause Cleanup
[2025-01-31T14:14:49.502+0000][23188][info ][gc          ] GC(17) Pause Cleanup 78M->78M(4008M) 0.080ms
[2025-01-31T14:14:49.502+0000][23188][info ][gc,cpu      ] GC(17) User=0.00s Sys=0.00s Real=0.00s
[2025-01-31T14:14:49.502+0000][23188][info ][safepoint   ] Safepoint "G1PauseCleanup", Time since last: 3924300 ns, Reaching safepoint: 22600 ns, At safepoint: 137900 ns, Total: 160500 ns
[2025-01-31T14:14:49.502+0000][23188][info ][gc,marking  ] GC(17) Concurrent Clear Claimed Marks
[2025-01-31T14:14:49.502+0000][23188][info ][gc,marking  ] GC(17) Concurrent Clear Claimed Marks 0.126ms
[2025-01-31T14:14:49.502+0000][23188][info ][gc,marking  ] GC(17) Concurrent Cleanup for Next Mark
[2025-01-31T14:14:49.521+0000][23188][info ][gc,marking  ] GC(17) Concurrent Cleanup for Next Mark 15.122ms
[2025-01-31T14:14:49.521+0000][23188][info ][gc          ] GC(17) Concurrent Mark Cycle 55.317ms
[2025-01-31T14:22:44.493+0000][23188][info ][gc,start    ] GC(18) Pause Young (Normal) (G1 Evacuation Pause)
[2025-01-31T14:22:44.500+0000][23188][info ][gc,task     ] GC(18) Using 10 workers of 10 for evacuation
[2025-01-31T14:22:44.502+0000][23188][debug][gc,age      ] GC(18) Desired survivor size 69206016 bytes, new threshold 15 (max threshold 15)
[2025-01-31T14:22:45.151+0000][23188][info ][gc,mmu      ] GC(18) MMU target violated: 201.0ms (200.0ms/201.0ms)
[2025-01-31T14:22:45.151+0000][23188][info ][gc,phases   ] GC(18)   Pre Evacuate Collection Set: 25.12ms
[2025-01-31T14:22:45.151+0000][23188][info ][gc,phases   ] GC(18)   Merge Heap Roots: 3.39ms
[2025-01-31T14:22:45.151+0000][23188][info ][gc,phases   ] GC(18)   Evacuate Collection Set: 594.23ms
[2025-01-31T14:22:45.151+0000][23188][info ][gc,phases   ] GC(18)   Post Evacuate Collection Set: 22.34ms
[2025-01-31T14:22:45.151+0000][23188][info ][gc,phases   ] GC(18)   Other: 12.71ms
[2025-01-31T14:22:45.151+0000][23188][trace][gc,age      ] GC(18) Age table:
[2025-01-31T14:22:45.151+0000][23188][trace][gc,age      ] GC(18) - age   1:   41089760 bytes,   41089760 total
[2025-01-31T14:22:45.151+0000][23188][trace][gc,age      ] GC(18) - age   2:    4649800 bytes,   45739560 total
[2025-01-31T14:22:45.151+0000][23188][trace][gc,age      ] GC(18) - age   3:   16208808 bytes,   61948368 total
[2025-01-31T14:22:45.151+0000][23188][trace][gc,age      ] GC(18) - age   4:    2612000 bytes,   64560368 total
[2025-01-31T14:22:45.151+0000][23188][trace][gc,age      ] GC(18) - age   5:    6711456 bytes,   71271824 total
[2025-01-31T14:22:45.151+0000][23188][trace][gc,age      ] GC(18) - age   6:    4131480 bytes,   75403304 total
[2025-01-31T14:22:45.151+0000][23188][trace][gc,age      ] GC(18) - age   7:    6102584 bytes,   81505888 total
[2025-01-31T14:22:45.151+0000][23188][trace][gc,age      ] GC(18) - age   8:    4229360 bytes,   85735248 total
[2025-01-31T14:22:45.151+0000][23188][trace][gc,age      ] GC(18) - age   9:     848280 bytes,   86583528 total
[2025-01-31T14:22:45.151+0000][23188][trace][gc,age      ] GC(18) - age  10:    2320984 bytes,   88904512 total
[2025-01-31T14:22:45.151+0000][23188][trace][gc,age      ] GC(18) - age  11:    2527744 bytes,   91432256 total
[2025-01-31T14:22:45.151+0000][23188][trace][gc,age      ] GC(18) - age  12:    4059456 bytes,   95491712 total
[2025-01-31T14:22:45.151+0000][23188][trace][gc,age      ] GC(18) - age  13:     876888 bytes,   96368600 total
[2025-01-31T14:22:45.151+0000][23188][trace][gc,age      ] GC(18) - age  14:      68024 bytes,   96436624 total
[2025-01-31T14:22:45.151+0000][23188][info ][gc,heap     ] GC(18) Eden regions: 249->0(23)
[2025-01-31T14:22:45.151+0000][23188][info ][gc,heap     ] GC(18) Survivor regions: 15->27(33)
[2025-01-31T14:22:45.151+0000][23188][info ][gc,heap     ] GC(18) Old regions: 4->4
[2025-01-31T14:22:45.151+0000][23188][info ][gc,heap     ] GC(18) Humongous regions: 2->2
[2025-01-31T14:22:45.151+0000][23188][info ][gc,metaspace] GC(18) Metaspace: 145429K(149568K)->145429K(149568K) NonClass: 124507K(126784K)->124507K(126784K) Class: 20922K(22784K)->20922K(22784K)
[2025-01-31T14:22:45.151+0000][23188][info ][gc          ] GC(18) Pause Young (Normal) (G1 Evacuation Pause) 1078M->128M(4008M) 661.429ms
[2025-01-31T14:22:45.155+0000][23188][info ][gc,cpu      ] GC(18) User=0.12s Sys=0.45s Real=0.66s
[2025-01-31T14:22:45.155+0000][23188][info ][safepoint   ] Safepoint "G1CollectForAllocation", Time since last: 474981570300 ns, Reaching safepoint: 803600 ns, At safepoint: 663275000 ns, Total: 664078600 ns
[2025-01-31T14:23:51.027+0000][23188][info ][gc,start    ] GC(19) Pause Young (Normal) (G1 Evacuation Pause)
[2025-01-31T14:23:51.032+0000][23188][info ][gc,task     ] GC(19) Using 10 workers of 10 for evacuation
[2025-01-31T14:23:51.033+0000][23188][debug][gc,age      ] GC(19) Desired survivor size 14680064 bytes, new threshold 1 (max threshold 15)
[2025-01-31T14:23:51.237+0000][23188][info ][gc,mmu      ] GC(19) MMU target violated: 201.0ms (200.0ms/201.0ms)
[2025-01-31T14:23:51.237+0000][23188][info ][gc,phases   ] GC(19)   Pre Evacuate Collection Set: 11.75ms
[2025-01-31T14:23:51.237+0000][23188][info ][gc,phases   ] GC(19)   Merge Heap Roots: 2.02ms
[2025-01-31T14:23:51.237+0000][23188][info ][gc,phases   ] GC(19)   Evacuate Collection Set: 173.60ms
[2025-01-31T14:23:51.237+0000][23188][info ][gc,phases   ] GC(19)   Post Evacuate Collection Set: 14.31ms
[2025-01-31T14:23:51.237+0000][23188][info ][gc,phases   ] GC(19)   Other: 6.07ms
[2025-01-31T14:23:51.237+0000][23188][trace][gc,age      ] GC(19) Age table:
[2025-01-31T14:23:51.237+0000][23188][trace][gc,age      ] GC(19) - age   1:      98296 bytes,      98296 total
[2025-01-31T14:23:51.237+0000][23188][info ][gc,heap     ] GC(19) Eden regions: 23->0(163)
[2025-01-31T14:23:51.237+0000][23188][info ][gc,heap     ] GC(19) Survivor regions: 27->3(7)
[2025-01-31T14:23:51.237+0000][23188][info ][gc,heap     ] GC(19) Old regions: 4->28
[2025-01-31T14:23:51.237+0000][23188][info ][gc,heap     ] GC(19) Humongous regions: 2->2
[2025-01-31T14:23:51.237+0000][23188][info ][gc,metaspace] GC(19) Metaspace: 145494K(149568K)->145494K(149568K) NonClass: 124568K(126784K)->124568K(126784K) Class: 20925K(22784K)->20925K(22784K)
[2025-01-31T14:23:51.238+0000][23188][info ][gc          ] GC(19) Pause Young (Normal) (G1 Evacuation Pause) 220M->129M(4008M) 211.471ms
[2025-01-31T14:23:51.238+0000][23188][info ][gc,cpu      ] GC(19) User=0.08s Sys=0.12s Real=0.21s
[2025-01-31T14:23:51.238+0000][23188][info ][safepoint   ] Safepoint "G1CollectForAllocation", Time since last: 65866637800 ns, Reaching safepoint: 2594200 ns, At safepoint: 213400800 ns, Total: 215995000 ns
[2025-01-31T14:35:19.437+0000][23188][info ][gc,start    ] GC(20) Pause Young (Normal) (G1 Evacuation Pause)
[2025-01-31T14:35:19.437+0000][23188][info ][gc,task     ] GC(20) Using 10 workers of 10 for evacuation
[2025-01-31T14:35:19.437+0000][23188][debug][gc,age      ] GC(20) Desired survivor size 44040192 bytes, new threshold 15 (max threshold 15)
[2025-01-31T14:35:19.468+0000][23188][info ][gc,phases   ] GC(20)   Pre Evacuate Collection Set: 6.13ms
[2025-01-31T14:35:19.468+0000][23188][info ][gc,phases   ] GC(20)   Merge Heap Roots: 0.83ms
[2025-01-31T14:35:19.468+0000][23188][info ][gc,phases   ] GC(20)   Evacuate Collection Set: 20.60ms
[2025-01-31T14:35:19.468+0000][23188][info ][gc,phases   ] GC(20)   Post Evacuate Collection Set: 4.84ms
[2025-01-31T14:35:19.468+0000][23188][info ][gc,phases   ] GC(20)   Other: 4.69ms
[2025-01-31T14:35:19.468+0000][23188][trace][gc,age      ] GC(20) Age table:
[2025-01-31T14:35:19.468+0000][23188][trace][gc,age      ] GC(20) - age   1:     116344 bytes,     116344 total
[2025-01-31T14:35:19.468+0000][23188][trace][gc,age      ] GC(20) - age   2:      71976 bytes,     188320 total
[2025-01-31T14:35:19.468+0000][23188][info ][gc,heap     ] GC(20) Eden regions: 163->0(139)
[2025-01-31T14:35:19.468+0000][23188][info ][gc,heap     ] GC(20) Survivor regions: 3->1(21)
[2025-01-31T14:35:19.468+0000][23188][info ][gc,heap     ] GC(20) Old regions: 28->28
[2025-01-31T14:35:19.468+0000][23188][info ][gc,heap     ] GC(20) Humongous regions: 2->2
[2025-01-31T14:35:19.468+0000][23188][info ][gc,metaspace] GC(20) Metaspace: 145847K(149952K)->145847K(149952K) NonClass: 124905K(127104K)->124905K(127104K) Class: 20941K(22848K)->20941K(22848K)
[2025-01-31T14:35:19.468+0000][23188][info ][gc          ] GC(20) Pause Young (Normal) (G1 Evacuation Pause) 781M->122M(4008M) 40.938ms
[2025-01-31T14:35:19.468+0000][23188][info ][gc,cpu      ] GC(20) User=0.00s Sys=0.00s Real=0.05s
[2025-01-31T14:35:19.468+0000][23188][info ][safepoint   ] Safepoint "G1CollectForAllocation", Time since last: 688193094700 ns, Reaching safepoint: 1069700 ns, At safepoint: 45740700 ns, Total: 46810400 ns
[2025-01-31T14:44:55.507+0000][23188][info ][gc,start    ] GC(21) Pause Young (Normal) (G1 Evacuation Pause)
[2025-01-31T14:44:55.512+0000][23188][info ][gc,task     ] GC(21) Using 10 workers of 10 for evacuation
[2025-01-31T14:44:55.512+0000][23188][debug][gc,age      ] GC(21) Desired survivor size 37748736 bytes, new threshold 15 (max threshold 15)
[2025-01-31T14:44:55.547+0000][23188][info ][gc,phases   ] GC(21)   Pre Evacuate Collection Set: 8.02ms
[2025-01-31T14:44:55.547+0000][23188][info ][gc,phases   ] GC(21)   Merge Heap Roots: 1.08ms
[2025-01-31T14:44:55.547+0000][23188][info ][gc,phases   ] GC(21)   Evacuate Collection Set: 17.67ms
[2025-01-31T14:44:55.547+0000][23188][info ][gc,phases   ] GC(21)   Post Evacuate Collection Set: 8.36ms
[2025-01-31T14:44:55.547+0000][23188][info ][gc,phases   ] GC(21)   Other: 2.98ms
[2025-01-31T14:44:55.547+0000][23188][trace][gc,age      ] GC(21) Age table:
[2025-01-31T14:44:55.547+0000][23188][trace][gc,age      ] GC(21) - age   1:      40128 bytes,      40128 total
[2025-01-31T14:44:55.547+0000][23188][trace][gc,age      ] GC(21) - age   2:      85440 bytes,     125568 total
[2025-01-31T14:44:55.547+0000][23188][trace][gc,age      ] GC(21) - age   3:      71912 bytes,     197480 total
[2025-01-31T14:44:55.547+0000][23188][info ][gc,heap     ] GC(21) Eden regions: 139->0(161)
[2025-01-31T14:44:55.547+0000][23188][info ][gc,heap     ] GC(21) Survivor regions: 1->1(18)
[2025-01-31T14:44:55.547+0000][23188][info ][gc,heap     ] GC(21) Old regions: 28->28
[2025-01-31T14:44:55.547+0000][23188][info ][gc,heap     ] GC(21) Humongous regions: 2->2
[2025-01-31T14:44:55.547+0000][23188][info ][gc,metaspace] GC(21) Metaspace: 145931K(150144K)->145931K(150144K) NonClass: 124989K(127296K)->124989K(127296K) Class: 20941K(22848K)->20941K(22848K)
[2025-01-31T14:44:55.547+0000][23188][info ][gc          ] GC(21) Pause Young (Normal) (G1 Evacuation Pause) 678M->120M(4008M) 43.206ms
[2025-01-31T14:44:55.547+0000][23188][info ][gc,cpu      ] GC(21) User=0.00s Sys=0.03s Real=0.05s
[2025-01-31T14:44:55.547+0000][23188][info ][safepoint   ] Safepoint "G1CollectForAllocation", Time since last: 576027905300 ns, Reaching safepoint: 777300 ns, At safepoint: 44504300 ns, Total: 45281600 ns
[2025-01-31T14:56:11.238+0000][23188][info ][gc,start    ] GC(22) Pause Young (Normal) (G1 Evacuation Pause)
[2025-01-31T14:56:11.239+0000][23188][info ][gc,task     ] GC(22) Using 10 workers of 10 for evacuation
[2025-01-31T14:56:11.239+0000][23188][debug][gc,age      ] GC(22) Desired survivor size 44040192 bytes, new threshold 15 (max threshold 15)
[2025-01-31T14:56:11.285+0000][23188][info ][gc,phases   ] GC(22)   Pre Evacuate Collection Set: 11.05ms
[2025-01-31T14:56:11.285+0000][23188][info ][gc,phases   ] GC(22)   Merge Heap Roots: 2.84ms
[2025-01-31T14:56:11.285+0000][23188][info ][gc,phases   ] GC(22)   Evacuate Collection Set: 30.40ms
[2025-01-31T14:56:11.285+0000][23188][info ][gc,phases   ] GC(22)   Post Evacuate Collection Set: 9.82ms
[2025-01-31T14:56:11.285+0000][23188][info ][gc,phases   ] GC(22)   Other: 4.14ms
[2025-01-31T14:56:11.285+0000][23188][trace][gc,age      ] GC(22) Age table:
[2025-01-31T14:56:11.285+0000][23188][trace][gc,age      ] GC(22) - age   1:      24296 bytes,      24296 total
[2025-01-31T14:56:11.285+0000][23188][trace][gc,age      ] GC(22) - age   2:       7360 bytes,      31656 total
[2025-01-31T14:56:11.285+0000][23188][trace][gc,age      ] GC(22) - age   3:      84808 bytes,     116464 total
[2025-01-31T14:56:11.285+0000][23188][trace][gc,age      ] GC(22) - age   4:      71912 bytes,     188376 total
[2025-01-31T14:56:11.285+0000][23188][info ][gc,heap     ] GC(22) Eden regions: 161->0(158)
[2025-01-31T14:56:11.285+0000][23188][info ][gc,heap     ] GC(22) Survivor regions: 1->1(21)
[2025-01-31T14:56:11.285+0000][23188][info ][gc,heap     ] GC(22) Old regions: 28->28
[2025-01-31T14:56:11.285+0000][23188][info ][gc,heap     ] GC(22) Humongous regions: 2->2
[2025-01-31T14:56:11.285+0000][23188][info ][gc,metaspace] GC(22) Metaspace: 146063K(150272K)->146063K(150272K) NonClass: 125121K(127424K)->125121K(127424K) Class: 20941K(22848K)->20941K(22848K)
[2025-01-31T14:56:11.285+0000][23188][info ][gc          ] GC(22) Pause Young (Normal) (G1 Evacuation Pause) 764M->119M(4008M) 59.334ms
[2025-01-31T14:56:11.285+0000][23188][info ][gc,cpu      ] GC(22) User=0.00s Sys=0.02s Real=0.05s
[2025-01-31T14:56:11.285+0000][23188][info ][safepoint   ] Safepoint "G1CollectForAllocation", Time since last: 675687553100 ns, Reaching safepoint: 122300 ns, At safepoint: 59716100 ns, Total: 59838400 ns
[2025-01-31T15:07:10.523+0000][23188][info ][gc,start    ] GC(23) Pause Young (Normal) (G1 Evacuation Pause)
[2025-01-31T15:07:10.523+0000][23188][info ][gc,task     ] GC(23) Using 10 workers of 10 for evacuation
[2025-01-31T15:07:10.523+0000][23188][debug][gc,age      ] GC(23) Desired survivor size 41943040 bytes, new threshold 15 (max threshold 15)
[2025-01-31T15:07:10.651+0000][23188][info ][gc,phases   ] GC(23)   Pre Evacuate Collection Set: 21.59ms
[2025-01-31T15:07:10.651+0000][23188][info ][gc,phases   ] GC(23)   Merge Heap Roots: 2.70ms
[2025-01-31T15:07:10.651+0000][23188][info ][gc,phases   ] GC(23)   Evacuate Collection Set: 64.18ms
[2025-01-31T15:07:10.651+0000][23188][info ][gc,phases   ] GC(23)   Post Evacuate Collection Set: 23.09ms
[2025-01-31T15:07:10.651+0000][23188][info ][gc,phases   ] GC(23)   Other: 11.92ms
[2025-01-31T15:07:10.651+0000][23188][trace][gc,age      ] GC(23) Age table:
[2025-01-31T15:07:10.651+0000][23188][trace][gc,age      ] GC(23) - age   1:      21744 bytes,      21744 total
[2025-01-31T15:07:10.651+0000][23188][trace][gc,age      ] GC(23) - age   2:       7328 bytes,      29072 total
[2025-01-31T15:07:10.651+0000][23188][trace][gc,age      ] GC(23) - age   3:       6648 bytes,      35720 total
[2025-01-31T15:07:10.651+0000][23188][trace][gc,age      ] GC(23) - age   4:      84808 bytes,     120528 total
[2025-01-31T15:07:10.651+0000][23188][trace][gc,age      ] GC(23) - age   5:      71912 bytes,     192440 total
[2025-01-31T15:07:10.651+0000][23188][info ][gc,heap     ] GC(23) Eden regions: 158->0(137)
[2025-01-31T15:07:10.651+0000][23188][info ][gc,heap     ] GC(23) Survivor regions: 1->1(20)
[2025-01-31T15:07:10.651+0000][23188][info ][gc,heap     ] GC(23) Old regions: 28->28
[2025-01-31T15:07:10.651+0000][23188][info ][gc,heap     ] GC(23) Humongous regions: 2->2
[2025-01-31T15:07:10.652+0000][23188][info ][gc,metaspace] GC(23) Metaspace: 146136K(150336K)->146136K(150336K) NonClass: 125194K(127488K)->125194K(127488K) Class: 20941K(22848K)->20941K(22848K)
[2025-01-31T15:07:10.653+0000][23188][info ][gc          ] GC(23) Pause Young (Normal) (G1 Evacuation Pause) 751M->119M(4008M) 127.825ms
[2025-01-31T15:07:10.653+0000][23188][info ][gc,cpu      ] GC(23) User=0.03s Sys=0.06s Real=0.13s
[2025-01-31T15:07:10.653+0000][23188][info ][safepoint   ] Safepoint "G1CollectForAllocation", Time since last: 659224299600 ns, Reaching safepoint: 790200 ns, At safepoint: 129858900 ns, Total: 130649100 ns
[2025-01-31T15:16:41.800+0000][23188][info ][gc,start    ] GC(24) Pause Young (Normal) (G1 Evacuation Pause)
[2025-01-31T15:16:41.808+0000][23188][info ][gc,task     ] GC(24) Using 10 workers of 10 for evacuation
[2025-01-31T15:16:41.808+0000][23188][debug][gc,age      ] GC(24) Desired survivor size 37748736 bytes, new threshold 15 (max threshold 15)
[2025-01-31T15:16:41.933+0000][23188][info ][gc,phases   ] GC(24)   Pre Evacuate Collection Set: 26.80ms
[2025-01-31T15:16:41.933+0000][23188][info ][gc,phases   ] GC(24)   Merge Heap Roots: 2.62ms
[2025-01-31T15:16:41.933+0000][23188][info ][gc,phases   ] GC(24)   Evacuate Collection Set: 65.18ms
[2025-01-31T15:16:41.933+0000][23188][info ][gc,phases   ] GC(24)   Post Evacuate Collection Set: 23.28ms
[2025-01-31T15:16:41.933+0000][23188][info ][gc,phases   ] GC(24)   Other: 12.29ms
[2025-01-31T15:16:41.933+0000][23188][trace][gc,age      ] GC(24) Age table:
[2025-01-31T15:16:41.933+0000][23188][trace][gc,age      ] GC(24) - age   1:     431416 bytes,     431416 total
[2025-01-31T15:16:41.933+0000][23188][trace][gc,age      ] GC(24) - age   2:       4784 bytes,     436200 total
[2025-01-31T15:16:41.933+0000][23188][trace][gc,age      ] GC(24) - age   3:       7064 bytes,     443264 total
[2025-01-31T15:16:41.933+0000][23188][trace][gc,age      ] GC(24) - age   4:       5416 bytes,     448680 total
[2025-01-31T15:16:41.933+0000][23188][trace][gc,age      ] GC(24) - age   5:      83104 bytes,     531784 total
[2025-01-31T15:16:41.933+0000][23188][trace][gc,age      ] GC(24) - age   6:      71808 bytes,     603592 total
[2025-01-31T15:16:41.933+0000][23188][info ][gc,heap     ] GC(24) Eden regions: 137->0(144)
[2025-01-31T15:16:41.933+0000][23188][info ][gc,heap     ] GC(24) Survivor regions: 1->1(18)
[2025-01-31T15:16:41.933+0000][23188][info ][gc,heap     ] GC(24) Old regions: 28->28
[2025-01-31T15:16:41.933+0000][23188][info ][gc,heap     ] GC(24) Humongous regions: 2->2
[2025-01-31T15:16:41.933+0000][23188][info ][gc,metaspace] GC(24) Metaspace: 147596K(151808K)->147596K(151808K) NonClass: 126404K(128704K)->126404K(128704K) Class: 21191K(23104K)->21191K(23104K)
[2025-01-31T15:16:41.937+0000][23188][info ][gc          ] GC(24) Pause Young (Normal) (G1 Evacuation Pause) 667M->119M(4008M) 136.715ms
[2025-01-31T15:16:41.937+0000][23188][info ][gc,cpu      ] GC(24) User=0.03s Sys=0.17s Real=0.14s
[2025-01-31T15:16:41.937+0000][23188][info ][safepoint   ] Safepoint "G1CollectForAllocation", Time since last: 571143564700 ns, Reaching safepoint: 2042600 ns, At safepoint: 138333800 ns, Total: 140376400 ns
[2025-01-31T15:26:48.776+0000][23188][info ][gc,start    ] GC(25) Pause Young (Normal) (G1 Evacuation Pause)
[2025-01-31T15:26:48.782+0000][23188][info ][gc,task     ] GC(25) Using 10 workers of 10 for evacuation
[2025-01-31T15:26:48.783+0000][23188][debug][gc,age      ] GC(25) Desired survivor size 39845888 bytes, new threshold 15 (max threshold 15)
[2025-01-31T15:26:48.860+0000][23188][info ][gc,phases   ] GC(25)   Pre Evacuate Collection Set: 18.12ms
[2025-01-31T15:26:48.860+0000][23188][info ][gc,phases   ] GC(25)   Merge Heap Roots: 1.50ms
[2025-01-31T15:26:48.860+0000][23188][info ][gc,phases   ] GC(25)   Evacuate Collection Set: 43.82ms
[2025-01-31T15:26:48.860+0000][23188][info ][gc,phases   ] GC(25)   Post Evacuate Collection Set: 11.44ms
[2025-01-31T15:26:48.860+0000][23188][info ][gc,phases   ] GC(25)   Other: 5.82ms
[2025-01-31T15:26:48.860+0000][23188][trace][gc,age      ] GC(25) Age table:
[2025-01-31T15:26:48.860+0000][23188][trace][gc,age      ] GC(25) - age   1:      19304 bytes,      19304 total
[2025-01-31T15:26:48.860+0000][23188][trace][gc,age      ] GC(25) - age   2:     404008 bytes,     423312 total
[2025-01-31T15:26:48.860+0000][23188][trace][gc,age      ] GC(25) - age   3:       4656 bytes,     427968 total
[2025-01-31T15:26:48.860+0000][23188][trace][gc,age      ] GC(25) - age   4:       7064 bytes,     435032 total
[2025-01-31T15:26:48.860+0000][23188][trace][gc,age      ] GC(25) - age   5:       5416 bytes,     440448 total
[2025-01-31T15:26:48.860+0000][23188][trace][gc,age      ] GC(25) - age   6:      83072 bytes,     523520 total
[2025-01-31T15:26:48.860+0000][23188][trace][gc,age      ] GC(25) - age   7:      71808 bytes,     595328 total
[2025-01-31T15:26:48.861+0000][23188][info ][gc,heap     ] GC(25) Eden regions: 144->0(170)
[2025-01-31T15:26:48.861+0000][23188][info ][gc,heap     ] GC(25) Survivor regions: 1->1(19)
[2025-01-31T15:26:48.861+0000][23188][info ][gc,heap     ] GC(25) Old regions: 28->28
[2025-01-31T15:26:48.861+0000][23188][info ][gc,heap     ] GC(25) Humongous regions: 2->2
[2025-01-31T15:26:48.861+0000][23188][info ][gc,metaspace] GC(25) Metaspace: 147640K(151872K)->147640K(151872K) NonClass: 126449K(128768K)->126449K(128768K) Class: 21191K(23104K)->21191K(23104K)
[2025-01-31T15:26:48.862+0000][23188][info ][gc          ] GC(25) Pause Young (Normal) (G1 Evacuation Pause) 695M->119M(4008M) 85.760ms
[2025-01-31T15:26:48.862+0000][23188][info ][gc,cpu      ] GC(25) User=0.02s Sys=0.08s Real=0.09s
[2025-01-31T15:26:48.862+0000][23188][info ][safepoint   ] Safepoint "G1CollectForAllocation", Time since last: 606836086300 ns, Reaching safepoint: 1480500 ns, At safepoint: 87459200 ns, Total: 88939700 ns
[2025-01-31T15:38:51.899+0000][23188][info ][gc,start    ] GC(26) Pause Young (Normal) (G1 Evacuation Pause)
[2025-01-31T15:38:51.908+0000][23188][info ][gc,task     ] GC(26) Using 10 workers of 10 for evacuation
[2025-01-31T15:38:51.908+0000][23188][debug][gc,age      ] GC(26) Desired survivor size 46137344 bytes, new threshold 15 (max threshold 15)
[2025-01-31T15:38:52.016+0000][23188][info ][gc,phases   ] GC(26)   Pre Evacuate Collection Set: 17.36ms
[2025-01-31T15:38:52.016+0000][23188][info ][gc,phases   ] GC(26)   Merge Heap Roots: 2.57ms
[2025-01-31T15:38:52.016+0000][23188][info ][gc,phases   ] GC(26)   Evacuate Collection Set: 65.46ms
[2025-01-31T15:38:52.016+0000][23188][info ][gc,phases   ] GC(26)   Post Evacuate Collection Set: 20.13ms
[2025-01-31T15:38:52.016+0000][23188][info ][gc,phases   ] GC(26)   Other: 7.95ms
[2025-01-31T15:38:52.016+0000][23188][trace][gc,age      ] GC(26) Age table:
[2025-01-31T15:38:52.016+0000][23188][trace][gc,age      ] GC(26) - age   1:      15824 bytes,      15824 total
[2025-01-31T15:38:52.016+0000][23188][trace][gc,age      ] GC(26) - age   2:       3096 bytes,      18920 total
[2025-01-31T15:38:52.016+0000][23188][trace][gc,age      ] GC(26) - age   3:     403192 bytes,     422112 total
[2025-01-31T15:38:52.016+0000][23188][trace][gc,age      ] GC(26) - age   4:       4656 bytes,     426768 total
[2025-01-31T15:38:52.016+0000][23188][trace][gc,age      ] GC(26) - age   5:       7064 bytes,     433832 total
[2025-01-31T15:38:52.016+0000][23188][trace][gc,age      ] GC(26) - age   6:       5416 bytes,     439248 total
[2025-01-31T15:38:52.016+0000][23188][trace][gc,age      ] GC(26) - age   7:      83072 bytes,     522320 total
[2025-01-31T15:38:52.016+0000][23188][trace][gc,age      ] GC(26) - age   8:      71808 bytes,     594128 total
[2025-01-31T15:38:52.016+0000][23188][info ][gc,heap     ] GC(26) Eden regions: 170->0(197)
[2025-01-31T15:38:52.016+0000][23188][info ][gc,heap     ] GC(26) Survivor regions: 1->1(22)
[2025-01-31T15:38:52.016+0000][23188][info ][gc,heap     ] GC(26) Old regions: 28->28
[2025-01-31T15:38:52.016+0000][23188][info ][gc,heap     ] GC(26) Humongous regions: 2->2
[2025-01-31T15:38:52.018+0000][23188][info ][gc,metaspace] GC(26) Metaspace: 147657K(151872K)->147657K(151872K) NonClass: 126466K(128768K)->126466K(128768K) Class: 21191K(23104K)->21191K(23104K)
[2025-01-31T15:38:52.019+0000][23188][info ][gc          ] GC(26) Pause Young (Normal) (G1 Evacuation Pause) 799M->119M(4008M) 119.844ms
[2025-01-31T15:38:52.019+0000][23188][info ][gc,cpu      ] GC(26) User=0.02s Sys=0.06s Real=0.12s
[2025-01-31T15:38:52.019+0000][23188][info ][safepoint   ] Safepoint "G1CollectForAllocation", Time since last: 723028098800 ns, Reaching safepoint: 7053100 ns, At safepoint: 122036000 ns, Total: 129089100 ns
[2025-01-31T15:52:48.820+0000][23188][info ][gc,start    ] GC(27) Pause Young (Normal) (G1 Evacuation Pause)
[2025-01-31T15:52:48.833+0000][23188][info ][gc,task     ] GC(27) Using 10 workers of 10 for evacuation
[2025-01-31T15:52:48.833+0000][23188][debug][gc,age      ] GC(27) Desired survivor size 52428800 bytes, new threshold 15 (max threshold 15)
[2025-01-31T15:52:48.997+0000][23188][info ][gc,phases   ] GC(27)   Pre Evacuate Collection Set: 35.86ms
[2025-01-31T15:52:48.997+0000][23188][info ][gc,phases   ] GC(27)   Merge Heap Roots: 4.56ms
[2025-01-31T15:52:48.997+0000][23188][info ][gc,phases   ] GC(27)   Evacuate Collection Set: 86.34ms
[2025-01-31T15:52:48.997+0000][23188][info ][gc,phases   ] GC(27)   Post Evacuate Collection Set: 30.37ms
[2025-01-31T15:52:48.997+0000][23188][info ][gc,phases   ] GC(27)   Other: 13.19ms
[2025-01-31T15:52:48.997+0000][23188][trace][gc,age      ] GC(27) Age table:
[2025-01-31T15:52:48.997+0000][23188][trace][gc,age      ] GC(27) - age   1:      27728 bytes,      27728 total
[2025-01-31T15:52:48.997+0000][23188][trace][gc,age      ] GC(27) - age   2:       2224 bytes,      29952 total
[2025-01-31T15:52:48.997+0000][23188][trace][gc,age      ] GC(27) - age   3:       3032 bytes,      32984 total
[2025-01-31T15:52:48.997+0000][23188][trace][gc,age      ] GC(27) - age   4:     403192 bytes,     436176 total
[2025-01-31T15:52:48.997+0000][23188][trace][gc,age      ] GC(27) - age   5:       4656 bytes,     440832 total
[2025-01-31T15:52:48.997+0000][23188][trace][gc,age      ] GC(27) - age   6:       7064 bytes,     447896 total
[2025-01-31T15:52:48.997+0000][23188][trace][gc,age      ] GC(27) - age   7:       5416 bytes,     453312 total
[2025-01-31T15:52:48.997+0000][23188][trace][gc,age      ] GC(27) - age   8:      82944 bytes,     536256 total
[2025-01-31T15:52:48.997+0000][23188][trace][gc,age      ] GC(27) - age   9:      55656 bytes,     591912 total
[2025-01-31T15:52:48.997+0000][23188][info ][gc,heap     ] GC(27) Eden regions: 197->0(195)
[2025-01-31T15:52:48.997+0000][23188][info ][gc,heap     ] GC(27) Survivor regions: 1->1(25)
[2025-01-31T15:52:48.997+0000][23188][info ][gc,heap     ] GC(27) Old regions: 28->28
[2025-01-31T15:52:48.997+0000][23188][info ][gc,heap     ] GC(27) Humongous regions: 2->2
[2025-01-31T15:52:48.997+0000][23188][info ][gc,metaspace] GC(27) Metaspace: 147691K(151872K)->147691K(151872K) NonClass: 126499K(128768K)->126499K(128768K) Class: 21191K(23104K)->21191K(23104K)
[2025-01-31T15:52:48.997+0000][23188][info ][gc          ] GC(27) Pause Young (Normal) (G1 Evacuation Pause) 907M->119M(4008M) 180.145ms
[2025-01-31T15:52:48.997+0000][23188][info ][gc,cpu      ] GC(27) User=0.02s Sys=0.09s Real=0.18s
[2025-01-31T15:52:48.997+0000][23188][info ][safepoint   ] Safepoint "G1CollectForAllocation", Time since last: 836795578200 ns, Reaching safepoint: 3997500 ns, At safepoint: 182313900 ns, Total: 186311400 ns
[2025-01-31T16:06:47.022+0000][23188][info ][gc,start    ] GC(28) Pause Young (Normal) (G1 Evacuation Pause)
[2025-01-31T16:06:47.037+0000][23188][info ][gc,task     ] GC(28) Using 10 workers of 10 for evacuation
[2025-01-31T16:06:47.039+0000][23188][debug][gc,age      ] GC(28) Desired survivor size 52428800 bytes, new threshold 15 (max threshold 15)
[2025-01-31T16:06:47.185+0000][23188][info ][gc,phases   ] GC(28)   Pre Evacuate Collection Set: 38.61ms
[2025-01-31T16:06:47.185+0000][23188][info ][gc,phases   ] GC(28)   Merge Heap Roots: 5.67ms
[2025-01-31T16:06:47.185+0000][23188][info ][gc,phases   ] GC(28)   Evacuate Collection Set: 69.52ms
[2025-01-31T16:06:47.185+0000][23188][info ][gc,phases   ] GC(28)   Post Evacuate Collection Set: 25.28ms
[2025-01-31T16:06:47.186+0000][23188][info ][gc,phases   ] GC(28)   Other: 14.10ms
[2025-01-31T16:06:47.186+0000][23188][trace][gc,age      ] GC(28) Age table:
[2025-01-31T16:06:47.186+0000][23188][trace][gc,age      ] GC(28) - age   1:      24800 bytes,      24800 total
[2025-01-31T16:06:47.186+0000][23188][trace][gc,age      ] GC(28) - age   2:      10696 bytes,      35496 total
[2025-01-31T16:06:47.186+0000][23188][trace][gc,age      ] GC(28) - age   3:       2120 bytes,      37616 total
[2025-01-31T16:06:47.186+0000][23188][trace][gc,age      ] GC(28) - age   4:       3032 bytes,      40648 total
[2025-01-31T16:06:47.186+0000][23188][trace][gc,age      ] GC(28) - age   5:     391544 bytes,     432192 total
[2025-01-31T16:06:47.186+0000][23188][trace][gc,age      ] GC(28) - age   6:       4656 bytes,     436848 total
[2025-01-31T16:06:47.186+0000][23188][trace][gc,age      ] GC(28) - age   7:       7064 bytes,     443912 total
[2025-01-31T16:06:47.186+0000][23188][trace][gc,age      ] GC(28) - age   8:       5416 bytes,     449328 total
[2025-01-31T16:06:47.186+0000][23188][trace][gc,age      ] GC(28) - age   9:      82944 bytes,     532272 total
[2025-01-31T16:06:47.186+0000][23188][trace][gc,age      ] GC(28) - age  10:      55656 bytes,     587928 total
[2025-01-31T16:06:47.186+0000][23188][info ][gc,heap     ] GC(28) Eden regions: 195->0(198)
[2025-01-31T16:06:47.186+0000][23188][info ][gc,heap     ] GC(28) Survivor regions: 1->1(25)
[2025-01-31T16:06:47.186+0000][23188][info ][gc,heap     ] GC(28) Old regions: 28->28
[2025-01-31T16:06:47.186+0000][23188][info ][gc,heap     ] GC(28) Humongous regions: 2->2
[2025-01-31T16:06:47.187+0000][23188][info ][gc,metaspace] GC(28) Metaspace: 147723K(151936K)->147723K(151936K) NonClass: 126530K(128832K)->126530K(128832K) Class: 21193K(23104K)->21193K(23104K)
[2025-01-31T16:06:47.187+0000][23188][info ][gc          ] GC(28) Pause Young (Normal) (G1 Evacuation Pause) 899M->119M(4008M) 166.184ms
[2025-01-31T16:06:47.188+0000][23188][info ][gc,cpu      ] GC(28) User=0.06s Sys=0.05s Real=0.17s
[2025-01-31T16:06:47.188+0000][23188][info ][safepoint   ] Safepoint "G1CollectForAllocation", Time since last: 838017647000 ns, Reaching safepoint: 443100 ns, At safepoint: 168543200 ns, Total: 168986300 ns
[2025-01-31T16:20:56.514+0000][23188][info ][gc,start    ] GC(29) Pause Young (Normal) (G1 Evacuation Pause)
[2025-01-31T16:20:56.530+0000][23188][info ][gc,task     ] GC(29) Using 10 workers of 10 for evacuation
[2025-01-31T16:20:56.530+0000][23188][debug][gc,age      ] GC(29) Desired survivor size 52428800 bytes, new threshold 15 (max threshold 15)
[2025-01-31T16:20:56.721+0000][23188][info ][gc,phases   ] GC(29)   Pre Evacuate Collection Set: 34.46ms
[2025-01-31T16:20:56.721+0000][23188][info ][gc,phases   ] GC(29)   Merge Heap Roots: 4.05ms
[2025-01-31T16:20:56.721+0000][23188][info ][gc,phases   ] GC(29)   Evacuate Collection Set: 102.14ms
[2025-01-31T16:20:56.721+0000][23188][info ][gc,phases   ] GC(29)   Post Evacuate Collection Set: 36.35ms
[2025-01-31T16:20:56.721+0000][23188][info ][gc,phases   ] GC(29)   Other: 20.53ms
[2025-01-31T16:20:56.721+0000][23188][trace][gc,age      ] GC(29) Age table:
[2025-01-31T16:20:56.721+0000][23188][trace][gc,age      ] GC(29) - age   1:      27808 bytes,      27808 total
[2025-01-31T16:20:56.721+0000][23188][trace][gc,age      ] GC(29) - age   2:      10832 bytes,      38640 total
[2025-01-31T16:20:56.721+0000][23188][trace][gc,age      ] GC(29) - age   3:      10664 bytes,      49304 total
[2025-01-31T16:20:56.721+0000][23188][trace][gc,age      ] GC(29) - age   4:       2120 bytes,      51424 total
[2025-01-31T16:20:56.721+0000][23188][trace][gc,age      ] GC(29) - age   5:       3032 bytes,      54456 total
[2025-01-31T16:20:56.721+0000][23188][trace][gc,age      ] GC(29) - age   6:     391336 bytes,     445792 total
[2025-01-31T16:20:56.721+0000][23188][trace][gc,age      ] GC(29) - age   7:       4656 bytes,     450448 total
[2025-01-31T16:20:56.721+0000][23188][trace][gc,age      ] GC(29) - age   8:       7064 bytes,     457512 total
[2025-01-31T16:20:56.721+0000][23188][trace][gc,age      ] GC(29) - age   9:       5416 bytes,     462928 total
[2025-01-31T16:20:56.721+0000][23188][trace][gc,age      ] GC(29) - age  10:      82944 bytes,     545872 total
[2025-01-31T16:20:56.721+0000][23188][trace][gc,age      ] GC(29) - age  11:      55656 bytes,     601528 total
[2025-01-31T16:20:56.721+0000][23188][info ][gc,heap     ] GC(29) Eden regions: 198->0(206)
[2025-01-31T16:20:56.721+0000][23188][info ][gc,heap     ] GC(29) Survivor regions: 1->1(25)
[2025-01-31T16:20:56.721+0000][23188][info ][gc,heap     ] GC(29) Old regions: 28->28
[2025-01-31T16:20:56.721+0000][23188][info ][gc,heap     ] GC(29) Humongous regions: 2->2
[2025-01-31T16:20:56.721+0000][23188][info ][gc,metaspace] GC(29) Metaspace: 147743K(151936K)->147743K(151936K) NonClass: 126550K(128832K)->126550K(128832K) Class: 21193K(23104K)->21193K(23104K)
[2025-01-31T16:20:56.721+0000][23188][info ][gc          ] GC(29) Pause Young (Normal) (G1 Evacuation Pause) 911M->119M(4008M) 211.671ms
[2025-01-31T16:20:56.721+0000][23188][info ][gc,cpu      ] GC(29) User=0.00s Sys=0.05s Real=0.21s
[2025-01-31T16:20:56.721+0000][23188][info ][safepoint   ] Safepoint "G1CollectForAllocation", Time since last: 849319857100 ns, Reaching safepoint: 1196000 ns, At safepoint: 214791100 ns, Total: 215987100 ns
[2025-01-31T16:35:41.699+0000][23188][info ][gc,start    ] GC(30) Pause Young (Normal) (G1 Evacuation Pause)
[2025-01-31T16:35:41.722+0000][23188][info ][gc,task     ] GC(30) Using 10 workers of 10 for evacuation
[2025-01-31T16:35:41.722+0000][23188][debug][gc,age      ] GC(30) Desired survivor size 54525952 bytes, new threshold 15 (max threshold 15)
[2025-01-31T16:35:41.866+0000][23188][info ][gc,phases   ] GC(30)   Pre Evacuate Collection Set: 30.07ms
[2025-01-31T16:35:41.866+0000][23188][info ][gc,phases   ] GC(30)   Merge Heap Roots: 3.19ms
[2025-01-31T16:35:41.866+0000][23188][info ][gc,phases   ] GC(30)   Evacuate Collection Set: 75.88ms
[2025-01-31T16:35:41.866+0000][23188][info ][gc,phases   ] GC(30)   Post Evacuate Collection Set: 31.84ms
[2025-01-31T16:35:41.866+0000][23188][info ][gc,phases   ] GC(30)   Other: 16.52ms
[2025-01-31T16:35:41.866+0000][23188][trace][gc,age      ] GC(30) Age table:
[2025-01-31T16:35:41.866+0000][23188][trace][gc,age      ] GC(30) - age   1:      35320 bytes,      35320 total
[2025-01-31T16:35:41.866+0000][23188][trace][gc,age      ] GC(30) - age   2:      10624 bytes,      45944 total
[2025-01-31T16:35:41.866+0000][23188][trace][gc,age      ] GC(30) - age   3:      10832 bytes,      56776 total
[2025-01-31T16:35:41.866+0000][23188][trace][gc,age      ] GC(30) - age   4:      10664 bytes,      67440 total
[2025-01-31T16:35:41.866+0000][23188][trace][gc,age      ] GC(30) - age   5:       2120 bytes,      69560 total
[2025-01-31T16:35:41.866+0000][23188][trace][gc,age      ] GC(30) - age   6:       3032 bytes,      72592 total
[2025-01-31T16:35:41.866+0000][23188][trace][gc,age      ] GC(30) - age   7:     340624 bytes,     413216 total
[2025-01-31T16:35:41.866+0000][23188][trace][gc,age      ] GC(30) - age   8:       4656 bytes,     417872 total
[2025-01-31T16:35:41.866+0000][23188][trace][gc,age      ] GC(30) - age   9:       7064 bytes,     424936 total
[2025-01-31T16:35:41.866+0000][23188][trace][gc,age      ] GC(30) - age  10:       5416 bytes,     430352 total
[2025-01-31T16:35:41.866+0000][23188][trace][gc,age      ] GC(30) - age  11:      82944 bytes,     513296 total
[2025-01-31T16:35:41.866+0000][23188][trace][gc,age      ] GC(30) - age  12:      55656 bytes,     568952 total
[2025-01-31T16:35:41.866+0000][23188][info ][gc,heap     ] GC(30) Eden regions: 206->0(229)
[2025-01-31T16:35:41.866+0000][23188][info ][gc,heap     ] GC(30) Survivor regions: 1->1(26)
[2025-01-31T16:35:41.866+0000][23188][info ][gc,heap     ] GC(30) Old regions: 28->28
[2025-01-31T16:35:41.866+0000][23188][info ][gc,heap     ] GC(30) Humongous regions: 2->2
[2025-01-31T16:35:41.866+0000][23188][info ][gc,metaspace] GC(30) Metaspace: 147774K(151936K)->147774K(151936K) NonClass: 126580K(128832K)->126580K(128832K) Class: 21193K(23104K)->21193K(23104K)
[2025-01-31T16:35:41.866+0000][23188][info ][gc          ] GC(30) Pause Young (Normal) (G1 Evacuation Pause) 943M->119M(4008M) 169.771ms
[2025-01-31T16:35:41.866+0000][23188][info ][gc,cpu      ] GC(30) User=0.03s Sys=0.06s Real=0.17s
[2025-01-31T16:35:41.866+0000][23188][info ][safepoint   ] Safepoint "G1CollectForAllocation", Time since last: 884973271700 ns, Reaching safepoint: 2406600 ns, At safepoint: 173859000 ns, Total: 176265600 ns
[2025-01-31T16:52:04.608+0000][23188][info ][gc,start    ] GC(31) Pause Young (Normal) (G1 Evacuation Pause)
[2025-01-31T16:52:04.618+0000][23188][info ][gc,task     ] GC(31) Using 10 workers of 10 for evacuation
[2025-01-31T16:52:04.620+0000][23188][debug][gc,age      ] GC(31) Desired survivor size 60817408 bytes, new threshold 15 (max threshold 15)
[2025-01-31T16:52:04.814+0000][23188][info ][gc,phases   ] GC(31)   Pre Evacuate Collection Set: 35.97ms
[2025-01-31T16:52:04.814+0000][23188][info ][gc,phases   ] GC(31)   Merge Heap Roots: 3.50ms
[2025-01-31T16:52:04.814+0000][23188][info ][gc,phases   ] GC(31)   Evacuate Collection Set: 117.18ms
[2025-01-31T16:52:04.814+0000][23188][info ][gc,phases   ] GC(31)   Post Evacuate Collection Set: 32.66ms
[2025-01-31T16:52:04.814+0000][23188][info ][gc,phases   ] GC(31)   Other: 14.18ms
[2025-01-31T16:52:04.814+0000][23188][trace][gc,age      ] GC(31) Age table:
[2025-01-31T16:52:04.814+0000][23188][trace][gc,age      ] GC(31) - age   1:      18240 bytes,      18240 total
[2025-01-31T16:52:04.814+0000][23188][trace][gc,age      ] GC(31) - age   2:       1528 bytes,      19768 total
[2025-01-31T16:52:04.814+0000][23188][trace][gc,age      ] GC(31) - age   3:      10624 bytes,      30392 total
[2025-01-31T16:52:04.814+0000][23188][trace][gc,age      ] GC(31) - age   4:      10696 bytes,      41088 total
[2025-01-31T16:52:04.814+0000][23188][trace][gc,age      ] GC(31) - age   5:      10664 bytes,      51752 total
[2025-01-31T16:52:04.814+0000][23188][trace][gc,age      ] GC(31) - age   6:       2120 bytes,      53872 total
[2025-01-31T16:52:04.814+0000][23188][trace][gc,age      ] GC(31) - age   7:       3032 bytes,      56904 total
[2025-01-31T16:52:04.814+0000][23188][trace][gc,age      ] GC(31) - age   8:     340624 bytes,     397528 total
[2025-01-31T16:52:04.814+0000][23188][trace][gc,age      ] GC(31) - age   9:       4656 bytes,     402184 total
[2025-01-31T16:52:04.814+0000][23188][trace][gc,age      ] GC(31) - age  10:       7064 bytes,     409248 total
[2025-01-31T16:52:04.814+0000][23188][trace][gc,age      ] GC(31) - age  11:       5416 bytes,     414664 total
[2025-01-31T16:52:04.814+0000][23188][trace][gc,age      ] GC(31) - age  12:      82944 bytes,     497608 total
[2025-01-31T16:52:04.814+0000][23188][trace][gc,age      ] GC(31) - age  13:      55656 bytes,     553264 total
[2025-01-31T16:52:04.819+0000][23188][info ][gc,heap     ] GC(31) Eden regions: 229->0(210)
[2025-01-31T16:52:04.819+0000][23188][info ][gc,heap     ] GC(31) Survivor regions: 1->1(29)
[2025-01-31T16:52:04.819+0000][23188][info ][gc,heap     ] GC(31) Old regions: 28->28
[2025-01-31T16:52:04.819+0000][23188][info ][gc,heap     ] GC(31) Humongous regions: 2->2
[2025-01-31T16:52:04.819+0000][23188][info ][gc,metaspace] GC(31) Metaspace: 147781K(152000K)->147781K(152000K) NonClass: 126587K(128896K)->126587K(128896K) Class: 21193K(23104K)->21193K(23104K)
[2025-01-31T16:52:04.819+0000][23188][info ][gc          ] GC(31) Pause Young (Normal) (G1 Evacuation Pause) 1035M->119M(4008M) 211.573ms
[2025-01-31T16:52:04.819+0000][23188][info ][gc,cpu      ] GC(31) User=0.03s Sys=0.16s Real=0.21s
[2025-01-31T16:52:04.819+0000][23188][info ][safepoint   ] Safepoint "G1CollectForAllocation", Time since last: 982732424500 ns, Reaching safepoint: 1283500 ns, At safepoint: 213868300 ns, Total: 215151800 ns
[2025-01-31T17:07:01.436+0000][23188][info ][gc,start    ] GC(32) Pause Young (Normal) (G1 Evacuation Pause)
[2025-01-31T17:07:01.439+0000][23188][info ][gc,task     ] GC(32) Using 10 workers of 10 for evacuation
[2025-01-31T17:07:01.439+0000][23188][debug][gc,age      ] GC(32) Desired survivor size 56623104 bytes, new threshold 15 (max threshold 15)
[2025-01-31T17:07:01.499+0000][23188][info ][gc,phases   ] GC(32)   Pre Evacuate Collection Set: 10.10ms
[2025-01-31T17:07:01.499+0000][23188][info ][gc,phases   ] GC(32)   Merge Heap Roots: 1.11ms
[2025-01-31T17:07:01.499+0000][23188][info ][gc,phases   ] GC(32)   Evacuate Collection Set: 35.37ms
[2025-01-31T17:07:01.499+0000][23188][info ][gc,phases   ] GC(32)   Post Evacuate Collection Set: 11.77ms
[2025-01-31T17:07:01.499+0000][23188][info ][gc,phases   ] GC(32)   Other: 3.50ms
[2025-01-31T17:07:01.499+0000][23188][trace][gc,age      ] GC(32) Age table:
[2025-01-31T17:07:01.499+0000][23188][trace][gc,age      ] GC(32) - age   1:      24424 bytes,      24424 total
[2025-01-31T17:07:01.499+0000][23188][trace][gc,age      ] GC(32) - age   2:       4704 bytes,      29128 total
[2025-01-31T17:07:01.499+0000][23188][trace][gc,age      ] GC(32) - age   3:       1456 bytes,      30584 total
[2025-01-31T17:07:01.499+0000][23188][trace][gc,age      ] GC(32) - age   4:      10624 bytes,      41208 total
[2025-01-31T17:07:01.499+0000][23188][trace][gc,age      ] GC(32) - age   5:      10568 bytes,      51776 total
[2025-01-31T17:07:01.499+0000][23188][trace][gc,age      ] GC(32) - age   6:      10664 bytes,      62440 total
[2025-01-31T17:07:01.499+0000][23188][trace][gc,age      ] GC(32) - age   7:       2120 bytes,      64560 total
[2025-01-31T17:07:01.499+0000][23188][trace][gc,age      ] GC(32) - age   8:       3032 bytes,      67592 total
[2025-01-31T17:07:01.499+0000][23188][trace][gc,age      ] GC(32) - age   9:     340480 bytes,     408072 total
[2025-01-31T17:07:01.499+0000][23188][trace][gc,age      ] GC(32) - age  10:       4656 bytes,     412728 total
[2025-01-31T17:07:01.499+0000][23188][trace][gc,age      ] GC(32) - age  11:       7064 bytes,     419792 total
[2025-01-31T17:07:01.499+0000][23188][trace][gc,age      ] GC(32) - age  12:       5416 bytes,     425208 total
[2025-01-31T17:07:01.499+0000][23188][trace][gc,age      ] GC(32) - age  13:      82944 bytes,     508152 total
[2025-01-31T17:07:01.499+0000][23188][trace][gc,age      ] GC(32) - age  14:      55656 bytes,     563808 total
[2025-01-31T17:07:01.500+0000][23188][info ][gc,heap     ] GC(32) Eden regions: 210->0(252)
[2025-01-31T17:07:01.500+0000][23188][info ][gc,heap     ] GC(32) Survivor regions: 1->1(27)
[2025-01-31T17:07:01.500+0000][23188][info ][gc,heap     ] GC(32) Old regions: 28->28
[2025-01-31T17:07:01.500+0000][23188][info ][gc,heap     ] GC(32) Humongous regions: 2->2
[2025-01-31T17:07:01.500+0000][23188][info ][gc,metaspace] GC(32) Metaspace: 147815K(152000K)->147815K(152000K) NonClass: 126619K(128896K)->126619K(128896K) Class: 21195K(23104K)->21195K(23104K)
[2025-01-31T17:07:01.500+0000][23188][info ][gc          ] GC(32) Pause Young (Normal) (G1 Evacuation Pause) 959M->119M(4008M) 65.285ms
[2025-01-31T17:07:01.500+0000][23188][info ][gc,cpu      ] GC(32) User=0.03s Sys=0.03s Real=0.07s
[2025-01-31T17:07:01.500+0000][23188][info ][safepoint   ] Safepoint "G1CollectForAllocation", Time since last: 896612800200 ns, Reaching safepoint: 945200 ns, At safepoint: 66309000 ns, Total: 67254200 ns
[2025-01-31T17:24:53.348+0000][23188][info ][gc,start    ] GC(33) Pause Young (Normal) (G1 Evacuation Pause)
[2025-01-31T17:24:53.356+0000][23188][info ][gc,task     ] GC(33) Using 10 workers of 10 for evacuation
[2025-01-31T17:24:53.356+0000][23188][debug][gc,age      ] GC(33) Desired survivor size 67108864 bytes, new threshold 15 (max threshold 15)
[2025-01-31T17:24:53.460+0000][23188][info ][gc,phases   ] GC(33)   Pre Evacuate Collection Set: 20.51ms
[2025-01-31T17:24:53.460+0000][23188][info ][gc,phases   ] GC(33)   Merge Heap Roots: 1.23ms
[2025-01-31T17:24:53.460+0000][23188][info ][gc,phases   ] GC(33)   Evacuate Collection Set: 59.76ms
[2025-01-31T17:24:53.460+0000][23188][info ][gc,phases   ] GC(33)   Post Evacuate Collection Set: 14.58ms
[2025-01-31T17:24:53.460+0000][23188][info ][gc,phases   ] GC(33)   Other: 10.96ms
[2025-01-31T17:24:53.460+0000][23188][trace][gc,age      ] GC(33) Age table:
[2025-01-31T17:24:53.460+0000][23188][trace][gc,age      ] GC(33) - age   1:      13672 bytes,      13672 total
[2025-01-31T17:24:53.460+0000][23188][trace][gc,age      ] GC(33) - age   2:       6992 bytes,      20664 total
[2025-01-31T17:24:53.460+0000][23188][trace][gc,age      ] GC(33) - age   3:       4704 bytes,      25368 total
[2025-01-31T17:24:53.460+0000][23188][trace][gc,age      ] GC(33) - age   4:       1456 bytes,      26824 total
[2025-01-31T17:24:53.460+0000][23188][trace][gc,age      ] GC(33) - age   5:      10448 bytes,      37272 total
[2025-01-31T17:24:53.460+0000][23188][trace][gc,age      ] GC(33) - age   6:      10536 bytes,      47808 total
[2025-01-31T17:24:53.460+0000][23188][trace][gc,age      ] GC(33) - age   7:      10664 bytes,      58472 total
[2025-01-31T17:24:53.460+0000][23188][trace][gc,age      ] GC(33) - age   8:       2120 bytes,      60592 total
[2025-01-31T17:24:53.460+0000][23188][trace][gc,age      ] GC(33) - age   9:       3032 bytes,      63624 total
[2025-01-31T17:24:53.460+0000][23188][trace][gc,age      ] GC(33) - age  10:     340480 bytes,     404104 total
[2025-01-31T17:24:53.460+0000][23188][trace][gc,age      ] GC(33) - age  11:       4656 bytes,     408760 total
[2025-01-31T17:24:53.460+0000][23188][trace][gc,age      ] GC(33) - age  12:       7064 bytes,     415824 total
[2025-01-31T17:24:53.460+0000][23188][trace][gc,age      ] GC(33) - age  13:       5416 bytes,     421240 total
[2025-01-31T17:24:53.460+0000][23188][trace][gc,age      ] GC(33) - age  14:      82944 bytes,     504184 total
[2025-01-31T17:24:53.460+0000][23188][trace][gc,age      ] GC(33) - age  15:      55656 bytes,     559840 total
[2025-01-31T17:24:53.460+0000][23188][info ][gc,heap     ] GC(33) Eden regions: 252->0(250)
[2025-01-31T17:24:53.460+0000][23188][info ][gc,heap     ] GC(33) Survivor regions: 1->1(32)
[2025-01-31T17:24:53.460+0000][23188][info ][gc,heap     ] GC(33) Old regions: 28->28
[2025-01-31T17:24:53.460+0000][23188][info ][gc,heap     ] GC(33) Humongous regions: 2->2
[2025-01-31T17:24:53.460+0000][23188][info ][gc,metaspace] GC(33) Metaspace: 147819K(152000K)->147819K(152000K) NonClass: 126623K(128896K)->126623K(128896K) Class: 21195K(23104K)->21195K(23104K)
[2025-01-31T17:24:53.460+0000][23188][info ][gc          ] GC(33) Pause Young (Normal) (G1 Evacuation Pause) 1127M->119M(4008M) 113.427ms
[2025-01-31T17:24:53.460+0000][23188][info ][gc,cpu      ] GC(33) User=0.00s Sys=0.05s Real=0.11s
[2025-01-31T17:24:53.460+0000][23188][info ][safepoint   ] Safepoint "G1CollectForAllocation", Time since last: 1071843234100 ns, Reaching safepoint: 2721000 ns, At safepoint: 114640900 ns, Total: 117361900 ns
[2025-01-31T17:42:16.680+0000][23188][info ][gc,start    ] GC(34) Pause Young (Normal) (G1 Evacuation Pause)
[2025-01-31T17:42:16.691+0000][23188][info ][gc,task     ] GC(34) Using 10 workers of 10 for evacuation
[2025-01-31T17:42:16.691+0000][23188][debug][gc,age      ] GC(34) Desired survivor size 67108864 bytes, new threshold 15 (max threshold 15)
[2025-01-31T17:42:16.869+0000][23188][info ][gc,phases   ] GC(34)   Pre Evacuate Collection Set: 32.40ms
[2025-01-31T17:42:16.869+0000][23188][info ][gc,phases   ] GC(34)   Merge Heap Roots: 1.70ms
[2025-01-31T17:42:16.869+0000][23188][info ][gc,phases   ] GC(34)   Evacuate Collection Set: 109.47ms
[2025-01-31T17:42:16.869+0000][23188][info ][gc,phases   ] GC(34)   Post Evacuate Collection Set: 27.23ms
[2025-01-31T17:42:16.869+0000][23188][info ][gc,phases   ] GC(34)   Other: 13.79ms
[2025-01-31T17:42:16.869+0000][23188][trace][gc,age      ] GC(34) Age table:
[2025-01-31T17:42:16.869+0000][23188][trace][gc,age      ] GC(34) - age   1:     353096 bytes,     353096 total
[2025-01-31T17:42:16.869+0000][23188][trace][gc,age      ] GC(34) - age   2:        256 bytes,     353352 total
[2025-01-31T17:42:16.869+0000][23188][trace][gc,age      ] GC(34) - age   3:       6616 bytes,     359968 total
[2025-01-31T17:42:16.869+0000][23188][trace][gc,age      ] GC(34) - age   4:       4704 bytes,     364672 total
[2025-01-31T17:42:16.869+0000][23188][trace][gc,age      ] GC(34) - age   5:       1456 bytes,     366128 total
[2025-01-31T17:42:16.869+0000][23188][trace][gc,age      ] GC(34) - age   6:      10448 bytes,     376576 total
[2025-01-31T17:42:16.869+0000][23188][trace][gc,age      ] GC(34) - age   7:      10536 bytes,     387112 total
[2025-01-31T17:42:16.869+0000][23188][trace][gc,age      ] GC(34) - age   8:      10664 bytes,     397776 total
[2025-01-31T17:42:16.869+0000][23188][trace][gc,age      ] GC(34) - age   9:       2120 bytes,     399896 total
[2025-01-31T17:42:16.869+0000][23188][trace][gc,age      ] GC(34) - age  10:       3032 bytes,     402928 total
[2025-01-31T17:42:16.869+0000][23188][trace][gc,age      ] GC(34) - age  11:     340352 bytes,     743280 total
[2025-01-31T17:42:16.869+0000][23188][trace][gc,age      ] GC(34) - age  12:       4656 bytes,     747936 total
[2025-01-31T17:42:16.869+0000][23188][trace][gc,age      ] GC(34) - age  13:       7064 bytes,     755000 total
[2025-01-31T17:42:16.869+0000][23188][trace][gc,age      ] GC(34) - age  14:       5416 bytes,     760416 total
[2025-01-31T17:42:16.869+0000][23188][trace][gc,age      ] GC(34) - age  15:      82944 bytes,     843360 total
[2025-01-31T17:42:16.869+0000][23188][info ][gc,heap     ] GC(34) Eden regions: 250->0(251)
[2025-01-31T17:42:16.869+0000][23188][info ][gc,heap     ] GC(34) Survivor regions: 1->1(32)
[2025-01-31T17:42:16.869+0000][23188][info ][gc,heap     ] GC(34) Old regions: 28->28
[2025-01-31T17:42:16.869+0000][23188][info ][gc,heap     ] GC(34) Humongous regions: 2->2
[2025-01-31T17:42:16.869+0000][23188][info ][gc,metaspace] GC(34) Metaspace: 148496K(152704K)->148496K(152704K) NonClass: 127182K(129472K)->127182K(129472K) Class: 21314K(23232K)->21314K(23232K)
[2025-01-31T17:42:16.869+0000][23188][info ][gc          ] GC(34) Pause Young (Normal) (G1 Evacuation Pause) 1119M->120M(4008M) 193.440ms
[2025-01-31T17:42:16.869+0000][23188][info ][gc,cpu      ] GC(34) User=0.03s Sys=0.09s Real=0.19s
[2025-01-31T17:42:16.869+0000][23188][info ][safepoint   ] Safepoint "G1CollectForAllocation", Time since last: 1043207094200 ns, Reaching safepoint: 6865000 ns, At safepoint: 195959100 ns, Total: 202824100 ns
[2025-01-31T18:00:00.983+0000][23188][info ][gc,start    ] GC(35) Pause Young (Normal) (G1 Evacuation Pause)
[2025-01-31T18:00:00.989+0000][23188][info ][gc,task     ] GC(35) Using 10 workers of 10 for evacuation
[2025-01-31T18:00:00.989+0000][23188][debug][gc,age      ] GC(35) Desired survivor size 67108864 bytes, new threshold 15 (max threshold 15)
[2025-01-31T18:00:01.074+0000][23188][info ][gc,phases   ] GC(35)   Pre Evacuate Collection Set: 15.70ms
[2025-01-31T18:00:01.074+0000][23188][info ][gc,phases   ] GC(35)   Merge Heap Roots: 0.94ms
[2025-01-31T18:00:01.074+0000][23188][info ][gc,phases   ] GC(35)   Evacuate Collection Set: 52.93ms
[2025-01-31T18:00:01.074+0000][23188][info ][gc,phases   ] GC(35)   Post Evacuate Collection Set: 12.11ms
[2025-01-31T18:00:01.074+0000][23188][info ][gc,phases   ] GC(35)   Other: 7.12ms
[2025-01-31T18:00:01.074+0000][23188][trace][gc,age      ] GC(35) Age table:
[2025-01-31T18:00:01.074+0000][23188][trace][gc,age      ] GC(35) - age   1:      28152 bytes,      28152 total
[2025-01-31T18:00:01.074+0000][23188][trace][gc,age      ] GC(35) - age   2:     329336 bytes,     357488 total
[2025-01-31T18:00:01.074+0000][23188][trace][gc,age      ] GC(35) - age   3:        224 bytes,     357712 total
[2025-01-31T18:00:01.074+0000][23188][trace][gc,age      ] GC(35) - age   4:       6584 bytes,     364296 total
[2025-01-31T18:00:01.074+0000][23188][trace][gc,age      ] GC(35) - age   5:       4704 bytes,     369000 total
[2025-01-31T18:00:01.074+0000][23188][trace][gc,age      ] GC(35) - age   6:       1456 bytes,     370456 total
[2025-01-31T18:00:01.074+0000][23188][trace][gc,age      ] GC(35) - age   7:      10448 bytes,     380904 total
[2025-01-31T18:00:01.074+0000][23188][trace][gc,age      ] GC(35) - age   8:       2400 bytes,     383304 total
[2025-01-31T18:00:01.074+0000][23188][trace][gc,age      ] GC(35) - age   9:      10664 bytes,     393968 total
[2025-01-31T18:00:01.074+0000][23188][trace][gc,age      ] GC(35) - age  10:       2120 bytes,     396088 total
[2025-01-31T18:00:01.074+0000][23188][trace][gc,age      ] GC(35) - age  11:       3032 bytes,     399120 total
[2025-01-31T18:00:01.074+0000][23188][trace][gc,age      ] GC(35) - age  12:     340352 bytes,     739472 total
[2025-01-31T18:00:01.074+0000][23188][trace][gc,age      ] GC(35) - age  13:       4656 bytes,     744128 total
[2025-01-31T18:00:01.074+0000][23188][trace][gc,age      ] GC(35) - age  14:       7064 bytes,     751192 total
[2025-01-31T18:00:01.074+0000][23188][trace][gc,age      ] GC(35) - age  15:       5416 bytes,     756608 total
[2025-01-31T18:00:01.074+0000][23188][info ][gc,heap     ] GC(35) Eden regions: 251->0(254)
[2025-01-31T18:00:01.074+0000][23188][info ][gc,heap     ] GC(35) Survivor regions: 1->1(32)
[2025-01-31T18:00:01.074+0000][23188][info ][gc,heap     ] GC(35) Old regions: 28->28
[2025-01-31T18:00:01.074+0000][23188][info ][gc,heap     ] GC(35) Humongous regions: 2->2
[2025-01-31T18:00:01.074+0000][23188][info ][gc,metaspace] GC(35) Metaspace: 148509K(152768K)->148509K(152768K) NonClass: 127194K(129536K)->127194K(129536K) Class: 21314K(23232K)->21314K(23232K)
[2025-01-31T18:00:01.074+0000][23188][info ][gc          ] GC(35) Pause Young (Normal) (G1 Evacuation Pause) 1124M->120M(4008M) 93.236ms
[2025-01-31T18:00:01.074+0000][23188][info ][gc,cpu      ] GC(35) User=0.00s Sys=0.05s Real=0.09s
[2025-01-31T18:00:01.074+0000][23188][info ][safepoint   ] Safepoint "G1CollectForAllocation", Time since last: 1064109120600 ns, Reaching safepoint: 2142700 ns, At safepoint: 94428200 ns, Total: 96570900 ns
[2025-01-31T18:17:57.689+0000][23188][info ][gc,start    ] GC(36) Pause Young (Normal) (G1 Evacuation Pause)
[2025-01-31T18:17:57.694+0000][23188][info ][gc,task     ] GC(36) Using 10 workers of 10 for evacuation
[2025-01-31T18:17:57.694+0000][23188][debug][gc,age      ] GC(36) Desired survivor size 67108864 bytes, new threshold 15 (max threshold 15)
[2025-01-31T18:17:57.762+0000][23188][info ][gc,phases   ] GC(36)   Pre Evacuate Collection Set: 12.88ms
[2025-01-31T18:17:57.762+0000][23188][info ][gc,phases   ] GC(36)   Merge Heap Roots: 0.79ms
[2025-01-31T18:17:57.762+0000][23188][info ][gc,phases   ] GC(36)   Evacuate Collection Set: 40.73ms
[2025-01-31T18:17:57.762+0000][23188][info ][gc,phases   ] GC(36)   Post Evacuate Collection Set: 12.18ms
[2025-01-31T18:17:57.762+0000][23188][info ][gc,phases   ] GC(36)   Other: 5.68ms
[2025-01-31T18:17:57.762+0000][23188][trace][gc,age      ] GC(36) Age table:
[2025-01-31T18:17:57.762+0000][23188][trace][gc,age      ] GC(36) - age   1:      14056 bytes,      14056 total
[2025-01-31T18:17:57.762+0000][23188][trace][gc,age      ] GC(36) - age   2:      13168 bytes,      27224 total
[2025-01-31T18:17:57.762+0000][23188][trace][gc,age      ] GC(36) - age   3:     329336 bytes,     356560 total
[2025-01-31T18:17:57.762+0000][23188][trace][gc,age      ] GC(36) - age   4:         48 bytes,     356608 total
[2025-01-31T18:17:57.762+0000][23188][trace][gc,age      ] GC(36) - age   5:       6584 bytes,     363192 total
[2025-01-31T18:17:57.762+0000][23188][trace][gc,age      ] GC(36) - age   6:       4704 bytes,     367896 total
[2025-01-31T18:17:57.762+0000][23188][trace][gc,age      ] GC(36) - age   7:       1456 bytes,     369352 total
[2025-01-31T18:17:57.762+0000][23188][trace][gc,age      ] GC(36) - age   8:      10448 bytes,     379800 total
[2025-01-31T18:17:57.762+0000][23188][trace][gc,age      ] GC(36) - age   9:       2400 bytes,     382200 total
[2025-01-31T18:17:57.762+0000][23188][trace][gc,age      ] GC(36) - age  10:      10664 bytes,     392864 total
[2025-01-31T18:17:57.762+0000][23188][trace][gc,age      ] GC(36) - age  11:       2120 bytes,     394984 total
[2025-01-31T18:17:57.762+0000][23188][trace][gc,age      ] GC(36) - age  12:       3032 bytes,     398016 total
[2025-01-31T18:17:57.762+0000][23188][trace][gc,age      ] GC(36) - age  13:     340352 bytes,     738368 total
[2025-01-31T18:17:57.762+0000][23188][trace][gc,age      ] GC(36) - age  14:       4656 bytes,     743024 total
[2025-01-31T18:17:57.762+0000][23188][trace][gc,age      ] GC(36) - age  15:       7064 bytes,     750088 total
[2025-01-31T18:17:57.762+0000][23188][info ][gc,heap     ] GC(36) Eden regions: 254->0(255)
[2025-01-31T18:17:57.762+0000][23188][info ][gc,heap     ] GC(36) Survivor regions: 1->1(32)
[2025-01-31T18:17:57.762+0000][23188][info ][gc,heap     ] GC(36) Old regions: 28->28
[2025-01-31T18:17:57.762+0000][23188][info ][gc,heap     ] GC(36) Humongous regions: 2->2
[2025-01-31T18:17:57.762+0000][23188][info ][gc,metaspace] GC(36) Metaspace: 148520K(152768K)->148520K(152768K) NonClass: 127206K(129536K)->127206K(129536K) Class: 21314K(23232K)->21314K(23232K)
[2025-01-31T18:17:57.762+0000][23188][info ][gc          ] GC(36) Pause Young (Normal) (G1 Evacuation Pause) 1136M->120M(4008M) 75.619ms
[2025-01-31T18:17:57.762+0000][23188][info ][gc,cpu      ] GC(36) User=0.02s Sys=0.03s Real=0.07s
[2025-01-31T18:17:57.762+0000][23188][info ][safepoint   ] Safepoint "G1CollectForAllocation", Time since last: 1076607615800 ns, Reaching safepoint: 3730700 ns, At safepoint: 76879500 ns, Total: 80610200 ns
[2025-01-31T18:35:58.587+0000][23188][info ][gc,start    ] GC(37) Pause Young (Normal) (G1 Evacuation Pause)
[2025-01-31T18:35:58.596+0000][23188][info ][gc,task     ] GC(37) Using 10 workers of 10 for evacuation
[2025-01-31T18:35:58.596+0000][23188][debug][gc,age      ] GC(37) Desired survivor size 67108864 bytes, new threshold 15 (max threshold 15)
[2025-01-31T18:35:58.713+0000][23188][info ][gc,phases   ] GC(37)   Pre Evacuate Collection Set: 24.77ms
[2025-01-31T18:35:58.713+0000][23188][info ][gc,phases   ] GC(37)   Merge Heap Roots: 2.17ms
[2025-01-31T18:35:58.713+0000][23188][info ][gc,phases   ] GC(37)   Evacuate Collection Set: 70.36ms
[2025-01-31T18:35:58.713+0000][23188][info ][gc,phases   ] GC(37)   Post Evacuate Collection Set: 13.90ms
[2025-01-31T18:35:58.713+0000][23188][info ][gc,phases   ] GC(37)   Other: 11.63ms
[2025-01-31T18:35:58.713+0000][23188][trace][gc,age      ] GC(37) Age table:
[2025-01-31T18:35:58.713+0000][23188][trace][gc,age      ] GC(37) - age   1:      16168 bytes,      16168 total
[2025-01-31T18:35:58.713+0000][23188][trace][gc,age      ] GC(37) - age   2:        536 bytes,      16704 total
[2025-01-31T18:35:58.713+0000][23188][trace][gc,age      ] GC(37) - age   3:      13168 bytes,      29872 total
[2025-01-31T18:35:58.713+0000][23188][trace][gc,age      ] GC(37) - age   4:     320120 bytes,     349992 total
[2025-01-31T18:35:58.713+0000][23188][trace][gc,age      ] GC(37) - age   5:         48 bytes,     350040 total
[2025-01-31T18:35:58.713+0000][23188][trace][gc,age      ] GC(37) - age   6:       6584 bytes,     356624 total
[2025-01-31T18:35:58.713+0000][23188][trace][gc,age      ] GC(37) - age   7:       4704 bytes,     361328 total
[2025-01-31T18:35:58.713+0000][23188][trace][gc,age      ] GC(37) - age   8:       1456 bytes,     362784 total
[2025-01-31T18:35:58.713+0000][23188][trace][gc,age      ] GC(37) - age   9:      10448 bytes,     373232 total
[2025-01-31T18:35:58.713+0000][23188][trace][gc,age      ] GC(37) - age  10:       2400 bytes,     375632 total
[2025-01-31T18:35:58.713+0000][23188][trace][gc,age      ] GC(37) - age  11:      10664 bytes,     386296 total
[2025-01-31T18:35:58.713+0000][23188][trace][gc,age      ] GC(37) - age  12:       2120 bytes,     388416 total
[2025-01-31T18:35:58.713+0000][23188][trace][gc,age      ] GC(37) - age  13:       3032 bytes,     391448 total
[2025-01-31T18:35:58.713+0000][23188][trace][gc,age      ] GC(37) - age  14:     340352 bytes,     731800 total
[2025-01-31T18:35:58.713+0000][23188][trace][gc,age      ] GC(37) - age  15:       4656 bytes,     736456 total
[2025-01-31T18:35:58.722+0000][23188][info ][gc,heap     ] GC(37) Eden regions: 255->0(256)
[2025-01-31T18:35:58.722+0000][23188][info ][gc,heap     ] GC(37) Survivor regions: 1->1(32)
[2025-01-31T18:35:58.722+0000][23188][info ][gc,heap     ] GC(37) Old regions: 28->28
[2025-01-31T18:35:58.722+0000][23188][info ][gc,heap     ] GC(37) Humongous regions: 2->2
[2025-01-31T18:35:58.722+0000][23188][info ][gc,metaspace] GC(37) Metaspace: 148626K(152832K)->148626K(152832K) NonClass: 127311K(129600K)->127311K(129600K) Class: 21314K(23232K)->21314K(23232K)
[2025-01-31T18:35:58.722+0000][23188][info ][gc          ] GC(37) Pause Young (Normal) (G1 Evacuation Pause) 1140M->120M(4008M) 129.505ms
[2025-01-31T18:35:58.722+0000][23188][info ][gc,cpu      ] GC(37) User=0.02s Sys=0.05s Real=0.13s
[2025-01-31T18:35:58.722+0000][23188][info ][safepoint   ] Safepoint "G1CollectForAllocation", Time since last: 1080821848200 ns, Reaching safepoint: 4606000 ns, At safepoint: 131093300 ns, Total: 135699300 ns
[2025-01-31T18:54:04.918+0000][23188][info ][gc,start    ] GC(38) Pause Young (Normal) (G1 Evacuation Pause)
[2025-01-31T18:54:04.924+0000][23188][info ][gc,task     ] GC(38) Using 10 workers of 10 for evacuation
[2025-01-31T18:54:04.925+0000][23188][debug][gc,age      ] GC(38) Desired survivor size 69206016 bytes, new threshold 15 (max threshold 15)
[2025-01-31T18:54:05.022+0000][23188][info ][gc,phases   ] GC(38)   Pre Evacuate Collection Set: 16.13ms
[2025-01-31T18:54:05.022+0000][23188][info ][gc,phases   ] GC(38)   Merge Heap Roots: 4.36ms
[2025-01-31T18:54:05.022+0000][23188][info ][gc,phases   ] GC(38)   Evacuate Collection Set: 62.36ms
[2025-01-31T18:54:05.022+0000][23188][info ][gc,phases   ] GC(38)   Post Evacuate Collection Set: 12.46ms
[2025-01-31T18:54:05.022+0000][23188][info ][gc,phases   ] GC(38)   Other: 6.96ms
[2025-01-31T18:54:05.022+0000][23188][trace][gc,age      ] GC(38) Age table:
[2025-01-31T18:54:05.022+0000][23188][trace][gc,age      ] GC(38) - age   1:      26136 bytes,      26136 total
[2025-01-31T18:54:05.022+0000][23188][trace][gc,age      ] GC(38) - age   2:       2600 bytes,      28736 total
[2025-01-31T18:54:05.022+0000][23188][trace][gc,age      ] GC(38) - age   3:        536 bytes,      29272 total
[2025-01-31T18:54:05.022+0000][23188][trace][gc,age      ] GC(38) - age   4:      13168 bytes,      42440 total
[2025-01-31T18:54:05.022+0000][23188][trace][gc,age      ] GC(38) - age   5:     319144 bytes,     361584 total
[2025-01-31T18:54:05.022+0000][23188][trace][gc,age      ] GC(38) - age   6:         48 bytes,     361632 total
[2025-01-31T18:54:05.022+0000][23188][trace][gc,age      ] GC(38) - age   7:       6584 bytes,     368216 total
[2025-01-31T18:54:05.022+0000][23188][trace][gc,age      ] GC(38) - age   8:       4704 bytes,     372920 total
[2025-01-31T18:54:05.022+0000][23188][trace][gc,age      ] GC(38) - age   9:       1456 bytes,     374376 total
[2025-01-31T18:54:05.022+0000][23188][trace][gc,age      ] GC(38) - age  10:      10448 bytes,     384824 total
[2025-01-31T18:54:05.022+0000][23188][trace][gc,age      ] GC(38) - age  11:       2400 bytes,     387224 total
[2025-01-31T18:54:05.022+0000][23188][trace][gc,age      ] GC(38) - age  12:      10664 bytes,     397888 total
[2025-01-31T18:54:05.022+0000][23188][trace][gc,age      ] GC(38) - age  13:       2120 bytes,     400008 total
[2025-01-31T18:54:05.022+0000][23188][trace][gc,age      ] GC(38) - age  14:       3032 bytes,     403040 total
[2025-01-31T18:54:05.022+0000][23188][trace][gc,age      ] GC(38) - age  15:     340352 bytes,     743392 total
[2025-01-31T18:54:05.022+0000][23188][info ][gc,heap     ] GC(38) Eden regions: 256->0(257)
[2025-01-31T18:54:05.022+0000][23188][info ][gc,heap     ] GC(38) Survivor regions: 1->1(33)
[2025-01-31T18:54:05.022+0000][23188][info ][gc,heap     ] GC(38) Old regions: 28->28
[2025-01-31T18:54:05.022+0000][23188][info ][gc,heap     ] GC(38) Humongous regions: 2->2
[2025-01-31T18:54:05.023+0000][23188][info ][gc,metaspace] GC(38) Metaspace: 148642K(152832K)->148642K(152832K) NonClass: 127328K(129600K)->127328K(129600K) Class: 21314K(23232K)->21314K(23232K)
[2025-01-31T18:54:05.023+0000][23188][info ][gc          ] GC(38) Pause Young (Normal) (G1 Evacuation Pause) 1144M->120M(4008M) 106.449ms
[2025-01-31T18:54:05.023+0000][23188][info ][gc,cpu      ] GC(38) User=0.02s Sys=0.09s Real=0.11s
[2025-01-31T18:54:05.023+0000][23188][info ][safepoint   ] Safepoint "G1CollectForAllocation", Time since last: 1086191092300 ns, Reaching safepoint: 2315300 ns, At safepoint: 107575800 ns, Total: 109891100 ns
[2025-01-31T19:12:18.968+0000][23188][info ][gc,start    ] GC(39) Pause Young (Normal) (G1 Evacuation Pause)
[2025-01-31T19:12:18.975+0000][23188][info ][gc,task     ] GC(39) Using 10 workers of 10 for evacuation
[2025-01-31T19:12:18.975+0000][23188][debug][gc,age      ] GC(39) Desired survivor size 69206016 bytes, new threshold 15 (max threshold 15)
[2025-01-31T19:12:19.074+0000][23188][info ][gc,phases   ] GC(39)   Pre Evacuate Collection Set: 17.29ms
[2025-01-31T19:12:19.074+0000][23188][info ][gc,phases   ] GC(39)   Merge Heap Roots: 1.33ms
[2025-01-31T19:12:19.074+0000][23188][info ][gc,phases   ] GC(39)   Evacuate Collection Set: 53.11ms
[2025-01-31T19:12:19.074+0000][23188][info ][gc,phases   ] GC(39)   Post Evacuate Collection Set: 19.73ms
[2025-01-31T19:12:19.074+0000][23188][info ][gc,phases   ] GC(39)   Other: 11.58ms
[2025-01-31T19:12:19.074+0000][23188][trace][gc,age      ] GC(39) Age table:
[2025-01-31T19:12:19.074+0000][23188][trace][gc,age      ] GC(39) - age   1:      14448 bytes,      14448 total
[2025-01-31T19:12:19.074+0000][23188][trace][gc,age      ] GC(39) - age   2:      12544 bytes,      26992 total
[2025-01-31T19:12:19.074+0000][23188][trace][gc,age      ] GC(39) - age   3:       2528 bytes,      29520 total
[2025-01-31T19:12:19.074+0000][23188][trace][gc,age      ] GC(39) - age   4:        536 bytes,      30056 total
[2025-01-31T19:12:19.074+0000][23188][trace][gc,age      ] GC(39) - age   5:      13168 bytes,      43224 total
[2025-01-31T19:12:19.074+0000][23188][trace][gc,age      ] GC(39) - age   6:     319144 bytes,     362368 total
[2025-01-31T19:12:19.074+0000][23188][trace][gc,age      ] GC(39) - age   7:         48 bytes,     362416 total
[2025-01-31T19:12:19.074+0000][23188][trace][gc,age      ] GC(39) - age   8:       6584 bytes,     369000 total
[2025-01-31T19:12:19.075+0000][23188][trace][gc,age      ] GC(39) - age   9:       4704 bytes,     373704 total
[2025-01-31T19:12:19.075+0000][23188][trace][gc,age      ] GC(39) - age  10:       1456 bytes,     375160 total
[2025-01-31T19:12:19.075+0000][23188][trace][gc,age      ] GC(39) - age  11:      10448 bytes,     385608 total
[2025-01-31T19:12:19.075+0000][23188][trace][gc,age      ] GC(39) - age  12:       2400 bytes,     388008 total
[2025-01-31T19:12:19.075+0000][23188][trace][gc,age      ] GC(39) - age  13:      10664 bytes,     398672 total
[2025-01-31T19:12:19.075+0000][23188][trace][gc,age      ] GC(39) - age  14:       2120 bytes,     400792 total
[2025-01-31T19:12:19.075+0000][23188][trace][gc,age      ] GC(39) - age  15:       3032 bytes,     403824 total
[2025-01-31T19:12:19.075+0000][23188][info ][gc,heap     ] GC(39) Eden regions: 257->0(259)
[2025-01-31T19:12:19.075+0000][23188][info ][gc,heap     ] GC(39) Survivor regions: 1->1(33)
[2025-01-31T19:12:19.075+0000][23188][info ][gc,heap     ] GC(39) Old regions: 28->28
[2025-01-31T19:12:19.075+0000][23188][info ][gc,heap     ] GC(39) Humongous regions: 2->2
[2025-01-31T19:12:19.076+0000][23188][info ][gc,metaspace] GC(39) Metaspace: 148647K(152832K)->148647K(152832K) NonClass: 127332K(129600K)->127332K(129600K) Class: 21314K(23232K)->21314K(23232K)
[2025-01-31T19:12:19.077+0000][23188][info ][gc          ] GC(39) Pause Young (Normal) (G1 Evacuation Pause) 1148M->120M(4008M) 109.663ms
[2025-01-31T19:12:19.077+0000][23188][info ][gc,cpu      ] GC(39) User=0.02s Sys=0.02s Real=0.11s
[2025-01-31T19:12:19.077+0000][23188][info ][safepoint   ] Safepoint "G1CollectForAllocation", Time since last: 1093937137800 ns, Reaching safepoint: 4900000 ns, At safepoint: 111892900 ns, Total: 116792900 ns
[2025-01-31T19:15:25.805+0000][23188][info ][gc,heap,exit] Heap
[2025-01-31T19:15:25.805+0000][23188][info ][gc,heap,exit]  garbage-first heap   total reserved 4104192K, committed 4104192K, used 338512K [0x0000000705800000, 0x0000000800000000)
[2025-01-31T19:15:25.805+0000][23188][info ][gc,heap,exit]   region size 4096K, 54 young (221184K), 1 survivors (4096K)
[2025-01-31T19:15:25.805+0000][23188][info ][gc,heap,exit]  Metaspace       used 149174K, committed 153408K, reserved 1179648K
[2025-01-31T19:15:25.805+0000][23188][info ][gc,heap,exit]   class space    used 21433K, committed 23296K, reserved 1048576K
