[2025-01-31T10:16:18.109+0000][23980][info][gc,init] CardTable entry size: 512
[2025-01-31T10:16:18.114+0000][23980][info][gc     ] Using G1
[2025-01-31T10:16:26.524+0000][23980][info][gc,init] Version: 23+37-2369 (release)
[2025-01-31T10:16:26.524+0000][23980][info][gc,init] CPUs: 12 total, 12 available
[2025-01-31T10:16:26.524+0000][23980][info][gc,init] Memory: 8016M
[2025-01-31T10:16:26.524+0000][23980][info][gc,init] Large Page Support: Disabled
[2025-01-31T10:16:26.524+0000][23980][info][gc,init] NUMA Support: Disabled
[2025-01-31T10:16:26.524+0000][23980][info][gc,init] Compressed Oops: Enabled (Zero based)
[2025-01-31T10:16:26.524+0000][23980][info][gc,init] Heap Region Size: 4M
[2025-01-31T10:16:26.524+0000][23980][info][gc,init] Heap Min Capacity: 4008M
[2025-01-31T10:16:26.524+0000][23980][info][gc,init] Heap Initial Capacity: 4008M
[2025-01-31T10:16:26.524+0000][23980][info][gc,init] Heap Max Capacity: 4008M
[2025-01-31T10:16:26.524+0000][23980][info][gc,init] Pre-touch: Enabled
[2025-01-31T10:16:26.524+0000][23980][info][gc,init] Parallel Workers: 10
[2025-01-31T10:16:26.524+0000][23980][info][gc,init] Concurrent Workers: 3
[2025-01-31T10:16:26.524+0000][23980][info][gc,init] Concurrent Refinement Workers: 10
[2025-01-31T10:16:26.524+0000][23980][info][gc,init] Periodic GC: Disabled
[2025-01-31T10:16:26.592+0000][23980][info][gc,metaspace] CDS archive(s) mapped at: [0x000001db2e000000-0x000001db2ed70000-0x000001db2ed70000), size 14090240, SharedBaseAddress: 0x000001db2e000000, ArchiveRelocationMode: 1.
[2025-01-31T10:16:26.592+0000][23980][info][gc,metaspace] Compressed class space mapped at: 0x000001db2f000000-0x000001db6f000000, reserved size: 1073741824
[2025-01-31T10:16:26.592+0000][23980][info][gc,metaspace] Narrow klass base: 0x000001db2e000000, Narrow klass shift: 0, Narrow klass range: 0x41000000
[2025-01-31T10:16:41.230+0000][23980][info][gc,start    ] GC(0) Pause Young (Normal) (G1 Evacuation Pause)
[2025-01-31T10:16:41.230+0000][23980][info][gc,task     ] GC(0) Using 10 workers of 10 for evacuation
[2025-01-31T10:16:41.230+0000][23980][debug][gc,age      ] GC(0) Desired survivor size 14680064 bytes, new threshold 15 (max threshold 15)
[2025-01-31T10:16:41.264+0000][23980][info ][gc,phases   ] GC(0)   Pre Evacuate Collection Set: 0.68ms
[2025-01-31T10:16:41.264+0000][23980][info ][gc,phases   ] GC(0)   Merge Heap Roots: 1.17ms
[2025-01-31T10:16:41.264+0000][23980][info ][gc,phases   ] GC(0)   Evacuate Collection Set: 18.47ms
[2025-01-31T10:16:41.264+0000][23980][info ][gc,phases   ] GC(0)   Post Evacuate Collection Set: 4.07ms
[2025-01-31T10:16:41.264+0000][23980][info ][gc,phases   ] GC(0)   Other: 1.75ms
[2025-01-31T10:16:41.264+0000][23980][trace][gc,age      ] GC(0) Age table:
[2025-01-31T10:16:41.264+0000][23980][trace][gc,age      ] GC(0) - age   1:   15266528 bytes,   15266528 total
[2025-01-31T10:16:41.264+0000][23980][info ][gc,heap     ] GC(0) Eden regions: 50->0(46)
[2025-01-31T10:16:41.264+0000][23980][info ][gc,heap     ] GC(0) Survivor regions: 0->4(7)
[2025-01-31T10:16:41.264+0000][23980][info ][gc,heap     ] GC(0) Old regions: 0->0
[2025-01-31T10:16:41.264+0000][23980][info ][gc,heap     ] GC(0) Humongous regions: 0->0
[2025-01-31T10:16:41.264+0000][23980][info ][gc,metaspace] GC(0) Metaspace: 20235K(21056K)->20235K(21056K) NonClass: 17944K(18432K)->17944K(18432K) Class: 2290K(2624K)->2290K(2624K)
[2025-01-31T10:16:41.264+0000][23980][info ][gc          ] GC(0) Pause Young (Normal) (G1 Evacuation Pause) 200M->15M(4008M) 27.662ms
[2025-01-31T10:16:41.264+0000][23980][info ][gc,cpu      ] GC(0) User=0.19s Sys=0.00s Real=0.03s
[2025-01-31T10:16:41.264+0000][23980][info ][safepoint   ] Safepoint "G1CollectForAllocation", Time since last: 14619418300 ns, Reaching safepoint: 33700 ns, At safepoint: 27881000 ns, Total: 27914700 ns
[2025-01-31T10:16:41.356+0000][23980][info ][gc,start    ] GC(1) Pause Young (Concurrent Start) (Metadata GC Threshold)
[2025-01-31T10:16:41.356+0000][23980][info ][gc,task     ] GC(1) Using 10 workers of 10 for evacuation
[2025-01-31T10:16:41.356+0000][23980][debug][gc,age      ] GC(1) Desired survivor size 14680064 bytes, new threshold 1 (max threshold 15)
[2025-01-31T10:16:41.396+0000][23980][info ][gc,phases   ] GC(1)   Pre Evacuate Collection Set: 0.88ms
[2025-01-31T10:16:41.396+0000][23980][info ][gc,phases   ] GC(1)   Merge Heap Roots: 0.18ms
[2025-01-31T10:16:41.396+0000][23980][info ][gc,phases   ] GC(1)   Evacuate Collection Set: 22.22ms
[2025-01-31T10:16:41.396+0000][23980][info ][gc,phases   ] GC(1)   Post Evacuate Collection Set: 2.77ms
[2025-01-31T10:16:41.396+0000][23980][info ][gc,phases   ] GC(1)   Other: 0.56ms
[2025-01-31T10:16:41.396+0000][23980][trace][gc,age      ] GC(1) Age table:
[2025-01-31T10:16:41.396+0000][23980][trace][gc,age      ] GC(1) - age   1:      73344 bytes,      73344 total
[2025-01-31T10:16:41.396+0000][23980][info ][gc,heap     ] GC(1) Eden regions: 1->0(49)
[2025-01-31T10:16:41.396+0000][23980][info ][gc,heap     ] GC(1) Survivor regions: 4->1(7)
[2025-01-31T10:16:41.396+0000][23980][info ][gc,heap     ] GC(1) Old regions: 0->4
[2025-01-31T10:16:41.396+0000][23980][info ][gc,heap     ] GC(1) Humongous regions: 0->0
[2025-01-31T10:16:41.396+0000][23980][info ][gc,metaspace] GC(1) Metaspace: 20679K(21504K)->20679K(21504K) NonClass: 18345K(18816K)->18345K(18816K) Class: 2334K(2688K)->2334K(2688K)
[2025-01-31T10:16:41.396+0000][23980][info ][gc          ] GC(1) Pause Young (Concurrent Start) (Metadata GC Threshold) 18M->16M(4008M) 27.550ms
[2025-01-31T10:16:41.396+0000][23980][info ][gc,cpu      ] GC(1) User=0.11s Sys=0.02s Real=0.04s
[2025-01-31T10:16:41.396+0000][23980][info ][gc          ] GC(2) Concurrent Mark Cycle
[2025-01-31T10:16:41.396+0000][23980][info ][safepoint   ] Safepoint "CollectForMetadataAllocation", Time since last: 104023000 ns, Reaching safepoint: 15300 ns, At safepoint: 27905500 ns, Total: 27920800 ns
[2025-01-31T10:16:41.396+0000][23980][info ][gc,marking  ] GC(2) Concurrent Scan Root Regions
[2025-01-31T10:16:41.404+0000][23980][info ][gc,marking  ] GC(2) Concurrent Scan Root Regions 9.995ms
[2025-01-31T10:16:41.404+0000][23980][info ][gc,marking  ] GC(2) Concurrent Mark
[2025-01-31T10:16:41.404+0000][23980][info ][gc,marking  ] GC(2) Concurrent Mark From Roots
[2025-01-31T10:16:41.404+0000][23980][info ][gc,task     ] GC(2) Using 3 workers of 3 for marking
[2025-01-31T10:16:41.404+0000][23980][info ][gc,marking  ] GC(2) Concurrent Mark From Roots 0.591ms
[2025-01-31T10:16:41.404+0000][23980][info ][gc,marking  ] GC(2) Concurrent Preclean
[2025-01-31T10:16:41.404+0000][23980][info ][gc,marking  ] GC(2) Concurrent Preclean 0.040ms
[2025-01-31T10:16:41.404+0000][23980][info ][gc,start    ] GC(2) Pause Remark
[2025-01-31T10:16:41.404+0000][23980][info ][gc          ] GC(2) Pause Remark 19M->19M(4008M) 5.456ms
[2025-01-31T10:16:41.404+0000][23980][info ][gc,cpu      ] GC(2) User=0.00s Sys=0.00s Real=0.00s
[2025-01-31T10:16:41.404+0000][23980][info ][safepoint   ] Safepoint "G1PauseRemark", Time since last: 11053700 ns, Reaching safepoint: 128100 ns, At safepoint: 5721000 ns, Total: 5849100 ns
[2025-01-31T10:16:41.404+0000][23980][info ][gc,marking  ] GC(2) Concurrent Mark 6.801ms
[2025-01-31T10:16:41.404+0000][23980][info ][gc,marking  ] GC(2) Concurrent Rebuild Remembered Sets and Scrub Regions
[2025-01-31T10:16:41.420+0000][23980][info ][gc,marking  ] GC(2) Concurrent Rebuild Remembered Sets and Scrub Regions 6.962ms
[2025-01-31T10:16:41.420+0000][23980][info ][gc,start    ] GC(2) Pause Cleanup
[2025-01-31T10:16:41.420+0000][23980][info ][gc          ] GC(2) Pause Cleanup 19M->19M(4008M) 0.113ms
[2025-01-31T10:16:41.420+0000][23980][info ][gc,cpu      ] GC(2) User=0.00s Sys=0.00s Real=0.00s
[2025-01-31T10:16:41.420+0000][23980][info ][safepoint   ] Safepoint "G1PauseCleanup", Time since last: 7395900 ns, Reaching safepoint: 25100 ns, At safepoint: 217100 ns, Total: 242200 ns
[2025-01-31T10:16:41.420+0000][23980][info ][gc,marking  ] GC(2) Concurrent Clear Claimed Marks
[2025-01-31T10:16:41.420+0000][23980][info ][gc,marking  ] GC(2) Concurrent Clear Claimed Marks 0.121ms
[2025-01-31T10:16:41.420+0000][23980][info ][gc,marking  ] GC(2) Concurrent Cleanup for Next Mark
[2025-01-31T10:16:41.420+0000][23980][info ][gc,marking  ] GC(2) Concurrent Cleanup for Next Mark 10.775ms
[2025-01-31T10:16:41.420+0000][23980][info ][gc          ] GC(2) Concurrent Mark Cycle 36.062ms
[2025-01-31T10:16:47.283+0000][23980][info ][gc,start    ] GC(3) Pause Young (Normal) (G1 Evacuation Pause)
[2025-01-31T10:16:47.283+0000][23980][info ][gc,task     ] GC(3) Using 10 workers of 10 for evacuation
[2025-01-31T10:16:47.283+0000][23980][debug][gc,age      ] GC(3) Desired survivor size 14680064 bytes, new threshold 15 (max threshold 15)
[2025-01-31T10:16:47.283+0000][23980][info ][gc,phases   ] GC(3)   Pre Evacuate Collection Set: 0.58ms
[2025-01-31T10:16:47.283+0000][23980][info ][gc,phases   ] GC(3)   Merge Heap Roots: 0.24ms
[2025-01-31T10:16:47.283+0000][23980][info ][gc,phases   ] GC(3)   Evacuate Collection Set: 3.80ms
[2025-01-31T10:16:47.283+0000][23980][info ][gc,phases   ] GC(3)   Post Evacuate Collection Set: 1.33ms
[2025-01-31T10:16:47.283+0000][23980][info ][gc,phases   ] GC(3)   Other: 0.31ms
[2025-01-31T10:16:47.283+0000][23980][trace][gc,age      ] GC(3) Age table:
[2025-01-31T10:16:47.283+0000][23980][trace][gc,age      ] GC(3) - age   1:    4239760 bytes,    4239760 total
[2025-01-31T10:16:47.283+0000][23980][trace][gc,age      ] GC(3) - age   2:      65840 bytes,    4305600 total
[2025-01-31T10:16:47.283+0000][23980][info ][gc,heap     ] GC(3) Eden regions: 49->0(48)
[2025-01-31T10:16:47.283+0000][23980][info ][gc,heap     ] GC(3) Survivor regions: 1->2(7)
[2025-01-31T10:16:47.283+0000][23980][info ][gc,heap     ] GC(3) Old regions: 4->4
[2025-01-31T10:16:47.283+0000][23980][info ][gc,heap     ] GC(3) Humongous regions: 0->0
[2025-01-31T10:16:47.283+0000][23980][info ][gc,metaspace] GC(3) Metaspace: 23234K(24064K)->23234K(24064K) NonClass: 20586K(21056K)->20586K(21056K) Class: 2648K(3008K)->2648K(3008K)
[2025-01-31T10:16:47.283+0000][23980][info ][gc          ] GC(3) Pause Young (Normal) (G1 Evacuation Pause) 212M->18M(4008M) 7.178ms
[2025-01-31T10:16:47.283+0000][23980][info ][gc,cpu      ] GC(3) User=0.00s Sys=0.00s Real=0.00s
[2025-01-31T10:16:47.283+0000][23980][info ][safepoint   ] Safepoint "G1CollectForAllocation", Time since last: 5861904900 ns, Reaching safepoint: 29400 ns, At safepoint: 7418200 ns, Total: 7447600 ns
[2025-01-31T10:16:49.732+0000][23980][info ][gc,start    ] GC(4) Pause Young (Normal) (G1 Evacuation Pause)
[2025-01-31T10:16:49.732+0000][23980][info ][gc,task     ] GC(4) Using 10 workers of 10 for evacuation
[2025-01-31T10:16:49.732+0000][23980][debug][gc,age      ] GC(4) Desired survivor size 14680064 bytes, new threshold 15 (max threshold 15)
[2025-01-31T10:16:49.748+0000][23980][info ][gc,phases   ] GC(4)   Pre Evacuate Collection Set: 0.52ms
[2025-01-31T10:16:49.748+0000][23980][info ][gc,phases   ] GC(4)   Merge Heap Roots: 0.20ms
[2025-01-31T10:16:49.748+0000][23980][info ][gc,phases   ] GC(4)   Evacuate Collection Set: 4.21ms
[2025-01-31T10:16:49.748+0000][23980][info ][gc,phases   ] GC(4)   Post Evacuate Collection Set: 1.37ms
[2025-01-31T10:16:49.748+0000][23980][info ][gc,phases   ] GC(4)   Other: 0.42ms
[2025-01-31T10:16:49.748+0000][23980][trace][gc,age      ] GC(4) Age table:
[2025-01-31T10:16:49.748+0000][23980][trace][gc,age      ] GC(4) - age   1:    4924112 bytes,    4924112 total
[2025-01-31T10:16:49.748+0000][23980][trace][gc,age      ] GC(4) - age   2:    1120000 bytes,    6044112 total
[2025-01-31T10:16:49.748+0000][23980][trace][gc,age      ] GC(4) - age   3:      65808 bytes,    6109920 total
[2025-01-31T10:16:49.748+0000][23980][info ][gc,heap     ] GC(4) Eden regions: 48->0(48)
[2025-01-31T10:16:49.748+0000][23980][info ][gc,heap     ] GC(4) Survivor regions: 2->2(7)
[2025-01-31T10:16:49.748+0000][23980][info ][gc,heap     ] GC(4) Old regions: 4->4
[2025-01-31T10:16:49.748+0000][23980][info ][gc,heap     ] GC(4) Humongous regions: 0->0
[2025-01-31T10:16:49.748+0000][23980][info ][gc,metaspace] GC(4) Metaspace: 29005K(29888K)->29005K(29888K) NonClass: 25733K(26240K)->25733K(26240K) Class: 3271K(3648K)->3271K(3648K)
[2025-01-31T10:16:49.748+0000][23980][info ][gc          ] GC(4) Pause Young (Normal) (G1 Evacuation Pause) 210M->20M(4008M) 7.549ms
[2025-01-31T10:16:49.748+0000][23980][info ][gc,cpu      ] GC(4) User=0.05s Sys=0.00s Real=0.02s
[2025-01-31T10:16:49.748+0000][23980][info ][safepoint   ] Safepoint "G1CollectForAllocation", Time since last: 2451659600 ns, Reaching safepoint: 12800 ns, At safepoint: 7744200 ns, Total: 7757000 ns
[2025-01-31T10:16:51.056+0000][23980][info ][gc,start    ] GC(5) Pause Young (Normal) (G1 Evacuation Pause)
[2025-01-31T10:16:51.056+0000][23980][info ][gc,task     ] GC(5) Using 10 workers of 10 for evacuation
[2025-01-31T10:16:51.056+0000][23980][debug][gc,age      ] GC(5) Desired survivor size 14680064 bytes, new threshold 15 (max threshold 15)
[2025-01-31T10:16:51.063+0000][23980][info ][gc,phases   ] GC(5)   Pre Evacuate Collection Set: 0.58ms
[2025-01-31T10:16:51.063+0000][23980][info ][gc,phases   ] GC(5)   Merge Heap Roots: 0.19ms
[2025-01-31T10:16:51.063+0000][23980][info ][gc,phases   ] GC(5)   Evacuate Collection Set: 4.70ms
[2025-01-31T10:16:51.063+0000][23980][info ][gc,phases   ] GC(5)   Post Evacuate Collection Set: 1.55ms
[2025-01-31T10:16:51.063+0000][23980][info ][gc,phases   ] GC(5)   Other: 0.30ms
[2025-01-31T10:16:51.063+0000][23980][trace][gc,age      ] GC(5) Age table:
[2025-01-31T10:16:51.063+0000][23980][trace][gc,age      ] GC(5) - age   1:    4896784 bytes,    4896784 total
[2025-01-31T10:16:51.063+0000][23980][trace][gc,age      ] GC(5) - age   2:    4119080 bytes,    9015864 total
[2025-01-31T10:16:51.063+0000][23980][trace][gc,age      ] GC(5) - age   3:    1119792 bytes,   10135656 total
[2025-01-31T10:16:51.063+0000][23980][trace][gc,age      ] GC(5) - age   4:      65808 bytes,   10201464 total
[2025-01-31T10:16:51.063+0000][23980][info ][gc,heap     ] GC(5) Eden regions: 48->0(66)
[2025-01-31T10:16:51.063+0000][23980][info ][gc,heap     ] GC(5) Survivor regions: 2->3(7)
[2025-01-31T10:16:51.063+0000][23980][info ][gc,heap     ] GC(5) Old regions: 4->4
[2025-01-31T10:16:51.063+0000][23980][info ][gc,heap     ] GC(5) Humongous regions: 0->0
[2025-01-31T10:16:51.063+0000][23980][info ][gc,metaspace] GC(5) Metaspace: 30025K(30912K)->30025K(30912K) NonClass: 26583K(27072K)->26583K(27072K) Class: 3442K(3840K)->3442K(3840K)
[2025-01-31T10:16:51.063+0000][23980][info ][gc          ] GC(5) Pause Young (Normal) (G1 Evacuation Pause) 212M->24M(4008M) 8.135ms
[2025-01-31T10:16:51.063+0000][23980][info ][gc,cpu      ] GC(5) User=0.00s Sys=0.00s Real=0.01s
[2025-01-31T10:16:51.063+0000][23980][info ][safepoint   ] Safepoint "G1CollectForAllocation", Time since last: 1309079000 ns, Reaching safepoint: 13300 ns, At safepoint: 8333100 ns, Total: 8346400 ns
[2025-01-31T10:16:52.379+0000][23980][info ][gc,start    ] GC(6) Pause Young (Normal) (G1 Evacuation Pause)
[2025-01-31T10:16:52.381+0000][23980][info ][gc,task     ] GC(6) Using 10 workers of 10 for evacuation
[2025-01-31T10:16:52.381+0000][23980][debug][gc,age      ] GC(6) Desired survivor size 18874368 bytes, new threshold 15 (max threshold 15)
[2025-01-31T10:16:52.384+0000][23980][info ][gc,phases   ] GC(6)   Pre Evacuate Collection Set: 0.51ms
[2025-01-31T10:16:52.384+0000][23980][info ][gc,phases   ] GC(6)   Merge Heap Roots: 0.22ms
[2025-01-31T10:16:52.384+0000][23980][info ][gc,phases   ] GC(6)   Evacuate Collection Set: 6.01ms
[2025-01-31T10:16:52.384+0000][23980][info ][gc,phases   ] GC(6)   Post Evacuate Collection Set: 1.57ms
[2025-01-31T10:16:52.384+0000][23980][info ][gc,phases   ] GC(6)   Other: 0.31ms
[2025-01-31T10:16:52.384+0000][23980][trace][gc,age      ] GC(6) Age table:
[2025-01-31T10:16:52.384+0000][23980][trace][gc,age      ] GC(6) - age   1:    4081920 bytes,    4081920 total
[2025-01-31T10:16:52.384+0000][23980][trace][gc,age      ] GC(6) - age   2:    2485312 bytes,    6567232 total
[2025-01-31T10:16:52.384+0000][23980][trace][gc,age      ] GC(6) - age   3:    4118920 bytes,   10686152 total
[2025-01-31T10:16:52.384+0000][23980][trace][gc,age      ] GC(6) - age   4:    1119792 bytes,   11805944 total
[2025-01-31T10:16:52.384+0000][23980][trace][gc,age      ] GC(6) - age   5:      65808 bytes,   11871752 total
[2025-01-31T10:16:52.384+0000][23980][info ][gc,heap     ] GC(6) Eden regions: 66->0(62)
[2025-01-31T10:16:52.384+0000][23980][info ][gc,heap     ] GC(6) Survivor regions: 3->4(9)
[2025-01-31T10:16:52.384+0000][23980][info ][gc,heap     ] GC(6) Old regions: 4->4
[2025-01-31T10:16:52.384+0000][23980][info ][gc,heap     ] GC(6) Humongous regions: 0->0
[2025-01-31T10:16:52.384+0000][23980][info ][gc,metaspace] GC(6) Metaspace: 30438K(31424K)->30438K(31424K) NonClass: 26954K(27520K)->26954K(27520K) Class: 3484K(3904K)->3484K(3904K)
[2025-01-31T10:16:52.384+0000][23980][info ][gc          ] GC(6) Pause Young (Normal) (G1 Evacuation Pause) 288M->26M(4008M) 9.489ms
[2025-01-31T10:16:52.384+0000][23980][info ][gc,cpu      ] GC(6) User=0.00s Sys=0.00s Real=0.01s
[2025-01-31T10:16:52.384+0000][23980][info ][safepoint   ] Safepoint "G1CollectForAllocation", Time since last: 1310942600 ns, Reaching safepoint: 13500 ns, At safepoint: 9641800 ns, Total: 9655300 ns
[2025-01-31T10:16:53.125+0000][23980][info ][gc,start    ] GC(7) Pause Young (Normal) (G1 Evacuation Pause)
[2025-01-31T10:16:53.125+0000][23980][info ][gc,task     ] GC(7) Using 10 workers of 10 for evacuation
[2025-01-31T10:16:53.125+0000][23980][debug][gc,age      ] GC(7) Desired survivor size 18874368 bytes, new threshold 15 (max threshold 15)
[2025-01-31T10:16:53.137+0000][23980][info ][gc,phases   ] GC(7)   Pre Evacuate Collection Set: 0.54ms
[2025-01-31T10:16:53.137+0000][23980][info ][gc,phases   ] GC(7)   Merge Heap Roots: 0.17ms
[2025-01-31T10:16:53.137+0000][23980][info ][gc,phases   ] GC(7)   Evacuate Collection Set: 6.26ms
[2025-01-31T10:16:53.137+0000][23980][info ][gc,phases   ] GC(7)   Post Evacuate Collection Set: 1.17ms
[2025-01-31T10:16:53.137+0000][23980][info ][gc,phases   ] GC(7)   Other: 0.21ms
[2025-01-31T10:16:53.137+0000][23980][trace][gc,age      ] GC(7) Age table:
[2025-01-31T10:16:53.137+0000][23980][trace][gc,age      ] GC(7) - age   1:    4064256 bytes,    4064256 total
[2025-01-31T10:16:53.137+0000][23980][trace][gc,age      ] GC(7) - age   2:    1439368 bytes,    5503624 total
[2025-01-31T10:16:53.137+0000][23980][trace][gc,age      ] GC(7) - age   3:    2485280 bytes,    7988904 total
[2025-01-31T10:16:53.137+0000][23980][trace][gc,age      ] GC(7) - age   4:    4118504 bytes,   12107408 total
[2025-01-31T10:16:53.137+0000][23980][trace][gc,age      ] GC(7) - age   5:    1119704 bytes,   13227112 total
[2025-01-31T10:16:53.137+0000][23980][trace][gc,age      ] GC(7) - age   6:      65808 bytes,   13292920 total
[2025-01-31T10:16:53.137+0000][23980][info ][gc,heap     ] GC(7) Eden regions: 62->0(86)
[2025-01-31T10:16:53.137+0000][23980][info ][gc,heap     ] GC(7) Survivor regions: 4->4(9)
[2025-01-31T10:16:53.137+0000][23980][info ][gc,heap     ] GC(7) Old regions: 4->4
[2025-01-31T10:16:53.137+0000][23980][info ][gc,heap     ] GC(7) Humongous regions: 0->0
[2025-01-31T10:16:53.137+0000][23980][info ][gc,metaspace] GC(7) Metaspace: 30857K(31872K)->30857K(31872K) NonClass: 27313K(27904K)->27313K(27904K) Class: 3543K(3968K)->3543K(3968K)
[2025-01-31T10:16:53.137+0000][23980][info ][gc          ] GC(7) Pause Young (Normal) (G1 Evacuation Pause) 274M->28M(4008M) 9.197ms
[2025-01-31T10:16:53.137+0000][23980][info ][gc,cpu      ] GC(7) User=0.00s Sys=0.00s Real=0.01s
[2025-01-31T10:16:53.137+0000][23980][info ][safepoint   ] Safepoint "G1CollectForAllocation", Time since last: 738658200 ns, Reaching safepoint: 12900 ns, At safepoint: 9363200 ns, Total: 9376100 ns
[2025-01-31T10:16:54.872+0000][23980][info ][gc,start    ] GC(8) Pause Young (Concurrent Start) (Metadata GC Threshold)
[2025-01-31T10:16:54.872+0000][23980][info ][gc,task     ] GC(8) Using 10 workers of 10 for evacuation
[2025-01-31T10:16:54.872+0000][23980][debug][gc,age      ] GC(8) Desired survivor size 25165824 bytes, new threshold 15 (max threshold 15)
[2025-01-31T10:16:54.887+0000][23980][info ][gc,phases   ] GC(8)   Pre Evacuate Collection Set: 0.76ms
[2025-01-31T10:16:54.887+0000][23980][info ][gc,phases   ] GC(8)   Merge Heap Roots: 0.17ms
[2025-01-31T10:16:54.887+0000][23980][info ][gc,phases   ] GC(8)   Evacuate Collection Set: 10.03ms
[2025-01-31T10:16:54.887+0000][23980][info ][gc,phases   ] GC(8)   Post Evacuate Collection Set: 1.37ms
[2025-01-31T10:16:54.887+0000][23980][info ][gc,phases   ] GC(8)   Other: 0.40ms
[2025-01-31T10:16:54.887+0000][23980][trace][gc,age      ] GC(8) Age table:
[2025-01-31T10:16:54.887+0000][23980][trace][gc,age      ] GC(8) - age   1:    4312680 bytes,    4312680 total
[2025-01-31T10:16:54.887+0000][23980][trace][gc,age      ] GC(8) - age   2:    1831920 bytes,    6144600 total
[2025-01-31T10:16:54.887+0000][23980][trace][gc,age      ] GC(8) - age   3:    1439336 bytes,    7583936 total
[2025-01-31T10:16:54.887+0000][23980][trace][gc,age      ] GC(8) - age   4:    2479216 bytes,   10063152 total
[2025-01-31T10:16:54.887+0000][23980][trace][gc,age      ] GC(8) - age   5:    4117112 bytes,   14180264 total
[2025-01-31T10:16:54.887+0000][23980][trace][gc,age      ] GC(8) - age   6:    1119560 bytes,   15299824 total
[2025-01-31T10:16:54.887+0000][23980][trace][gc,age      ] GC(8) - age   7:      65776 bytes,   15365600 total
[2025-01-31T10:16:54.887+0000][23980][info ][gc,heap     ] GC(8) Eden regions: 77->0(90)
[2025-01-31T10:16:54.887+0000][23980][info ][gc,heap     ] GC(8) Survivor regions: 4->4(12)
[2025-01-31T10:16:54.887+0000][23980][info ][gc,heap     ] GC(8) Old regions: 4->4
[2025-01-31T10:16:54.887+0000][23980][info ][gc,heap     ] GC(8) Humongous regions: 0->0
[2025-01-31T10:16:54.887+0000][23980][info ][gc,metaspace] GC(8) Metaspace: 34971K(35968K)->34971K(35968K) NonClass: 30992K(31616K)->30992K(31616K) Class: 3978K(4352K)->3978K(4352K)
[2025-01-31T10:16:54.887+0000][23980][info ][gc          ] GC(8) Pause Young (Concurrent Start) (Metadata GC Threshold) 334M->30M(4008M) 13.439ms
[2025-01-31T10:16:54.887+0000][23980][info ][gc,cpu      ] GC(8) User=0.06s Sys=0.00s Real=0.02s
[2025-01-31T10:16:54.887+0000][23980][info ][gc          ] GC(9) Concurrent Mark Cycle
[2025-01-31T10:16:54.887+0000][23980][info ][gc,marking  ] GC(9) Concurrent Scan Root Regions
[2025-01-31T10:16:54.887+0000][23980][info ][safepoint   ] Safepoint "CollectForMetadataAllocation", Time since last: 1739348800 ns, Reaching safepoint: 12300 ns, At safepoint: 13679900 ns, Total: 13692200 ns
[2025-01-31T10:16:54.887+0000][23980][info ][gc,marking  ] GC(9) Concurrent Scan Root Regions 5.131ms
[2025-01-31T10:16:54.887+0000][23980][info ][gc,marking  ] GC(9) Concurrent Mark
[2025-01-31T10:16:54.887+0000][23980][info ][gc,marking  ] GC(9) Concurrent Mark From Roots
[2025-01-31T10:16:54.887+0000][23980][info ][gc,task     ] GC(9) Using 3 workers of 3 for marking
[2025-01-31T10:16:54.903+0000][23980][info ][gc,marking  ] GC(9) Concurrent Mark From Roots 15.634ms
[2025-01-31T10:16:54.903+0000][23980][info ][gc,marking  ] GC(9) Concurrent Preclean
[2025-01-31T10:16:54.903+0000][23980][info ][gc,marking  ] GC(9) Concurrent Preclean 0.153ms
[2025-01-31T10:16:54.903+0000][23980][info ][gc,start    ] GC(9) Pause Remark
[2025-01-31T10:16:54.919+0000][23980][info ][gc          ] GC(9) Pause Remark 32M->32M(4008M) 6.546ms
[2025-01-31T10:16:54.919+0000][23980][info ][gc,cpu      ] GC(9) User=0.00s Sys=0.00s Real=0.02s
[2025-01-31T10:16:54.919+0000][23980][info ][safepoint   ] Safepoint "G1PauseRemark", Time since last: 21270200 ns, Reaching safepoint: 11700 ns, At safepoint: 6731300 ns, Total: 6743000 ns
[2025-01-31T10:16:54.919+0000][23980][info ][gc,marking  ] GC(9) Concurrent Mark 22.897ms
[2025-01-31T10:16:54.919+0000][23980][info ][gc,marking  ] GC(9) Concurrent Rebuild Remembered Sets and Scrub Regions
[2025-01-31T10:16:54.919+0000][23980][info ][gc,marking  ] GC(9) Concurrent Rebuild Remembered Sets and Scrub Regions 5.637ms
[2025-01-31T10:16:54.919+0000][23980][info ][gc,start    ] GC(9) Pause Cleanup
[2025-01-31T10:16:54.919+0000][23980][info ][gc          ] GC(9) Pause Cleanup 32M->32M(4008M) 0.146ms
[2025-01-31T10:16:54.919+0000][23980][info ][gc,cpu      ] GC(9) User=0.00s Sys=0.00s Real=0.00s
[2025-01-31T10:16:54.919+0000][23980][info ][safepoint   ] Safepoint "G1PauseCleanup", Time since last: 5941200 ns, Reaching safepoint: 11100 ns, At safepoint: 296000 ns, Total: 307100 ns
[2025-01-31T10:16:54.919+0000][23980][info ][gc,marking  ] GC(9) Concurrent Clear Claimed Marks
[2025-01-31T10:16:54.919+0000][23980][info ][gc,marking  ] GC(9) Concurrent Clear Claimed Marks 0.151ms
[2025-01-31T10:16:54.919+0000][23980][info ][gc,marking  ] GC(9) Concurrent Cleanup for Next Mark
[2025-01-31T10:16:54.919+0000][23980][info ][gc,marking  ] GC(9) Concurrent Cleanup for Next Mark 6.029ms
[2025-01-31T10:16:54.919+0000][23980][info ][gc          ] GC(9) Concurrent Mark Cycle 40.820ms
[2025-01-31T10:16:56.422+0000][23980][info ][gc,start    ] GC(10) Pause Young (Normal) (G1 Evacuation Pause)
[2025-01-31T10:16:56.422+0000][23980][info ][gc,task     ] GC(10) Using 10 workers of 10 for evacuation
[2025-01-31T10:16:56.422+0000][23980][debug][gc,age      ] GC(10) Desired survivor size 25165824 bytes, new threshold 15 (max threshold 15)
[2025-01-31T10:16:56.468+0000][23980][info ][gc,phases   ] GC(10)   Pre Evacuate Collection Set: 0.33ms
[2025-01-31T10:16:56.468+0000][23980][info ][gc,phases   ] GC(10)   Merge Heap Roots: 0.18ms
[2025-01-31T10:16:56.468+0000][23980][info ][gc,phases   ] GC(10)   Evacuate Collection Set: 44.82ms
[2025-01-31T10:16:56.468+0000][23980][info ][gc,phases   ] GC(10)   Post Evacuate Collection Set: 1.53ms
[2025-01-31T10:16:56.468+0000][23980][info ][gc,phases   ] GC(10)   Other: 0.34ms
[2025-01-31T10:16:56.468+0000][23980][trace][gc,age      ] GC(10) Age table:
[2025-01-31T10:16:56.468+0000][23980][trace][gc,age      ] GC(10) - age   1:    4938264 bytes,    4938264 total
[2025-01-31T10:16:56.468+0000][23980][trace][gc,age      ] GC(10) - age   2:    4290960 bytes,    9229224 total
[2025-01-31T10:16:56.468+0000][23980][trace][gc,age      ] GC(10) - age   3:    1831824 bytes,   11061048 total
[2025-01-31T10:16:56.468+0000][23980][trace][gc,age      ] GC(10) - age   4:    1438328 bytes,   12499376 total
[2025-01-31T10:16:56.468+0000][23980][trace][gc,age      ] GC(10) - age   5:    2478896 bytes,   14978272 total
[2025-01-31T10:16:56.468+0000][23980][trace][gc,age      ] GC(10) - age   6:    4109864 bytes,   19088136 total
[2025-01-31T10:16:56.468+0000][23980][trace][gc,age      ] GC(10) - age   7:    1118808 bytes,   20206944 total
[2025-01-31T10:16:56.468+0000][23980][trace][gc,age      ] GC(10) - age   8:      65584 bytes,   20272528 total
[2025-01-31T10:16:56.468+0000][23980][info ][gc,heap     ] GC(10) Eden regions: 90->0(88)
[2025-01-31T10:16:56.468+0000][23980][info ][gc,heap     ] GC(10) Survivor regions: 4->6(12)
[2025-01-31T10:16:56.468+0000][23980][info ][gc,heap     ] GC(10) Old regions: 4->4
[2025-01-31T10:16:56.468+0000][23980][info ][gc,heap     ] GC(10) Humongous regions: 0->0
[2025-01-31T10:16:56.468+0000][23980][info ][gc,metaspace] GC(10) Metaspace: 36985K(38080K)->36985K(38080K) NonClass: 32710K(33408K)->32710K(33408K) Class: 4274K(4672K)->4274K(4672K)
[2025-01-31T10:16:56.468+0000][23980][info ][gc          ] GC(10) Pause Young (Normal) (G1 Evacuation Pause) 390M->36M(4008M) 48.021ms
[2025-01-31T10:16:56.468+0000][23980][info ][gc,cpu      ] GC(10) User=0.00s Sys=0.19s Real=0.05s
[2025-01-31T10:16:56.468+0000][23980][info ][safepoint   ] Safepoint "G1CollectForAllocation", Time since last: 1496564100 ns, Reaching safepoint: 16600 ns, At safepoint: 48249200 ns, Total: 48265800 ns
[2025-01-31T10:16:58.089+0000][23980][info ][gc,start    ] GC(11) Pause Young (Normal) (G1 Evacuation Pause)
[2025-01-31T10:16:58.089+0000][23980][info ][gc,task     ] GC(11) Using 10 workers of 10 for evacuation
[2025-01-31T10:16:58.089+0000][23980][debug][gc,age      ] GC(11) Desired survivor size 25165824 bytes, new threshold 15 (max threshold 15)
[2025-01-31T10:16:58.103+0000][23980][info ][gc,phases   ] GC(11)   Pre Evacuate Collection Set: 0.63ms
[2025-01-31T10:16:58.103+0000][23980][info ][gc,phases   ] GC(11)   Merge Heap Roots: 0.26ms
[2025-01-31T10:16:58.103+0000][23980][info ][gc,phases   ] GC(11)   Evacuate Collection Set: 11.18ms
[2025-01-31T10:16:58.103+0000][23980][info ][gc,phases   ] GC(11)   Post Evacuate Collection Set: 1.75ms
[2025-01-31T10:16:58.103+0000][23980][info ][gc,phases   ] GC(11)   Other: 0.26ms
[2025-01-31T10:16:58.103+0000][23980][trace][gc,age      ] GC(11) Age table:
[2025-01-31T10:16:58.103+0000][23980][trace][gc,age      ] GC(11) - age   1:    4547224 bytes,    4547224 total
[2025-01-31T10:16:58.103+0000][23980][trace][gc,age      ] GC(11) - age   2:    3159200 bytes,    7706424 total
[2025-01-31T10:16:58.103+0000][23980][trace][gc,age      ] GC(11) - age   3:    4290832 bytes,   11997256 total
[2025-01-31T10:16:58.103+0000][23980][trace][gc,age      ] GC(11) - age   4:    1831064 bytes,   13828320 total
[2025-01-31T10:16:58.103+0000][23980][trace][gc,age      ] GC(11) - age   5:    1437576 bytes,   15265896 total
[2025-01-31T10:16:58.103+0000][23980][trace][gc,age      ] GC(11) - age   6:    2475296 bytes,   17741192 total
[2025-01-31T10:16:58.103+0000][23980][trace][gc,age      ] GC(11) - age   7:    4109520 bytes,   21850712 total
[2025-01-31T10:16:58.103+0000][23980][trace][gc,age      ] GC(11) - age   8:    1118512 bytes,   22969224 total
[2025-01-31T10:16:58.103+0000][23980][trace][gc,age      ] GC(11) - age   9:      65520 bytes,   23034744 total
[2025-01-31T10:16:58.103+0000][23980][info ][gc,heap     ] GC(11) Eden regions: 88->0(117)
[2025-01-31T10:16:58.103+0000][23980][info ][gc,heap     ] GC(11) Survivor regions: 6->6(12)
[2025-01-31T10:16:58.103+0000][23980][info ][gc,heap     ] GC(11) Old regions: 4->4
[2025-01-31T10:16:58.103+0000][23980][info ][gc,heap     ] GC(11) Humongous regions: 0->0
[2025-01-31T10:16:58.103+0000][23980][info ][gc,metaspace] GC(11) Metaspace: 38844K(40064K)->38844K(40064K) NonClass: 34333K(35072K)->34333K(35072K) Class: 4510K(4992K)->4510K(4992K)
[2025-01-31T10:16:58.103+0000][23980][info ][gc          ] GC(11) Pause Young (Normal) (G1 Evacuation Pause) 388M->38M(4008M) 14.921ms
[2025-01-31T10:16:58.103+0000][23980][info ][gc,cpu      ] GC(11) User=0.00s Sys=0.00s Real=0.01s
[2025-01-31T10:16:58.103+0000][23980][info ][safepoint   ] Safepoint "G1CollectForAllocation", Time since last: 1632558300 ns, Reaching safepoint: 13900 ns, At safepoint: 15065800 ns, Total: 15079700 ns
[2025-01-31T10:16:59.791+0000][23980][info ][gc,start    ] GC(12) Pause Young (Normal) (G1 Evacuation Pause)
[2025-01-31T10:16:59.791+0000][23980][info ][gc,task     ] GC(12) Using 10 workers of 10 for evacuation
[2025-01-31T10:16:59.791+0000][23980][debug][gc,age      ] GC(12) Desired survivor size 33554432 bytes, new threshold 15 (max threshold 15)
[2025-01-31T10:16:59.825+0000][23980][info ][gc,phases   ] GC(12)   Pre Evacuate Collection Set: 0.59ms
[2025-01-31T10:16:59.825+0000][23980][info ][gc,phases   ] GC(12)   Merge Heap Roots: 0.19ms
[2025-01-31T10:16:59.825+0000][23980][info ][gc,phases   ] GC(12)   Evacuate Collection Set: 26.63ms
[2025-01-31T10:16:59.825+0000][23980][info ][gc,phases   ] GC(12)   Post Evacuate Collection Set: 1.84ms
[2025-01-31T10:16:59.825+0000][23980][info ][gc,phases   ] GC(12)   Other: 0.29ms
[2025-01-31T10:16:59.825+0000][23980][trace][gc,age      ] GC(12) Age table:
[2025-01-31T10:16:59.825+0000][23980][trace][gc,age      ] GC(12) - age   1:    6490336 bytes,    6490336 total
[2025-01-31T10:16:59.825+0000][23980][trace][gc,age      ] GC(12) - age   2:    3681256 bytes,   10171592 total
[2025-01-31T10:16:59.825+0000][23980][trace][gc,age      ] GC(12) - age   3:    3159136 bytes,   13330728 total
[2025-01-31T10:16:59.825+0000][23980][trace][gc,age      ] GC(12) - age   4:    4288768 bytes,   17619496 total
[2025-01-31T10:16:59.825+0000][23980][trace][gc,age      ] GC(12) - age   5:    1830600 bytes,   19450096 total
[2025-01-31T10:16:59.825+0000][23980][trace][gc,age      ] GC(12) - age   6:    1437544 bytes,   20887640 total
[2025-01-31T10:16:59.825+0000][23980][trace][gc,age      ] GC(12) - age   7:    2475136 bytes,   23362776 total
[2025-01-31T10:16:59.825+0000][23980][trace][gc,age      ] GC(12) - age   8:    4107792 bytes,   27470568 total
[2025-01-31T10:16:59.825+0000][23980][trace][gc,age      ] GC(12) - age   9:    1098784 bytes,   28569352 total
[2025-01-31T10:16:59.825+0000][23980][trace][gc,age      ] GC(12) - age  10:      65488 bytes,   28634840 total
[2025-01-31T10:16:59.825+0000][23980][info ][gc,heap     ] GC(12) Eden regions: 117->0(112)
[2025-01-31T10:16:59.825+0000][23980][info ][gc,heap     ] GC(12) Survivor regions: 6->8(16)
[2025-01-31T10:16:59.825+0000][23980][info ][gc,heap     ] GC(12) Old regions: 4->4
[2025-01-31T10:16:59.825+0000][23980][info ][gc,heap     ] GC(12) Humongous regions: 0->0
[2025-01-31T10:16:59.825+0000][23980][info ][gc,metaspace] GC(12) Metaspace: 39149K(40448K)->39149K(40448K) NonClass: 34596K(35392K)->34596K(35392K) Class: 4552K(5056K)->4552K(5056K)
[2025-01-31T10:16:59.825+0000][23980][info ][gc          ] GC(12) Pause Young (Normal) (G1 Evacuation Pause) 506M->44M(4008M) 30.263ms
[2025-01-31T10:16:59.825+0000][23980][info ][gc,cpu      ] GC(12) User=0.08s Sys=0.09s Real=0.03s
[2025-01-31T10:16:59.825+0000][23980][info ][safepoint   ] Safepoint "G1CollectForAllocation", Time since last: 1683244200 ns, Reaching safepoint: 12900 ns, At safepoint: 30378100 ns, Total: 30391000 ns
[2025-01-31T10:17:04.710+0000][23980][info ][gc,start    ] GC(13) Pause Young (Normal) (G1 Evacuation Pause)
[2025-01-31T10:17:04.710+0000][23980][info ][gc,task     ] GC(13) Using 10 workers of 10 for evacuation
[2025-01-31T10:17:04.710+0000][23980][debug][gc,age      ] GC(13) Desired survivor size 31457280 bytes, new threshold 15 (max threshold 15)
[2025-01-31T10:17:04.742+0000][23980][info ][gc,phases   ] GC(13)   Pre Evacuate Collection Set: 0.54ms
[2025-01-31T10:17:04.742+0000][23980][info ][gc,phases   ] GC(13)   Merge Heap Roots: 0.19ms
[2025-01-31T10:17:04.742+0000][23980][info ][gc,phases   ] GC(13)   Evacuate Collection Set: 14.27ms
[2025-01-31T10:17:04.742+0000][23980][info ][gc,phases   ] GC(13)   Post Evacuate Collection Set: 2.33ms
[2025-01-31T10:17:04.742+0000][23980][info ][gc,phases   ] GC(13)   Other: 0.23ms
[2025-01-31T10:17:04.742+0000][23980][trace][gc,age      ] GC(13) Age table:
[2025-01-31T10:17:04.742+0000][23980][trace][gc,age      ] GC(13) - age   1:    5947544 bytes,    5947544 total
[2025-01-31T10:17:04.742+0000][23980][trace][gc,age      ] GC(13) - age   2:    6111640 bytes,   12059184 total
[2025-01-31T10:17:04.742+0000][23980][trace][gc,age      ] GC(13) - age   3:    3647208 bytes,   15706392 total
[2025-01-31T10:17:04.742+0000][23980][trace][gc,age      ] GC(13) - age   4:    3143128 bytes,   18849520 total
[2025-01-31T10:17:04.742+0000][23980][trace][gc,age      ] GC(13) - age   5:    4269872 bytes,   23119392 total
[2025-01-31T10:17:04.742+0000][23980][trace][gc,age      ] GC(13) - age   6:    1823224 bytes,   24942616 total
[2025-01-31T10:17:04.742+0000][23980][trace][gc,age      ] GC(13) - age   7:    1428424 bytes,   26371040 total
[2025-01-31T10:17:04.742+0000][23980][trace][gc,age      ] GC(13) - age   8:    2464432 bytes,   28835472 total
[2025-01-31T10:17:04.742+0000][23980][trace][gc,age      ] GC(13) - age   9:    4099032 bytes,   32934504 total
[2025-01-31T10:17:04.742+0000][23980][trace][gc,age      ] GC(13) - age  10:     896048 bytes,   33830552 total
[2025-01-31T10:17:04.742+0000][23980][trace][gc,age      ] GC(13) - age  11:      65488 bytes,   33896040 total
[2025-01-31T10:17:04.742+0000][23980][info ][gc,heap     ] GC(13) Eden regions: 112->0(149)
[2025-01-31T10:17:04.742+0000][23980][info ][gc,heap     ] GC(13) Survivor regions: 8->10(15)
[2025-01-31T10:17:04.742+0000][23980][info ][gc,heap     ] GC(13) Old regions: 4->4
[2025-01-31T10:17:04.742+0000][23980][info ][gc,heap     ] GC(13) Humongous regions: 0->0
[2025-01-31T10:17:04.742+0000][23980][info ][gc,metaspace] GC(13) Metaspace: 51213K(52608K)->51213K(52608K) NonClass: 45063K(45888K)->45063K(45888K) Class: 6150K(6720K)->6150K(6720K)
[2025-01-31T10:17:04.742+0000][23980][info ][gc          ] GC(13) Pause Young (Normal) (G1 Evacuation Pause) 492M->51M(4008M) 18.796ms
[2025-01-31T10:17:04.742+0000][23980][info ][gc,cpu      ] GC(13) User=0.06s Sys=0.00s Real=0.03s
[2025-01-31T10:17:04.742+0000][23980][info ][safepoint   ] Safepoint "G1CollectForAllocation", Time since last: 4892598300 ns, Reaching safepoint: 13800 ns, At safepoint: 18960500 ns, Total: 18974300 ns
[2025-01-31T10:17:06.009+0000][23980][info ][gc,start    ] GC(14) Pause Young (Concurrent Start) (Metadata GC Threshold)
[2025-01-31T10:17:06.009+0000][23980][info ][gc,task     ] GC(14) Using 10 workers of 10 for evacuation
[2025-01-31T10:17:06.009+0000][23980][debug][gc,age      ] GC(14) Desired survivor size 41943040 bytes, new threshold 15 (max threshold 15)
[2025-01-31T10:17:06.024+0000][23980][info ][gc,phases   ] GC(14)   Pre Evacuate Collection Set: 0.56ms
[2025-01-31T10:17:06.024+0000][23980][info ][gc,phases   ] GC(14)   Merge Heap Roots: 0.15ms
[2025-01-31T10:17:06.024+0000][23980][info ][gc,phases   ] GC(14)   Evacuate Collection Set: 14.48ms
[2025-01-31T10:17:06.024+0000][23980][info ][gc,phases   ] GC(14)   Post Evacuate Collection Set: 2.10ms
[2025-01-31T10:17:06.024+0000][23980][info ][gc,phases   ] GC(14)   Other: 0.35ms
[2025-01-31T10:17:06.024+0000][23980][trace][gc,age      ] GC(14) Age table:
[2025-01-31T10:17:06.024+0000][23980][trace][gc,age      ] GC(14) - age   1:    1549176 bytes,    1549176 total
[2025-01-31T10:17:06.024+0000][23980][trace][gc,age      ] GC(14) - age   2:    5750472 bytes,    7299648 total
[2025-01-31T10:17:06.024+0000][23980][trace][gc,age      ] GC(14) - age   3:    6109872 bytes,   13409520 total
[2025-01-31T10:17:06.024+0000][23980][trace][gc,age      ] GC(14) - age   4:    3647176 bytes,   17056696 total
[2025-01-31T10:17:06.024+0000][23980][trace][gc,age      ] GC(14) - age   5:    3141168 bytes,   20197864 total
[2025-01-31T10:17:06.024+0000][23980][trace][gc,age      ] GC(14) - age   6:    4269384 bytes,   24467248 total
[2025-01-31T10:17:06.024+0000][23980][trace][gc,age      ] GC(14) - age   7:    1823192 bytes,   26290440 total
[2025-01-31T10:17:06.024+0000][23980][trace][gc,age      ] GC(14) - age   8:    1427896 bytes,   27718336 total
[2025-01-31T10:17:06.024+0000][23980][trace][gc,age      ] GC(14) - age   9:    2463968 bytes,   30182304 total
[2025-01-31T10:17:06.024+0000][23980][trace][gc,age      ] GC(14) - age  10:    4099032 bytes,   34281336 total
[2025-01-31T10:17:06.024+0000][23980][trace][gc,age      ] GC(14) - age  11:     894528 bytes,   35175864 total
[2025-01-31T10:17:06.024+0000][23980][trace][gc,age      ] GC(14) - age  12:      65488 bytes,   35241352 total
[2025-01-31T10:17:06.024+0000][23980][info ][gc,heap     ] GC(14) Eden regions: 23->0(202)
[2025-01-31T10:17:06.024+0000][23980][info ][gc,heap     ] GC(14) Survivor regions: 10->10(20)
[2025-01-31T10:17:06.024+0000][23980][info ][gc,heap     ] GC(14) Old regions: 4->4
[2025-01-31T10:17:06.024+0000][23980][info ][gc,heap     ] GC(14) Humongous regions: 0->0
[2025-01-31T10:17:06.024+0000][23980][info ][gc,metaspace] GC(14) Metaspace: 58828K(60288K)->58828K(60288K) NonClass: 51552K(52416K)->51552K(52416K) Class: 7276K(7872K)->7276K(7872K)
[2025-01-31T10:17:06.024+0000][23980][info ][gc          ] GC(14) Pause Young (Concurrent Start) (Metadata GC Threshold) 141M->51M(4008M) 18.396ms
[2025-01-31T10:17:06.024+0000][23980][info ][gc,cpu      ] GC(14) User=0.05s Sys=0.00s Real=0.01s
[2025-01-31T10:17:06.024+0000][23980][info ][gc          ] GC(15) Concurrent Mark Cycle
[2025-01-31T10:17:06.024+0000][23980][info ][gc,marking  ] GC(15) Concurrent Scan Root Regions
[2025-01-31T10:17:06.024+0000][23980][info ][safepoint   ] Safepoint "CollectForMetadataAllocation", Time since last: 1270011200 ns, Reaching safepoint: 10800 ns, At safepoint: 18626000 ns, Total: 18636800 ns
[2025-01-31T10:17:06.039+0000][23980][info ][gc,marking  ] GC(15) Concurrent Scan Root Regions 7.920ms
[2025-01-31T10:17:06.039+0000][23980][info ][gc,marking  ] GC(15) Concurrent Mark
[2025-01-31T10:17:06.039+0000][23980][info ][gc,marking  ] GC(15) Concurrent Mark From Roots
[2025-01-31T10:17:06.039+0000][23980][info ][gc,task     ] GC(15) Using 3 workers of 3 for marking
[2025-01-31T10:17:06.039+0000][23980][info ][gc,marking  ] GC(15) Concurrent Mark From Roots 14.257ms
[2025-01-31T10:17:06.039+0000][23980][info ][gc,marking  ] GC(15) Concurrent Preclean
[2025-01-31T10:17:06.039+0000][23980][info ][gc,marking  ] GC(15) Concurrent Preclean 0.179ms
[2025-01-31T10:17:06.039+0000][23980][info ][gc,start    ] GC(15) Pause Remark
[2025-01-31T10:17:06.055+0000][23980][info ][gc          ] GC(15) Pause Remark 55M->55M(4008M) 6.928ms
[2025-01-31T10:17:06.055+0000][23980][info ][gc,cpu      ] GC(15) User=0.00s Sys=0.00s Real=0.02s
[2025-01-31T10:17:06.055+0000][23980][info ][safepoint   ] Safepoint "G1PauseRemark", Time since last: 22684700 ns, Reaching safepoint: 22800 ns, At safepoint: 7106500 ns, Total: 7129300 ns
[2025-01-31T10:17:06.055+0000][23980][info ][gc,marking  ] GC(15) Concurrent Mark 21.936ms
[2025-01-31T10:17:06.055+0000][23980][info ][gc,marking  ] GC(15) Concurrent Rebuild Remembered Sets and Scrub Regions
[2025-01-31T10:17:06.055+0000][23980][info ][gc,marking  ] GC(15) Concurrent Rebuild Remembered Sets and Scrub Regions 5.335ms
[2025-01-31T10:17:06.055+0000][23980][info ][gc,start    ] GC(15) Pause Cleanup
[2025-01-31T10:17:06.055+0000][23980][info ][gc          ] GC(15) Pause Cleanup 55M->55M(4008M) 0.122ms
[2025-01-31T10:17:06.055+0000][23980][info ][gc,cpu      ] GC(15) User=0.00s Sys=0.00s Real=0.00s
[2025-01-31T10:17:06.055+0000][23980][info ][safepoint   ] Safepoint "G1PauseCleanup", Time since last: 5633400 ns, Reaching safepoint: 9000 ns, At safepoint: 232600 ns, Total: 241600 ns
[2025-01-31T10:17:06.055+0000][23980][info ][gc,marking  ] GC(15) Concurrent Clear Claimed Marks
[2025-01-31T10:17:06.055+0000][23980][info ][gc,marking  ] GC(15) Concurrent Clear Claimed Marks 0.177ms
[2025-01-31T10:17:06.055+0000][23980][info ][gc,marking  ] GC(15) Concurrent Cleanup for Next Mark
[2025-01-31T10:17:06.070+0000][23980][info ][gc,marking  ] GC(15) Concurrent Cleanup for Next Mark 7.151ms
[2025-01-31T10:17:06.070+0000][23980][info ][gc          ] GC(15) Concurrent Mark Cycle 43.409ms
[2025-01-31T10:17:16.101+0000][23980][info ][gc,start    ] GC(16) Pause Young (Normal) (G1 Evacuation Pause)
[2025-01-31T10:17:16.101+0000][23980][info ][gc,task     ] GC(16) Using 10 workers of 10 for evacuation
[2025-01-31T10:17:16.101+0000][23980][debug][gc,age      ] GC(16) Desired survivor size 56623104 bytes, new threshold 15 (max threshold 15)
[2025-01-31T10:17:16.161+0000][23980][info ][gc,phases   ] GC(16)   Pre Evacuate Collection Set: 0.90ms
[2025-01-31T10:17:16.161+0000][23980][info ][gc,phases   ] GC(16)   Merge Heap Roots: 0.30ms
[2025-01-31T10:17:16.161+0000][23980][info ][gc,phases   ] GC(16)   Evacuate Collection Set: 49.20ms
[2025-01-31T10:17:16.161+0000][23980][info ][gc,phases   ] GC(16)   Post Evacuate Collection Set: 4.05ms
[2025-01-31T10:17:16.161+0000][23980][info ][gc,phases   ] GC(16)   Other: 0.24ms
[2025-01-31T10:17:16.161+0000][23980][trace][gc,age      ] GC(16) Age table:
[2025-01-31T10:17:16.161+0000][23980][trace][gc,age      ] GC(16) - age   1:   14959248 bytes,   14959248 total
[2025-01-31T10:17:16.161+0000][23980][trace][gc,age      ] GC(16) - age   2:    1416832 bytes,   16376080 total
[2025-01-31T10:17:16.161+0000][23980][trace][gc,age      ] GC(16) - age   3:    5505744 bytes,   21881824 total
[2025-01-31T10:17:16.161+0000][23980][trace][gc,age      ] GC(16) - age   4:    6067064 bytes,   27948888 total
[2025-01-31T10:17:16.161+0000][23980][trace][gc,age      ] GC(16) - age   5:    3635408 bytes,   31584296 total
[2025-01-31T10:17:16.161+0000][23980][trace][gc,age      ] GC(16) - age   6:    3133576 bytes,   34717872 total
[2025-01-31T10:17:16.161+0000][23980][trace][gc,age      ] GC(16) - age   7:    4250832 bytes,   38968704 total
[2025-01-31T10:17:16.161+0000][23980][trace][gc,age      ] GC(16) - age   8:    1817344 bytes,   40786048 total
[2025-01-31T10:17:16.161+0000][23980][trace][gc,age      ] GC(16) - age   9:    1420896 bytes,   42206944 total
[2025-01-31T10:17:16.161+0000][23980][trace][gc,age      ] GC(16) - age  10:    2454552 bytes,   44661496 total
[2025-01-31T10:17:16.161+0000][23980][trace][gc,age      ] GC(16) - age  11:    4078224 bytes,   48739720 total
[2025-01-31T10:17:16.161+0000][23980][trace][gc,age      ] GC(16) - age  12:     882800 bytes,   49622520 total
[2025-01-31T10:17:16.161+0000][23980][trace][gc,age      ] GC(16) - age  13:      65232 bytes,   49687752 total
[2025-01-31T10:17:16.161+0000][23980][info ][gc,heap     ] GC(16) Eden regions: 202->0(156)
[2025-01-31T10:17:16.161+0000][23980][info ][gc,heap     ] GC(16) Survivor regions: 10->13(27)
[2025-01-31T10:17:16.161+0000][23980][info ][gc,heap     ] GC(16) Old regions: 4->4
[2025-01-31T10:17:16.161+0000][23980][info ][gc,heap     ] GC(16) Humongous regions: 0->0
[2025-01-31T10:17:16.161+0000][23980][info ][gc,metaspace] GC(16) Metaspace: 83850K(85824K)->83850K(85824K) NonClass: 72579K(73728K)->72579K(73728K) Class: 11270K(12096K)->11270K(12096K)
[2025-01-31T10:17:16.161+0000][23980][info ][gc          ] GC(16) Pause Young (Normal) (G1 Evacuation Pause) 859M->66M(4008M) 55.551ms
[2025-01-31T10:17:16.161+0000][23980][info ][gc,cpu      ] GC(16) User=0.19s Sys=0.16s Real=0.06s
[2025-01-31T10:17:16.161+0000][23980][info ][safepoint   ] Safepoint "G1CollectForAllocation", Time since last: 10039126700 ns, Reaching safepoint: 10000 ns, At safepoint: 55691600 ns, Total: 55701600 ns
[2025-01-31T10:17:21.143+0000][23980][info ][gc,start    ] GC(17) Pause Young (Concurrent Start) (Metadata GC Threshold)
[2025-01-31T10:17:21.143+0000][23980][info ][gc,task     ] GC(17) Using 10 workers of 10 for evacuation
[2025-01-31T10:17:21.143+0000][23980][debug][gc,age      ] GC(17) Desired survivor size 46137344 bytes, new threshold 11 (max threshold 15)
[2025-01-31T10:17:21.174+0000][23980][info ][gc,phases   ] GC(17)   Pre Evacuate Collection Set: 0.48ms
[2025-01-31T10:17:21.174+0000][23980][info ][gc,phases   ] GC(17)   Merge Heap Roots: 0.17ms
[2025-01-31T10:17:21.174+0000][23980][info ][gc,phases   ] GC(17)   Evacuate Collection Set: 30.14ms
[2025-01-31T10:17:21.174+0000][23980][info ][gc,phases   ] GC(17)   Post Evacuate Collection Set: 3.23ms
[2025-01-31T10:17:21.174+0000][23980][info ][gc,phases   ] GC(17)   Other: 0.29ms
[2025-01-31T10:17:21.174+0000][23980][trace][gc,age      ] GC(17) Age table:
[2025-01-31T10:17:21.174+0000][23980][trace][gc,age      ] GC(17) - age   1:    7699728 bytes,    7699728 total
[2025-01-31T10:17:21.174+0000][23980][trace][gc,age      ] GC(17) - age   2:   13363568 bytes,   21063296 total
[2025-01-31T10:17:21.174+0000][23980][trace][gc,age      ] GC(17) - age   3:    1415616 bytes,   22478912 total
[2025-01-31T10:17:21.174+0000][23980][trace][gc,age      ] GC(17) - age   4:    5437376 bytes,   27916288 total
[2025-01-31T10:17:21.174+0000][23980][trace][gc,age      ] GC(17) - age   5:    6064520 bytes,   33980808 total
[2025-01-31T10:17:21.174+0000][23980][trace][gc,age      ] GC(17) - age   6:    3631120 bytes,   37611928 total
[2025-01-31T10:17:21.174+0000][23980][trace][gc,age      ] GC(17) - age   7:    3129872 bytes,   40741800 total
[2025-01-31T10:17:21.174+0000][23980][trace][gc,age      ] GC(17) - age   8:    4249384 bytes,   44991184 total
[2025-01-31T10:17:21.174+0000][23980][trace][gc,age      ] GC(17) - age   9:    1816696 bytes,   46807880 total
[2025-01-31T10:17:21.174+0000][23980][trace][gc,age      ] GC(17) - age  10:    1420152 bytes,   48228032 total
[2025-01-31T10:17:21.174+0000][23980][trace][gc,age      ] GC(17) - age  11:    2453320 bytes,   50681352 total
[2025-01-31T10:17:21.174+0000][23980][info ][gc,heap     ] GC(17) Eden regions: 61->0(188)
[2025-01-31T10:17:21.174+0000][23980][info ][gc,heap     ] GC(17) Survivor regions: 13->14(22)
[2025-01-31T10:17:21.174+0000][23980][info ][gc,heap     ] GC(17) Old regions: 4->5
[2025-01-31T10:17:21.174+0000][23980][info ][gc,heap     ] GC(17) Humongous regions: 0->0
[2025-01-31T10:17:21.174+0000][23980][info ][gc,metaspace] GC(17) Metaspace: 98810K(100800K)->98810K(100800K) NonClass: 85321K(86464K)->85321K(86464K) Class: 13488K(14336K)->13488K(14336K)
[2025-01-31T10:17:21.174+0000][23980][info ][gc          ] GC(17) Pause Young (Concurrent Start) (Metadata GC Threshold) 308M->74M(4008M) 35.094ms
[2025-01-31T10:17:21.174+0000][23980][info ][gc,cpu      ] GC(17) User=0.11s Sys=0.00s Real=0.03s
[2025-01-31T10:17:21.174+0000][23980][info ][gc          ] GC(18) Concurrent Mark Cycle
[2025-01-31T10:17:21.174+0000][23980][info ][gc,marking  ] GC(18) Concurrent Scan Root Regions
[2025-01-31T10:17:21.174+0000][23980][info ][safepoint   ] Safepoint "CollectForMetadataAllocation", Time since last: 4991264300 ns, Reaching safepoint: 12700 ns, At safepoint: 35309700 ns, Total: 35322400 ns
[2025-01-31T10:17:21.206+0000][23980][info ][gc,marking  ] GC(18) Concurrent Scan Root Regions 18.714ms
[2025-01-31T10:17:21.206+0000][23980][info ][gc,marking  ] GC(18) Concurrent Mark
[2025-01-31T10:17:21.206+0000][23980][info ][gc,marking  ] GC(18) Concurrent Mark From Roots
[2025-01-31T10:17:21.206+0000][23980][info ][gc,task     ] GC(18) Using 3 workers of 3 for marking
[2025-01-31T10:17:21.222+0000][23980][info ][gc,marking  ] GC(18) Concurrent Mark From Roots 15.434ms
[2025-01-31T10:17:21.222+0000][23980][info ][gc,marking  ] GC(18) Concurrent Preclean
[2025-01-31T10:17:21.222+0000][23980][info ][gc,marking  ] GC(18) Concurrent Preclean 0.107ms
[2025-01-31T10:17:21.222+0000][23980][info ][gc,start    ] GC(18) Pause Remark
[2025-01-31T10:17:21.222+0000][23980][info ][gc          ] GC(18) Pause Remark 78M->78M(4008M) 7.704ms
[2025-01-31T10:17:21.222+0000][23980][info ][gc,cpu      ] GC(18) User=0.00s Sys=0.00s Real=0.00s
[2025-01-31T10:17:21.222+0000][23980][info ][safepoint   ] Safepoint "G1PauseRemark", Time since last: 34537900 ns, Reaching safepoint: 73100 ns, At safepoint: 7902200 ns, Total: 7975300 ns
[2025-01-31T10:17:21.222+0000][23980][info ][gc,marking  ] GC(18) Concurrent Mark 23.763ms
[2025-01-31T10:17:21.222+0000][23980][info ][gc,marking  ] GC(18) Concurrent Rebuild Remembered Sets and Scrub Regions
[2025-01-31T10:17:21.238+0000][23980][info ][gc,marking  ] GC(18) Concurrent Rebuild Remembered Sets and Scrub Regions 7.172ms
[2025-01-31T10:17:21.238+0000][23980][info ][gc,start    ] GC(18) Pause Cleanup
[2025-01-31T10:17:21.238+0000][23980][info ][gc          ] GC(18) Pause Cleanup 78M->78M(4008M) 0.159ms
[2025-01-31T10:17:21.238+0000][23980][info ][gc,cpu      ] GC(18) User=0.00s Sys=0.00s Real=0.00s
[2025-01-31T10:17:21.238+0000][23980][info ][safepoint   ] Safepoint "G1PauseCleanup", Time since last: 7510300 ns, Reaching safepoint: 16200 ns, At safepoint: 279100 ns, Total: 295300 ns
[2025-01-31T10:17:21.239+0000][23980][info ][gc,marking  ] GC(18) Concurrent Clear Claimed Marks
[2025-01-31T10:17:21.239+0000][23980][info ][gc,marking  ] GC(18) Concurrent Clear Claimed Marks 0.225ms
[2025-01-31T10:17:21.239+0000][23980][info ][gc,marking  ] GC(18) Concurrent Cleanup for Next Mark
[2025-01-31T10:17:21.246+0000][23980][info ][gc,marking  ] GC(18) Concurrent Cleanup for Next Mark 6.181ms
[2025-01-31T10:17:21.246+0000][23980][info ][gc          ] GC(18) Concurrent Mark Cycle 57.080ms
[2025-01-31T10:20:12.853+0000][23980][info ][gc,start    ] GC(19) Pause Young (Normal) (G1 Evacuation Pause)
[2025-01-31T10:20:12.869+0000][23980][info ][gc,task     ] GC(19) Using 10 workers of 10 for evacuation
[2025-01-31T10:20:12.869+0000][23980][debug][gc,age      ] GC(19) Desired survivor size 54525952 bytes, new threshold 15 (max threshold 15)
[2025-01-31T10:20:15.284+0000][23980][info ][gc,mmu      ] GC(19) MMU target violated: 201.0ms (200.0ms/201.0ms)
[2025-01-31T10:20:15.284+0000][23980][info ][gc,phases   ] GC(19)   Pre Evacuate Collection Set: 23.84ms
[2025-01-31T10:20:15.284+0000][23980][info ][gc,phases   ] GC(19)   Merge Heap Roots: 4.26ms
[2025-01-31T10:20:15.284+0000][23980][info ][gc,phases   ] GC(19)   Evacuate Collection Set: 2340.85ms
[2025-01-31T10:20:15.284+0000][23980][info ][gc,phases   ] GC(19)   Post Evacuate Collection Set: 41.25ms
[2025-01-31T10:20:15.284+0000][23980][info ][gc,phases   ] GC(19)   Other: 11.59ms
[2025-01-31T10:20:15.284+0000][23980][trace][gc,age      ] GC(19) Age table:
[2025-01-31T10:20:15.284+0000][23980][trace][gc,age      ] GC(19) - age   1:   51547512 bytes,   51547512 total
[2025-01-31T10:20:15.284+0000][23980][trace][gc,age      ] GC(19) - age   2:    7370560 bytes,   58918072 total
[2025-01-31T10:20:15.284+0000][23980][trace][gc,age      ] GC(19) - age   3:   13140648 bytes,   72058720 total
[2025-01-31T10:20:15.284+0000][23980][trace][gc,age      ] GC(19) - age   4:    1404216 bytes,   73462936 total
[2025-01-31T10:20:15.284+0000][23980][trace][gc,age      ] GC(19) - age   5:    5408488 bytes,   78871424 total
[2025-01-31T10:20:15.284+0000][23980][trace][gc,age      ] GC(19) - age   6:    6061936 bytes,   84933360 total
[2025-01-31T10:20:15.284+0000][23980][trace][gc,age      ] GC(19) - age   7:    3624824 bytes,   88558184 total
[2025-01-31T10:20:15.284+0000][23980][trace][gc,age      ] GC(19) - age   8:    3126808 bytes,   91684992 total
[2025-01-31T10:20:15.284+0000][23980][trace][gc,age      ] GC(19) - age   9:    4245896 bytes,   95930888 total
[2025-01-31T10:20:15.284+0000][23980][trace][gc,age      ] GC(19) - age  10:    1812368 bytes,   97743256 total
[2025-01-31T10:20:15.284+0000][23980][trace][gc,age      ] GC(19) - age  11:    1417520 bytes,   99160776 total
[2025-01-31T10:20:15.284+0000][23980][trace][gc,age      ] GC(19) - age  12:    2449240 bytes,  101610016 total
[2025-01-31T10:20:15.284+0000][23980][info ][gc,heap     ] GC(19) Eden regions: 188->0(24)
[2025-01-31T10:20:15.284+0000][23980][info ][gc,heap     ] GC(19) Survivor regions: 14->26(26)
[2025-01-31T10:20:15.284+0000][23980][info ][gc,heap     ] GC(19) Old regions: 5->5
[2025-01-31T10:20:15.284+0000][23980][info ][gc,heap     ] GC(19) Humongous regions: 2->2
[2025-01-31T10:20:15.284+0000][23980][info ][gc,metaspace] GC(19) Metaspace: 148256K(152576K)->148256K(152576K) NonClass: 126802K(129216K)->126802K(129216K) Class: 21454K(23360K)->21454K(23360K)
[2025-01-31T10:20:15.284+0000][23980][info ][gc          ] GC(19) Pause Young (Normal) (G1 Evacuation Pause) 834M->131M(4008M) 2431.554ms
[2025-01-31T10:20:15.284+0000][23980][info ][gc,cpu      ] GC(19) User=0.61s Sys=4.44s Real=2.43s
[2025-01-31T10:20:15.284+0000][23980][info ][safepoint   ] Safepoint "G1CollectForAllocation", Time since last: 171618369900 ns, Reaching safepoint: 800200 ns, At safepoint: 2433189800 ns, Total: 2433990000 ns
[2025-01-31T10:21:31.647+0000][23980][info ][gc,start    ] GC(20) Pause Young (Normal) (G1 Evacuation Pause)
[2025-01-31T10:21:31.662+0000][23980][info ][gc,task     ] GC(20) Using 10 workers of 10 for evacuation
[2025-01-31T10:21:31.662+0000][23980][debug][gc,age      ] GC(20) Desired survivor size 14680064 bytes, new threshold 1 (max threshold 15)
[2025-01-31T10:21:32.660+0000][23980][info ][gc,mmu      ] GC(20) MMU target violated: 201.0ms (200.0ms/201.0ms)
[2025-01-31T10:21:32.660+0000][23980][info ][gc,phases   ] GC(20)   Pre Evacuate Collection Set: 6.16ms
[2025-01-31T10:21:32.660+0000][23980][info ][gc,phases   ] GC(20)   Merge Heap Roots: 1.53ms
[2025-01-31T10:21:32.660+0000][23980][info ][gc,phases   ] GC(20)   Evacuate Collection Set: 939.27ms
[2025-01-31T10:21:32.660+0000][23980][info ][gc,phases   ] GC(20)   Post Evacuate Collection Set: 52.66ms
[2025-01-31T10:21:32.660+0000][23980][info ][gc,phases   ] GC(20)   Other: 10.73ms
[2025-01-31T10:21:32.660+0000][23980][trace][gc,age      ] GC(20) Age table:
[2025-01-31T10:21:32.660+0000][23980][trace][gc,age      ] GC(20) - age   1:      75464 bytes,      75464 total
[2025-01-31T10:21:32.660+0000][23980][info ][gc,heap     ] GC(20) Eden regions: 24->0(47)
[2025-01-31T10:21:32.660+0000][23980][info ][gc,heap     ] GC(20) Survivor regions: 26->3(7)
[2025-01-31T10:21:32.660+0000][23980][info ][gc,heap     ] GC(20) Old regions: 5->32
[2025-01-31T10:21:32.660+0000][23980][info ][gc,heap     ] GC(20) Humongous regions: 2->2
[2025-01-31T10:21:32.660+0000][23980][info ][gc,metaspace] GC(20) Metaspace: 148587K(152832K)->148587K(152832K) NonClass: 127130K(129472K)->127130K(129472K) Class: 21456K(23360K)->21456K(23360K)
[2025-01-31T10:21:32.675+0000][23980][info ][gc          ] GC(20) Pause Young (Normal) (G1 Evacuation Pause) 227M->143M(4008M) 1019.076ms
[2025-01-31T10:21:32.675+0000][23980][info ][gc,cpu      ] GC(20) User=0.94s Sys=1.83s Real=1.03s
[2025-01-31T10:21:32.675+0000][23980][info ][safepoint   ] Safepoint "G1CollectForAllocation", Time since last: 76362856800 ns, Reaching safepoint: 981700 ns, At safepoint: 1020420000 ns, Total: 1021401700 ns
[2025-01-31T10:24:41.614+0000][23980][info ][gc,start    ] GC(21) Pause Young (Normal) (G1 Evacuation Pause)
[2025-01-31T10:24:41.614+0000][23980][info ][gc,task     ] GC(21) Using 10 workers of 10 for evacuation
[2025-01-31T10:24:41.614+0000][23980][debug][gc,age      ] GC(21) Desired survivor size 14680064 bytes, new threshold 15 (max threshold 15)
[2025-01-31T10:24:41.671+0000][23980][info ][gc,phases   ] GC(21)   Pre Evacuate Collection Set: 9.47ms
[2025-01-31T10:24:41.671+0000][23980][info ][gc,phases   ] GC(21)   Merge Heap Roots: 0.54ms
[2025-01-31T10:24:41.671+0000][23980][info ][gc,phases   ] GC(21)   Evacuate Collection Set: 39.94ms
[2025-01-31T10:24:41.671+0000][23980][info ][gc,phases   ] GC(21)   Post Evacuate Collection Set: 6.99ms
[2025-01-31T10:24:41.671+0000][23980][info ][gc,phases   ] GC(21)   Other: 5.52ms
[2025-01-31T10:24:41.671+0000][23980][trace][gc,age      ] GC(21) Age table:
[2025-01-31T10:24:41.671+0000][23980][trace][gc,age      ] GC(21) - age   1:     163112 bytes,     163112 total
[2025-01-31T10:24:41.671+0000][23980][trace][gc,age      ] GC(21) - age   2:      57824 bytes,     220936 total
[2025-01-31T10:24:41.671+0000][23980][info ][gc,heap     ] GC(21) Eden regions: 47->0(49)
[2025-01-31T10:24:41.671+0000][23980][info ][gc,heap     ] GC(21) Survivor regions: 3->1(7)
[2025-01-31T10:24:41.671+0000][23980][info ][gc,heap     ] GC(21) Old regions: 32->32
[2025-01-31T10:24:41.671+0000][23980][info ][gc,heap     ] GC(21) Humongous regions: 2->2
[2025-01-31T10:24:41.671+0000][23980][info ][gc,metaspace] GC(21) Metaspace: 149070K(153344K)->149070K(153344K) NonClass: 127566K(129920K)->127566K(129920K) Class: 21504K(23424K)->21504K(23424K)
[2025-01-31T10:24:41.671+0000][23980][info ][gc          ] GC(21) Pause Young (Normal) (G1 Evacuation Pause) 331M->135M(4008M) 67.910ms
[2025-01-31T10:24:41.671+0000][23980][info ][gc,cpu      ] GC(21) User=0.00s Sys=0.11s Real=0.06s
[2025-01-31T10:24:41.671+0000][23980][info ][safepoint   ] Safepoint "G1CollectForAllocation", Time since last: 188938039100 ns, Reaching safepoint: 93000 ns, At safepoint: 68655100 ns, Total: 68748100 ns
[2025-01-31T10:29:25.628+0000][23980][info ][gc,start    ] GC(22) Pause Young (Normal) (G1 Evacuation Pause)
[2025-01-31T10:29:25.628+0000][23980][info ][gc,task     ] GC(22) Using 10 workers of 10 for evacuation
[2025-01-31T10:29:25.628+0000][23980][debug][gc,age      ] GC(22) Desired survivor size 18874368 bytes, new threshold 15 (max threshold 15)
[2025-01-31T10:29:25.700+0000][23980][info ][gc,phases   ] GC(22)   Pre Evacuate Collection Set: 9.43ms
[2025-01-31T10:29:25.700+0000][23980][info ][gc,phases   ] GC(22)   Merge Heap Roots: 1.56ms
[2025-01-31T10:29:25.700+0000][23980][info ][gc,phases   ] GC(22)   Evacuate Collection Set: 36.72ms
[2025-01-31T10:29:25.700+0000][23980][info ][gc,phases   ] GC(22)   Post Evacuate Collection Set: 13.10ms
[2025-01-31T10:29:25.700+0000][23980][info ][gc,phases   ] GC(22)   Other: 2.22ms
[2025-01-31T10:29:25.700+0000][23980][trace][gc,age      ] GC(22) Age table:
[2025-01-31T10:29:25.700+0000][23980][trace][gc,age      ] GC(22) - age   1:      72048 bytes,      72048 total
[2025-01-31T10:29:25.700+0000][23980][trace][gc,age      ] GC(22) - age   2:     128504 bytes,     200552 total
[2025-01-31T10:29:25.700+0000][23980][trace][gc,age      ] GC(22) - age   3:      57752 bytes,     258304 total
[2025-01-31T10:29:25.700+0000][23980][info ][gc,heap     ] GC(22) Eden regions: 70->0(77)
[2025-01-31T10:29:25.700+0000][23980][info ][gc,heap     ] GC(22) Survivor regions: 1->1(9)
[2025-01-31T10:29:25.700+0000][23980][info ][gc,heap     ] GC(22) Old regions: 32->32
[2025-01-31T10:29:25.700+0000][23980][info ][gc,heap     ] GC(22) Humongous regions: 2->2
[2025-01-31T10:29:25.700+0000][23980][info ][gc,metaspace] GC(22) Metaspace: 149207K(153472K)->149207K(153472K) NonClass: 127691K(130048K)->127691K(130048K) Class: 21516K(23424K)->21516K(23424K)
[2025-01-31T10:29:25.700+0000][23980][info ][gc          ] GC(22) Pause Young (Normal) (G1 Evacuation Pause) 415M->133M(4008M) 66.219ms
[2025-01-31T10:29:25.700+0000][23980][info ][gc,cpu      ] GC(22) User=0.02s Sys=0.03s Real=0.07s
[2025-01-31T10:29:25.700+0000][23980][info ][safepoint   ] Safepoint "G1CollectForAllocation", Time since last: 283952332600 ns, Reaching safepoint: 27800 ns, At safepoint: 66857000 ns, Total: 66884800 ns
[2025-01-31T10:34:28.450+0000][23980][info ][gc,heap,exit] Heap
[2025-01-31T10:34:28.450+0000][23980][info ][gc,heap,exit]  garbage-first heap   total reserved 4104192K, committed 4104192K, used 465724K [0x0000000705800000, 0x0000000800000000)
[2025-01-31T10:34:28.450+0000][23980][info ][gc,heap,exit]   region size 4096K, 82 young (335872K), 1 survivors (4096K)
[2025-01-31T10:34:28.450+0000][23980][info ][gc,heap,exit]  Metaspace       used 150093K, committed 154496K, reserved 1179648K
[2025-01-31T10:34:28.450+0000][23980][info ][gc,heap,exit]   class space    used 21669K, committed 23616K, reserved 1048576K
