[2025-01-31T10:34:46.282+0000][4756][info][gc,init] CardTable entry size: 512
[2025-01-31T10:34:46.282+0000][4756][info][gc     ] Using G1
[2025-01-31T10:34:48.713+0000][4756][info][gc,init] Version: 23+37-2369 (release)
[2025-01-31T10:34:48.713+0000][4756][info][gc,init] CPUs: 12 total, 12 available
[2025-01-31T10:34:48.713+0000][4756][info][gc,init] Memory: 8016M
[2025-01-31T10:34:48.713+0000][4756][info][gc,init] Large Page Support: Disabled
[2025-01-31T10:34:48.713+0000][4756][info][gc,init] NUMA Support: Disabled
[2025-01-31T10:34:48.713+0000][4756][info][gc,init] Compressed Oops: Enabled (Zero based)
[2025-01-31T10:34:48.713+0000][4756][info][gc,init] Heap Region Size: 4M
[2025-01-31T10:34:48.713+0000][4756][info][gc,init] Heap Min Capacity: 4008M
[2025-01-31T10:34:48.713+0000][4756][info][gc,init] Heap Initial Capacity: 4008M
[2025-01-31T10:34:48.713+0000][4756][info][gc,init] Heap Max Capacity: 4008M
[2025-01-31T10:34:48.713+0000][4756][info][gc,init] Pre-touch: Enabled
[2025-01-31T10:34:48.713+0000][4756][info][gc,init] Parallel Workers: 10
[2025-01-31T10:34:48.713+0000][4756][info][gc,init] Concurrent Workers: 3
[2025-01-31T10:34:48.713+0000][4756][info][gc,init] Concurrent Refinement Workers: 10
[2025-01-31T10:34:48.713+0000][4756][info][gc,init] Periodic GC: Disabled
[2025-01-31T10:34:48.725+0000][4756][info][gc,metaspace] CDS archive(s) mapped at: [0x00000175a3000000-0x00000175a3d70000-0x00000175a3d70000), size 14090240, SharedBaseAddress: 0x00000175a3000000, ArchiveRelocationMode: 1.
[2025-01-31T10:34:48.725+0000][4756][info][gc,metaspace] Compressed class space mapped at: 0x00000175a4000000-0x00000175e4000000, reserved size: 1073741824
[2025-01-31T10:34:48.725+0000][4756][info][gc,metaspace] Narrow klass base: 0x00000175a3000000, Narrow klass shift: 0, Narrow klass range: 0x41000000
[2025-01-31T10:34:52.710+0000][4756][info][gc,start    ] GC(0) Pause Young (Normal) (G1 Evacuation Pause)
[2025-01-31T10:34:52.711+0000][4756][info][gc,task     ] GC(0) Using 10 workers of 10 for evacuation
[2025-01-31T10:34:52.711+0000][4756][debug][gc,age      ] GC(0) Desired survivor size 14680064 bytes, new threshold 15 (max threshold 15)
[2025-01-31T10:34:52.721+0000][4756][info ][gc,phases   ] GC(0)   Pre Evacuate Collection Set: 0.25ms
[2025-01-31T10:34:52.721+0000][4756][info ][gc,phases   ] GC(0)   Merge Heap Roots: 0.79ms
[2025-01-31T10:34:52.721+0000][4756][info ][gc,phases   ] GC(0)   Evacuate Collection Set: 6.96ms
[2025-01-31T10:34:52.721+0000][4756][info ][gc,phases   ] GC(0)   Post Evacuate Collection Set: 2.04ms
[2025-01-31T10:34:52.721+0000][4756][info ][gc,phases   ] GC(0)   Other: 0.53ms
[2025-01-31T10:34:52.721+0000][4756][trace][gc,age      ] GC(0) Age table:
[2025-01-31T10:34:52.721+0000][4756][trace][gc,age      ] GC(0) - age   1:   15251632 bytes,   15251632 total
[2025-01-31T10:34:52.721+0000][4756][info ][gc,heap     ] GC(0) Eden regions: 50->0(46)
[2025-01-31T10:34:52.721+0000][4756][info ][gc,heap     ] GC(0) Survivor regions: 0->4(7)
[2025-01-31T10:34:52.721+0000][4756][info ][gc,heap     ] GC(0) Old regions: 0->0
[2025-01-31T10:34:52.721+0000][4756][info ][gc,heap     ] GC(0) Humongous regions: 0->0
[2025-01-31T10:34:52.721+0000][4756][info ][gc,metaspace] GC(0) Metaspace: 20244K(20992K)->20244K(20992K) NonClass: 17948K(18368K)->17948K(18368K) Class: 2295K(2624K)->2295K(2624K)
[2025-01-31T10:34:52.721+0000][4756][info ][gc          ] GC(0) Pause Young (Normal) (G1 Evacuation Pause) 200M->15M(4008M) 11.184ms
[2025-01-31T10:34:52.721+0000][4756][info ][gc,cpu      ] GC(0) User=0.00s Sys=0.00s Real=0.01s
[2025-01-31T10:34:52.721+0000][4756][info ][safepoint   ] Safepoint "G1CollectForAllocation", Time since last: 3969058200 ns, Reaching safepoint: 12000 ns, At safepoint: 11254500 ns, Total: 11266500 ns
[2025-01-31T10:34:52.760+0000][4756][info ][gc,start    ] GC(1) Pause Young (Concurrent Start) (Metadata GC Threshold)
[2025-01-31T10:34:52.760+0000][4756][info ][gc,task     ] GC(1) Using 10 workers of 10 for evacuation
[2025-01-31T10:34:52.760+0000][4756][debug][gc,age      ] GC(1) Desired survivor size 14680064 bytes, new threshold 1 (max threshold 15)
[2025-01-31T10:34:52.770+0000][4756][info ][gc,phases   ] GC(1)   Pre Evacuate Collection Set: 0.71ms
[2025-01-31T10:34:52.770+0000][4756][info ][gc,phases   ] GC(1)   Merge Heap Roots: 0.12ms
[2025-01-31T10:34:52.770+0000][4756][info ][gc,phases   ] GC(1)   Evacuate Collection Set: 7.68ms
[2025-01-31T10:34:52.770+0000][4756][info ][gc,phases   ] GC(1)   Post Evacuate Collection Set: 1.19ms
[2025-01-31T10:34:52.770+0000][4756][info ][gc,phases   ] GC(1)   Other: 0.19ms
[2025-01-31T10:34:52.770+0000][4756][trace][gc,age      ] GC(1) Age table:
[2025-01-31T10:34:52.771+0000][4756][trace][gc,age      ] GC(1) - age   1:      95080 bytes,      95080 total
[2025-01-31T10:34:52.771+0000][4756][info ][gc,heap     ] GC(1) Eden regions: 1->0(49)
[2025-01-31T10:34:52.771+0000][4756][info ][gc,heap     ] GC(1) Survivor regions: 4->1(7)
[2025-01-31T10:34:52.771+0000][4756][info ][gc,heap     ] GC(1) Old regions: 0->4
[2025-01-31T10:34:52.771+0000][4756][info ][gc,heap     ] GC(1) Humongous regions: 0->0
[2025-01-31T10:34:52.771+0000][4756][info ][gc,metaspace] GC(1) Metaspace: 20728K(21504K)->20728K(21504K) NonClass: 18375K(18816K)->18375K(18816K) Class: 2353K(2688K)->2353K(2688K)
[2025-01-31T10:34:52.771+0000][4756][info ][gc          ] GC(1) Pause Young (Concurrent Start) (Metadata GC Threshold) 19M->16M(4008M) 10.217ms
[2025-01-31T10:34:52.771+0000][4756][info ][gc,cpu      ] GC(1) User=0.08s Sys=0.02s Real=0.01s
[2025-01-31T10:34:52.771+0000][4756][info ][gc          ] GC(2) Concurrent Mark Cycle
[2025-01-31T10:34:52.771+0000][4756][info ][gc,marking  ] GC(2) Concurrent Scan Root Regions
[2025-01-31T10:34:52.771+0000][4756][info ][safepoint   ] Safepoint "CollectForMetadataAllocation", Time since last: 38717300 ns, Reaching safepoint: 14700 ns, At safepoint: 10385100 ns, Total: 10399800 ns
[2025-01-31T10:34:52.774+0000][4756][info ][gc,marking  ] GC(2) Concurrent Scan Root Regions 3.568ms
[2025-01-31T10:34:52.774+0000][4756][info ][gc,marking  ] GC(2) Concurrent Mark
[2025-01-31T10:34:52.774+0000][4756][info ][gc,marking  ] GC(2) Concurrent Mark From Roots
[2025-01-31T10:34:52.774+0000][4756][info ][gc,task     ] GC(2) Using 3 workers of 3 for marking
[2025-01-31T10:34:52.775+0000][4756][info ][gc,marking  ] GC(2) Concurrent Mark From Roots 0.388ms
[2025-01-31T10:34:52.775+0000][4756][info ][gc,marking  ] GC(2) Concurrent Preclean
[2025-01-31T10:34:52.775+0000][4756][info ][gc,marking  ] GC(2) Concurrent Preclean 0.019ms
[2025-01-31T10:34:52.775+0000][4756][info ][gc,start    ] GC(2) Pause Remark
[2025-01-31T10:34:52.777+0000][4756][info ][gc          ] GC(2) Pause Remark 19M->19M(4008M) 2.532ms
[2025-01-31T10:34:52.777+0000][4756][info ][gc,cpu      ] GC(2) User=0.00s Sys=0.00s Real=0.00s
[2025-01-31T10:34:52.777+0000][4756][info ][safepoint   ] Safepoint "G1PauseRemark", Time since last: 4104100 ns, Reaching safepoint: 16900 ns, At safepoint: 2654000 ns, Total: 2670900 ns
[2025-01-31T10:34:52.778+0000][4756][info ][gc,marking  ] GC(2) Concurrent Mark 3.270ms
[2025-01-31T10:34:52.778+0000][4756][info ][gc,marking  ] GC(2) Concurrent Rebuild Remembered Sets and Scrub Regions
[2025-01-31T10:34:52.779+0000][4756][info ][gc,marking  ] GC(2) Concurrent Rebuild Remembered Sets and Scrub Regions 2.764ms
[2025-01-31T10:34:52.779+0000][4756][info ][gc,start    ] GC(2) Pause Cleanup
[2025-01-31T10:34:52.779+0000][4756][info ][gc          ] GC(2) Pause Cleanup 19M->19M(4008M) 0.082ms
[2025-01-31T10:34:52.779+0000][4756][info ][gc,cpu      ] GC(2) User=0.00s Sys=0.00s Real=0.00s
[2025-01-31T10:34:52.779+0000][4756][info ][safepoint   ] Safepoint "G1PauseCleanup", Time since last: 2993300 ns, Reaching safepoint: 18700 ns, At safepoint: 146600 ns, Total: 165300 ns
[2025-01-31T10:34:52.779+0000][4756][info ][gc,marking  ] GC(2) Concurrent Clear Claimed Marks
[2025-01-31T10:34:52.779+0000][4756][info ][gc,marking  ] GC(2) Concurrent Clear Claimed Marks 0.080ms
[2025-01-31T10:34:52.779+0000][4756][info ][gc,marking  ] GC(2) Concurrent Cleanup for Next Mark
[2025-01-31T10:34:52.782+0000][4756][info ][gc,marking  ] GC(2) Concurrent Cleanup for Next Mark 4.582ms
[2025-01-31T10:34:52.782+0000][4756][info ][gc          ] GC(2) Concurrent Mark Cycle 14.881ms
[2025-01-31T10:34:54.387+0000][4756][info ][gc,start    ] GC(3) Pause Young (Normal) (G1 Evacuation Pause)
[2025-01-31T10:34:54.387+0000][4756][info ][gc,task     ] GC(3) Using 10 workers of 10 for evacuation
[2025-01-31T10:34:54.387+0000][4756][debug][gc,age      ] GC(3) Desired survivor size 14680064 bytes, new threshold 15 (max threshold 15)
[2025-01-31T10:34:54.403+0000][4756][info ][gc,phases   ] GC(3)   Pre Evacuate Collection Set: 0.25ms
[2025-01-31T10:34:54.403+0000][4756][info ][gc,phases   ] GC(3)   Merge Heap Roots: 0.08ms
[2025-01-31T10:34:54.403+0000][4756][info ][gc,phases   ] GC(3)   Evacuate Collection Set: 1.90ms
[2025-01-31T10:34:54.403+0000][4756][info ][gc,phases   ] GC(3)   Post Evacuate Collection Set: 0.59ms
[2025-01-31T10:34:54.403+0000][4756][info ][gc,phases   ] GC(3)   Other: 0.13ms
[2025-01-31T10:34:54.403+0000][4756][trace][gc,age      ] GC(3) Age table:
[2025-01-31T10:34:54.403+0000][4756][trace][gc,age      ] GC(3) - age   1:    4268064 bytes,    4268064 total
[2025-01-31T10:34:54.403+0000][4756][trace][gc,age      ] GC(3) - age   2:      77824 bytes,    4345888 total
[2025-01-31T10:34:54.403+0000][4756][info ][gc,heap     ] GC(3) Eden regions: 49->0(48)
[2025-01-31T10:34:54.403+0000][4756][info ][gc,heap     ] GC(3) Survivor regions: 1->2(7)
[2025-01-31T10:34:54.403+0000][4756][info ][gc,heap     ] GC(3) Old regions: 4->4
[2025-01-31T10:34:54.403+0000][4756][info ][gc,heap     ] GC(3) Humongous regions: 0->0
[2025-01-31T10:34:54.403+0000][4756][info ][gc,metaspace] GC(3) Metaspace: 23191K(24000K)->23191K(24000K) NonClass: 20542K(20992K)->20542K(20992K) Class: 2648K(3008K)->2648K(3008K)
[2025-01-31T10:34:54.403+0000][4756][info ][gc          ] GC(3) Pause Young (Normal) (G1 Evacuation Pause) 212M->18M(4008M) 3.240ms
[2025-01-31T10:34:54.403+0000][4756][info ][gc,cpu      ] GC(3) User=0.06s Sys=0.00s Real=0.02s
[2025-01-31T10:34:54.403+0000][4756][info ][safepoint   ] Safepoint "G1CollectForAllocation", Time since last: 1621665100 ns, Reaching safepoint: 6700 ns, At safepoint: 3298200 ns, Total: 3304900 ns
[2025-01-31T10:34:55.287+0000][4756][info ][gc,start    ] GC(4) Pause Young (Normal) (G1 Evacuation Pause)
[2025-01-31T10:34:55.287+0000][4756][info ][gc,task     ] GC(4) Using 10 workers of 10 for evacuation
[2025-01-31T10:34:55.287+0000][4756][debug][gc,age      ] GC(4) Desired survivor size 14680064 bytes, new threshold 15 (max threshold 15)
[2025-01-31T10:34:55.287+0000][4756][info ][gc,phases   ] GC(4)   Pre Evacuate Collection Set: 0.46ms
[2025-01-31T10:34:55.287+0000][4756][info ][gc,phases   ] GC(4)   Merge Heap Roots: 0.22ms
[2025-01-31T10:34:55.287+0000][4756][info ][gc,phases   ] GC(4)   Evacuate Collection Set: 2.12ms
[2025-01-31T10:34:55.287+0000][4756][info ][gc,phases   ] GC(4)   Post Evacuate Collection Set: 0.91ms
[2025-01-31T10:34:55.287+0000][4756][info ][gc,phases   ] GC(4)   Other: 0.14ms
[2025-01-31T10:34:55.287+0000][4756][trace][gc,age      ] GC(4) Age table:
[2025-01-31T10:34:55.287+0000][4756][trace][gc,age      ] GC(4) - age   1:    4917920 bytes,    4917920 total
[2025-01-31T10:34:55.287+0000][4756][trace][gc,age      ] GC(4) - age   2:    1106328 bytes,    6024248 total
[2025-01-31T10:34:55.287+0000][4756][trace][gc,age      ] GC(4) - age   3:      77792 bytes,    6102040 total
[2025-01-31T10:34:55.287+0000][4756][info ][gc,heap     ] GC(4) Eden regions: 48->0(49)
[2025-01-31T10:34:55.287+0000][4756][info ][gc,heap     ] GC(4) Survivor regions: 2->2(7)
[2025-01-31T10:34:55.287+0000][4756][info ][gc,heap     ] GC(4) Old regions: 4->4
[2025-01-31T10:34:55.287+0000][4756][info ][gc,heap     ] GC(4) Humongous regions: 0->0
[2025-01-31T10:34:55.287+0000][4756][info ][gc,metaspace] GC(4) Metaspace: 28965K(29824K)->28965K(29824K) NonClass: 25693K(26176K)->25693K(26176K) Class: 3272K(3648K)->3272K(3648K)
[2025-01-31T10:34:55.287+0000][4756][info ][gc          ] GC(4) Pause Young (Normal) (G1 Evacuation Pause) 210M->20M(4008M) 4.338ms
[2025-01-31T10:34:55.287+0000][4756][info ][gc,cpu      ] GC(4) User=0.00s Sys=0.00s Real=0.00s
[2025-01-31T10:34:55.287+0000][4756][info ][safepoint   ] Safepoint "G1CollectForAllocation", Time since last: 881792300 ns, Reaching safepoint: 6100 ns, At safepoint: 4471000 ns, Total: 4477100 ns
[2025-01-31T10:34:55.807+0000][4756][info ][gc,start    ] GC(5) Pause Young (Normal) (G1 Evacuation Pause)
[2025-01-31T10:34:55.810+0000][4756][info ][gc,task     ] GC(5) Using 10 workers of 10 for evacuation
[2025-01-31T10:34:55.810+0000][4756][debug][gc,age      ] GC(5) Desired survivor size 14680064 bytes, new threshold 15 (max threshold 15)
[2025-01-31T10:34:55.810+0000][4756][info ][gc,phases   ] GC(5)   Pre Evacuate Collection Set: 0.27ms
[2025-01-31T10:34:55.810+0000][4756][info ][gc,phases   ] GC(5)   Merge Heap Roots: 0.13ms
[2025-01-31T10:34:55.810+0000][4756][info ][gc,phases   ] GC(5)   Evacuate Collection Set: 2.02ms
[2025-01-31T10:34:55.810+0000][4756][info ][gc,phases   ] GC(5)   Post Evacuate Collection Set: 0.85ms
[2025-01-31T10:34:55.810+0000][4756][info ][gc,phases   ] GC(5)   Other: 0.13ms
[2025-01-31T10:34:55.810+0000][4756][trace][gc,age      ] GC(5) Age table:
[2025-01-31T10:34:55.810+0000][4756][trace][gc,age      ] GC(5) - age   1:    2582912 bytes,    2582912 total
[2025-01-31T10:34:55.810+0000][4756][trace][gc,age      ] GC(5) - age   2:    4117424 bytes,    6700336 total
[2025-01-31T10:34:55.810+0000][4756][trace][gc,age      ] GC(5) - age   3:    1106056 bytes,    7806392 total
[2025-01-31T10:34:55.810+0000][4756][trace][gc,age      ] GC(5) - age   4:      77792 bytes,    7884184 total
[2025-01-31T10:34:55.810+0000][4756][info ][gc,heap     ] GC(5) Eden regions: 49->0(74)
[2025-01-31T10:34:55.810+0000][4756][info ][gc,heap     ] GC(5) Survivor regions: 2->3(7)
[2025-01-31T10:34:55.810+0000][4756][info ][gc,heap     ] GC(5) Old regions: 4->4
[2025-01-31T10:34:55.810+0000][4756][info ][gc,heap     ] GC(5) Humongous regions: 0->0
[2025-01-31T10:34:55.810+0000][4756][info ][gc,metaspace] GC(5) Metaspace: 29985K(30912K)->29985K(30912K) NonClass: 26542K(27072K)->26542K(27072K) Class: 3443K(3840K)->3443K(3840K)
[2025-01-31T10:34:55.810+0000][4756][info ][gc          ] GC(5) Pause Young (Normal) (G1 Evacuation Pause) 216M->22M(4008M) 3.785ms
[2025-01-31T10:34:55.810+0000][4756][info ][gc,cpu      ] GC(5) User=0.00s Sys=0.00s Real=0.00s
[2025-01-31T10:34:55.810+0000][4756][info ][safepoint   ] Safepoint "G1CollectForAllocation", Time since last: 517492000 ns, Reaching safepoint: 5900 ns, At safepoint: 3859600 ns, Total: 3865500 ns
[2025-01-31T10:34:56.411+0000][4756][info ][gc,start    ] GC(6) Pause Young (Normal) (G1 Evacuation Pause)
[2025-01-31T10:34:56.411+0000][4756][info ][gc,task     ] GC(6) Using 10 workers of 10 for evacuation
[2025-01-31T10:34:56.411+0000][4756][debug][gc,age      ] GC(6) Desired survivor size 20971520 bytes, new threshold 15 (max threshold 15)
[2025-01-31T10:34:56.411+0000][4756][info ][gc,phases   ] GC(6)   Pre Evacuate Collection Set: 0.28ms
[2025-01-31T10:34:56.411+0000][4756][info ][gc,phases   ] GC(6)   Merge Heap Roots: 0.11ms
[2025-01-31T10:34:56.411+0000][4756][info ][gc,phases   ] GC(6)   Evacuate Collection Set: 2.55ms
[2025-01-31T10:34:56.411+0000][4756][info ][gc,phases   ] GC(6)   Post Evacuate Collection Set: 0.93ms
[2025-01-31T10:34:56.411+0000][4756][info ][gc,phases   ] GC(6)   Other: 0.14ms
[2025-01-31T10:34:56.411+0000][4756][trace][gc,age      ] GC(6) Age table:
[2025-01-31T10:34:56.411+0000][4756][trace][gc,age      ] GC(6) - age   1:    4533960 bytes,    4533960 total
[2025-01-31T10:34:56.411+0000][4756][trace][gc,age      ] GC(6) - age   2:    2563480 bytes,    7097440 total
[2025-01-31T10:34:56.411+0000][4756][trace][gc,age      ] GC(6) - age   3:    4117328 bytes,   11214768 total
[2025-01-31T10:34:56.411+0000][4756][trace][gc,age      ] GC(6) - age   4:    1106024 bytes,   12320792 total
[2025-01-31T10:34:56.411+0000][4756][trace][gc,age      ] GC(6) - age   5:      77792 bytes,   12398584 total
[2025-01-31T10:34:56.411+0000][4756][info ][gc,heap     ] GC(6) Eden regions: 74->0(65)
[2025-01-31T10:34:56.411+0000][4756][info ][gc,heap     ] GC(6) Survivor regions: 3->4(10)
[2025-01-31T10:34:56.411+0000][4756][info ][gc,heap     ] GC(6) Old regions: 4->4
[2025-01-31T10:34:56.411+0000][4756][info ][gc,heap     ] GC(6) Humongous regions: 0->0
[2025-01-31T10:34:56.411+0000][4756][info ][gc,metaspace] GC(6) Metaspace: 30413K(31360K)->30413K(31360K) NonClass: 26925K(27456K)->26925K(27456K) Class: 3487K(3904K)->3487K(3904K)
[2025-01-31T10:34:56.411+0000][4756][info ][gc          ] GC(6) Pause Young (Normal) (G1 Evacuation Pause) 318M->26M(4008M) 4.801ms
[2025-01-31T10:34:56.411+0000][4756][info ][gc,cpu      ] GC(6) User=0.00s Sys=0.00s Real=0.00s
[2025-01-31T10:34:56.411+0000][4756][info ][safepoint   ] Safepoint "G1CollectForAllocation", Time since last: 601152700 ns, Reaching safepoint: 6500 ns, At safepoint: 4890300 ns, Total: 4896800 ns
[2025-01-31T10:34:56.768+0000][4756][info ][gc,start    ] GC(7) Pause Young (Normal) (G1 Evacuation Pause)
[2025-01-31T10:34:56.768+0000][4756][info ][gc,task     ] GC(7) Using 10 workers of 10 for evacuation
[2025-01-31T10:34:56.768+0000][4756][debug][gc,age      ] GC(7) Desired survivor size 18874368 bytes, new threshold 15 (max threshold 15)
[2025-01-31T10:34:56.768+0000][4756][info ][gc,phases   ] GC(7)   Pre Evacuate Collection Set: 0.31ms
[2025-01-31T10:34:56.768+0000][4756][info ][gc,phases   ] GC(7)   Merge Heap Roots: 0.14ms
[2025-01-31T10:34:56.768+0000][4756][info ][gc,phases   ] GC(7)   Evacuate Collection Set: 2.48ms
[2025-01-31T10:34:56.768+0000][4756][info ][gc,phases   ] GC(7)   Post Evacuate Collection Set: 0.70ms
[2025-01-31T10:34:56.768+0000][4756][info ][gc,phases   ] GC(7)   Other: 0.11ms
[2025-01-31T10:34:56.768+0000][4756][trace][gc,age      ] GC(7) Age table:
[2025-01-31T10:34:56.768+0000][4756][trace][gc,age      ] GC(7) - age   1:    1903664 bytes,    1903664 total
[2025-01-31T10:34:56.768+0000][4756][trace][gc,age      ] GC(7) - age   2:    2297920 bytes,    4201584 total
[2025-01-31T10:34:56.768+0000][4756][trace][gc,age      ] GC(7) - age   3:    2563416 bytes,    6765000 total
[2025-01-31T10:34:56.768+0000][4756][trace][gc,age      ] GC(7) - age   4:    4116944 bytes,   10881944 total
[2025-01-31T10:34:56.768+0000][4756][trace][gc,age      ] GC(7) - age   5:    1105936 bytes,   11987880 total
[2025-01-31T10:34:56.768+0000][4756][trace][gc,age      ] GC(7) - age   6:      77792 bytes,   12065672 total
[2025-01-31T10:34:56.768+0000][4756][info ][gc,heap     ] GC(7) Eden regions: 65->0(94)
[2025-01-31T10:34:56.768+0000][4756][info ][gc,heap     ] GC(7) Survivor regions: 4->4(9)
[2025-01-31T10:34:56.768+0000][4756][info ][gc,heap     ] GC(7) Old regions: 4->4
[2025-01-31T10:34:56.768+0000][4756][info ][gc,heap     ] GC(7) Humongous regions: 0->0
[2025-01-31T10:34:56.768+0000][4756][info ][gc,metaspace] GC(7) Metaspace: 30829K(31872K)->30829K(31872K) NonClass: 27283K(27904K)->27283K(27904K) Class: 3545K(3968K)->3545K(3968K)
[2025-01-31T10:34:56.768+0000][4756][info ][gc          ] GC(7) Pause Young (Normal) (G1 Evacuation Pause) 286M->26M(4008M) 4.207ms
[2025-01-31T10:34:56.768+0000][4756][info ][gc,cpu      ] GC(7) User=0.00s Sys=0.00s Real=0.00s
[2025-01-31T10:34:56.768+0000][4756][info ][safepoint   ] Safepoint "G1CollectForAllocation", Time since last: 352123500 ns, Reaching safepoint: 6800 ns, At safepoint: 4316400 ns, Total: 4323200 ns
[2025-01-31T10:34:57.697+0000][4756][info ][gc,start    ] GC(8) Pause Young (Concurrent Start) (Metadata GC Threshold)
[2025-01-31T10:34:57.697+0000][4756][info ][gc,task     ] GC(8) Using 10 workers of 10 for evacuation
[2025-01-31T10:34:57.697+0000][4756][debug][gc,age      ] GC(8) Desired survivor size 27262976 bytes, new threshold 15 (max threshold 15)
[2025-01-31T10:34:57.697+0000][4756][info ][gc,phases   ] GC(8)   Pre Evacuate Collection Set: 0.35ms
[2025-01-31T10:34:57.697+0000][4756][info ][gc,phases   ] GC(8)   Merge Heap Roots: 0.09ms
[2025-01-31T10:34:57.697+0000][4756][info ][gc,phases   ] GC(8)   Evacuate Collection Set: 6.42ms
[2025-01-31T10:34:57.697+0000][4756][info ][gc,phases   ] GC(8)   Post Evacuate Collection Set: 0.97ms
[2025-01-31T10:34:57.697+0000][4756][info ][gc,phases   ] GC(8)   Other: 0.13ms
[2025-01-31T10:34:57.697+0000][4756][trace][gc,age      ] GC(8) Age table:
[2025-01-31T10:34:57.697+0000][4756][trace][gc,age      ] GC(8) - age   1:    4293400 bytes,    4293400 total
[2025-01-31T10:34:57.697+0000][4756][trace][gc,age      ] GC(8) - age   2:     914448 bytes,    5207848 total
[2025-01-31T10:34:57.697+0000][4756][trace][gc,age      ] GC(8) - age   3:    2297888 bytes,    7505736 total
[2025-01-31T10:34:57.697+0000][4756][trace][gc,age      ] GC(8) - age   4:    2557352 bytes,   10063088 total
[2025-01-31T10:34:57.697+0000][4756][trace][gc,age      ] GC(8) - age   5:    4115552 bytes,   14178640 total
[2025-01-31T10:34:57.697+0000][4756][trace][gc,age      ] GC(8) - age   6:    1105792 bytes,   15284432 total
[2025-01-31T10:34:57.697+0000][4756][trace][gc,age      ] GC(8) - age   7:      77760 bytes,   15362192 total
[2025-01-31T10:34:57.697+0000][4756][info ][gc,heap     ] GC(8) Eden regions: 65->0(131)
[2025-01-31T10:34:57.697+0000][4756][info ][gc,heap     ] GC(8) Survivor regions: 4->4(13)
[2025-01-31T10:34:57.697+0000][4756][info ][gc,heap     ] GC(8) Old regions: 4->4
[2025-01-31T10:34:57.697+0000][4756][info ][gc,heap     ] GC(8) Humongous regions: 0->0
[2025-01-31T10:34:57.697+0000][4756][info ][gc,metaspace] GC(8) Metaspace: 34980K(35968K)->34980K(35968K) NonClass: 30995K(31552K)->30995K(31552K) Class: 3985K(4416K)->3985K(4416K)
[2025-01-31T10:34:57.697+0000][4756][info ][gc          ] GC(8) Pause Young (Concurrent Start) (Metadata GC Threshold) 286M->29M(4008M) 8.235ms
[2025-01-31T10:34:57.697+0000][4756][info ][gc,cpu      ] GC(8) User=0.00s Sys=0.00s Real=0.00s
[2025-01-31T10:34:57.697+0000][4756][info ][gc          ] GC(9) Concurrent Mark Cycle
[2025-01-31T10:34:57.697+0000][4756][info ][safepoint   ] Safepoint "CollectForMetadataAllocation", Time since last: 923204300 ns, Reaching safepoint: 4000 ns, At safepoint: 8332400 ns, Total: 8336400 ns
[2025-01-31T10:34:57.697+0000][4756][info ][gc,marking  ] GC(9) Concurrent Scan Root Regions
[2025-01-31T10:34:57.697+0000][4756][info ][gc,marking  ] GC(9) Concurrent Scan Root Regions 2.301ms
[2025-01-31T10:34:57.697+0000][4756][info ][gc,marking  ] GC(9) Concurrent Mark
[2025-01-31T10:34:57.697+0000][4756][info ][gc,marking  ] GC(9) Concurrent Mark From Roots
[2025-01-31T10:34:57.697+0000][4756][info ][gc,task     ] GC(9) Using 3 workers of 3 for marking
[2025-01-31T10:34:57.713+0000][4756][info ][gc,marking  ] GC(9) Concurrent Mark From Roots 6.495ms
[2025-01-31T10:34:57.713+0000][4756][info ][gc,marking  ] GC(9) Concurrent Preclean
[2025-01-31T10:34:57.713+0000][4756][info ][gc,marking  ] GC(9) Concurrent Preclean 0.070ms
[2025-01-31T10:34:57.713+0000][4756][info ][gc,start    ] GC(9) Pause Remark
[2025-01-31T10:34:57.713+0000][4756][info ][gc          ] GC(9) Pause Remark 32M->32M(4008M) 4.936ms
[2025-01-31T10:34:57.713+0000][4756][info ][gc,cpu      ] GC(9) User=0.00s Sys=0.00s Real=0.00s
[2025-01-31T10:34:57.713+0000][4756][info ][safepoint   ] Safepoint "G1PauseRemark", Time since last: 9036700 ns, Reaching safepoint: 352600 ns, At safepoint: 5069300 ns, Total: 5421900 ns
[2025-01-31T10:34:57.713+0000][4756][info ][gc,marking  ] GC(9) Concurrent Mark 12.143ms
[2025-01-31T10:34:57.713+0000][4756][info ][gc,marking  ] GC(9) Concurrent Rebuild Remembered Sets and Scrub Regions
[2025-01-31T10:34:57.713+0000][4756][info ][gc,marking  ] GC(9) Concurrent Rebuild Remembered Sets and Scrub Regions 3.168ms
[2025-01-31T10:34:57.713+0000][4756][info ][gc,start    ] GC(9) Pause Cleanup
[2025-01-31T10:34:57.713+0000][4756][info ][gc          ] GC(9) Pause Cleanup 32M->32M(4008M) 0.084ms
[2025-01-31T10:34:57.713+0000][4756][info ][gc,cpu      ] GC(9) User=0.00s Sys=0.00s Real=0.00s
[2025-01-31T10:34:57.713+0000][4756][info ][safepoint   ] Safepoint "G1PauseCleanup", Time since last: 3340100 ns, Reaching safepoint: 27100 ns, At safepoint: 140800 ns, Total: 167900 ns
[2025-01-31T10:34:57.713+0000][4756][info ][gc,marking  ] GC(9) Concurrent Clear Claimed Marks
[2025-01-31T10:34:57.713+0000][4756][info ][gc,marking  ] GC(9) Concurrent Clear Claimed Marks 0.105ms
[2025-01-31T10:34:57.713+0000][4756][info ][gc,marking  ] GC(9) Concurrent Cleanup for Next Mark
[2025-01-31T10:34:57.729+0000][4756][info ][gc,marking  ] GC(9) Concurrent Cleanup for Next Mark 3.962ms
[2025-01-31T10:34:57.729+0000][4756][info ][gc          ] GC(9) Concurrent Mark Cycle 22.247ms
[2025-01-31T10:34:59.178+0000][4756][info ][gc,start    ] GC(10) Pause Young (Normal) (G1 Evacuation Pause)
[2025-01-31T10:34:59.178+0000][4756][info ][gc,task     ] GC(10) Using 10 workers of 10 for evacuation
[2025-01-31T10:34:59.178+0000][4756][debug][gc,age      ] GC(10) Desired survivor size 35651584 bytes, new threshold 15 (max threshold 15)
[2025-01-31T10:34:59.194+0000][4756][info ][gc,phases   ] GC(10)   Pre Evacuate Collection Set: 0.29ms
[2025-01-31T10:34:59.194+0000][4756][info ][gc,phases   ] GC(10)   Merge Heap Roots: 0.11ms
[2025-01-31T10:34:59.194+0000][4756][info ][gc,phases   ] GC(10)   Evacuate Collection Set: 9.88ms
[2025-01-31T10:34:59.194+0000][4756][info ][gc,phases   ] GC(10)   Post Evacuate Collection Set: 1.45ms
[2025-01-31T10:34:59.194+0000][4756][info ][gc,phases   ] GC(10)   Other: 0.16ms
[2025-01-31T10:34:59.194+0000][4756][trace][gc,age      ] GC(10) Age table:
[2025-01-31T10:34:59.194+0000][4756][trace][gc,age      ] GC(10) - age   1:    6475536 bytes,    6475536 total
[2025-01-31T10:34:59.194+0000][4756][trace][gc,age      ] GC(10) - age   2:    4273056 bytes,   10748592 total
[2025-01-31T10:34:59.194+0000][4756][trace][gc,age      ] GC(10) - age   3:     913624 bytes,   11662216 total
[2025-01-31T10:34:59.194+0000][4756][trace][gc,age      ] GC(10) - age   4:    2296096 bytes,   13958312 total
[2025-01-31T10:34:59.194+0000][4756][trace][gc,age      ] GC(10) - age   5:    2553432 bytes,   16511744 total
[2025-01-31T10:34:59.194+0000][4756][trace][gc,age      ] GC(10) - age   6:    4107960 bytes,   20619704 total
[2025-01-31T10:34:59.194+0000][4756][trace][gc,age      ] GC(10) - age   7:    1104744 bytes,   21724448 total
[2025-01-31T10:34:59.194+0000][4756][trace][gc,age      ] GC(10) - age   8:      77600 bytes,   21802048 total
[2025-01-31T10:34:59.194+0000][4756][info ][gc,heap     ] GC(10) Eden regions: 131->0(110)
[2025-01-31T10:34:59.194+0000][4756][info ][gc,heap     ] GC(10) Survivor regions: 4->6(17)
[2025-01-31T10:34:59.194+0000][4756][info ][gc,heap     ] GC(10) Old regions: 4->4
[2025-01-31T10:34:59.194+0000][4756][info ][gc,heap     ] GC(10) Humongous regions: 0->0
[2025-01-31T10:34:59.194+0000][4756][info ][gc,metaspace] GC(10) Metaspace: 38357K(39488K)->38357K(39488K) NonClass: 33905K(34560K)->33905K(34560K) Class: 4452K(4928K)->4452K(4928K)
[2025-01-31T10:34:59.194+0000][4756][info ][gc          ] GC(10) Pause Young (Normal) (G1 Evacuation Pause) 553M->37M(4008M) 12.365ms
[2025-01-31T10:34:59.194+0000][4756][info ][gc,cpu      ] GC(10) User=0.00s Sys=0.00s Real=0.02s
[2025-01-31T10:34:59.194+0000][4756][info ][safepoint   ] Safepoint "G1CollectForAllocation", Time since last: 1459287500 ns, Reaching safepoint: 7500 ns, At safepoint: 12460000 ns, Total: 12467500 ns
[2025-01-31T10:34:59.982+0000][4756][info ][gc,start    ] GC(11) Pause Young (Normal) (G1 Evacuation Pause)
[2025-01-31T10:34:59.982+0000][4756][info ][gc,task     ] GC(11) Using 10 workers of 10 for evacuation
[2025-01-31T10:34:59.982+0000][4756][debug][gc,age      ] GC(11) Desired survivor size 31457280 bytes, new threshold 15 (max threshold 15)
[2025-01-31T10:34:59.982+0000][4756][info ][gc,phases   ] GC(11)   Pre Evacuate Collection Set: 0.23ms
[2025-01-31T10:34:59.982+0000][4756][info ][gc,phases   ] GC(11)   Merge Heap Roots: 0.11ms
[2025-01-31T10:34:59.982+0000][4756][info ][gc,phases   ] GC(11)   Evacuate Collection Set: 5.90ms
[2025-01-31T10:34:59.982+0000][4756][info ][gc,phases   ] GC(11)   Post Evacuate Collection Set: 1.10ms
[2025-01-31T10:34:59.982+0000][4756][info ][gc,phases   ] GC(11)   Other: 0.13ms
[2025-01-31T10:34:59.982+0000][4756][trace][gc,age      ] GC(11) Age table:
[2025-01-31T10:34:59.982+0000][4756][trace][gc,age      ] GC(11) - age   1:    4776240 bytes,    4776240 total
[2025-01-31T10:34:59.982+0000][4756][trace][gc,age      ] GC(11) - age   2:    6240928 bytes,   11017168 total
[2025-01-31T10:34:59.982+0000][4756][trace][gc,age      ] GC(11) - age   3:    4270960 bytes,   15288128 total
[2025-01-31T10:34:59.982+0000][4756][trace][gc,age      ] GC(11) - age   4:     913528 bytes,   16201656 total
[2025-01-31T10:34:59.982+0000][4756][trace][gc,age      ] GC(11) - age   5:    2296064 bytes,   18497720 total
[2025-01-31T10:34:59.982+0000][4756][trace][gc,age      ] GC(11) - age   6:    2553336 bytes,   21051056 total
[2025-01-31T10:34:59.982+0000][4756][trace][gc,age      ] GC(11) - age   7:    4106232 bytes,   25157288 total
[2025-01-31T10:34:59.982+0000][4756][trace][gc,age      ] GC(11) - age   8:    1085080 bytes,   26242368 total
[2025-01-31T10:34:59.982+0000][4756][trace][gc,age      ] GC(11) - age   9:      77536 bytes,   26319904 total
[2025-01-31T10:34:59.982+0000][4756][info ][gc,heap     ] GC(11) Eden regions: 110->0(159)
[2025-01-31T10:34:59.982+0000][4756][info ][gc,heap     ] GC(11) Survivor regions: 6->7(15)
[2025-01-31T10:34:59.982+0000][4756][info ][gc,heap     ] GC(11) Old regions: 4->4
[2025-01-31T10:34:59.982+0000][4756][info ][gc,heap     ] GC(11) Humongous regions: 0->0
[2025-01-31T10:34:59.982+0000][4756][info ][gc,metaspace] GC(11) Metaspace: 39079K(40320K)->39079K(40320K) NonClass: 34529K(35264K)->34529K(35264K) Class: 4549K(5056K)->4549K(5056K)
[2025-01-31T10:34:59.982+0000][4756][info ][gc          ] GC(11) Pause Young (Normal) (G1 Evacuation Pause) 477M->41M(4008M) 7.903ms
[2025-01-31T10:34:59.982+0000][4756][info ][gc,cpu      ] GC(11) User=0.00s Sys=0.00s Real=0.00s
[2025-01-31T10:34:59.982+0000][4756][info ][safepoint   ] Safepoint "G1CollectForAllocation", Time since last: 789168000 ns, Reaching safepoint: 7700 ns, At safepoint: 7979200 ns, Total: 7986900 ns
[2025-01-31T10:35:03.190+0000][4756][info ][gc,start    ] GC(12) Pause Young (Normal) (G1 Evacuation Pause)
[2025-01-31T10:35:03.190+0000][4756][info ][gc,task     ] GC(12) Using 10 workers of 10 for evacuation
[2025-01-31T10:35:03.190+0000][4756][debug][gc,age      ] GC(12) Desired survivor size 44040192 bytes, new threshold 15 (max threshold 15)
[2025-01-31T10:35:03.233+0000][4756][info ][gc,phases   ] GC(12)   Pre Evacuate Collection Set: 0.61ms
[2025-01-31T10:35:03.233+0000][4756][info ][gc,phases   ] GC(12)   Merge Heap Roots: 0.26ms
[2025-01-31T10:35:03.233+0000][4756][info ][gc,phases   ] GC(12)   Evacuate Collection Set: 35.40ms
[2025-01-31T10:35:03.233+0000][4756][info ][gc,phases   ] GC(12)   Post Evacuate Collection Set: 1.51ms
[2025-01-31T10:35:03.233+0000][4756][info ][gc,phases   ] GC(12)   Other: 0.23ms
[2025-01-31T10:35:03.233+0000][4756][trace][gc,age      ] GC(12) Age table:
[2025-01-31T10:35:03.233+0000][4756][trace][gc,age      ] GC(12) - age   1:    7831312 bytes,    7831312 total
[2025-01-31T10:35:03.233+0000][4756][trace][gc,age      ] GC(12) - age   2:    4420296 bytes,   12251608 total
[2025-01-31T10:35:03.233+0000][4756][trace][gc,age      ] GC(12) - age   3:    6200672 bytes,   18452280 total
[2025-01-31T10:35:03.233+0000][4756][trace][gc,age      ] GC(12) - age   4:    4253072 bytes,   22705352 total
[2025-01-31T10:35:03.233+0000][4756][trace][gc,age      ] GC(12) - age   5:     906048 bytes,   23611400 total
[2025-01-31T10:35:03.233+0000][4756][trace][gc,age      ] GC(12) - age   6:    2285728 bytes,   25897128 total
[2025-01-31T10:35:03.233+0000][4756][trace][gc,age      ] GC(12) - age   7:    2542640 bytes,   28439768 total
[2025-01-31T10:35:03.233+0000][4756][trace][gc,age      ] GC(12) - age   8:    4097504 bytes,   32537272 total
[2025-01-31T10:35:03.233+0000][4756][trace][gc,age      ] GC(12) - age   9:     882392 bytes,   33419664 total
[2025-01-31T10:35:03.233+0000][4756][trace][gc,age      ] GC(12) - age  10:      77520 bytes,   33497184 total
[2025-01-31T10:35:03.233+0000][4756][info ][gc,heap     ] GC(12) Eden regions: 159->0(166)
[2025-01-31T10:35:03.233+0000][4756][info ][gc,heap     ] GC(12) Survivor regions: 7->9(21)
[2025-01-31T10:35:03.233+0000][4756][info ][gc,heap     ] GC(12) Old regions: 4->4
[2025-01-31T10:35:03.233+0000][4756][info ][gc,heap     ] GC(12) Humongous regions: 0->0
[2025-01-31T10:35:03.233+0000][4756][info ][gc,metaspace] GC(12) Metaspace: 49588K(51008K)->49588K(51008K) NonClass: 43611K(44480K)->43611K(44480K) Class: 5976K(6528K)->5976K(6528K)
[2025-01-31T10:35:03.233+0000][4756][info ][gc          ] GC(12) Pause Young (Normal) (G1 Evacuation Pause) 677M->47M(4008M) 39.138ms
[2025-01-31T10:35:03.233+0000][4756][info ][gc,cpu      ] GC(12) User=0.06s Sys=0.03s Real=0.04s
[2025-01-31T10:35:03.233+0000][4756][info ][safepoint   ] Safepoint "G1CollectForAllocation", Time since last: 3201933400 ns, Reaching safepoint: 13200 ns, At safepoint: 39257600 ns, Total: 39270800 ns
[2025-01-31T10:35:04.542+0000][4756][info ][gc,start    ] GC(13) Pause Young (Concurrent Start) (Metadata GC Threshold)
[2025-01-31T10:35:04.542+0000][4756][info ][gc,task     ] GC(13) Using 10 workers of 10 for evacuation
[2025-01-31T10:35:04.542+0000][4756][debug][gc,age      ] GC(13) Desired survivor size 46137344 bytes, new threshold 15 (max threshold 15)
[2025-01-31T10:35:04.558+0000][4756][info ][gc,phases   ] GC(13)   Pre Evacuate Collection Set: 0.29ms
[2025-01-31T10:35:04.558+0000][4756][info ][gc,phases   ] GC(13)   Merge Heap Roots: 0.08ms
[2025-01-31T10:35:04.558+0000][4756][info ][gc,phases   ] GC(13)   Evacuate Collection Set: 15.45ms
[2025-01-31T10:35:04.558+0000][4756][info ][gc,phases   ] GC(13)   Post Evacuate Collection Set: 1.52ms
[2025-01-31T10:35:04.558+0000][4756][info ][gc,phases   ] GC(13)   Other: 0.15ms
[2025-01-31T10:35:04.558+0000][4756][trace][gc,age      ] GC(13) Age table:
[2025-01-31T10:35:04.558+0000][4756][trace][gc,age      ] GC(13) - age   1:    1839752 bytes,    1839752 total
[2025-01-31T10:35:04.558+0000][4756][trace][gc,age      ] GC(13) - age   2:    7681920 bytes,    9521672 total
[2025-01-31T10:35:04.558+0000][4756][trace][gc,age      ] GC(13) - age   3:    4419040 bytes,   13940712 total
[2025-01-31T10:35:04.558+0000][4756][trace][gc,age      ] GC(13) - age   4:    6198536 bytes,   20139248 total
[2025-01-31T10:35:04.558+0000][4756][trace][gc,age      ] GC(13) - age   5:    4252552 bytes,   24391800 total
[2025-01-31T10:35:04.558+0000][4756][trace][gc,age      ] GC(13) - age   6:     906016 bytes,   25297816 total
[2025-01-31T10:35:04.558+0000][4756][trace][gc,age      ] GC(13) - age   7:    2285088 bytes,   27582904 total
[2025-01-31T10:35:04.558+0000][4756][trace][gc,age      ] GC(13) - age   8:    2542144 bytes,   30125048 total
[2025-01-31T10:35:04.558+0000][4756][trace][gc,age      ] GC(13) - age   9:    4097408 bytes,   34222456 total
[2025-01-31T10:35:04.558+0000][4756][trace][gc,age      ] GC(13) - age  10:     880776 bytes,   35103232 total
[2025-01-31T10:35:04.558+0000][4756][trace][gc,age      ] GC(13) - age  11:      77520 bytes,   35180752 total
[2025-01-31T10:35:04.558+0000][4756][info ][gc,heap     ] GC(13) Eden regions: 29->0(228)
[2025-01-31T10:35:04.558+0000][4756][info ][gc,heap     ] GC(13) Survivor regions: 9->10(22)
[2025-01-31T10:35:04.558+0000][4756][info ][gc,heap     ] GC(13) Old regions: 4->4
[2025-01-31T10:35:04.558+0000][4756][info ][gc,heap     ] GC(13) Humongous regions: 0->0
[2025-01-31T10:35:04.558+0000][4756][info ][gc,metaspace] GC(13) Metaspace: 58520K(60096K)->58520K(60096K) NonClass: 51293K(52224K)->51293K(52224K) Class: 7226K(7872K)->7226K(7872K)
[2025-01-31T10:35:04.558+0000][4756][info ][gc          ] GC(13) Pause Young (Concurrent Start) (Metadata GC Threshold) 161M->51M(4008M) 17.922ms
[2025-01-31T10:35:04.558+0000][4756][info ][gc,cpu      ] GC(13) User=0.03s Sys=0.00s Real=0.02s
[2025-01-31T10:35:04.558+0000][4756][info ][gc          ] GC(14) Concurrent Mark Cycle
[2025-01-31T10:35:04.558+0000][4756][info ][gc,marking  ] GC(14) Concurrent Scan Root Regions
[2025-01-31T10:35:04.558+0000][4756][info ][safepoint   ] Safepoint "CollectForMetadataAllocation", Time since last: 1313481700 ns, Reaching safepoint: 5700 ns, At safepoint: 18408800 ns, Total: 18414500 ns
[2025-01-31T10:35:04.558+0000][4756][info ][gc,marking  ] GC(14) Concurrent Scan Root Regions 5.335ms
[2025-01-31T10:35:04.558+0000][4756][info ][gc,marking  ] GC(14) Concurrent Mark
[2025-01-31T10:35:04.558+0000][4756][info ][gc,marking  ] GC(14) Concurrent Mark From Roots
[2025-01-31T10:35:04.558+0000][4756][info ][gc,task     ] GC(14) Using 3 workers of 3 for marking
[2025-01-31T10:35:04.574+0000][4756][info ][gc,marking  ] GC(14) Concurrent Mark From Roots 8.456ms
[2025-01-31T10:35:04.574+0000][4756][info ][gc,marking  ] GC(14) Concurrent Preclean
[2025-01-31T10:35:04.574+0000][4756][info ][gc,marking  ] GC(14) Concurrent Preclean 0.133ms
[2025-01-31T10:35:04.574+0000][4756][info ][gc,start    ] GC(14) Pause Remark
[2025-01-31T10:35:04.574+0000][4756][info ][gc          ] GC(14) Pause Remark 53M->53M(4008M) 5.455ms
[2025-01-31T10:35:04.574+0000][4756][info ][gc,cpu      ] GC(14) User=0.02s Sys=0.00s Real=0.00s
[2025-01-31T10:35:04.574+0000][4756][info ][safepoint   ] Safepoint "G1PauseRemark", Time since last: 13801800 ns, Reaching safepoint: 85800 ns, At safepoint: 5594500 ns, Total: 5680300 ns
[2025-01-31T10:35:04.574+0000][4756][info ][gc,marking  ] GC(14) Concurrent Mark 14.462ms
[2025-01-31T10:35:04.574+0000][4756][info ][gc,marking  ] GC(14) Concurrent Rebuild Remembered Sets and Scrub Regions
[2025-01-31T10:35:04.589+0000][4756][info ][gc,marking  ] GC(14) Concurrent Rebuild Remembered Sets and Scrub Regions 3.076ms
[2025-01-31T10:35:04.589+0000][4756][info ][gc,start    ] GC(14) Pause Cleanup
[2025-01-31T10:35:04.589+0000][4756][info ][gc          ] GC(14) Pause Cleanup 53M->53M(4008M) 0.095ms
[2025-01-31T10:35:04.589+0000][4756][info ][gc,cpu      ] GC(14) User=0.00s Sys=0.00s Real=0.00s
[2025-01-31T10:35:04.589+0000][4756][info ][safepoint   ] Safepoint "G1PauseCleanup", Time since last: 3284400 ns, Reaching safepoint: 37900 ns, At safepoint: 169400 ns, Total: 207300 ns
[2025-01-31T10:35:04.589+0000][4756][info ][gc,marking  ] GC(14) Concurrent Clear Claimed Marks
[2025-01-31T10:35:04.589+0000][4756][info ][gc,marking  ] GC(14) Concurrent Clear Claimed Marks 0.103ms
[2025-01-31T10:35:04.589+0000][4756][info ][gc,marking  ] GC(14) Concurrent Cleanup for Next Mark
[2025-01-31T10:35:04.589+0000][4756][info ][gc,marking  ] GC(14) Concurrent Cleanup for Next Mark 3.975ms
[2025-01-31T10:35:04.589+0000][4756][info ][gc          ] GC(14) Concurrent Mark Cycle 27.705ms
[2025-01-31T10:35:16.888+0000][4756][info ][gc,start    ] GC(15) Pause Young (Normal) (G1 Evacuation Pause)
[2025-01-31T10:35:16.888+0000][4756][info ][gc,task     ] GC(15) Using 10 workers of 10 for evacuation
[2025-01-31T10:35:16.888+0000][4756][debug][gc,age      ] GC(15) Desired survivor size 62914560 bytes, new threshold 15 (max threshold 15)
[2025-01-31T10:35:16.974+0000][4756][info ][gc,phases   ] GC(15)   Pre Evacuate Collection Set: 1.97ms
[2025-01-31T10:35:16.974+0000][4756][info ][gc,phases   ] GC(15)   Merge Heap Roots: 0.84ms
[2025-01-31T10:35:16.974+0000][4756][info ][gc,phases   ] GC(15)   Evacuate Collection Set: 76.69ms
[2025-01-31T10:35:16.974+0000][4756][info ][gc,phases   ] GC(15)   Post Evacuate Collection Set: 5.07ms
[2025-01-31T10:35:16.974+0000][4756][info ][gc,phases   ] GC(15)   Other: 0.60ms
[2025-01-31T10:35:16.974+0000][4756][trace][gc,age      ] GC(15) Age table:
[2025-01-31T10:35:16.974+0000][4756][trace][gc,age      ] GC(15) - age   1:   18297696 bytes,   18297696 total
[2025-01-31T10:35:16.974+0000][4756][trace][gc,age      ] GC(15) - age   2:    1674960 bytes,   19972656 total
[2025-01-31T10:35:16.974+0000][4756][trace][gc,age      ] GC(15) - age   3:    7407024 bytes,   27379680 total
[2025-01-31T10:35:16.974+0000][4756][trace][gc,age      ] GC(15) - age   4:    4376360 bytes,   31756040 total
[2025-01-31T10:35:16.974+0000][4756][trace][gc,age      ] GC(15) - age   5:    6177304 bytes,   37933344 total
[2025-01-31T10:35:16.974+0000][4756][trace][gc,age      ] GC(15) - age   6:    4233720 bytes,   42167064 total
[2025-01-31T10:35:16.974+0000][4756][trace][gc,age      ] GC(15) - age   7:     900112 bytes,   43067176 total
[2025-01-31T10:35:16.974+0000][4756][trace][gc,age      ] GC(15) - age   8:    2277704 bytes,   45344880 total
[2025-01-31T10:35:16.974+0000][4756][trace][gc,age      ] GC(15) - age   9:    2532456 bytes,   47877336 total
[2025-01-31T10:35:16.974+0000][4756][trace][gc,age      ] GC(15) - age  10:    4075528 bytes,   51952864 total
[2025-01-31T10:35:16.974+0000][4756][trace][gc,age      ] GC(15) - age  11:     868248 bytes,   52821112 total
[2025-01-31T10:35:16.974+0000][4756][trace][gc,age      ] GC(15) - age  12:      77120 bytes,   52898232 total
[2025-01-31T10:35:16.974+0000][4756][info ][gc,heap     ] GC(15) Eden regions: 228->0(181)
[2025-01-31T10:35:16.974+0000][4756][info ][gc,heap     ] GC(15) Survivor regions: 10->15(30)
[2025-01-31T10:35:16.974+0000][4756][info ][gc,heap     ] GC(15) Old regions: 4->4
[2025-01-31T10:35:16.974+0000][4756][info ][gc,heap     ] GC(15) Humongous regions: 0->0
[2025-01-31T10:35:16.974+0000][4756][info ][gc,metaspace] GC(15) Metaspace: 91942K(94016K)->91942K(94016K) NonClass: 79535K(80768K)->79535K(80768K) Class: 12407K(13248K)->12407K(13248K)
[2025-01-31T10:35:16.974+0000][4756][info ][gc          ] GC(15) Pause Young (Normal) (G1 Evacuation Pause) 963M->70M(4008M) 85.965ms
[2025-01-31T10:35:16.974+0000][4756][info ][gc,cpu      ] GC(15) User=0.25s Sys=0.23s Real=0.09s
[2025-01-31T10:35:16.974+0000][4756][info ][safepoint   ] Safepoint "G1CollectForAllocation", Time since last: 12298072400 ns, Reaching safepoint: 14900 ns, At safepoint: 86132200 ns, Total: 86147100 ns
[2025-01-31T10:35:19.300+0000][4756][info ][gc,start    ] GC(16) Pause Young (Concurrent Start) (Metadata GC Threshold)
[2025-01-31T10:35:19.300+0000][4756][info ][gc,task     ] GC(16) Using 10 workers of 10 for evacuation
[2025-01-31T10:35:19.300+0000][4756][debug][gc,age      ] GC(16) Desired survivor size 52428800 bytes, new threshold 11 (max threshold 15)
[2025-01-31T10:35:19.437+0000][4756][info ][gc,phases   ] GC(16)   Pre Evacuate Collection Set: 1.66ms
[2025-01-31T10:35:19.437+0000][4756][info ][gc,phases   ] GC(16)   Merge Heap Roots: 0.11ms
[2025-01-31T10:35:19.437+0000][4756][info ][gc,phases   ] GC(16)   Evacuate Collection Set: 131.80ms
[2025-01-31T10:35:19.437+0000][4756][info ][gc,phases   ] GC(16)   Post Evacuate Collection Set: 3.71ms
[2025-01-31T10:35:19.437+0000][4756][info ][gc,phases   ] GC(16)   Other: 0.00ms
[2025-01-31T10:35:19.437+0000][4756][trace][gc,age      ] GC(16) Age table:
[2025-01-31T10:35:19.437+0000][4756][trace][gc,age      ] GC(16) - age   1:    3378072 bytes,    3378072 total
[2025-01-31T10:35:19.437+0000][4756][trace][gc,age      ] GC(16) - age   2:   17668984 bytes,   21047056 total
[2025-01-31T10:35:19.437+0000][4756][trace][gc,age      ] GC(16) - age   3:    1674240 bytes,   22721296 total
[2025-01-31T10:35:19.437+0000][4756][trace][gc,age      ] GC(16) - age   4:    7388400 bytes,   30109696 total
[2025-01-31T10:35:19.437+0000][4756][trace][gc,age      ] GC(16) - age   5:    4372016 bytes,   34481712 total
[2025-01-31T10:35:19.437+0000][4756][trace][gc,age      ] GC(16) - age   6:    6174440 bytes,   40656152 total
[2025-01-31T10:35:19.437+0000][4756][trace][gc,age      ] GC(16) - age   7:    4232664 bytes,   44888816 total
[2025-01-31T10:35:19.437+0000][4756][trace][gc,age      ] GC(16) - age   8:     899664 bytes,   45788480 total
[2025-01-31T10:35:19.437+0000][4756][trace][gc,age      ] GC(16) - age   9:    2276992 bytes,   48065472 total
[2025-01-31T10:35:19.437+0000][4756][trace][gc,age      ] GC(16) - age  10:    2531208 bytes,   50596680 total
[2025-01-31T10:35:19.437+0000][4756][trace][gc,age      ] GC(16) - age  11:    4062152 bytes,   54658832 total
[2025-01-31T10:35:19.437+0000][4756][info ][gc,heap     ] GC(16) Eden regions: 37->0(176)
[2025-01-31T10:35:19.437+0000][4756][info ][gc,heap     ] GC(16) Survivor regions: 15->15(25)
[2025-01-31T10:35:19.437+0000][4756][info ][gc,heap     ] GC(16) Old regions: 4->4
[2025-01-31T10:35:19.437+0000][4756][info ][gc,heap     ] GC(16) Humongous regions: 0->0
[2025-01-31T10:35:19.437+0000][4756][info ][gc,metaspace] GC(16) Metaspace: 98182K(100288K)->98182K(100288K) NonClass: 84826K(86080K)->84826K(86080K) Class: 13356K(14208K)->13356K(14208K)
[2025-01-31T10:35:19.437+0000][4756][info ][gc          ] GC(16) Pause Young (Concurrent Start) (Metadata GC Threshold) 216M->71M(4008M) 137.914ms
[2025-01-31T10:35:19.438+0000][4756][info ][gc,cpu      ] GC(16) User=0.16s Sys=0.31s Real=0.14s
[2025-01-31T10:35:19.439+0000][4756][info ][safepoint   ] Safepoint "CollectForMetadataAllocation", Time since last: 2325318100 ns, Reaching safepoint: 11900 ns, At safepoint: 139309800 ns, Total: 139321700 ns
[2025-01-31T10:35:19.439+0000][4756][info ][gc          ] GC(17) Concurrent Mark Cycle
[2025-01-31T10:35:19.439+0000][4756][info ][gc,marking  ] GC(17) Concurrent Scan Root Regions
[2025-01-31T10:35:19.469+0000][4756][info ][gc,marking  ] GC(17) Concurrent Scan Root Regions 29.975ms
[2025-01-31T10:35:19.469+0000][4756][info ][gc,marking  ] GC(17) Concurrent Mark
[2025-01-31T10:35:19.469+0000][4756][info ][gc,marking  ] GC(17) Concurrent Mark From Roots
[2025-01-31T10:35:19.469+0000][4756][info ][gc,task     ] GC(17) Using 3 workers of 3 for marking
[2025-01-31T10:35:19.555+0000][4756][info ][gc,marking  ] GC(17) Concurrent Mark From Roots 85.463ms
[2025-01-31T10:35:19.555+0000][4756][info ][gc,marking  ] GC(17) Concurrent Preclean
[2025-01-31T10:35:19.555+0000][4756][info ][gc,marking  ] GC(17) Concurrent Preclean 0.123ms
[2025-01-31T10:35:19.555+0000][4756][info ][gc,start    ] GC(17) Pause Remark
[2025-01-31T10:35:19.624+0000][4756][info ][gc          ] GC(17) Pause Remark 77M->77M(4008M) 68.903ms
[2025-01-31T10:35:19.624+0000][4756][info ][gc,cpu      ] GC(17) User=0.02s Sys=0.06s Real=0.07s
[2025-01-31T10:35:19.624+0000][4756][info ][safepoint   ] Safepoint "G1PauseRemark", Time since last: 116198000 ns, Reaching safepoint: 11100 ns, At safepoint: 69061100 ns, Total: 69072200 ns
[2025-01-31T10:35:19.624+0000][4756][info ][gc,marking  ] GC(17) Concurrent Mark 154.848ms
[2025-01-31T10:35:19.624+0000][4756][info ][gc,marking  ] GC(17) Concurrent Rebuild Remembered Sets and Scrub Regions
[2025-01-31T10:35:19.629+0000][4756][info ][gc,marking  ] GC(17) Concurrent Rebuild Remembered Sets and Scrub Regions 4.942ms
[2025-01-31T10:35:19.630+0000][4756][info ][gc,start    ] GC(17) Pause Cleanup
[2025-01-31T10:35:19.630+0000][4756][info ][gc          ] GC(17) Pause Cleanup 77M->77M(4008M) 0.143ms
[2025-01-31T10:35:19.630+0000][4756][info ][gc,cpu      ] GC(17) User=0.00s Sys=0.00s Real=0.00s
[2025-01-31T10:35:19.630+0000][4756][info ][safepoint   ] Safepoint "G1PauseCleanup", Time since last: 5174900 ns, Reaching safepoint: 273200 ns, At safepoint: 234900 ns, Total: 508100 ns
[2025-01-31T10:35:19.630+0000][4756][info ][gc,marking  ] GC(17) Concurrent Clear Claimed Marks
[2025-01-31T10:35:19.630+0000][4756][info ][gc,marking  ] GC(17) Concurrent Clear Claimed Marks 0.179ms
[2025-01-31T10:35:19.630+0000][4756][info ][gc,marking  ] GC(17) Concurrent Cleanup for Next Mark
[2025-01-31T10:35:19.729+0000][4756][info ][gc,marking  ] GC(17) Concurrent Cleanup for Next Mark 99.216ms
[2025-01-31T10:35:19.729+0000][4756][info ][gc          ] GC(17) Concurrent Mark Cycle 290.463ms
[2025-01-31T10:38:43.627+0000][4756][info ][gc,start    ] GC(18) Pause Young (Normal) (G1 Evacuation Pause)
[2025-01-31T10:38:43.643+0000][4756][info ][gc,task     ] GC(18) Using 10 workers of 10 for evacuation
[2025-01-31T10:38:43.643+0000][4756][debug][gc,age      ] GC(18) Desired survivor size 50331648 bytes, new threshold 10 (max threshold 15)
[2025-01-31T10:38:46.143+0000][4756][info ][gc,mmu      ] GC(18) MMU target violated: 201.0ms (200.0ms/201.0ms)
[2025-01-31T10:38:46.143+0000][4756][info ][gc,phases   ] GC(18)   Pre Evacuate Collection Set: 64.53ms
[2025-01-31T10:38:46.143+0000][4756][info ][gc,phases   ] GC(18)   Merge Heap Roots: 4.25ms
[2025-01-31T10:38:46.143+0000][4756][info ][gc,phases   ] GC(18)   Evacuate Collection Set: 2340.69ms
[2025-01-31T10:38:46.143+0000][4756][info ][gc,phases   ] GC(18)   Post Evacuate Collection Set: 79.30ms
[2025-01-31T10:38:46.143+0000][4756][info ][gc,phases   ] GC(18)   Other: 19.63ms
[2025-01-31T10:38:46.143+0000][4756][trace][gc,age      ] GC(18) Age table:
[2025-01-31T10:38:46.143+0000][4756][trace][gc,age      ] GC(18) - age   1:   32343136 bytes,   32343136 total
[2025-01-31T10:38:46.143+0000][4756][trace][gc,age      ] GC(18) - age   2:    3164656 bytes,   35507792 total
[2025-01-31T10:38:46.143+0000][4756][trace][gc,age      ] GC(18) - age   3:   17450776 bytes,   52958568 total
[2025-01-31T10:38:46.143+0000][4756][trace][gc,age      ] GC(18) - age   4:    1666120 bytes,   54624688 total
[2025-01-31T10:38:46.143+0000][4756][trace][gc,age      ] GC(18) - age   5:    7363840 bytes,   61988528 total
[2025-01-31T10:38:46.143+0000][4756][trace][gc,age      ] GC(18) - age   6:    4368856 bytes,   66357384 total
[2025-01-31T10:38:46.143+0000][4756][trace][gc,age      ] GC(18) - age   7:    6166432 bytes,   72523816 total
[2025-01-31T10:38:46.143+0000][4756][trace][gc,age      ] GC(18) - age   8:    4229920 bytes,   76753736 total
[2025-01-31T10:38:46.143+0000][4756][trace][gc,age      ] GC(18) - age   9:     895008 bytes,   77648744 total
[2025-01-31T10:38:46.143+0000][4756][trace][gc,age      ] GC(18) - age  10:    2274328 bytes,   79923072 total
[2025-01-31T10:38:46.143+0000][4756][info ][gc,heap     ] GC(18) Eden regions: 176->0(29)
[2025-01-31T10:38:46.143+0000][4756][info ][gc,heap     ] GC(18) Survivor regions: 15->21(24)
[2025-01-31T10:38:46.143+0000][4756][info ][gc,heap     ] GC(18) Old regions: 4->6
[2025-01-31T10:38:46.143+0000][4756][info ][gc,heap     ] GC(18) Humongous regions: 2->2
[2025-01-31T10:38:46.143+0000][4756][info ][gc,metaspace] GC(18) Metaspace: 145365K(149504K)->145365K(149504K) NonClass: 124436K(126720K)->124436K(126720K) Class: 20929K(22784K)->20929K(22784K)
[2025-01-31T10:38:46.143+0000][4756][info ][gc          ] GC(18) Pause Young (Normal) (G1 Evacuation Pause) 783M->110M(4008M) 2518.939ms
[2025-01-31T10:38:46.143+0000][4756][info ][gc,cpu      ] GC(18) User=1.14s Sys=7.84s Real=2.52s
[2025-01-31T10:38:46.143+0000][4756][info ][safepoint   ] Safepoint "G1CollectForAllocation", Time since last: 203991333500 ns, Reaching safepoint: 6218900 ns, At safepoint: 2520559200 ns, Total: 2526778100 ns
[2025-01-31T10:39:22.027+0000][4756][info ][gc,start    ] GC(19) Pause Young (Normal) (G1 Evacuation Pause)
[2025-01-31T10:39:22.027+0000][4756][info ][gc,task     ] GC(19) Using 10 workers of 10 for evacuation
[2025-01-31T10:39:22.027+0000][4756][debug][gc,age      ] GC(19) Desired survivor size 14680064 bytes, new threshold 1 (max threshold 15)
[2025-01-31T10:39:22.375+0000][4756][info ][gc,mmu      ] GC(19) MMU target violated: 201.0ms (200.0ms/201.0ms)
[2025-01-31T10:39:22.375+0000][4756][info ][gc,phases   ] GC(19)   Pre Evacuate Collection Set: 7.20ms
[2025-01-31T10:39:22.375+0000][4756][info ][gc,phases   ] GC(19)   Merge Heap Roots: 1.48ms
[2025-01-31T10:39:22.375+0000][4756][info ][gc,phases   ] GC(19)   Evacuate Collection Set: 332.25ms
[2025-01-31T10:39:22.375+0000][4756][info ][gc,phases   ] GC(19)   Post Evacuate Collection Set: 10.32ms
[2025-01-31T10:39:22.375+0000][4756][info ][gc,phases   ] GC(19)   Other: 3.57ms
[2025-01-31T10:39:22.375+0000][4756][trace][gc,age      ] GC(19) Age table:
[2025-01-31T10:39:22.375+0000][4756][trace][gc,age      ] GC(19) - age   1:   17815128 bytes,   17815128 total
[2025-01-31T10:39:22.375+0000][4756][info ][gc,heap     ] GC(19) Eden regions: 29->0(43)
[2025-01-31T10:39:22.375+0000][4756][info ][gc,heap     ] GC(19) Survivor regions: 21->7(7)
[2025-01-31T10:39:22.375+0000][4756][info ][gc,heap     ] GC(19) Old regions: 6->26
[2025-01-31T10:39:22.375+0000][4756][info ][gc,heap     ] GC(19) Humongous regions: 2->2
[2025-01-31T10:39:22.375+0000][4756][info ][gc,metaspace] GC(19) Metaspace: 147692K(151936K)->147692K(151936K) NonClass: 126360K(128704K)->126360K(128704K) Class: 21331K(23232K)->21331K(23232K)
[2025-01-31T10:39:22.375+0000][4756][info ][gc          ] GC(19) Pause Young (Normal) (G1 Evacuation Pause) 226M->136M(4008M) 358.220ms
[2025-01-31T10:39:22.375+0000][4756][info ][gc,cpu      ] GC(19) User=0.20s Sys=0.50s Real=0.35s
[2025-01-31T10:39:22.375+0000][4756][info ][safepoint   ] Safepoint "G1CollectForAllocation", Time since last: 35881060600 ns, Reaching safepoint: 410200 ns, At safepoint: 359135400 ns, Total: 359545600 ns
[2025-01-31T10:41:49.310+0000][4756][info ][gc,start    ] GC(20) Pause Young (Normal) (G1 Evacuation Pause)
[2025-01-31T10:41:49.310+0000][4756][info ][gc,task     ] GC(20) Using 10 workers of 10 for evacuation
[2025-01-31T10:41:49.310+0000][4756][debug][gc,age      ] GC(20) Desired survivor size 14680064 bytes, new threshold 1 (max threshold 15)
[2025-01-31T10:41:49.487+0000][4756][info ][gc,phases   ] GC(20)   Pre Evacuate Collection Set: 21.18ms
[2025-01-31T10:41:49.487+0000][4756][info ][gc,phases   ] GC(20)   Merge Heap Roots: 1.84ms
[2025-01-31T10:41:49.487+0000][4756][info ][gc,phases   ] GC(20)   Evacuate Collection Set: 120.03ms
[2025-01-31T10:41:49.487+0000][4756][info ][gc,phases   ] GC(20)   Post Evacuate Collection Set: 19.15ms
[2025-01-31T10:41:49.487+0000][4756][info ][gc,phases   ] GC(20)   Other: 7.54ms
[2025-01-31T10:41:49.487+0000][4756][trace][gc,age      ] GC(20) Age table:
[2025-01-31T10:41:49.487+0000][4756][trace][gc,age      ] GC(20) - age   1:    1317552 bytes,    1317552 total
[2025-01-31T10:41:49.487+0000][4756][info ][gc,heap     ] GC(20) Eden regions: 43->0(48)
[2025-01-31T10:41:49.487+0000][4756][info ][gc,heap     ] GC(20) Survivor regions: 7->2(7)
[2025-01-31T10:41:49.487+0000][4756][info ][gc,heap     ] GC(20) Old regions: 26->32
[2025-01-31T10:41:49.487+0000][4756][info ][gc,heap     ] GC(20) Humongous regions: 2->2
[2025-01-31T10:41:49.487+0000][4756][info ][gc,metaspace] GC(20) Metaspace: 148653K(152896K)->148653K(152896K) NonClass: 127255K(129600K)->127255K(129600K) Class: 21398K(23296K)->21398K(23296K)
[2025-01-31T10:41:49.487+0000][4756][info ][gc          ] GC(20) Pause Young (Normal) (G1 Evacuation Pause) 308M->140M(4008M) 176.005ms
[2025-01-31T10:41:49.487+0000][4756][info ][gc,cpu      ] GC(20) User=0.02s Sys=0.14s Real=0.18s
[2025-01-31T10:41:49.487+0000][4756][info ][safepoint   ] Safepoint "G1CollectForAllocation", Time since last: 146921920100 ns, Reaching safepoint: 303100 ns, At safepoint: 177948900 ns, Total: 178252000 ns
[2025-01-31T10:44:17.976+0000][4756][info ][gc,start    ] GC(21) Pause Young (Normal) (G1 Evacuation Pause)
[2025-01-31T10:44:17.976+0000][4756][info ][gc,task     ] GC(21) Using 10 workers of 10 for evacuation
[2025-01-31T10:44:17.976+0000][4756][debug][gc,age      ] GC(21) Desired survivor size 14680064 bytes, new threshold 15 (max threshold 15)
[2025-01-31T10:44:18.042+0000][4756][info ][gc,phases   ] GC(21)   Pre Evacuate Collection Set: 9.56ms
[2025-01-31T10:44:18.042+0000][4756][info ][gc,phases   ] GC(21)   Merge Heap Roots: 2.64ms
[2025-01-31T10:44:18.042+0000][4756][info ][gc,phases   ] GC(21)   Evacuate Collection Set: 32.18ms
[2025-01-31T10:44:18.042+0000][4756][info ][gc,phases   ] GC(21)   Post Evacuate Collection Set: 9.09ms
[2025-01-31T10:44:18.042+0000][4756][info ][gc,phases   ] GC(21)   Other: 8.74ms
[2025-01-31T10:44:18.042+0000][4756][trace][gc,age      ] GC(21) Age table:
[2025-01-31T10:44:18.042+0000][4756][trace][gc,age      ] GC(21) - age   1:    1540000 bytes,    1540000 total
[2025-01-31T10:44:18.042+0000][4756][trace][gc,age      ] GC(21) - age   2:    1260864 bytes,    2800864 total
[2025-01-31T10:44:18.042+0000][4756][info ][gc,heap     ] GC(21) Eden regions: 48->0(66)
[2025-01-31T10:44:18.042+0000][4756][info ][gc,heap     ] GC(21) Survivor regions: 2->1(7)
[2025-01-31T10:44:18.042+0000][4756][info ][gc,heap     ] GC(21) Old regions: 32->32
[2025-01-31T10:44:18.042+0000][4756][info ][gc,heap     ] GC(21) Humongous regions: 2->2
[2025-01-31T10:44:18.042+0000][4756][info ][gc,metaspace] GC(21) Metaspace: 150464K(154752K)->150464K(154752K) NonClass: 128861K(131200K)->128861K(131200K) Class: 21602K(23552K)->21602K(23552K)
[2025-01-31T10:44:18.042+0000][4756][info ][gc          ] GC(21) Pause Young (Normal) (G1 Evacuation Pause) 332M->138M(4008M) 69.657ms
[2025-01-31T10:44:18.042+0000][4756][info ][gc,cpu      ] GC(21) User=0.02s Sys=0.08s Real=0.07s
[2025-01-31T10:44:18.042+0000][4756][info ][safepoint   ] Safepoint "G1CollectForAllocation", Time since last: 148489804600 ns, Reaching safepoint: 528700 ns, At safepoint: 71846700 ns, Total: 72375400 ns
[2025-01-31T10:45:39.828+0000][4756][info ][gc,start    ] GC(22) Pause Young (Normal) (G1 Evacuation Pause)
[2025-01-31T10:45:39.847+0000][4756][info ][gc,task     ] GC(22) Using 10 workers of 10 for evacuation
[2025-01-31T10:45:39.847+0000][4756][debug][gc,age      ] GC(22) Desired survivor size 18874368 bytes, new threshold 15 (max threshold 15)
[2025-01-31T10:45:40.243+0000][4756][info ][gc,mmu      ] GC(22) MMU target violated: 201.0ms (200.0ms/201.0ms)
[2025-01-31T10:45:40.245+0000][4756][info ][gc,phases   ] GC(22)   Pre Evacuate Collection Set: 32.84ms
[2025-01-31T10:45:40.245+0000][4756][info ][gc,phases   ] GC(22)   Merge Heap Roots: 7.92ms
[2025-01-31T10:45:40.245+0000][4756][info ][gc,phases   ] GC(22)   Evacuate Collection Set: 317.68ms
[2025-01-31T10:45:40.245+0000][4756][info ][gc,phases   ] GC(22)   Post Evacuate Collection Set: 32.96ms
[2025-01-31T10:45:40.245+0000][4756][info ][gc,phases   ] GC(22)   Other: 17.81ms
[2025-01-31T10:45:40.245+0000][4756][trace][gc,age      ] GC(22) Age table:
[2025-01-31T10:45:40.245+0000][4756][trace][gc,age      ] GC(22) - age   1:    4390896 bytes,    4390896 total
[2025-01-31T10:45:40.246+0000][4756][trace][gc,age      ] GC(22) - age   2:    1146520 bytes,    5537416 total
[2025-01-31T10:45:40.246+0000][4756][trace][gc,age      ] GC(22) - age   3:    1258608 bytes,    6796024 total
[2025-01-31T10:45:40.246+0000][4756][info ][gc,heap     ] GC(22) Eden regions: 66->0(47)
[2025-01-31T10:45:40.246+0000][4756][info ][gc,heap     ] GC(22) Survivor regions: 1->3(9)
[2025-01-31T10:45:40.246+0000][4756][info ][gc,heap     ] GC(22) Old regions: 32->32
[2025-01-31T10:45:40.246+0000][4756][info ][gc,heap     ] GC(22) Humongous regions: 2->2
[2025-01-31T10:45:40.247+0000][4756][info ][gc,metaspace] GC(22) Metaspace: 151788K(156096K)->151788K(156096K) NonClass: 130095K(132480K)->130095K(132480K) Class: 21693K(23616K)->21693K(23616K)
[2025-01-31T10:45:40.247+0000][4756][info ][gc          ] GC(22) Pause Young (Normal) (G1 Evacuation Pause) 402M->144M(4008M) 420.148ms
[2025-01-31T10:45:40.248+0000][4756][info ][gc,cpu      ] GC(22) User=0.14s Sys=1.17s Real=0.42s
[2025-01-31T10:45:40.248+0000][4756][info ][safepoint   ] Safepoint "G1CollectForAllocation", Time since last: 81773127200 ns, Reaching safepoint: 1323100 ns, At safepoint: 422961300 ns, Total: 424284400 ns
[2025-01-31T10:46:47.682+0000][4756][info ][gc,start    ] GC(23) Pause Young (Normal) (G1 Evacuation Pause)
[2025-01-31T10:46:47.698+0000][4756][info ][gc,task     ] GC(23) Using 10 workers of 10 for evacuation
[2025-01-31T10:46:47.698+0000][4756][debug][gc,age      ] GC(23) Desired survivor size 14680064 bytes, new threshold 15 (max threshold 15)
[2025-01-31T10:46:47.808+0000][4756][info ][gc,phases   ] GC(23)   Pre Evacuate Collection Set: 12.92ms
[2025-01-31T10:46:47.808+0000][4756][info ][gc,phases   ] GC(23)   Merge Heap Roots: 3.25ms
[2025-01-31T10:46:47.808+0000][4756][info ][gc,phases   ] GC(23)   Evacuate Collection Set: 79.25ms
[2025-01-31T10:46:47.808+0000][4756][info ][gc,phases   ] GC(23)   Post Evacuate Collection Set: 12.24ms
[2025-01-31T10:46:47.808+0000][4756][info ][gc,phases   ] GC(23)   Other: 10.82ms
[2025-01-31T10:46:47.808+0000][4756][trace][gc,age      ] GC(23) Age table:
[2025-01-31T10:46:47.808+0000][4756][trace][gc,age      ] GC(23) - age   1:    3101856 bytes,    3101856 total
[2025-01-31T10:46:47.808+0000][4756][trace][gc,age      ] GC(23) - age   2:    3964912 bytes,    7066768 total
[2025-01-31T10:46:47.808+0000][4756][trace][gc,age      ] GC(23) - age   3:    1146424 bytes,    8213192 total
[2025-01-31T10:46:47.808+0000][4756][trace][gc,age      ] GC(23) - age   4:    1258464 bytes,    9471656 total
[2025-01-31T10:46:47.808+0000][4756][info ][gc,heap     ] GC(23) Eden regions: 47->0(47)
[2025-01-31T10:46:47.808+0000][4756][info ][gc,heap     ] GC(23) Survivor regions: 3->3(7)
[2025-01-31T10:46:47.808+0000][4756][info ][gc,heap     ] GC(23) Old regions: 32->32
[2025-01-31T10:46:47.808+0000][4756][info ][gc,heap     ] GC(23) Humongous regions: 2->2
[2025-01-31T10:46:47.808+0000][4756][info ][gc,metaspace] GC(23) Metaspace: 152451K(156736K)->152451K(156736K) NonClass: 130675K(133056K)->130675K(133056K) Class: 21775K(23680K)->21775K(23680K)
[2025-01-31T10:46:47.808+0000][4756][info ][gc          ] GC(23) Pause Young (Normal) (G1 Evacuation Pause) 332M->144M(4008M) 125.004ms
[2025-01-31T10:46:47.808+0000][4756][info ][gc,cpu      ] GC(23) User=0.09s Sys=0.30s Real=0.13s
[2025-01-31T10:46:47.808+0000][4756][info ][safepoint   ] Safepoint "G1CollectForAllocation", Time since last: 67441724300 ns, Reaching safepoint: 165400 ns, At safepoint: 127447100 ns, Total: 127612500 ns
[2025-01-31T10:49:38.929+0000][4756][info ][gc,start    ] GC(24) Pause Young (Normal) (G1 Evacuation Pause)
[2025-01-31T10:49:38.936+0000][4756][info ][gc,task     ] GC(24) Using 10 workers of 10 for evacuation
[2025-01-31T10:49:38.941+0000][4756][debug][gc,age      ] GC(24) Desired survivor size 14680064 bytes, new threshold 15 (max threshold 15)
[2025-01-31T10:49:39.107+0000][4756][info ][gc,phases   ] GC(24)   Pre Evacuate Collection Set: 21.40ms
[2025-01-31T10:49:39.107+0000][4756][info ][gc,phases   ] GC(24)   Merge Heap Roots: 1.69ms
[2025-01-31T10:49:39.107+0000][4756][info ][gc,phases   ] GC(24)   Evacuate Collection Set: 123.05ms
[2025-01-31T10:49:39.107+0000][4756][info ][gc,phases   ] GC(24)   Post Evacuate Collection Set: 17.77ms
[2025-01-31T10:49:39.107+0000][4756][info ][gc,phases   ] GC(24)   Other: 8.58ms
[2025-01-31T10:49:39.107+0000][4756][trace][gc,age      ] GC(24) Age table:
[2025-01-31T10:49:39.107+0000][4756][trace][gc,age      ] GC(24) - age   1:     402200 bytes,     402200 total
[2025-01-31T10:49:39.107+0000][4756][trace][gc,age      ] GC(24) - age   2:    2084544 bytes,    2486744 total
[2025-01-31T10:49:39.107+0000][4756][trace][gc,age      ] GC(24) - age   3:    3877968 bytes,    6364712 total
[2025-01-31T10:49:39.107+0000][4756][trace][gc,age      ] GC(24) - age   4:     966760 bytes,    7331472 total
[2025-01-31T10:49:39.107+0000][4756][trace][gc,age      ] GC(24) - age   5:    1258096 bytes,    8589568 total
[2025-01-31T10:49:39.107+0000][4756][info ][gc,heap     ] GC(24) Eden regions: 47->0(47)
[2025-01-31T10:49:39.107+0000][4756][info ][gc,heap     ] GC(24) Survivor regions: 3->3(7)
[2025-01-31T10:49:39.107+0000][4756][info ][gc,heap     ] GC(24) Old regions: 32->32
[2025-01-31T10:49:39.107+0000][4756][info ][gc,heap     ] GC(24) Humongous regions: 2->2
[2025-01-31T10:49:39.107+0000][4756][info ][gc,metaspace] GC(24) Metaspace: 152868K(157184K)->152868K(157184K) NonClass: 131034K(133440K)->131034K(133440K) Class: 21833K(23744K)->21833K(23744K)
[2025-01-31T10:49:39.107+0000][4756][info ][gc          ] GC(24) Pause Young (Normal) (G1 Evacuation Pause) 332M->144M(4008M) 178.655ms
[2025-01-31T10:49:39.107+0000][4756][info ][gc,cpu      ] GC(24) User=0.00s Sys=0.20s Real=0.18s
[2025-01-31T10:49:39.107+0000][4756][info ][safepoint   ] Safepoint "G1CollectForAllocation", Time since last: 171110779700 ns, Reaching safepoint: 1970200 ns, At safepoint: 179862700 ns, Total: 181832900 ns
[2025-01-31T10:53:02.481+0000][4756][info ][gc,start    ] GC(25) Pause Young (Normal) (G1 Evacuation Pause)
[2025-01-31T10:53:02.512+0000][4756][info ][gc,task     ] GC(25) Using 10 workers of 10 for evacuation
[2025-01-31T10:53:02.512+0000][4756][debug][gc,age      ] GC(25) Desired survivor size 14680064 bytes, new threshold 15 (max threshold 15)
[2025-01-31T10:53:02.814+0000][4756][info ][gc,mmu      ] GC(25) MMU target violated: 201.0ms (200.0ms/201.0ms)
[2025-01-31T10:53:02.828+0000][4756][info ][gc,phases   ] GC(25)   Pre Evacuate Collection Set: 48.98ms
[2025-01-31T10:53:02.828+0000][4756][info ][gc,phases   ] GC(25)   Merge Heap Roots: 12.16ms
[2025-01-31T10:53:02.828+0000][4756][info ][gc,phases   ] GC(25)   Evacuate Collection Set: 213.54ms
[2025-01-31T10:53:02.828+0000][4756][info ][gc,phases   ] GC(25)   Post Evacuate Collection Set: 27.23ms
[2025-01-31T10:53:02.828+0000][4756][info ][gc,phases   ] GC(25)   Other: 31.47ms
[2025-01-31T10:53:02.828+0000][4756][trace][gc,age      ] GC(25) Age table:
[2025-01-31T10:53:02.828+0000][4756][trace][gc,age      ] GC(25) - age   1:      96360 bytes,      96360 total
[2025-01-31T10:53:02.828+0000][4756][trace][gc,age      ] GC(25) - age   2:     371808 bytes,     468168 total
[2025-01-31T10:53:02.828+0000][4756][trace][gc,age      ] GC(25) - age   3:    2068424 bytes,    2536592 total
[2025-01-31T10:53:02.828+0000][4756][trace][gc,age      ] GC(25) - age   4:    3877392 bytes,    6413984 total
[2025-01-31T10:53:02.828+0000][4756][trace][gc,age      ] GC(25) - age   5:     966504 bytes,    7380488 total
[2025-01-31T10:53:02.828+0000][4756][trace][gc,age      ] GC(25) - age   6:    1257752 bytes,    8638240 total
[2025-01-31T10:53:02.828+0000][4756][info ][gc,heap     ] GC(25) Eden regions: 47->0(47)
[2025-01-31T10:53:02.828+0000][4756][info ][gc,heap     ] GC(25) Survivor regions: 3->3(7)
[2025-01-31T10:53:02.828+0000][4756][info ][gc,heap     ] GC(25) Old regions: 32->32
[2025-01-31T10:53:02.828+0000][4756][info ][gc,heap     ] GC(25) Humongous regions: 2->2
[2025-01-31T10:53:02.828+0000][4756][info ][gc,metaspace] GC(25) Metaspace: 152927K(157184K)->152927K(157184K) NonClass: 131090K(133440K)->131090K(133440K) Class: 21837K(23744K)->21837K(23744K)
[2025-01-31T10:53:02.829+0000][4756][info ][gc          ] GC(25) Pause Young (Normal) (G1 Evacuation Pause) 332M->143M(4008M) 347.233ms
[2025-01-31T10:53:02.829+0000][4756][info ][gc,cpu      ] GC(25) User=0.03s Sys=1.00s Real=0.36s
[2025-01-31T10:53:02.829+0000][4756][info ][safepoint   ] Safepoint "G1CollectForAllocation", Time since last: 203369282600 ns, Reaching safepoint: 89400 ns, At safepoint: 350827800 ns, Total: 350917200 ns
[2025-01-31T10:56:16.271+0000][4756][info ][gc,start    ] GC(26) Pause Young (Normal) (G1 Evacuation Pause)
[2025-01-31T10:56:16.271+0000][4756][info ][gc,task     ] GC(26) Using 10 workers of 10 for evacuation
[2025-01-31T10:56:16.271+0000][4756][debug][gc,age      ] GC(26) Desired survivor size 14680064 bytes, new threshold 15 (max threshold 15)
[2025-01-31T10:56:16.397+0000][4756][info ][gc,phases   ] GC(26)   Pre Evacuate Collection Set: 9.51ms
[2025-01-31T10:56:16.397+0000][4756][info ][gc,phases   ] GC(26)   Merge Heap Roots: 2.28ms
[2025-01-31T10:56:16.397+0000][4756][info ][gc,phases   ] GC(26)   Evacuate Collection Set: 92.66ms
[2025-01-31T10:56:16.397+0000][4756][info ][gc,phases   ] GC(26)   Post Evacuate Collection Set: 13.86ms
[2025-01-31T10:56:16.397+0000][4756][info ][gc,phases   ] GC(26)   Other: 5.21ms
[2025-01-31T10:56:16.397+0000][4756][trace][gc,age      ] GC(26) Age table:
[2025-01-31T10:56:16.397+0000][4756][trace][gc,age      ] GC(26) - age   1:      40984 bytes,      40984 total
[2025-01-31T10:56:16.397+0000][4756][trace][gc,age      ] GC(26) - age   2:      76272 bytes,     117256 total
[2025-01-31T10:56:16.397+0000][4756][trace][gc,age      ] GC(26) - age   3:     371416 bytes,     488672 total
[2025-01-31T10:56:16.397+0000][4756][trace][gc,age      ] GC(26) - age   4:    2068336 bytes,    2557008 total
[2025-01-31T10:56:16.397+0000][4756][trace][gc,age      ] GC(26) - age   5:    3876616 bytes,    6433624 total
[2025-01-31T10:56:16.397+0000][4756][trace][gc,age      ] GC(26) - age   6:     966504 bytes,    7400128 total
[2025-01-31T10:56:16.397+0000][4756][trace][gc,age      ] GC(26) - age   7:    1257752 bytes,    8657880 total
[2025-01-31T10:56:16.397+0000][4756][info ][gc,heap     ] GC(26) Eden regions: 47->0(47)
[2025-01-31T10:56:16.397+0000][4756][info ][gc,heap     ] GC(26) Survivor regions: 3->3(7)
[2025-01-31T10:56:16.397+0000][4756][info ][gc,heap     ] GC(26) Old regions: 32->32
[2025-01-31T10:56:16.397+0000][4756][info ][gc,heap     ] GC(26) Humongous regions: 2->2
[2025-01-31T10:56:16.397+0000][4756][info ][gc,metaspace] GC(26) Metaspace: 152965K(157248K)->152965K(157248K) NonClass: 131128K(133504K)->131128K(133504K) Class: 21837K(23744K)->21837K(23744K)
[2025-01-31T10:56:16.397+0000][4756][info ][gc          ] GC(26) Pause Young (Normal) (G1 Evacuation Pause) 331M->143M(4008M) 128.084ms
[2025-01-31T10:56:16.397+0000][4756][info ][gc,cpu      ] GC(26) User=0.03s Sys=0.19s Real=0.13s
[2025-01-31T10:56:16.397+0000][4756][info ][safepoint   ] Safepoint "G1CollectForAllocation", Time since last: 193441905100 ns, Reaching safepoint: 46700 ns, At safepoint: 128744600 ns, Total: 128791300 ns
[2025-01-31T10:56:38.669+0000][4756][info ][gc,heap,exit] Heap
[2025-01-31T10:56:38.669+0000][4756][info ][gc,heap,exit]  garbage-first heap   total reserved 4104192K, committed 4104192K, used 183237K [0x0000000705800000, 0x0000000800000000)
[2025-01-31T10:56:38.669+0000][4756][info ][gc,heap,exit]   region size 4096K, 12 young (49152K), 3 survivors (12288K)
[2025-01-31T10:56:38.669+0000][4756][info ][gc,heap,exit]  Metaspace       used 153368K, committed 157696K, reserved 1245184K
[2025-01-31T10:56:38.669+0000][4756][info ][gc,heap,exit]   class space    used 21915K, committed 23872K, reserved 1048576K
