[2025-01-31T09:56:34.564+0000][8776][info][gc,init] CardTable entry size: 512
[2025-01-31T09:56:34.564+0000][8776][info][gc     ] Using G1
[2025-01-31T09:56:39.754+0000][8776][info][gc,init] Version: 23+37-2369 (release)
[2025-01-31T09:56:39.754+0000][8776][info][gc,init] CPUs: 12 total, 12 available
[2025-01-31T09:56:39.754+0000][8776][info][gc,init] Memory: 8016M
[2025-01-31T09:56:39.754+0000][8776][info][gc,init] Large Page Support: Disabled
[2025-01-31T09:56:39.754+0000][8776][info][gc,init] NUMA Support: Disabled
[2025-01-31T09:56:39.754+0000][8776][info][gc,init] Compressed Oops: Enabled (Zero based)
[2025-01-31T09:56:39.754+0000][8776][info][gc,init] Heap Region Size: 4M
[2025-01-31T09:56:39.754+0000][8776][info][gc,init] Heap Min Capacity: 4008M
[2025-01-31T09:56:39.754+0000][8776][info][gc,init] Heap Initial Capacity: 4008M
[2025-01-31T09:56:39.754+0000][8776][info][gc,init] Heap Max Capacity: 4008M
[2025-01-31T09:56:39.754+0000][8776][info][gc,init] Pre-touch: Enabled
[2025-01-31T09:56:39.754+0000][8776][info][gc,init] Parallel Workers: 10
[2025-01-31T09:56:39.754+0000][8776][info][gc,init] Concurrent Workers: 3
[2025-01-31T09:56:39.754+0000][8776][info][gc,init] Concurrent Refinement Workers: 10
[2025-01-31T09:56:39.754+0000][8776][info][gc,init] Periodic GC: Disabled
[2025-01-31T09:56:39.802+0000][8776][info][gc,metaspace] CDS archive(s) mapped at: [0x00000229b3000000-0x00000229b3d70000-0x00000229b3d70000), size 14090240, SharedBaseAddress: 0x00000229b3000000, ArchiveRelocationMode: 1.
[2025-01-31T09:56:39.802+0000][8776][info][gc,metaspace] Compressed class space mapped at: 0x00000229b4000000-0x00000229f4000000, reserved size: 1073741824
[2025-01-31T09:56:39.802+0000][8776][info][gc,metaspace] Narrow klass base: 0x00000229b3000000, Narrow klass shift: 0, Narrow klass range: 0x41000000
[2025-01-31T09:56:49.292+0000][8776][info][gc,start    ] GC(0) Pause Young (Normal) (G1 Evacuation Pause)
[2025-01-31T09:56:49.292+0000][8776][info][gc,task     ] GC(0) Using 10 workers of 10 for evacuation
[2025-01-31T09:56:49.292+0000][8776][debug][gc,age      ] GC(0) Desired survivor size 14680064 bytes, new threshold 15 (max threshold 15)
[2025-01-31T09:56:49.311+0000][8776][info ][gc,phases   ] GC(0)   Pre Evacuate Collection Set: 0.53ms
[2025-01-31T09:56:49.311+0000][8776][info ][gc,phases   ] GC(0)   Merge Heap Roots: 0.66ms
[2025-01-31T09:56:49.311+0000][8776][info ][gc,phases   ] GC(0)   Evacuate Collection Set: 10.98ms
[2025-01-31T09:56:49.311+0000][8776][info ][gc,phases   ] GC(0)   Post Evacuate Collection Set: 2.61ms
[2025-01-31T09:56:49.311+0000][8776][info ][gc,phases   ] GC(0)   Other: 0.89ms
[2025-01-31T09:56:49.311+0000][8776][trace][gc,age      ] GC(0) Age table:
[2025-01-31T09:56:49.311+0000][8776][trace][gc,age      ] GC(0) - age   1:   14202176 bytes,   14202176 total
[2025-01-31T09:56:49.311+0000][8776][info ][gc,heap     ] GC(0) Eden regions: 50->0(46)
[2025-01-31T09:56:49.311+0000][8776][info ][gc,heap     ] GC(0) Survivor regions: 0->4(7)
[2025-01-31T09:56:49.311+0000][8776][info ][gc,heap     ] GC(0) Old regions: 0->0
[2025-01-31T09:56:49.311+0000][8776][info ][gc,heap     ] GC(0) Humongous regions: 0->0
[2025-01-31T09:56:49.311+0000][8776][info ][gc,metaspace] GC(0) Metaspace: 18519K(19200K)->18519K(19200K) NonClass: 16412K(16832K)->16412K(16832K) Class: 2106K(2368K)->2106K(2368K)
[2025-01-31T09:56:49.311+0000][8776][info ][gc          ] GC(0) Pause Young (Normal) (G1 Evacuation Pause) 200M->14M(4008M) 16.245ms
[2025-01-31T09:56:49.311+0000][8776][info ][gc,cpu      ] GC(0) User=0.05s Sys=0.00s Real=0.02s
[2025-01-31T09:56:49.311+0000][8776][info ][safepoint   ] Safepoint "G1CollectForAllocation", Time since last: 9434261000 ns, Reaching safepoint: 17900 ns, At safepoint: 16332500 ns, Total: 16350400 ns
[2025-01-31T09:56:51.117+0000][8776][info ][gc,start    ] GC(1) Pause Young (Concurrent Start) (Metadata GC Threshold)
[2025-01-31T09:56:51.117+0000][8776][info ][gc,task     ] GC(1) Using 10 workers of 10 for evacuation
[2025-01-31T09:56:51.117+0000][8776][debug][gc,age      ] GC(1) Desired survivor size 14680064 bytes, new threshold 15 (max threshold 15)
[2025-01-31T09:56:51.121+0000][8776][info ][gc,phases   ] GC(1)   Pre Evacuate Collection Set: 0.51ms
[2025-01-31T09:56:51.121+0000][8776][info ][gc,phases   ] GC(1)   Merge Heap Roots: 0.14ms
[2025-01-31T09:56:51.121+0000][8776][info ][gc,phases   ] GC(1)   Evacuate Collection Set: 9.32ms
[2025-01-31T09:56:51.121+0000][8776][info ][gc,phases   ] GC(1)   Post Evacuate Collection Set: 1.94ms
[2025-01-31T09:56:51.121+0000][8776][info ][gc,phases   ] GC(1)   Other: 0.30ms
[2025-01-31T09:56:51.121+0000][8776][trace][gc,age      ] GC(1) Age table:
[2025-01-31T09:56:51.121+0000][8776][trace][gc,age      ] GC(1) - age   1:    1287240 bytes,    1287240 total
[2025-01-31T09:56:51.121+0000][8776][trace][gc,age      ] GC(1) - age   2:   13993152 bytes,   15280392 total
[2025-01-31T09:56:51.121+0000][8776][info ][gc,heap     ] GC(1) Eden regions: 18->0(45)
[2025-01-31T09:56:51.121+0000][8776][info ][gc,heap     ] GC(1) Survivor regions: 4->5(7)
[2025-01-31T09:56:51.121+0000][8776][info ][gc,heap     ] GC(1) Old regions: 0->0
[2025-01-31T09:56:51.121+0000][8776][info ][gc,heap     ] GC(1) Humongous regions: 0->0
[2025-01-31T09:56:51.121+0000][8776][info ][gc,metaspace] GC(1) Metaspace: 20687K(21504K)->20687K(21504K) NonClass: 18354K(18816K)->18354K(18816K) Class: 2332K(2688K)->2332K(2688K)
[2025-01-31T09:56:51.121+0000][8776][info ][gc          ] GC(1) Pause Young (Concurrent Start) (Metadata GC Threshold) 86M->17M(4008M) 12.754ms
[2025-01-31T09:56:51.121+0000][8776][info ][gc,cpu      ] GC(1) User=0.02s Sys=0.00s Real=0.00s
[2025-01-31T09:56:51.121+0000][8776][info ][gc          ] GC(2) Concurrent Mark Cycle
[2025-01-31T09:56:51.121+0000][8776][info ][gc,marking  ] GC(2) Concurrent Scan Root Regions
[2025-01-31T09:56:51.121+0000][8776][info ][safepoint   ] Safepoint "CollectForMetadataAllocation", Time since last: 1806601300 ns, Reaching safepoint: 9300 ns, At safepoint: 13075100 ns, Total: 13084400 ns
[2025-01-31T09:56:51.137+0000][8776][info ][gc,marking  ] GC(2) Concurrent Scan Root Regions 4.794ms
[2025-01-31T09:56:51.137+0000][8776][info ][gc,marking  ] GC(2) Concurrent Mark
[2025-01-31T09:56:51.137+0000][8776][info ][gc,marking  ] GC(2) Concurrent Mark From Roots
[2025-01-31T09:56:51.137+0000][8776][info ][gc,task     ] GC(2) Using 3 workers of 3 for marking
[2025-01-31T09:56:51.137+0000][8776][info ][gc,marking  ] GC(2) Concurrent Mark From Roots 0.418ms
[2025-01-31T09:56:51.137+0000][8776][info ][gc,marking  ] GC(2) Concurrent Preclean
[2025-01-31T09:56:51.137+0000][8776][info ][gc,marking  ] GC(2) Concurrent Preclean 0.026ms
[2025-01-31T09:56:51.137+0000][8776][info ][gc,start    ] GC(2) Pause Remark
[2025-01-31T09:56:51.137+0000][8776][info ][gc          ] GC(2) Pause Remark 19M->19M(4008M) 3.035ms
[2025-01-31T09:56:51.137+0000][8776][info ][gc,cpu      ] GC(2) User=0.00s Sys=0.00s Real=0.00s
[2025-01-31T09:56:51.137+0000][8776][info ][safepoint   ] Safepoint "G1PauseRemark", Time since last: 5427900 ns, Reaching safepoint: 18500 ns, At safepoint: 3196900 ns, Total: 3215400 ns
[2025-01-31T09:56:51.137+0000][8776][info ][gc,marking  ] GC(2) Concurrent Mark 3.987ms
[2025-01-31T09:56:51.137+0000][8776][info ][gc,marking  ] GC(2) Concurrent Rebuild Remembered Sets and Scrub Regions
[2025-01-31T09:56:51.137+0000][8776][info ][gc,marking  ] GC(2) Concurrent Rebuild Remembered Sets and Scrub Regions 0.188ms
[2025-01-31T09:56:51.137+0000][8776][info ][gc,start    ] GC(2) Pause Cleanup
[2025-01-31T09:56:51.137+0000][8776][info ][gc          ] GC(2) Pause Cleanup 19M->19M(4008M) 0.054ms
[2025-01-31T09:56:51.137+0000][8776][info ][gc,cpu      ] GC(2) User=0.00s Sys=0.00s Real=0.00s
[2025-01-31T09:56:51.137+0000][8776][info ][safepoint   ] Safepoint "G1PauseCleanup", Time since last: 494200 ns, Reaching safepoint: 16500 ns, At safepoint: 130400 ns, Total: 146900 ns
[2025-01-31T09:56:51.137+0000][8776][info ][gc,marking  ] GC(2) Concurrent Clear Claimed Marks
[2025-01-31T09:56:51.137+0000][8776][info ][gc,marking  ] GC(2) Concurrent Clear Claimed Marks 0.081ms
[2025-01-31T09:56:51.137+0000][8776][info ][gc,marking  ] GC(2) Concurrent Cleanup for Next Mark
[2025-01-31T09:56:51.137+0000][8776][info ][gc,marking  ] GC(2) Concurrent Cleanup for Next Mark 5.239ms
[2025-01-31T09:56:51.137+0000][8776][info ][gc          ] GC(2) Concurrent Mark Cycle 15.115ms
[2025-01-31T09:56:52.461+0000][8776][info ][gc,start    ] GC(3) Pause Young (Normal) (G1 Evacuation Pause)
[2025-01-31T09:56:52.461+0000][8776][info ][gc,task     ] GC(3) Using 10 workers of 10 for evacuation
[2025-01-31T09:56:52.461+0000][8776][debug][gc,age      ] GC(3) Desired survivor size 14680064 bytes, new threshold 2 (max threshold 15)
[2025-01-31T09:56:52.476+0000][8776][info ][gc,phases   ] GC(3)   Pre Evacuate Collection Set: 0.39ms
[2025-01-31T09:56:52.476+0000][8776][info ][gc,phases   ] GC(3)   Merge Heap Roots: 0.14ms
[2025-01-31T09:56:52.476+0000][8776][info ][gc,phases   ] GC(3)   Evacuate Collection Set: 12.49ms
[2025-01-31T09:56:52.476+0000][8776][info ][gc,phases   ] GC(3)   Post Evacuate Collection Set: 1.87ms
[2025-01-31T09:56:52.476+0000][8776][info ][gc,phases   ] GC(3)   Other: 0.13ms
[2025-01-31T09:56:52.476+0000][8776][trace][gc,age      ] GC(3) Age table:
[2025-01-31T09:56:52.476+0000][8776][trace][gc,age      ] GC(3) - age   1:    2685680 bytes,    2685680 total
[2025-01-31T09:56:52.476+0000][8776][trace][gc,age      ] GC(3) - age   2:     435080 bytes,    3120760 total
[2025-01-31T09:56:52.476+0000][8776][info ][gc,heap     ] GC(3) Eden regions: 45->0(49)
[2025-01-31T09:56:52.476+0000][8776][info ][gc,heap     ] GC(3) Survivor regions: 5->1(7)
[2025-01-31T09:56:52.476+0000][8776][info ][gc,heap     ] GC(3) Old regions: 0->4
[2025-01-31T09:56:52.476+0000][8776][info ][gc,heap     ] GC(3) Humongous regions: 0->0
[2025-01-31T09:56:52.476+0000][8776][info ][gc,metaspace] GC(3) Metaspace: 23203K(24000K)->23203K(24000K) NonClass: 20574K(21056K)->20574K(21056K) Class: 2629K(2944K)->2629K(2944K)
[2025-01-31T09:56:52.476+0000][8776][info ][gc          ] GC(3) Pause Young (Normal) (G1 Evacuation Pause) 197M->17M(4008M) 15.425ms
[2025-01-31T09:56:52.476+0000][8776][info ][gc,cpu      ] GC(3) User=0.02s Sys=0.02s Real=0.02s
[2025-01-31T09:56:52.476+0000][8776][info ][safepoint   ] Safepoint "G1CollectForAllocation", Time since last: 1328682800 ns, Reaching safepoint: 5100 ns, At safepoint: 15509400 ns, Total: 15514500 ns
[2025-01-31T09:56:53.772+0000][8776][info ][gc,start    ] GC(4) Pause Young (Normal) (G1 Evacuation Pause)
[2025-01-31T09:56:53.772+0000][8776][info ][gc,task     ] GC(4) Using 10 workers of 10 for evacuation
[2025-01-31T09:56:53.772+0000][8776][debug][gc,age      ] GC(4) Desired survivor size 14680064 bytes, new threshold 15 (max threshold 15)
[2025-01-31T09:56:53.787+0000][8776][info ][gc,phases   ] GC(4)   Pre Evacuate Collection Set: 0.23ms
[2025-01-31T09:56:53.787+0000][8776][info ][gc,phases   ] GC(4)   Merge Heap Roots: 0.09ms
[2025-01-31T09:56:53.787+0000][8776][info ][gc,phases   ] GC(4)   Evacuate Collection Set: 3.01ms
[2025-01-31T09:56:53.787+0000][8776][info ][gc,phases   ] GC(4)   Post Evacuate Collection Set: 0.69ms
[2025-01-31T09:56:53.787+0000][8776][info ][gc,phases   ] GC(4)   Other: 0.16ms
[2025-01-31T09:56:53.787+0000][8776][trace][gc,age      ] GC(4) Age table:
[2025-01-31T09:56:53.787+0000][8776][trace][gc,age      ] GC(4) - age   1:    4780408 bytes,    4780408 total
[2025-01-31T09:56:53.787+0000][8776][trace][gc,age      ] GC(4) - age   2:    2156856 bytes,    6937264 total
[2025-01-31T09:56:53.787+0000][8776][trace][gc,age      ] GC(4) - age   3:     433600 bytes,    7370864 total
[2025-01-31T09:56:53.787+0000][8776][info ][gc,heap     ] GC(4) Eden regions: 49->0(48)
[2025-01-31T09:56:53.787+0000][8776][info ][gc,heap     ] GC(4) Survivor regions: 1->2(7)
[2025-01-31T09:56:53.787+0000][8776][info ][gc,heap     ] GC(4) Old regions: 4->4
[2025-01-31T09:56:53.787+0000][8776][info ][gc,heap     ] GC(4) Humongous regions: 0->0
[2025-01-31T09:56:53.787+0000][8776][info ][gc,metaspace] GC(4) Metaspace: 28559K(29440K)->28559K(29440K) NonClass: 25343K(25856K)->25343K(25856K) Class: 3216K(3584K)->3216K(3584K)
[2025-01-31T09:56:53.787+0000][8776][info ][gc          ] GC(4) Pause Young (Normal) (G1 Evacuation Pause) 213M->21M(4008M) 4.600ms
[2025-01-31T09:56:53.787+0000][8776][info ][gc,cpu      ] GC(4) User=0.02s Sys=0.02s Real=0.01s
[2025-01-31T09:56:53.787+0000][8776][info ][safepoint   ] Safepoint "G1CollectForAllocation", Time since last: 1297550700 ns, Reaching safepoint: 5500 ns, At safepoint: 4705200 ns, Total: 4710700 ns
[2025-01-31T09:56:54.942+0000][8776][info ][gc,start    ] GC(5) Pause Young (Normal) (G1 Evacuation Pause)
[2025-01-31T09:56:54.942+0000][8776][info ][gc,task     ] GC(5) Using 10 workers of 10 for evacuation
[2025-01-31T09:56:54.942+0000][8776][debug][gc,age      ] GC(5) Desired survivor size 14680064 bytes, new threshold 15 (max threshold 15)
[2025-01-31T09:56:54.952+0000][8776][info ][gc,phases   ] GC(5)   Pre Evacuate Collection Set: 0.54ms
[2025-01-31T09:56:54.952+0000][8776][info ][gc,phases   ] GC(5)   Merge Heap Roots: 0.12ms
[2025-01-31T09:56:54.952+0000][8776][info ][gc,phases   ] GC(5)   Evacuate Collection Set: 5.23ms
[2025-01-31T09:56:54.952+0000][8776][info ][gc,phases   ] GC(5)   Post Evacuate Collection Set: 0.98ms
[2025-01-31T09:56:54.952+0000][8776][info ][gc,phases   ] GC(5)   Other: 0.15ms
[2025-01-31T09:56:54.957+0000][8776][trace][gc,age      ] GC(5) Age table:
[2025-01-31T09:56:54.957+0000][8776][trace][gc,age      ] GC(5) - age   1:    4921912 bytes,    4921912 total
[2025-01-31T09:56:54.957+0000][8776][trace][gc,age      ] GC(5) - age   2:    2998496 bytes,    7920408 total
[2025-01-31T09:56:54.957+0000][8776][trace][gc,age      ] GC(5) - age   3:    2153904 bytes,   10074312 total
[2025-01-31T09:56:54.957+0000][8776][trace][gc,age      ] GC(5) - age   4:     433600 bytes,   10507912 total
[2025-01-31T09:56:54.957+0000][8776][info ][gc,heap     ] GC(5) Eden regions: 48->0(70)
[2025-01-31T09:56:54.957+0000][8776][info ][gc,heap     ] GC(5) Survivor regions: 2->3(7)
[2025-01-31T09:56:54.957+0000][8776][info ][gc,heap     ] GC(5) Old regions: 4->4
[2025-01-31T09:56:54.957+0000][8776][info ][gc,heap     ] GC(5) Humongous regions: 0->0
[2025-01-31T09:56:54.957+0000][8776][info ][gc,metaspace] GC(5) Metaspace: 29578K(30592K)->29578K(30592K) NonClass: 26189K(26752K)->26189K(26752K) Class: 3388K(3840K)->3388K(3840K)
[2025-01-31T09:56:54.957+0000][8776][info ][gc          ] GC(5) Pause Young (Normal) (G1 Evacuation Pause) 213M->24M(4008M) 7.439ms
[2025-01-31T09:56:54.957+0000][8776][info ][gc,cpu      ] GC(5) User=0.00s Sys=0.02s Real=0.02s
[2025-01-31T09:56:54.957+0000][8776][info ][safepoint   ] Safepoint "G1CollectForAllocation", Time since last: 1160652700 ns, Reaching safepoint: 8600 ns, At safepoint: 7509600 ns, Total: 7518200 ns
[2025-01-31T09:56:55.574+0000][8776][info ][gc,start    ] GC(6) Pause Young (Normal) (G1 Evacuation Pause)
[2025-01-31T09:56:55.574+0000][8776][info ][gc,task     ] GC(6) Using 10 workers of 10 for evacuation
[2025-01-31T09:56:55.574+0000][8776][debug][gc,age      ] GC(6) Desired survivor size 20971520 bytes, new threshold 15 (max threshold 15)
[2025-01-31T09:56:55.589+0000][8776][info ][gc,phases   ] GC(6)   Pre Evacuate Collection Set: 0.44ms
[2025-01-31T09:56:55.589+0000][8776][info ][gc,phases   ] GC(6)   Merge Heap Roots: 0.17ms
[2025-01-31T09:56:55.589+0000][8776][info ][gc,phases   ] GC(6)   Evacuate Collection Set: 6.49ms
[2025-01-31T09:56:55.589+0000][8776][info ][gc,phases   ] GC(6)   Post Evacuate Collection Set: 1.02ms
[2025-01-31T09:56:55.589+0000][8776][info ][gc,phases   ] GC(6)   Other: 0.28ms
[2025-01-31T09:56:55.589+0000][8776][trace][gc,age      ] GC(6) Age table:
[2025-01-31T09:56:55.589+0000][8776][trace][gc,age      ] GC(6) - age   1:    3973304 bytes,    3973304 total
[2025-01-31T09:56:55.589+0000][8776][trace][gc,age      ] GC(6) - age   2:    2766088 bytes,    6739392 total
[2025-01-31T09:56:55.589+0000][8776][trace][gc,age      ] GC(6) - age   3:    2998432 bytes,    9737824 total
[2025-01-31T09:56:55.589+0000][8776][trace][gc,age      ] GC(6) - age   4:    2153376 bytes,   11891200 total
[2025-01-31T09:56:55.589+0000][8776][trace][gc,age      ] GC(6) - age   5:     433600 bytes,   12324800 total
[2025-01-31T09:56:55.589+0000][8776][info ][gc,heap     ] GC(6) Eden regions: 70->0(64)
[2025-01-31T09:56:55.589+0000][8776][info ][gc,heap     ] GC(6) Survivor regions: 3->4(10)
[2025-01-31T09:56:55.589+0000][8776][info ][gc,heap     ] GC(6) Old regions: 4->4
[2025-01-31T09:56:55.589+0000][8776][info ][gc,heap     ] GC(6) Humongous regions: 0->0
[2025-01-31T09:56:55.589+0000][8776][info ][gc,metaspace] GC(6) Metaspace: 30007K(31040K)->30007K(31040K) NonClass: 26573K(27136K)->26573K(27136K) Class: 3433K(3904K)->3433K(3904K)
[2025-01-31T09:56:55.589+0000][8776][info ][gc          ] GC(6) Pause Young (Normal) (G1 Evacuation Pause) 304M->26M(4008M) 8.976ms
[2025-01-31T09:56:55.589+0000][8776][info ][gc,cpu      ] GC(6) User=0.00s Sys=0.02s Real=0.02s
[2025-01-31T09:56:55.589+0000][8776][info ][safepoint   ] Safepoint "G1CollectForAllocation", Time since last: 629039700 ns, Reaching safepoint: 13400 ns, At safepoint: 9076400 ns, Total: 9089800 ns
[2025-01-31T09:56:56.111+0000][8776][info ][gc,start    ] GC(7) Pause Young (Normal) (G1 Evacuation Pause)
[2025-01-31T09:56:56.111+0000][8776][info ][gc,task     ] GC(7) Using 10 workers of 10 for evacuation
[2025-01-31T09:56:56.111+0000][8776][debug][gc,age      ] GC(7) Desired survivor size 18874368 bytes, new threshold 15 (max threshold 15)
[2025-01-31T09:56:56.111+0000][8776][info ][gc,phases   ] GC(7)   Pre Evacuate Collection Set: 0.40ms
[2025-01-31T09:56:56.111+0000][8776][info ][gc,phases   ] GC(7)   Merge Heap Roots: 0.15ms
[2025-01-31T09:56:56.117+0000][8776][info ][gc,phases   ] GC(7)   Evacuate Collection Set: 4.61ms
[2025-01-31T09:56:56.117+0000][8776][info ][gc,phases   ] GC(7)   Post Evacuate Collection Set: 0.86ms
[2025-01-31T09:56:56.117+0000][8776][info ][gc,phases   ] GC(7)   Other: 0.16ms
[2025-01-31T09:56:56.117+0000][8776][trace][gc,age      ] GC(7) Age table:
[2025-01-31T09:56:56.117+0000][8776][trace][gc,age      ] GC(7) - age   1:    3143736 bytes,    3143736 total
[2025-01-31T09:56:56.117+0000][8776][trace][gc,age      ] GC(7) - age   2:    2063296 bytes,    5207032 total
[2025-01-31T09:56:56.117+0000][8776][trace][gc,age      ] GC(7) - age   3:    2766056 bytes,    7973088 total
[2025-01-31T09:56:56.117+0000][8776][trace][gc,age      ] GC(7) - age   4:    2998144 bytes,   10971232 total
[2025-01-31T09:56:56.117+0000][8776][trace][gc,age      ] GC(7) - age   5:    2153224 bytes,   13124456 total
[2025-01-31T09:56:56.117+0000][8776][trace][gc,age      ] GC(7) - age   6:     433600 bytes,   13558056 total
[2025-01-31T09:56:56.117+0000][8776][info ][gc,heap     ] GC(7) Eden regions: 64->0(92)
[2025-01-31T09:56:56.117+0000][8776][info ][gc,heap     ] GC(7) Survivor regions: 4->4(9)
[2025-01-31T09:56:56.117+0000][8776][info ][gc,heap     ] GC(7) Old regions: 4->4
[2025-01-31T09:56:56.117+0000][8776][info ][gc,heap     ] GC(7) Humongous regions: 0->0
[2025-01-31T09:56:56.117+0000][8776][info ][gc,metaspace] GC(7) Metaspace: 30415K(31424K)->30415K(31424K) NonClass: 26927K(27520K)->26927K(27520K) Class: 3487K(3904K)->3487K(3904K)
[2025-01-31T09:56:56.117+0000][8776][info ][gc          ] GC(7) Pause Young (Normal) (G1 Evacuation Pause) 282M->27M(4008M) 6.802ms
[2025-01-31T09:56:56.117+0000][8776][info ][gc,cpu      ] GC(7) User=0.00s Sys=0.00s Real=0.01s
[2025-01-31T09:56:56.117+0000][8776][info ][safepoint   ] Safepoint "G1CollectForAllocation", Time since last: 515112400 ns, Reaching safepoint: 10100 ns, At safepoint: 6941700 ns, Total: 6951800 ns
[2025-01-31T09:56:57.201+0000][8776][info ][gc,start    ] GC(8) Pause Young (Concurrent Start) (Metadata GC Threshold)
[2025-01-31T09:56:57.201+0000][8776][info ][gc,task     ] GC(8) Using 10 workers of 10 for evacuation
[2025-01-31T09:56:57.201+0000][8776][debug][gc,age      ] GC(8) Desired survivor size 25165824 bytes, new threshold 15 (max threshold 15)
[2025-01-31T09:56:57.219+0000][8776][info ][gc,phases   ] GC(8)   Pre Evacuate Collection Set: 0.54ms
[2025-01-31T09:56:57.219+0000][8776][info ][gc,phases   ] GC(8)   Merge Heap Roots: 0.11ms
[2025-01-31T09:56:57.219+0000][8776][info ][gc,phases   ] GC(8)   Evacuate Collection Set: 6.89ms
[2025-01-31T09:56:57.219+0000][8776][info ][gc,phases   ] GC(8)   Post Evacuate Collection Set: 0.86ms
[2025-01-31T09:56:57.219+0000][8776][info ][gc,phases   ] GC(8)   Other: 0.32ms
[2025-01-31T09:56:57.219+0000][8776][trace][gc,age      ] GC(8) Age table:
[2025-01-31T09:56:57.219+0000][8776][trace][gc,age      ] GC(8) - age   1:    4402800 bytes,    4402800 total
[2025-01-31T09:56:57.219+0000][8776][trace][gc,age      ] GC(8) - age   2:     865592 bytes,    5268392 total
[2025-01-31T09:56:57.219+0000][8776][trace][gc,age      ] GC(8) - age   3:    2063264 bytes,    7331656 total
[2025-01-31T09:56:57.219+0000][8776][trace][gc,age      ] GC(8) - age   4:    2759992 bytes,   10091648 total
[2025-01-31T09:56:57.219+0000][8776][trace][gc,age      ] GC(8) - age   5:    2997808 bytes,   13089456 total
[2025-01-31T09:56:57.219+0000][8776][trace][gc,age      ] GC(8) - age   6:    2152056 bytes,   15241512 total
[2025-01-31T09:56:57.219+0000][8776][trace][gc,age      ] GC(8) - age   7:     433600 bytes,   15675112 total
[2025-01-31T09:56:57.219+0000][8776][info ][gc,heap     ] GC(8) Eden regions: 60->0(125)
[2025-01-31T09:56:57.219+0000][8776][info ][gc,heap     ] GC(8) Survivor regions: 4->5(12)
[2025-01-31T09:56:57.219+0000][8776][info ][gc,heap     ] GC(8) Old regions: 4->4
[2025-01-31T09:56:57.219+0000][8776][info ][gc,heap     ] GC(8) Humongous regions: 0->0
[2025-01-31T09:56:57.219+0000][8776][info ][gc,metaspace] GC(8) Metaspace: 34981K(35968K)->34981K(35968K) NonClass: 31018K(31552K)->31018K(31552K) Class: 3962K(4416K)->3962K(4416K)
[2025-01-31T09:56:57.219+0000][8776][info ][gc          ] GC(8) Pause Young (Concurrent Start) (Metadata GC Threshold) 266M->30M(4008M) 9.378ms
[2025-01-31T09:56:57.219+0000][8776][info ][gc,cpu      ] GC(8) User=0.02s Sys=0.00s Real=0.02s
[2025-01-31T09:56:57.219+0000][8776][info ][gc          ] GC(9) Concurrent Mark Cycle
[2025-01-31T09:56:57.219+0000][8776][info ][safepoint   ] Safepoint "CollectForMetadataAllocation", Time since last: 1094668300 ns, Reaching safepoint: 18400 ns, At safepoint: 9589600 ns, Total: 9608000 ns
[2025-01-31T09:56:57.219+0000][8776][info ][gc,marking  ] GC(9) Concurrent Scan Root Regions
[2025-01-31T09:56:57.219+0000][8776][info ][gc,marking  ] GC(9) Concurrent Scan Root Regions 3.090ms
[2025-01-31T09:56:57.219+0000][8776][info ][gc,marking  ] GC(9) Concurrent Mark
[2025-01-31T09:56:57.219+0000][8776][info ][gc,marking  ] GC(9) Concurrent Mark From Roots
[2025-01-31T09:56:57.219+0000][8776][info ][gc,task     ] GC(9) Using 3 workers of 3 for marking
[2025-01-31T09:56:57.233+0000][8776][info ][gc,marking  ] GC(9) Concurrent Mark From Roots 9.685ms
[2025-01-31T09:56:57.233+0000][8776][info ][gc,marking  ] GC(9) Concurrent Preclean
[2025-01-31T09:56:57.233+0000][8776][info ][gc,marking  ] GC(9) Concurrent Preclean 0.069ms
[2025-01-31T09:56:57.233+0000][8776][info ][gc,start    ] GC(9) Pause Remark
[2025-01-31T09:56:57.233+0000][8776][info ][gc          ] GC(9) Pause Remark 32M->32M(4008M) 5.694ms
[2025-01-31T09:56:57.233+0000][8776][info ][gc,cpu      ] GC(9) User=0.00s Sys=0.00s Real=0.00s
[2025-01-31T09:56:57.233+0000][8776][info ][safepoint   ] Safepoint "G1PauseRemark", Time since last: 13144300 ns, Reaching safepoint: 24200 ns, At safepoint: 5827700 ns, Total: 5851900 ns
[2025-01-31T09:56:57.233+0000][8776][info ][gc,marking  ] GC(9) Concurrent Mark 15.911ms
[2025-01-31T09:56:57.233+0000][8776][info ][gc,marking  ] GC(9) Concurrent Rebuild Remembered Sets and Scrub Regions
[2025-01-31T09:56:57.233+0000][8776][info ][gc,marking  ] GC(9) Concurrent Rebuild Remembered Sets and Scrub Regions 3.178ms
[2025-01-31T09:56:57.233+0000][8776][info ][gc,start    ] GC(9) Pause Cleanup
[2025-01-31T09:56:57.233+0000][8776][info ][gc          ] GC(9) Pause Cleanup 32M->32M(4008M) 0.078ms
[2025-01-31T09:56:57.233+0000][8776][info ][gc,cpu      ] GC(9) User=0.00s Sys=0.00s Real=0.00s
[2025-01-31T09:56:57.233+0000][8776][info ][safepoint   ] Safepoint "G1PauseCleanup", Time since last: 3490900 ns, Reaching safepoint: 15900 ns, At safepoint: 138500 ns, Total: 154400 ns
[2025-01-31T09:56:57.233+0000][8776][info ][gc,marking  ] GC(9) Concurrent Clear Claimed Marks
[2025-01-31T09:56:57.233+0000][8776][info ][gc,marking  ] GC(9) Concurrent Clear Claimed Marks 0.093ms
[2025-01-31T09:56:57.233+0000][8776][info ][gc,marking  ] GC(9) Concurrent Cleanup for Next Mark
[2025-01-31T09:56:57.233+0000][8776][info ][gc,marking  ] GC(9) Concurrent Cleanup for Next Mark 3.143ms
[2025-01-31T09:56:57.233+0000][8776][info ][gc          ] GC(9) Concurrent Mark Cycle 26.071ms
[2025-01-31T09:56:58.766+0000][8776][info ][gc,start    ] GC(10) Pause Young (Normal) (G1 Evacuation Pause)
[2025-01-31T09:56:58.766+0000][8776][info ][gc,task     ] GC(10) Using 10 workers of 10 for evacuation
[2025-01-31T09:56:58.766+0000][8776][debug][gc,age      ] GC(10) Desired survivor size 35651584 bytes, new threshold 15 (max threshold 15)
[2025-01-31T09:56:58.782+0000][8776][info ][gc,phases   ] GC(10)   Pre Evacuate Collection Set: 0.32ms
[2025-01-31T09:56:58.782+0000][8776][info ][gc,phases   ] GC(10)   Merge Heap Roots: 0.13ms
[2025-01-31T09:56:58.782+0000][8776][info ][gc,phases   ] GC(10)   Evacuate Collection Set: 12.29ms
[2025-01-31T09:56:58.782+0000][8776][info ][gc,phases   ] GC(10)   Post Evacuate Collection Set: 1.33ms
[2025-01-31T09:56:58.782+0000][8776][info ][gc,phases   ] GC(10)   Other: 0.14ms
[2025-01-31T09:56:58.782+0000][8776][trace][gc,age      ] GC(10) Age table:
[2025-01-31T09:56:58.782+0000][8776][trace][gc,age      ] GC(10) - age   1:    6753872 bytes,    6753872 total
[2025-01-31T09:56:58.782+0000][8776][trace][gc,age      ] GC(10) - age   2:    4287648 bytes,   11041520 total
[2025-01-31T09:56:58.782+0000][8776][trace][gc,age      ] GC(10) - age   3:     864768 bytes,   11906288 total
[2025-01-31T09:56:58.782+0000][8776][trace][gc,age      ] GC(10) - age   4:    2061936 bytes,   13968224 total
[2025-01-31T09:56:58.782+0000][8776][trace][gc,age      ] GC(10) - age   5:    2755608 bytes,   16723832 total
[2025-01-31T09:56:58.782+0000][8776][trace][gc,age      ] GC(10) - age   6:    2997400 bytes,   19721232 total
[2025-01-31T09:56:58.782+0000][8776][trace][gc,age      ] GC(10) - age   7:    2151144 bytes,   21872376 total
[2025-01-31T09:56:58.782+0000][8776][trace][gc,age      ] GC(10) - age   8:     427600 bytes,   22299976 total
[2025-01-31T09:56:58.782+0000][8776][info ][gc,heap     ] GC(10) Eden regions: 125->0(108)
[2025-01-31T09:56:58.782+0000][8776][info ][gc,heap     ] GC(10) Survivor regions: 5->6(17)
[2025-01-31T09:56:58.782+0000][8776][info ][gc,heap     ] GC(10) Old regions: 4->4
[2025-01-31T09:56:58.782+0000][8776][info ][gc,heap     ] GC(10) Humongous regions: 0->0
[2025-01-31T09:56:58.782+0000][8776][info ][gc,metaspace] GC(10) Metaspace: 38297K(39424K)->38297K(39424K) NonClass: 33861K(34496K)->33861K(34496K) Class: 4435K(4928K)->4435K(4928K)
[2025-01-31T09:56:58.782+0000][8776][info ][gc          ] GC(10) Pause Young (Normal) (G1 Evacuation Pause) 530M->37M(4008M) 14.754ms
[2025-01-31T09:56:58.782+0000][8776][info ][gc,cpu      ] GC(10) User=0.02s Sys=0.00s Real=0.02s
[2025-01-31T09:56:58.782+0000][8776][info ][safepoint   ] Safepoint "G1CollectForAllocation", Time since last: 1529842300 ns, Reaching safepoint: 6700 ns, At safepoint: 14842100 ns, Total: 14848800 ns
[2025-01-31T09:56:59.948+0000][8776][info ][gc,start    ] GC(11) Pause Young (Normal) (G1 Evacuation Pause)
[2025-01-31T09:56:59.948+0000][8776][info ][gc,task     ] GC(11) Using 10 workers of 10 for evacuation
[2025-01-31T09:56:59.948+0000][8776][debug][gc,age      ] GC(11) Desired survivor size 31457280 bytes, new threshold 15 (max threshold 15)
[2025-01-31T09:56:59.953+0000][8776][info ][gc,phases   ] GC(11)   Pre Evacuate Collection Set: 0.35ms
[2025-01-31T09:56:59.953+0000][8776][info ][gc,phases   ] GC(11)   Merge Heap Roots: 0.12ms
[2025-01-31T09:56:59.953+0000][8776][info ][gc,phases   ] GC(11)   Evacuate Collection Set: 9.82ms
[2025-01-31T09:56:59.953+0000][8776][info ][gc,phases   ] GC(11)   Post Evacuate Collection Set: 1.25ms
[2025-01-31T09:56:59.953+0000][8776][info ][gc,phases   ] GC(11)   Other: 0.22ms
[2025-01-31T09:56:59.953+0000][8776][trace][gc,age      ] GC(11) Age table:
[2025-01-31T09:56:59.953+0000][8776][trace][gc,age      ] GC(11) - age   1:    6057600 bytes,    6057600 total
[2025-01-31T09:56:59.953+0000][8776][trace][gc,age      ] GC(11) - age   2:    6259744 bytes,   12317344 total
[2025-01-31T09:56:59.953+0000][8776][trace][gc,age      ] GC(11) - age   3:    4285488 bytes,   16602832 total
[2025-01-31T09:56:59.953+0000][8776][trace][gc,age      ] GC(11) - age   4:     864640 bytes,   17467472 total
[2025-01-31T09:56:59.953+0000][8776][trace][gc,age      ] GC(11) - age   5:    2061904 bytes,   19529376 total
[2025-01-31T09:56:59.953+0000][8776][trace][gc,age      ] GC(11) - age   6:    2755512 bytes,   22284888 total
[2025-01-31T09:56:59.953+0000][8776][trace][gc,age      ] GC(11) - age   7:    2995672 bytes,   25280560 total
[2025-01-31T09:56:59.953+0000][8776][trace][gc,age      ] GC(11) - age   8:    2149992 bytes,   27430552 total
[2025-01-31T09:56:59.953+0000][8776][trace][gc,age      ] GC(11) - age   9:     408992 bytes,   27839544 total
[2025-01-31T09:56:59.953+0000][8776][info ][gc,heap     ] GC(11) Eden regions: 108->0(154)
[2025-01-31T09:56:59.953+0000][8776][info ][gc,heap     ] GC(11) Survivor regions: 6->8(15)
[2025-01-31T09:56:59.953+0000][8776][info ][gc,heap     ] GC(11) Old regions: 4->4
[2025-01-31T09:56:59.953+0000][8776][info ][gc,heap     ] GC(11) Humongous regions: 0->0
[2025-01-31T09:56:59.953+0000][8776][info ][gc,metaspace] GC(11) Metaspace: 39011K(40192K)->39011K(40192K) NonClass: 34476K(35200K)->34476K(35200K) Class: 4534K(4992K)->4534K(4992K)
[2025-01-31T09:56:59.953+0000][8776][info ][gc          ] GC(11) Pause Young (Normal) (G1 Evacuation Pause) 469M->44M(4008M) 12.405ms
[2025-01-31T09:56:59.953+0000][8776][info ][gc,cpu      ] GC(11) User=0.00s Sys=0.00s Real=0.01s
[2025-01-31T09:56:59.953+0000][8776][info ][safepoint   ] Safepoint "G1CollectForAllocation", Time since last: 1159334600 ns, Reaching safepoint: 14100 ns, At safepoint: 12505500 ns, Total: 12519600 ns
[2025-01-31T09:57:03.307+0000][8776][info ][gc,start    ] GC(12) Pause Young (Normal) (G1 Evacuation Pause)
[2025-01-31T09:57:03.307+0000][8776][info ][gc,task     ] GC(12) Using 10 workers of 10 for evacuation
[2025-01-31T09:57:03.307+0000][8776][debug][gc,age      ] GC(12) Desired survivor size 44040192 bytes, new threshold 15 (max threshold 15)
[2025-01-31T09:57:03.339+0000][8776][info ][gc,phases   ] GC(12)   Pre Evacuate Collection Set: 0.49ms
[2025-01-31T09:57:03.339+0000][8776][info ][gc,phases   ] GC(12)   Merge Heap Roots: 0.17ms
[2025-01-31T09:57:03.339+0000][8776][info ][gc,phases   ] GC(12)   Evacuate Collection Set: 19.04ms
[2025-01-31T09:57:03.339+0000][8776][info ][gc,phases   ] GC(12)   Post Evacuate Collection Set: 2.11ms
[2025-01-31T09:57:03.339+0000][8776][info ][gc,phases   ] GC(12)   Other: 0.26ms
[2025-01-31T09:57:03.339+0000][8776][trace][gc,age      ] GC(12) Age table:
[2025-01-31T09:57:03.339+0000][8776][trace][gc,age      ] GC(12) - age   1:    7446112 bytes,    7446112 total
[2025-01-31T09:57:03.339+0000][8776][trace][gc,age      ] GC(12) - age   2:    4183544 bytes,   11629656 total
[2025-01-31T09:57:03.339+0000][8776][trace][gc,age      ] GC(12) - age   3:    6213784 bytes,   17843440 total
[2025-01-31T09:57:03.339+0000][8776][trace][gc,age      ] GC(12) - age   4:    4267440 bytes,   22110880 total
[2025-01-31T09:57:03.339+0000][8776][trace][gc,age      ] GC(12) - age   5:     858360 bytes,   22969240 total
[2025-01-31T09:57:03.339+0000][8776][trace][gc,age      ] GC(12) - age   6:    2051736 bytes,   25020976 total
[2025-01-31T09:57:03.339+0000][8776][trace][gc,age      ] GC(12) - age   7:    2745160 bytes,   27766136 total
[2025-01-31T09:57:03.339+0000][8776][trace][gc,age      ] GC(12) - age   8:    2987992 bytes,   30754128 total
[2025-01-31T09:57:03.339+0000][8776][trace][gc,age      ] GC(12) - age   9:    1953136 bytes,   32707264 total
[2025-01-31T09:57:03.339+0000][8776][trace][gc,age      ] GC(12) - age  10:     408640 bytes,   33115904 total
[2025-01-31T09:57:03.339+0000][8776][info ][gc,heap     ] GC(12) Eden regions: 154->0(160)
[2025-01-31T09:57:03.339+0000][8776][info ][gc,heap     ] GC(12) Survivor regions: 8->10(21)
[2025-01-31T09:57:03.339+0000][8776][info ][gc,heap     ] GC(12) Old regions: 4->4
[2025-01-31T09:57:03.339+0000][8776][info ][gc,heap     ] GC(12) Humongous regions: 0->0
[2025-01-31T09:57:03.339+0000][8776][info ][gc,metaspace] GC(12) Metaspace: 45565K(46976K)->45565K(46976K) NonClass: 40068K(40896K)->40068K(40896K) Class: 5496K(6080K)->5496K(6080K)
[2025-01-31T09:57:03.339+0000][8776][info ][gc          ] GC(12) Pause Young (Normal) (G1 Evacuation Pause) 660M->50M(4008M) 23.000ms
[2025-01-31T09:57:03.339+0000][8776][info ][gc,cpu      ] GC(12) User=0.11s Sys=0.02s Real=0.03s
[2025-01-31T09:57:03.339+0000][8776][info ][safepoint   ] Safepoint "G1CollectForAllocation", Time since last: 3358106200 ns, Reaching safepoint: 11000 ns, At safepoint: 23116600 ns, Total: 23127600 ns
[2025-01-31T09:57:05.262+0000][8776][info ][gc,start    ] GC(13) Pause Young (Concurrent Start) (Metadata GC Threshold)
[2025-01-31T09:57:05.262+0000][8776][info ][gc,task     ] GC(13) Using 10 workers of 10 for evacuation
[2025-01-31T09:57:05.262+0000][8776][debug][gc,age      ] GC(13) Desired survivor size 46137344 bytes, new threshold 15 (max threshold 15)
[2025-01-31T09:57:05.287+0000][8776][info ][gc,phases   ] GC(13)   Pre Evacuate Collection Set: 0.46ms
[2025-01-31T09:57:05.287+0000][8776][info ][gc,phases   ] GC(13)   Merge Heap Roots: 0.13ms
[2025-01-31T09:57:05.287+0000][8776][info ][gc,phases   ] GC(13)   Evacuate Collection Set: 23.00ms
[2025-01-31T09:57:05.287+0000][8776][info ][gc,phases   ] GC(13)   Post Evacuate Collection Set: 1.92ms
[2025-01-31T09:57:05.287+0000][8776][info ][gc,phases   ] GC(13)   Other: 0.22ms
[2025-01-31T09:57:05.287+0000][8776][trace][gc,age      ] GC(13) Age table:
[2025-01-31T09:57:05.287+0000][8776][trace][gc,age      ] GC(13) - age   1:    2977552 bytes,    2977552 total
[2025-01-31T09:57:05.287+0000][8776][trace][gc,age      ] GC(13) - age   2:    7149456 bytes,   10127008 total
[2025-01-31T09:57:05.287+0000][8776][trace][gc,age      ] GC(13) - age   3:    4179560 bytes,   14306568 total
[2025-01-31T09:57:05.287+0000][8776][trace][gc,age      ] GC(13) - age   4:    6209888 bytes,   20516456 total
[2025-01-31T09:57:05.287+0000][8776][trace][gc,age      ] GC(13) - age   5:    4266888 bytes,   24783344 total
[2025-01-31T09:57:05.287+0000][8776][trace][gc,age      ] GC(13) - age   6:     858360 bytes,   25641704 total
[2025-01-31T09:57:05.287+0000][8776][trace][gc,age      ] GC(13) - age   7:    2051032 bytes,   27692736 total
[2025-01-31T09:57:05.287+0000][8776][trace][gc,age      ] GC(13) - age   8:    2744696 bytes,   30437432 total
[2025-01-31T09:57:05.287+0000][8776][trace][gc,age      ] GC(13) - age   9:    2986192 bytes,   33423624 total
[2025-01-31T09:57:05.287+0000][8776][trace][gc,age      ] GC(13) - age  10:    1953088 bytes,   35376712 total
[2025-01-31T09:57:05.287+0000][8776][trace][gc,age      ] GC(13) - age  11:     408400 bytes,   35785112 total
[2025-01-31T09:57:05.287+0000][8776][info ][gc,heap     ] GC(13) Eden regions: 42->0(225)
[2025-01-31T09:57:05.287+0000][8776][info ][gc,heap     ] GC(13) Survivor regions: 10->10(22)
[2025-01-31T09:57:05.287+0000][8776][info ][gc,heap     ] GC(13) Old regions: 4->4
[2025-01-31T09:57:05.287+0000][8776][info ][gc,heap     ] GC(13) Humongous regions: 0->0
[2025-01-31T09:57:05.287+0000][8776][info ][gc,metaspace] GC(13) Metaspace: 58668K(60160K)->58668K(60160K) NonClass: 51354K(52224K)->51354K(52224K) Class: 7313K(7936K)->7313K(7936K)
[2025-01-31T09:57:05.287+0000][8776][info ][gc          ] GC(13) Pause Young (Concurrent Start) (Metadata GC Threshold) 218M->53M(4008M) 26.347ms
[2025-01-31T09:57:05.287+0000][8776][info ][gc,cpu      ] GC(13) User=0.05s Sys=0.00s Real=0.02s
[2025-01-31T09:57:05.287+0000][8776][info ][gc          ] GC(14) Concurrent Mark Cycle
[2025-01-31T09:57:05.287+0000][8776][info ][gc,marking  ] GC(14) Concurrent Scan Root Regions
[2025-01-31T09:57:05.287+0000][8776][info ][safepoint   ] Safepoint "CollectForMetadataAllocation", Time since last: 1922630600 ns, Reaching safepoint: 5900 ns, At safepoint: 26561700 ns, Total: 26567600 ns
[2025-01-31T09:57:05.297+0000][8776][info ][gc,marking  ] GC(14) Concurrent Scan Root Regions 6.209ms
[2025-01-31T09:57:05.297+0000][8776][info ][gc,marking  ] GC(14) Concurrent Mark
[2025-01-31T09:57:05.297+0000][8776][info ][gc,marking  ] GC(14) Concurrent Mark From Roots
[2025-01-31T09:57:05.297+0000][8776][info ][gc,task     ] GC(14) Using 3 workers of 3 for marking
[2025-01-31T09:57:05.299+0000][8776][info ][gc,marking  ] GC(14) Concurrent Mark From Roots 12.297ms
[2025-01-31T09:57:05.299+0000][8776][info ][gc,marking  ] GC(14) Concurrent Preclean
[2025-01-31T09:57:05.299+0000][8776][info ][gc,marking  ] GC(14) Concurrent Preclean 0.137ms
[2025-01-31T09:57:05.299+0000][8776][info ][gc,start    ] GC(14) Pause Remark
[2025-01-31T09:57:05.315+0000][8776][info ][gc          ] GC(14) Pause Remark 57M->57M(4008M) 7.057ms
[2025-01-31T09:57:05.315+0000][8776][info ][gc,cpu      ] GC(14) User=0.00s Sys=0.00s Real=0.02s
[2025-01-31T09:57:05.315+0000][8776][info ][safepoint   ] Safepoint "G1PauseRemark", Time since last: 18860900 ns, Reaching safepoint: 9700 ns, At safepoint: 7216100 ns, Total: 7225800 ns
[2025-01-31T09:57:05.315+0000][8776][info ][gc,marking  ] GC(14) Concurrent Mark 19.918ms
[2025-01-31T09:57:05.315+0000][8776][info ][gc,marking  ] GC(14) Concurrent Rebuild Remembered Sets and Scrub Regions
[2025-01-31T09:57:05.315+0000][8776][info ][gc,marking  ] GC(14) Concurrent Rebuild Remembered Sets and Scrub Regions 3.595ms
[2025-01-31T09:57:05.315+0000][8776][info ][gc,start    ] GC(14) Pause Cleanup
[2025-01-31T09:57:05.315+0000][8776][info ][gc          ] GC(14) Pause Cleanup 57M->57M(4008M) 0.075ms
[2025-01-31T09:57:05.315+0000][8776][info ][gc,cpu      ] GC(14) User=0.00s Sys=0.00s Real=0.00s
[2025-01-31T09:57:05.315+0000][8776][info ][safepoint   ] Safepoint "G1PauseCleanup", Time since last: 3864400 ns, Reaching safepoint: 59300 ns, At safepoint: 148600 ns, Total: 207900 ns
[2025-01-31T09:57:05.315+0000][8776][info ][gc,marking  ] GC(14) Concurrent Clear Claimed Marks
[2025-01-31T09:57:05.315+0000][8776][info ][gc,marking  ] GC(14) Concurrent Clear Claimed Marks 0.117ms
[2025-01-31T09:57:05.315+0000][8776][info ][gc,marking  ] GC(14) Concurrent Cleanup for Next Mark
[2025-01-31T09:57:05.315+0000][8776][info ][gc,marking  ] GC(14) Concurrent Cleanup for Next Mark 4.742ms
[2025-01-31T09:57:05.315+0000][8776][info ][gc          ] GC(14) Concurrent Mark Cycle 35.365ms
[2025-01-31T09:57:13.304+0000][8776][info ][gc,start    ] GC(15) Pause Young (Normal) (G1 Evacuation Pause)
[2025-01-31T09:57:13.304+0000][8776][info ][gc,task     ] GC(15) Using 10 workers of 10 for evacuation
[2025-01-31T09:57:13.304+0000][8776][debug][gc,age      ] GC(15) Desired survivor size 62914560 bytes, new threshold 15 (max threshold 15)
[2025-01-31T09:57:13.341+0000][8776][info ][gc,phases   ] GC(15)   Pre Evacuate Collection Set: 0.45ms
[2025-01-31T09:57:13.341+0000][8776][info ][gc,phases   ] GC(15)   Merge Heap Roots: 0.27ms
[2025-01-31T09:57:13.341+0000][8776][info ][gc,phases   ] GC(15)   Evacuate Collection Set: 28.96ms
[2025-01-31T09:57:13.341+0000][8776][info ][gc,phases   ] GC(15)   Post Evacuate Collection Set: 5.31ms
[2025-01-31T09:57:13.341+0000][8776][info ][gc,phases   ] GC(15)   Other: 0.24ms
[2025-01-31T09:57:13.341+0000][8776][trace][gc,age      ] GC(15) Age table:
[2025-01-31T09:57:13.341+0000][8776][trace][gc,age      ] GC(15) - age   1:   18063928 bytes,   18063928 total
[2025-01-31T09:57:13.341+0000][8776][trace][gc,age      ] GC(15) - age   2:    2718240 bytes,   20782168 total
[2025-01-31T09:57:13.341+0000][8776][trace][gc,age      ] GC(15) - age   3:    6852360 bytes,   27634528 total
[2025-01-31T09:57:13.341+0000][8776][trace][gc,age      ] GC(15) - age   4:    4136840 bytes,   31771368 total
[2025-01-31T09:57:13.341+0000][8776][trace][gc,age      ] GC(15) - age   5:    6189760 bytes,   37961128 total
[2025-01-31T09:57:13.341+0000][8776][trace][gc,age      ] GC(15) - age   6:    4247480 bytes,   42208608 total
[2025-01-31T09:57:13.341+0000][8776][trace][gc,age      ] GC(15) - age   7:     852928 bytes,   43061536 total
[2025-01-31T09:57:13.341+0000][8776][trace][gc,age      ] GC(15) - age   8:    2044352 bytes,   45105888 total
[2025-01-31T09:57:13.341+0000][8776][trace][gc,age      ] GC(15) - age   9:    2735064 bytes,   47840952 total
[2025-01-31T09:57:13.341+0000][8776][trace][gc,age      ] GC(15) - age  10:    2964480 bytes,   50805432 total
[2025-01-31T09:57:13.341+0000][8776][trace][gc,age      ] GC(15) - age  11:    1946656 bytes,   52752088 total
[2025-01-31T09:57:13.341+0000][8776][trace][gc,age      ] GC(15) - age  12:     397448 bytes,   53149536 total
[2025-01-31T09:57:13.341+0000][8776][info ][gc,heap     ] GC(15) Eden regions: 225->0(209)
[2025-01-31T09:57:13.341+0000][8776][info ][gc,heap     ] GC(15) Survivor regions: 10->15(30)
[2025-01-31T09:57:13.341+0000][8776][info ][gc,heap     ] GC(15) Old regions: 4->4
[2025-01-31T09:57:13.341+0000][8776][info ][gc,heap     ] GC(15) Humongous regions: 0->0
[2025-01-31T09:57:13.341+0000][8776][info ][gc,metaspace] GC(15) Metaspace: 91113K(93184K)->91113K(93184K) NonClass: 78792K(80064K)->78792K(80064K) Class: 12320K(13120K)->12320K(13120K)
[2025-01-31T09:57:13.341+0000][8776][info ][gc          ] GC(15) Pause Young (Normal) (G1 Evacuation Pause) 953M->70M(4008M) 35.934ms
[2025-01-31T09:57:13.341+0000][8776][info ][gc,cpu      ] GC(15) User=0.11s Sys=0.00s Real=0.04s
[2025-01-31T09:57:13.341+0000][8776][info ][safepoint   ] Safepoint "G1CollectForAllocation", Time since last: 7987785700 ns, Reaching safepoint: 726300 ns, At safepoint: 36050000 ns, Total: 36776300 ns
[2025-01-31T09:57:14.940+0000][8776][info ][gc,start    ] GC(16) Pause Young (Concurrent Start) (Metadata GC Threshold)
[2025-01-31T09:57:14.940+0000][8776][info ][gc,task     ] GC(16) Using 10 workers of 10 for evacuation
[2025-01-31T09:57:14.940+0000][8776][debug][gc,age      ] GC(16) Desired survivor size 58720256 bytes, new threshold 15 (max threshold 15)
[2025-01-31T09:57:14.980+0000][8776][info ][gc,phases   ] GC(16)   Pre Evacuate Collection Set: 0.41ms
[2025-01-31T09:57:14.980+0000][8776][info ][gc,phases   ] GC(16)   Merge Heap Roots: 0.17ms
[2025-01-31T09:57:14.980+0000][8776][info ][gc,phases   ] GC(16)   Evacuate Collection Set: 34.79ms
[2025-01-31T09:57:14.980+0000][8776][info ][gc,phases   ] GC(16)   Post Evacuate Collection Set: 3.64ms
[2025-01-31T09:57:14.981+0000][8776][info ][gc,phases   ] GC(16)   Other: 0.28ms
[2025-01-31T09:57:14.981+0000][8776][trace][gc,age      ] GC(16) Age table:
[2025-01-31T09:57:14.981+0000][8776][trace][gc,age      ] GC(16) - age   1:    3629248 bytes,    3629248 total
[2025-01-31T09:57:14.981+0000][8776][trace][gc,age      ] GC(16) - age   2:   17311376 bytes,   20940624 total
[2025-01-31T09:57:14.981+0000][8776][trace][gc,age      ] GC(16) - age   3:    2707040 bytes,   23647664 total
[2025-01-31T09:57:14.981+0000][8776][trace][gc,age      ] GC(16) - age   4:    6840952 bytes,   30488616 total
[2025-01-31T09:57:14.981+0000][8776][trace][gc,age      ] GC(16) - age   5:    4133632 bytes,   34622248 total
[2025-01-31T09:57:14.981+0000][8776][trace][gc,age      ] GC(16) - age   6:    6179832 bytes,   40802080 total
[2025-01-31T09:57:14.981+0000][8776][trace][gc,age      ] GC(16) - age   7:    4246424 bytes,   45048504 total
[2025-01-31T09:57:14.981+0000][8776][trace][gc,age      ] GC(16) - age   8:     852448 bytes,   45900952 total
[2025-01-31T09:57:14.981+0000][8776][trace][gc,age      ] GC(16) - age   9:    2043464 bytes,   47944416 total
[2025-01-31T09:57:14.981+0000][8776][trace][gc,age      ] GC(16) - age  10:    2733848 bytes,   50678264 total
[2025-01-31T09:57:14.981+0000][8776][trace][gc,age      ] GC(16) - age  11:    2958720 bytes,   53636984 total
[2025-01-31T09:57:14.981+0000][8776][trace][gc,age      ] GC(16) - age  12:    1945328 bytes,   55582312 total
[2025-01-31T09:57:14.981+0000][8776][trace][gc,age      ] GC(16) - age  13:     395368 bytes,   55977680 total
[2025-01-31T09:57:14.981+0000][8776][info ][gc,heap     ] GC(16) Eden regions: 38->0(283)
[2025-01-31T09:57:14.981+0000][8776][info ][gc,heap     ] GC(16) Survivor regions: 15->16(28)
[2025-01-31T09:57:14.981+0000][8776][info ][gc,heap     ] GC(16) Old regions: 4->4
[2025-01-31T09:57:14.981+0000][8776][info ][gc,heap     ] GC(16) Humongous regions: 0->0
[2025-01-31T09:57:14.981+0000][8776][info ][gc,metaspace] GC(16) Metaspace: 98411K(100416K)->98411K(100416K) NonClass: 84968K(86144K)->84968K(86144K) Class: 13442K(14272K)->13442K(14272K)
[2025-01-31T09:57:14.981+0000][8776][info ][gc          ] GC(16) Pause Young (Concurrent Start) (Metadata GC Threshold) 220M->76M(4008M) 39.772ms
[2025-01-31T09:57:14.981+0000][8776][info ][gc,cpu      ] GC(16) User=0.09s Sys=0.00s Real=0.04s
[2025-01-31T09:57:14.981+0000][8776][info ][safepoint   ] Safepoint "CollectForMetadataAllocation", Time since last: 1594698900 ns, Reaching safepoint: 178700 ns, At safepoint: 39928900 ns, Total: 40107600 ns
[2025-01-31T09:57:14.981+0000][8776][info ][gc          ] GC(17) Concurrent Mark Cycle
[2025-01-31T09:57:14.981+0000][8776][info ][gc,marking  ] GC(17) Concurrent Scan Root Regions
[2025-01-31T09:57:14.988+0000][8776][info ][gc,marking  ] GC(17) Concurrent Scan Root Regions 12.372ms
[2025-01-31T09:57:14.988+0000][8776][info ][gc,marking  ] GC(17) Concurrent Mark
[2025-01-31T09:57:14.988+0000][8776][info ][gc,marking  ] GC(17) Concurrent Mark From Roots
[2025-01-31T09:57:14.988+0000][8776][info ][gc,task     ] GC(17) Using 3 workers of 3 for marking
[2025-01-31T09:57:15.004+0000][8776][info ][gc,marking  ] GC(17) Concurrent Mark From Roots 10.568ms
[2025-01-31T09:57:15.004+0000][8776][info ][gc,marking  ] GC(17) Concurrent Preclean
[2025-01-31T09:57:15.005+0000][8776][info ][gc,marking  ] GC(17) Concurrent Preclean 0.124ms
[2025-01-31T09:57:15.005+0000][8776][info ][gc,start    ] GC(17) Pause Remark
[2025-01-31T09:57:15.006+0000][8776][info ][gc          ] GC(17) Pause Remark 82M->82M(4008M) 6.178ms
[2025-01-31T09:57:15.006+0000][8776][info ][gc,cpu      ] GC(17) User=0.00s Sys=0.00s Real=0.00s
[2025-01-31T09:57:15.006+0000][8776][info ][safepoint   ] Safepoint "G1PauseRemark", Time since last: 23472700 ns, Reaching safepoint: 12800 ns, At safepoint: 6328200 ns, Total: 6341000 ns
[2025-01-31T09:57:15.006+0000][8776][info ][gc,marking  ] GC(17) Concurrent Mark 17.307ms
[2025-01-31T09:57:15.006+0000][8776][info ][gc,marking  ] GC(17) Concurrent Rebuild Remembered Sets and Scrub Regions
[2025-01-31T09:57:15.006+0000][8776][info ][gc,marking  ] GC(17) Concurrent Rebuild Remembered Sets and Scrub Regions 3.343ms
[2025-01-31T09:57:15.006+0000][8776][info ][gc,start    ] GC(17) Pause Cleanup
[2025-01-31T09:57:15.006+0000][8776][info ][gc          ] GC(17) Pause Cleanup 82M->82M(4008M) 0.112ms
[2025-01-31T09:57:15.006+0000][8776][info ][gc,cpu      ] GC(17) User=0.00s Sys=0.00s Real=0.00s
[2025-01-31T09:57:15.006+0000][8776][info ][safepoint   ] Safepoint "G1PauseCleanup", Time since last: 3598300 ns, Reaching safepoint: 174700 ns, At safepoint: 197300 ns, Total: 372000 ns
[2025-01-31T09:57:15.006+0000][8776][info ][gc,marking  ] GC(17) Concurrent Clear Claimed Marks
[2025-01-31T09:57:15.006+0000][8776][info ][gc,marking  ] GC(17) Concurrent Clear Claimed Marks 0.162ms
[2025-01-31T09:57:15.006+0000][8776][info ][gc,marking  ] GC(17) Concurrent Cleanup for Next Mark
[2025-01-31T09:57:15.020+0000][8776][info ][gc,marking  ] GC(17) Concurrent Cleanup for Next Mark 4.886ms
[2025-01-31T09:57:15.020+0000][8776][info ][gc          ] GC(17) Concurrent Mark Cycle 39.027ms
[2025-01-31T09:58:35.992+0000][8776][info ][gc,start    ] GC(18) Pause Young (Normal) (G1 Evacuation Pause)
[2025-01-31T09:58:35.992+0000][8776][info ][gc,task     ] GC(18) Using 10 workers of 10 for evacuation
[2025-01-31T09:58:35.992+0000][8776][debug][gc,age      ] GC(18) Desired survivor size 79691776 bytes, new threshold 15 (max threshold 15)
[2025-01-31T09:58:36.130+0000][8776][info ][gc,phases   ] GC(18)   Pre Evacuate Collection Set: 4.17ms
[2025-01-31T09:58:36.130+0000][8776][info ][gc,phases   ] GC(18)   Merge Heap Roots: 0.74ms
[2025-01-31T09:58:36.130+0000][8776][info ][gc,phases   ] GC(18)   Evacuate Collection Set: 116.98ms
[2025-01-31T09:58:36.130+0000][8776][info ][gc,phases   ] GC(18)   Post Evacuate Collection Set: 7.07ms
[2025-01-31T09:58:36.130+0000][8776][info ][gc,phases   ] GC(18)   Other: 0.36ms
[2025-01-31T09:58:36.130+0000][8776][trace][gc,age      ] GC(18) Age table:
[2025-01-31T09:58:36.130+0000][8776][trace][gc,age      ] GC(18) - age   1:   24798032 bytes,   24798032 total
[2025-01-31T09:58:36.130+0000][8776][trace][gc,age      ] GC(18) - age   2:    3398856 bytes,   28196888 total
[2025-01-31T09:58:36.130+0000][8776][trace][gc,age      ] GC(18) - age   3:   17161176 bytes,   45358064 total
[2025-01-31T09:58:36.130+0000][8776][trace][gc,age      ] GC(18) - age   4:    2615800 bytes,   47973864 total
[2025-01-31T09:58:36.130+0000][8776][trace][gc,age      ] GC(18) - age   5:    6827480 bytes,   54801344 total
[2025-01-31T09:58:36.130+0000][8776][trace][gc,age      ] GC(18) - age   6:    4129872 bytes,   58931216 total
[2025-01-31T09:58:36.130+0000][8776][trace][gc,age      ] GC(18) - age   7:    6172160 bytes,   65103376 total
[2025-01-31T09:58:36.130+0000][8776][trace][gc,age      ] GC(18) - age   8:    4243792 bytes,   69347168 total
[2025-01-31T09:58:36.130+0000][8776][trace][gc,age      ] GC(18) - age   9:     848344 bytes,   70195512 total
[2025-01-31T09:58:36.130+0000][8776][trace][gc,age      ] GC(18) - age  10:    2041120 bytes,   72236632 total
[2025-01-31T09:58:36.130+0000][8776][trace][gc,age      ] GC(18) - age  11:    2729368 bytes,   74966000 total
[2025-01-31T09:58:36.130+0000][8776][trace][gc,age      ] GC(18) - age  12:    2956816 bytes,   77922816 total
[2025-01-31T09:58:36.130+0000][8776][trace][gc,age      ] GC(18) - age  13:    1943688 bytes,   79866504 total
[2025-01-31T09:58:36.130+0000][8776][trace][gc,age      ] GC(18) - age  14:     391144 bytes,   80257648 total
[2025-01-31T09:58:36.130+0000][8776][info ][gc,heap     ] GC(18) Eden regions: 283->0(218)
[2025-01-31T09:58:36.130+0000][8776][info ][gc,heap     ] GC(18) Survivor regions: 16->21(38)
[2025-01-31T09:58:36.130+0000][8776][info ][gc,heap     ] GC(18) Old regions: 4->4
[2025-01-31T09:58:36.130+0000][8776][info ][gc,heap     ] GC(18) Humongous regions: 2->2
[2025-01-31T09:58:36.130+0000][8776][info ][gc,metaspace] GC(18) Metaspace: 144985K(149056K)->144985K(149056K) NonClass: 124130K(126272K)->124130K(126272K) Class: 20855K(22784K)->20855K(22784K)
[2025-01-31T09:58:36.130+0000][8776][info ][gc          ] GC(18) Pause Young (Normal) (G1 Evacuation Pause) 1216M->105M(4008M) 130.187ms
[2025-01-31T09:58:36.130+0000][8776][info ][gc,cpu      ] GC(18) User=0.20s Sys=0.12s Real=0.14s
[2025-01-31T09:58:36.130+0000][8776][info ][safepoint   ] Safepoint "G1CollectForAllocation", Time since last: 80985400300 ns, Reaching safepoint: 54900 ns, At safepoint: 130372700 ns, Total: 130427600 ns
[2025-01-31T10:12:33.934+0000][8776][info ][gc,start    ] GC(19) Pause Young (Normal) (G1 Evacuation Pause)
[2025-01-31T10:12:33.941+0000][8776][info ][gc,task     ] GC(19) Using 10 workers of 10 for evacuation
[2025-01-31T10:12:33.941+0000][8776][debug][gc,age      ] GC(19) Desired survivor size 62914560 bytes, new threshold 7 (max threshold 15)
[2025-01-31T10:12:34.383+0000][8776][info ][gc,mmu      ] GC(19) MMU target violated: 201.0ms (200.0ms/201.0ms)
[2025-01-31T10:12:34.383+0000][8776][info ][gc,phases   ] GC(19)   Pre Evacuate Collection Set: 17.63ms
[2025-01-31T10:12:34.383+0000][8776][info ][gc,phases   ] GC(19)   Merge Heap Roots: 1.54ms
[2025-01-31T10:12:34.383+0000][8776][info ][gc,phases   ] GC(19)   Evacuate Collection Set: 414.22ms
[2025-01-31T10:12:34.383+0000][8776][info ][gc,phases   ] GC(19)   Post Evacuate Collection Set: 12.59ms
[2025-01-31T10:12:34.383+0000][8776][info ][gc,phases   ] GC(19)   Other: 4.62ms
[2025-01-31T10:12:34.383+0000][8776][trace][gc,age      ] GC(19) Age table:
[2025-01-31T10:12:34.383+0000][8776][trace][gc,age      ] GC(19) - age   1:   14893872 bytes,   14893872 total
[2025-01-31T10:12:34.383+0000][8776][trace][gc,age      ] GC(19) - age   2:   23955328 bytes,   38849200 total
[2025-01-31T10:12:34.383+0000][8776][trace][gc,age      ] GC(19) - age   3:    3398440 bytes,   42247640 total
[2025-01-31T10:12:34.383+0000][8776][trace][gc,age      ] GC(19) - age   4:   17159720 bytes,   59407360 total
[2025-01-31T10:12:34.383+0000][8776][trace][gc,age      ] GC(19) - age   5:    2615784 bytes,   62023144 total
[2025-01-31T10:12:34.383+0000][8776][trace][gc,age      ] GC(19) - age   6:    6827416 bytes,   68850560 total
[2025-01-31T10:12:34.383+0000][8776][trace][gc,age      ] GC(19) - age   7:    4129872 bytes,   72980432 total
[2025-01-31T10:12:34.383+0000][8776][info ][gc,heap     ] GC(19) Eden regions: 218->0(30)
[2025-01-31T10:12:34.383+0000][8776][info ][gc,heap     ] GC(19) Survivor regions: 21->20(30)
[2025-01-31T10:12:34.383+0000][8776][info ][gc,heap     ] GC(19) Old regions: 4->9
[2025-01-31T10:12:34.383+0000][8776][info ][gc,heap     ] GC(19) Humongous regions: 2->2
[2025-01-31T10:12:34.383+0000][8776][info ][gc,metaspace] GC(19) Metaspace: 148711K(152896K)->148711K(152896K) NonClass: 127297K(129536K)->127297K(129536K) Class: 21414K(23360K)->21414K(23360K)
[2025-01-31T10:12:34.383+0000][8776][info ][gc          ] GC(19) Pause Young (Normal) (G1 Evacuation Pause) 977M->123M(4008M) 457.146ms
[2025-01-31T10:12:34.383+0000][8776][info ][gc,cpu      ] GC(19) User=0.14s Sys=0.28s Real=0.45s
[2025-01-31T10:12:34.383+0000][8776][info ][safepoint   ] Safepoint "G1CollectForAllocation", Time since last: 837800786800 ns, Reaching safepoint: 767000 ns, At safepoint: 458050400 ns, Total: 458817400 ns
[2025-01-31T10:13:50.182+0000][8776][info ][gc,start    ] GC(20) Pause Young (Normal) (G1 Evacuation Pause)
[2025-01-31T10:13:50.182+0000][8776][info ][gc,task     ] GC(20) Using 10 workers of 10 for evacuation
[2025-01-31T10:13:50.182+0000][8776][debug][gc,age      ] GC(20) Desired survivor size 14680064 bytes, new threshold 1 (max threshold 15)
[2025-01-31T10:13:50.246+0000][8776][info ][gc,phases   ] GC(20)   Pre Evacuate Collection Set: 1.53ms
[2025-01-31T10:13:50.246+0000][8776][info ][gc,phases   ] GC(20)   Merge Heap Roots: 0.39ms
[2025-01-31T10:13:50.246+0000][8776][info ][gc,phases   ] GC(20)   Evacuate Collection Set: 52.51ms
[2025-01-31T10:13:50.246+0000][8776][info ][gc,phases   ] GC(20)   Post Evacuate Collection Set: 3.65ms
[2025-01-31T10:13:50.246+0000][8776][info ][gc,phases   ] GC(20)   Other: 0.87ms
[2025-01-31T10:13:50.246+0000][8776][trace][gc,age      ] GC(20) Age table:
[2025-01-31T10:13:50.246+0000][8776][trace][gc,age      ] GC(20) - age   1:    3787792 bytes,    3787792 total
[2025-01-31T10:13:50.246+0000][8776][info ][gc,heap     ] GC(20) Eden regions: 30->0(218)
[2025-01-31T10:13:50.246+0000][8776][info ][gc,heap     ] GC(20) Survivor regions: 20->3(7)
[2025-01-31T10:13:50.246+0000][8776][info ][gc,heap     ] GC(20) Old regions: 9->28
[2025-01-31T10:13:50.246+0000][8776][info ][gc,heap     ] GC(20) Humongous regions: 2->2
[2025-01-31T10:13:50.246+0000][8776][info ][gc,metaspace] GC(20) Metaspace: 149130K(153216K)->149130K(153216K) NonClass: 127654K(129856K)->127654K(129856K) Class: 21475K(23360K)->21475K(23360K)
[2025-01-31T10:13:50.246+0000][8776][info ][gc          ] GC(20) Pause Young (Normal) (G1 Evacuation Pause) 243M->128M(4008M) 59.592ms
[2025-01-31T10:13:50.246+0000][8776][info ][gc,cpu      ] GC(20) User=0.23s Sys=0.16s Real=0.06s
[2025-01-31T10:13:50.246+0000][8776][info ][safepoint   ] Safepoint "G1CollectForAllocation", Time since last: 75799674600 ns, Reaching safepoint: 65300 ns, At safepoint: 59827700 ns, Total: 59893000 ns
[2025-01-31T10:15:10.472+0000][8776][info ][gc,heap,exit] Heap
[2025-01-31T10:15:10.472+0000][8776][info ][gc,heap,exit]  garbage-first heap   total reserved 4104192K, committed 4104192K, used 224689K [0x0000000705800000, 0x0000000800000000)
[2025-01-31T10:15:10.472+0000][8776][info ][gc,heap,exit]   region size 4096K, 26 young (106496K), 3 survivors (12288K)
[2025-01-31T10:15:10.472+0000][8776][info ][gc,heap,exit]  Metaspace       used 149568K, committed 153792K, reserved 1179648K
[2025-01-31T10:15:10.472+0000][8776][info ][gc,heap,exit]   class space    used 21570K, committed 23552K, reserved 1048576K
