[2025-02-03T08:40:20.909+0000][22828][info][gc,init] CardTable entry size: 512
[2025-02-03T08:40:20.909+0000][22828][info][gc     ] Using G1
[2025-02-03T08:40:23.909+0000][22828][info][gc,init] Version: 23+37-2369 (release)
[2025-02-03T08:40:23.909+0000][22828][info][gc,init] CPUs: 12 total, 12 available
[2025-02-03T08:40:23.909+0000][22828][info][gc,init] Memory: 8016M
[2025-02-03T08:40:23.909+0000][22828][info][gc,init] Large Page Support: Disabled
[2025-02-03T08:40:23.909+0000][22828][info][gc,init] NUMA Support: Disabled
[2025-02-03T08:40:23.909+0000][22828][info][gc,init] Compressed Oops: Enabled (Zero based)
[2025-02-03T08:40:23.909+0000][22828][info][gc,init] Heap Region Size: 4M
[2025-02-03T08:40:23.909+0000][22828][info][gc,init] Heap Min Capacity: 4008M
[2025-02-03T08:40:23.924+0000][22828][info][gc,init] Heap Initial Capacity: 4008M
[2025-02-03T08:40:23.924+0000][22828][info][gc,init] Heap Max Capacity: 4008M
[2025-02-03T08:40:23.924+0000][22828][info][gc,init] Pre-touch: Enabled
[2025-02-03T08:40:23.924+0000][22828][info][gc,init] Parallel Workers: 10
[2025-02-03T08:40:23.924+0000][22828][info][gc,init] Concurrent Workers: 3
[2025-02-03T08:40:23.924+0000][22828][info][gc,init] Concurrent Refinement Workers: 10
[2025-02-03T08:40:23.924+0000][22828][info][gc,init] Periodic GC: Disabled
[2025-02-03T08:40:23.940+0000][22828][info][gc,metaspace] CDS archive(s) mapped at: [0x000001a301000000-0x000001a301d70000-0x000001a301d70000), size 14090240, SharedBaseAddress: 0x000001a301000000, ArchiveRelocationMode: 1.
[2025-02-03T08:40:23.940+0000][22828][info][gc,metaspace] Compressed class space mapped at: 0x000001a302000000-0x000001a342000000, reserved size: 1073741824
[2025-02-03T08:40:23.940+0000][22828][info][gc,metaspace] Narrow klass base: 0x000001a301000000, Narrow klass shift: 0, Narrow klass range: 0x41000000
[2025-02-03T08:40:28.668+0000][22828][info][gc,start    ] GC(0) Pause Young (Normal) (G1 Evacuation Pause)
[2025-02-03T08:40:28.683+0000][22828][info][gc,task     ] GC(0) Using 10 workers of 10 for evacuation
[2025-02-03T08:40:28.683+0000][22828][debug][gc,age      ] GC(0) Desired survivor size 14680064 bytes, new threshold 15 (max threshold 15)
[2025-02-03T08:40:28.683+0000][22828][info ][gc,phases   ] GC(0)   Pre Evacuate Collection Set: 0.29ms
[2025-02-03T08:40:28.683+0000][22828][info ][gc,phases   ] GC(0)   Merge Heap Roots: 0.40ms
[2025-02-03T08:40:28.683+0000][22828][info ][gc,phases   ] GC(0)   Evacuate Collection Set: 8.45ms
[2025-02-03T08:40:28.683+0000][22828][info ][gc,phases   ] GC(0)   Post Evacuate Collection Set: 1.95ms
[2025-02-03T08:40:28.683+0000][22828][info ][gc,phases   ] GC(0)   Other: 0.85ms
[2025-02-03T08:40:28.683+0000][22828][trace][gc,age      ] GC(0) Age table:
[2025-02-03T08:40:28.683+0000][22828][trace][gc,age      ] GC(0) - age   1:   15283176 bytes,   15283176 total
[2025-02-03T08:40:28.683+0000][22828][info ][gc,heap     ] GC(0) Eden regions: 50->0(46)
[2025-02-03T08:40:28.683+0000][22828][info ][gc,heap     ] GC(0) Survivor regions: 0->4(7)
[2025-02-03T08:40:28.683+0000][22828][info ][gc,heap     ] GC(0) Old regions: 0->0
[2025-02-03T08:40:28.683+0000][22828][info ][gc,heap     ] GC(0) Humongous regions: 0->0
[2025-02-03T08:40:28.683+0000][22828][info ][gc,metaspace] GC(0) Metaspace: 19771K(20608K)->19771K(20608K) NonClass: 17513K(18048K)->17513K(18048K) Class: 2258K(2560K)->2258K(2560K)
[2025-02-03T08:40:28.683+0000][22828][info ][gc          ] GC(0) Pause Young (Normal) (G1 Evacuation Pause) 200M->15M(4008M) 12.488ms
[2025-02-03T08:40:28.683+0000][22828][info ][gc,cpu      ] GC(0) User=0.00s Sys=0.02s Real=0.02s
[2025-02-03T08:40:28.683+0000][22828][info ][safepoint   ] Safepoint "G1CollectForAllocation", Time since last: 4717729300 ns, Reaching safepoint: 15300 ns, At safepoint: 12600500 ns, Total: 12615800 ns
[2025-02-03T08:40:28.793+0000][22828][info ][gc,start    ] GC(1) Pause Young (Concurrent Start) (Metadata GC Threshold)
[2025-02-03T08:40:28.793+0000][22828][info ][gc,task     ] GC(1) Using 10 workers of 10 for evacuation
[2025-02-03T08:40:28.793+0000][22828][debug][gc,age      ] GC(1) Desired survivor size 14680064 bytes, new threshold 1 (max threshold 15)
[2025-02-03T08:40:28.793+0000][22828][info ][gc,phases   ] GC(1)   Pre Evacuate Collection Set: 0.42ms
[2025-02-03T08:40:28.793+0000][22828][info ][gc,phases   ] GC(1)   Merge Heap Roots: 0.12ms
[2025-02-03T08:40:28.793+0000][22828][info ][gc,phases   ] GC(1)   Evacuate Collection Set: 8.60ms
[2025-02-03T08:40:28.793+0000][22828][info ][gc,phases   ] GC(1)   Post Evacuate Collection Set: 1.24ms
[2025-02-03T08:40:28.793+0000][22828][info ][gc,phases   ] GC(1)   Other: 0.26ms
[2025-02-03T08:40:28.793+0000][22828][trace][gc,age      ] GC(1) Age table:
[2025-02-03T08:40:28.793+0000][22828][trace][gc,age      ] GC(1) - age   1:     138856 bytes,     138856 total
[2025-02-03T08:40:28.793+0000][22828][info ][gc,heap     ] GC(1) Eden regions: 2->0(49)
[2025-02-03T08:40:28.793+0000][22828][info ][gc,heap     ] GC(1) Survivor regions: 4->1(7)
[2025-02-03T08:40:28.793+0000][22828][info ][gc,heap     ] GC(1) Old regions: 0->4
[2025-02-03T08:40:28.793+0000][22828][info ][gc,heap     ] GC(1) Humongous regions: 0->0
[2025-02-03T08:40:28.793+0000][22828][info ][gc,metaspace] GC(1) Metaspace: 20723K(21504K)->20723K(21504K) NonClass: 18382K(18816K)->18382K(18816K) Class: 2340K(2688K)->2340K(2688K)
[2025-02-03T08:40:28.793+0000][22828][info ][gc          ] GC(1) Pause Young (Concurrent Start) (Metadata GC Threshold) 21M->16M(4008M) 11.143ms
[2025-02-03T08:40:28.793+0000][22828][info ][gc,cpu      ] GC(1) User=0.00s Sys=0.00s Real=0.00s
[2025-02-03T08:40:28.793+0000][22828][info ][gc          ] GC(2) Concurrent Mark Cycle
[2025-02-03T08:40:28.793+0000][22828][info ][safepoint   ] Safepoint "CollectForMetadataAllocation", Time since last: 99114800 ns, Reaching safepoint: 8200 ns, At safepoint: 11361200 ns, Total: 11369400 ns
[2025-02-03T08:40:28.793+0000][22828][info ][gc,marking  ] GC(2) Concurrent Scan Root Regions
[2025-02-03T08:40:28.809+0000][22828][info ][gc,marking  ] GC(2) Concurrent Scan Root Regions 4.235ms
[2025-02-03T08:40:28.809+0000][22828][info ][gc,marking  ] GC(2) Concurrent Mark
[2025-02-03T08:40:28.809+0000][22828][info ][gc,marking  ] GC(2) Concurrent Mark From Roots
[2025-02-03T08:40:28.809+0000][22828][info ][gc,task     ] GC(2) Using 3 workers of 3 for marking
[2025-02-03T08:40:28.809+0000][22828][info ][gc,marking  ] GC(2) Concurrent Mark From Roots 0.318ms
[2025-02-03T08:40:28.809+0000][22828][info ][gc,marking  ] GC(2) Concurrent Preclean
[2025-02-03T08:40:28.809+0000][22828][info ][gc,marking  ] GC(2) Concurrent Preclean 0.017ms
[2025-02-03T08:40:28.809+0000][22828][info ][gc,start    ] GC(2) Pause Remark
[2025-02-03T08:40:28.809+0000][22828][info ][gc          ] GC(2) Pause Remark 19M->19M(4008M) 3.130ms
[2025-02-03T08:40:28.809+0000][22828][info ][gc,cpu      ] GC(2) User=0.00s Sys=0.00s Real=0.00s
[2025-02-03T08:40:28.809+0000][22828][info ][safepoint   ] Safepoint "G1PauseRemark", Time since last: 4775100 ns, Reaching safepoint: 32600 ns, At safepoint: 3275800 ns, Total: 3308400 ns
[2025-02-03T08:40:28.809+0000][22828][info ][gc,marking  ] GC(2) Concurrent Mark 3.805ms
[2025-02-03T08:40:28.809+0000][22828][info ][gc,marking  ] GC(2) Concurrent Rebuild Remembered Sets and Scrub Regions
[2025-02-03T08:40:28.809+0000][22828][info ][gc,marking  ] GC(2) Concurrent Rebuild Remembered Sets and Scrub Regions 3.030ms
[2025-02-03T08:40:28.809+0000][22828][info ][gc,start    ] GC(2) Pause Cleanup
[2025-02-03T08:40:28.809+0000][22828][info ][gc          ] GC(2) Pause Cleanup 19M->19M(4008M) 0.093ms
[2025-02-03T08:40:28.809+0000][22828][info ][gc,cpu      ] GC(2) User=0.00s Sys=0.00s Real=0.00s
[2025-02-03T08:40:28.809+0000][22828][info ][safepoint   ] Safepoint "G1PauseCleanup", Time since last: 3237900 ns, Reaching safepoint: 18300 ns, At safepoint: 162900 ns, Total: 181200 ns
[2025-02-03T08:40:28.809+0000][22828][info ][gc,marking  ] GC(2) Concurrent Clear Claimed Marks
[2025-02-03T08:40:28.809+0000][22828][info ][gc,marking  ] GC(2) Concurrent Clear Claimed Marks 0.076ms
[2025-02-03T08:40:28.809+0000][22828][info ][gc,marking  ] GC(2) Concurrent Cleanup for Next Mark
[2025-02-03T08:40:28.809+0000][22828][info ][gc,marking  ] GC(2) Concurrent Cleanup for Next Mark 4.590ms
[2025-02-03T08:40:28.809+0000][22828][info ][gc          ] GC(2) Concurrent Mark Cycle 16.746ms
[2025-02-03T08:40:32.136+0000][22828][info ][gc,start    ] GC(3) Pause Young (Normal) (G1 Evacuation Pause)
[2025-02-03T08:40:32.136+0000][22828][info ][gc,task     ] GC(3) Using 10 workers of 10 for evacuation
[2025-02-03T08:40:32.136+0000][22828][debug][gc,age      ] GC(3) Desired survivor size 14680064 bytes, new threshold 15 (max threshold 15)
[2025-02-03T08:40:32.152+0000][22828][info ][gc,phases   ] GC(3)   Pre Evacuate Collection Set: 0.46ms
[2025-02-03T08:40:32.152+0000][22828][info ][gc,phases   ] GC(3)   Merge Heap Roots: 0.43ms
[2025-02-03T08:40:32.152+0000][22828][info ][gc,phases   ] GC(3)   Evacuate Collection Set: 1.58ms
[2025-02-03T08:40:32.152+0000][22828][info ][gc,phases   ] GC(3)   Post Evacuate Collection Set: 0.70ms
[2025-02-03T08:40:32.152+0000][22828][info ][gc,phases   ] GC(3)   Other: 0.19ms
[2025-02-03T08:40:32.152+0000][22828][trace][gc,age      ] GC(3) Age table:
[2025-02-03T08:40:32.152+0000][22828][trace][gc,age      ] GC(3) - age   1:    4294504 bytes,    4294504 total
[2025-02-03T08:40:32.152+0000][22828][trace][gc,age      ] GC(3) - age   2:     122576 bytes,    4417080 total
[2025-02-03T08:40:32.152+0000][22828][info ][gc,heap     ] GC(3) Eden regions: 49->0(48)
[2025-02-03T08:40:32.152+0000][22828][info ][gc,heap     ] GC(3) Survivor regions: 1->2(7)
[2025-02-03T08:40:32.152+0000][22828][info ][gc,heap     ] GC(3) Old regions: 4->4
[2025-02-03T08:40:32.152+0000][22828][info ][gc,heap     ] GC(3) Humongous regions: 0->0
[2025-02-03T08:40:32.152+0000][22828][info ][gc,metaspace] GC(3) Metaspace: 23220K(24064K)->23220K(24064K) NonClass: 20571K(21056K)->20571K(21056K) Class: 2648K(3008K)->2648K(3008K)
[2025-02-03T08:40:32.152+0000][22828][info ][gc          ] GC(3) Pause Young (Normal) (G1 Evacuation Pause) 212M->18M(4008M) 4.027ms
[2025-02-03T08:40:32.152+0000][22828][info ][gc,cpu      ] GC(3) User=0.00s Sys=0.00s Real=0.02s
[2025-02-03T08:40:32.152+0000][22828][info ][safepoint   ] Safepoint "G1CollectForAllocation", Time since last: 3331080300 ns, Reaching safepoint: 7800 ns, At safepoint: 4115200 ns, Total: 4123000 ns
[2025-02-03T08:40:33.611+0000][22828][info ][gc,start    ] GC(4) Pause Young (Normal) (G1 Evacuation Pause)
[2025-02-03T08:40:33.611+0000][22828][info ][gc,task     ] GC(4) Using 10 workers of 10 for evacuation
[2025-02-03T08:40:33.611+0000][22828][debug][gc,age      ] GC(4) Desired survivor size 14680064 bytes, new threshold 15 (max threshold 15)
[2025-02-03T08:40:33.611+0000][22828][info ][gc,phases   ] GC(4)   Pre Evacuate Collection Set: 0.21ms
[2025-02-03T08:40:33.611+0000][22828][info ][gc,phases   ] GC(4)   Merge Heap Roots: 0.10ms
[2025-02-03T08:40:33.611+0000][22828][info ][gc,phases   ] GC(4)   Evacuate Collection Set: 1.89ms
[2025-02-03T08:40:33.611+0000][22828][info ][gc,phases   ] GC(4)   Post Evacuate Collection Set: 0.63ms
[2025-02-03T08:40:33.611+0000][22828][info ][gc,phases   ] GC(4)   Other: 0.15ms
[2025-02-03T08:40:33.611+0000][22828][trace][gc,age      ] GC(4) Age table:
[2025-02-03T08:40:33.611+0000][22828][trace][gc,age      ] GC(4) - age   1:    4139632 bytes,    4139632 total
[2025-02-03T08:40:33.611+0000][22828][trace][gc,age      ] GC(4) - age   2:    1115640 bytes,    5255272 total
[2025-02-03T08:40:33.611+0000][22828][trace][gc,age      ] GC(4) - age   3:     118944 bytes,    5374216 total
[2025-02-03T08:40:33.611+0000][22828][info ][gc,heap     ] GC(4) Eden regions: 48->0(49)
[2025-02-03T08:40:33.611+0000][22828][info ][gc,heap     ] GC(4) Survivor regions: 2->2(7)
[2025-02-03T08:40:33.611+0000][22828][info ][gc,heap     ] GC(4) Old regions: 4->4
[2025-02-03T08:40:33.611+0000][22828][info ][gc,heap     ] GC(4) Humongous regions: 0->0
[2025-02-03T08:40:33.611+0000][22828][info ][gc,metaspace] GC(4) Metaspace: 28990K(29824K)->28990K(29824K) NonClass: 25718K(26176K)->25718K(26176K) Class: 3272K(3648K)->3272K(3648K)
[2025-02-03T08:40:33.611+0000][22828][info ][gc          ] GC(4) Pause Young (Normal) (G1 Evacuation Pause) 210M->19M(4008M) 3.822ms
[2025-02-03T08:40:33.611+0000][22828][info ][gc,cpu      ] GC(4) User=0.00s Sys=0.00s Real=0.00s
[2025-02-03T08:40:33.611+0000][22828][info ][safepoint   ] Safepoint "G1CollectForAllocation", Time since last: 1460577700 ns, Reaching safepoint: 10000 ns, At safepoint: 3966900 ns, Total: 3976900 ns
[2025-02-03T08:40:34.332+0000][22828][info ][gc,start    ] GC(5) Pause Young (Normal) (G1 Evacuation Pause)
[2025-02-03T08:40:34.332+0000][22828][info ][gc,task     ] GC(5) Using 10 workers of 10 for evacuation
[2025-02-03T08:40:34.332+0000][22828][debug][gc,age      ] GC(5) Desired survivor size 14680064 bytes, new threshold 15 (max threshold 15)
[2025-02-03T08:40:34.348+0000][22828][info ][gc,phases   ] GC(5)   Pre Evacuate Collection Set: 0.18ms
[2025-02-03T08:40:34.348+0000][22828][info ][gc,phases   ] GC(5)   Merge Heap Roots: 0.12ms
[2025-02-03T08:40:34.348+0000][22828][info ][gc,phases   ] GC(5)   Evacuate Collection Set: 2.66ms
[2025-02-03T08:40:34.348+0000][22828][info ][gc,phases   ] GC(5)   Post Evacuate Collection Set: 0.62ms
[2025-02-03T08:40:34.348+0000][22828][info ][gc,phases   ] GC(5)   Other: 0.13ms
[2025-02-03T08:40:34.348+0000][22828][trace][gc,age      ] GC(5) Age table:
[2025-02-03T08:40:34.348+0000][22828][trace][gc,age      ] GC(5) - age   1:    2588792 bytes,    2588792 total
[2025-02-03T08:40:34.348+0000][22828][trace][gc,age      ] GC(5) - age   2:    4117056 bytes,    6705848 total
[2025-02-03T08:40:34.348+0000][22828][trace][gc,age      ] GC(5) - age   3:    1115432 bytes,    7821280 total
[2025-02-03T08:40:34.348+0000][22828][trace][gc,age      ] GC(5) - age   4:     118944 bytes,    7940224 total
[2025-02-03T08:40:34.348+0000][22828][info ][gc,heap     ] GC(5) Eden regions: 49->0(73)
[2025-02-03T08:40:34.348+0000][22828][info ][gc,heap     ] GC(5) Survivor regions: 2->3(7)
[2025-02-03T08:40:34.348+0000][22828][info ][gc,heap     ] GC(5) Old regions: 4->4
[2025-02-03T08:40:34.348+0000][22828][info ][gc,heap     ] GC(5) Humongous regions: 0->0
[2025-02-03T08:40:34.348+0000][22828][info ][gc,metaspace] GC(5) Metaspace: 30010K(30912K)->30010K(30912K) NonClass: 26567K(27072K)->26567K(27072K) Class: 3443K(3840K)->3443K(3840K)
[2025-02-03T08:40:34.348+0000][22828][info ][gc          ] GC(5) Pause Young (Normal) (G1 Evacuation Pause) 215M->22M(4008M) 4.111ms
[2025-02-03T08:40:34.348+0000][22828][info ][gc,cpu      ] GC(5) User=0.05s Sys=0.00s Real=0.02s
[2025-02-03T08:40:34.348+0000][22828][info ][safepoint   ] Safepoint "G1CollectForAllocation", Time since last: 729947400 ns, Reaching safepoint: 6400 ns, At safepoint: 4198200 ns, Total: 4204600 ns
[2025-02-03T08:40:35.305+0000][22828][info ][gc,start    ] GC(6) Pause Young (Normal) (G1 Evacuation Pause)
[2025-02-03T08:40:35.305+0000][22828][info ][gc,task     ] GC(6) Using 10 workers of 10 for evacuation
[2025-02-03T08:40:35.305+0000][22828][debug][gc,age      ] GC(6) Desired survivor size 20971520 bytes, new threshold 15 (max threshold 15)
[2025-02-03T08:40:35.321+0000][22828][info ][gc,phases   ] GC(6)   Pre Evacuate Collection Set: 0.32ms
[2025-02-03T08:40:35.321+0000][22828][info ][gc,phases   ] GC(6)   Merge Heap Roots: 0.13ms
[2025-02-03T08:40:35.321+0000][22828][info ][gc,phases   ] GC(6)   Evacuate Collection Set: 5.31ms
[2025-02-03T08:40:35.321+0000][22828][info ][gc,phases   ] GC(6)   Post Evacuate Collection Set: 0.88ms
[2025-02-03T08:40:35.321+0000][22828][info ][gc,phases   ] GC(6)   Other: 0.25ms
[2025-02-03T08:40:35.321+0000][22828][trace][gc,age      ] GC(6) Age table:
[2025-02-03T08:40:35.321+0000][22828][trace][gc,age      ] GC(6) - age   1:    4135408 bytes,    4135408 total
[2025-02-03T08:40:35.321+0000][22828][trace][gc,age      ] GC(6) - age   2:    2563968 bytes,    6699376 total
[2025-02-03T08:40:35.321+0000][22828][trace][gc,age      ] GC(6) - age   3:    4116960 bytes,   10816336 total
[2025-02-03T08:40:35.321+0000][22828][trace][gc,age      ] GC(6) - age   4:    1115400 bytes,   11931736 total
[2025-02-03T08:40:35.321+0000][22828][trace][gc,age      ] GC(6) - age   5:     118944 bytes,   12050680 total
[2025-02-03T08:40:35.321+0000][22828][info ][gc,heap     ] GC(6) Eden regions: 73->0(64)
[2025-02-03T08:40:35.321+0000][22828][info ][gc,heap     ] GC(6) Survivor regions: 3->4(10)
[2025-02-03T08:40:35.321+0000][22828][info ][gc,heap     ] GC(6) Old regions: 4->4
[2025-02-03T08:40:35.321+0000][22828][info ][gc,heap     ] GC(6) Humongous regions: 0->0
[2025-02-03T08:40:35.321+0000][22828][info ][gc,metaspace] GC(6) Metaspace: 30436K(31424K)->30436K(31424K) NonClass: 26949K(27520K)->26949K(27520K) Class: 3487K(3904K)->3487K(3904K)
[2025-02-03T08:40:35.321+0000][22828][info ][gc          ] GC(6) Pause Young (Normal) (G1 Evacuation Pause) 314M->26M(4008M) 7.762ms
[2025-02-03T08:40:35.321+0000][22828][info ][gc,cpu      ] GC(6) User=0.02s Sys=0.00s Real=0.02s
[2025-02-03T08:40:35.321+0000][22828][info ][safepoint   ] Safepoint "G1CollectForAllocation", Time since last: 967902400 ns, Reaching safepoint: 9500 ns, At safepoint: 7892700 ns, Total: 7902200 ns
[2025-02-03T08:40:35.893+0000][22828][info ][gc,start    ] GC(7) Pause Young (Normal) (G1 Evacuation Pause)
[2025-02-03T08:40:35.893+0000][22828][info ][gc,task     ] GC(7) Using 10 workers of 10 for evacuation
[2025-02-03T08:40:35.893+0000][22828][debug][gc,age      ] GC(7) Desired survivor size 18874368 bytes, new threshold 15 (max threshold 15)
[2025-02-03T08:40:35.903+0000][22828][info ][gc,phases   ] GC(7)   Pre Evacuate Collection Set: 0.24ms
[2025-02-03T08:40:35.903+0000][22828][info ][gc,phases   ] GC(7)   Merge Heap Roots: 0.12ms
[2025-02-03T08:40:35.903+0000][22828][info ][gc,phases   ] GC(7)   Evacuate Collection Set: 3.23ms
[2025-02-03T08:40:35.903+0000][22828][info ][gc,phases   ] GC(7)   Post Evacuate Collection Set: 0.70ms
[2025-02-03T08:40:35.903+0000][22828][info ][gc,phases   ] GC(7)   Other: 0.19ms
[2025-02-03T08:40:35.903+0000][22828][trace][gc,age      ] GC(7) Age table:
[2025-02-03T08:40:35.903+0000][22828][trace][gc,age      ] GC(7) - age   1:    2385712 bytes,    2385712 total
[2025-02-03T08:40:35.903+0000][22828][trace][gc,age      ] GC(7) - age   2:    2297024 bytes,    4682736 total
[2025-02-03T08:40:35.903+0000][22828][trace][gc,age      ] GC(7) - age   3:    2563872 bytes,    7246608 total
[2025-02-03T08:40:35.903+0000][22828][trace][gc,age      ] GC(7) - age   4:    4116576 bytes,   11363184 total
[2025-02-03T08:40:35.903+0000][22828][trace][gc,age      ] GC(7) - age   5:    1115280 bytes,   12478464 total
[2025-02-03T08:40:35.903+0000][22828][trace][gc,age      ] GC(7) - age   6:     118944 bytes,   12597408 total
[2025-02-03T08:40:35.903+0000][22828][info ][gc,heap     ] GC(7) Eden regions: 64->0(91)
[2025-02-03T08:40:35.903+0000][22828][info ][gc,heap     ] GC(7) Survivor regions: 4->4(9)
[2025-02-03T08:40:35.903+0000][22828][info ][gc,heap     ] GC(7) Old regions: 4->4
[2025-02-03T08:40:35.903+0000][22828][info ][gc,heap     ] GC(7) Humongous regions: 0->0
[2025-02-03T08:40:35.903+0000][22828][info ][gc,metaspace] GC(7) Metaspace: 30853K(31872K)->30853K(31872K) NonClass: 27308K(27904K)->27308K(27904K) Class: 3545K(3968K)->3545K(3968K)
[2025-02-03T08:40:35.903+0000][22828][info ][gc          ] GC(7) Pause Young (Normal) (G1 Evacuation Pause) 282M->27M(4008M) 5.075ms
[2025-02-03T08:40:35.903+0000][22828][info ][gc,cpu      ] GC(7) User=0.00s Sys=0.00s Real=0.01s
[2025-02-03T08:40:35.903+0000][22828][info ][safepoint   ] Safepoint "G1CollectForAllocation", Time since last: 574638100 ns, Reaching safepoint: 7800 ns, At safepoint: 5178300 ns, Total: 5186100 ns
[2025-02-03T08:40:37.064+0000][22828][info ][gc,start    ] GC(8) Pause Young (Concurrent Start) (Metadata GC Threshold)
[2025-02-03T08:40:37.064+0000][22828][info ][gc,task     ] GC(8) Using 10 workers of 10 for evacuation
[2025-02-03T08:40:37.064+0000][22828][debug][gc,age      ] GC(8) Desired survivor size 25165824 bytes, new threshold 15 (max threshold 15)
[2025-02-03T08:40:37.080+0000][22828][info ][gc,phases   ] GC(8)   Pre Evacuate Collection Set: 0.89ms
[2025-02-03T08:40:37.080+0000][22828][info ][gc,phases   ] GC(8)   Merge Heap Roots: 0.10ms
[2025-02-03T08:40:37.080+0000][22828][info ][gc,phases   ] GC(8)   Evacuate Collection Set: 4.70ms
[2025-02-03T08:40:37.080+0000][22828][info ][gc,phases   ] GC(8)   Post Evacuate Collection Set: 0.89ms
[2025-02-03T08:40:37.080+0000][22828][info ][gc,phases   ] GC(8)   Other: 0.02ms
[2025-02-03T08:40:37.080+0000][22828][trace][gc,age      ] GC(8) Age table:
[2025-02-03T08:40:37.080+0000][22828][trace][gc,age      ] GC(8) - age   1:    4327384 bytes,    4327384 total
[2025-02-03T08:40:37.080+0000][22828][trace][gc,age      ] GC(8) - age   2:     914496 bytes,    5241880 total
[2025-02-03T08:40:37.080+0000][22828][trace][gc,age      ] GC(8) - age   3:    2296992 bytes,    7538872 total
[2025-02-03T08:40:37.080+0000][22828][trace][gc,age      ] GC(8) - age   4:    2557808 bytes,   10096680 total
[2025-02-03T08:40:37.080+0000][22828][trace][gc,age      ] GC(8) - age   5:    4115216 bytes,   14211896 total
[2025-02-03T08:40:37.080+0000][22828][trace][gc,age      ] GC(8) - age   6:    1115136 bytes,   15327032 total
[2025-02-03T08:40:37.080+0000][22828][trace][gc,age      ] GC(8) - age   7:     118912 bytes,   15445944 total
[2025-02-03T08:40:37.080+0000][22828][info ][gc,heap     ] GC(8) Eden regions: 67->0(124)
[2025-02-03T08:40:37.080+0000][22828][info ][gc,heap     ] GC(8) Survivor regions: 4->5(12)
[2025-02-03T08:40:37.080+0000][22828][info ][gc,heap     ] GC(8) Old regions: 4->4
[2025-02-03T08:40:37.080+0000][22828][info ][gc,heap     ] GC(8) Humongous regions: 0->0
[2025-02-03T08:40:37.080+0000][22828][info ][gc,metaspace] GC(8) Metaspace: 35009K(35968K)->35009K(35968K) NonClass: 31030K(31616K)->31030K(31616K) Class: 3979K(4352K)->3979K(4352K)
[2025-02-03T08:40:37.080+0000][22828][info ][gc          ] GC(8) Pause Young (Concurrent Start) (Metadata GC Threshold) 293M->30M(4008M) 7.131ms
[2025-02-03T08:40:37.080+0000][22828][info ][gc,cpu      ] GC(8) User=0.00s Sys=0.00s Real=0.02s
[2025-02-03T08:40:37.080+0000][22828][info ][gc          ] GC(9) Concurrent Mark Cycle
[2025-02-03T08:40:37.080+0000][22828][info ][safepoint   ] Safepoint "CollectForMetadataAllocation", Time since last: 1168148000 ns, Reaching safepoint: 8600 ns, At safepoint: 7373800 ns, Total: 7382400 ns
[2025-02-03T08:40:37.080+0000][22828][info ][gc,marking  ] GC(9) Concurrent Scan Root Regions
[2025-02-03T08:40:37.080+0000][22828][info ][gc,marking  ] GC(9) Concurrent Scan Root Regions 4.685ms
[2025-02-03T08:40:37.080+0000][22828][info ][gc,marking  ] GC(9) Concurrent Mark
[2025-02-03T08:40:37.080+0000][22828][info ][gc,marking  ] GC(9) Concurrent Mark From Roots
[2025-02-03T08:40:37.080+0000][22828][info ][gc,task     ] GC(9) Using 3 workers of 3 for marking
[2025-02-03T08:40:37.096+0000][22828][info ][gc,marking  ] GC(9) Concurrent Mark From Roots 16.334ms
[2025-02-03T08:40:37.096+0000][22828][info ][gc,marking  ] GC(9) Concurrent Preclean
[2025-02-03T08:40:37.096+0000][22828][info ][gc,marking  ] GC(9) Concurrent Preclean 0.132ms
[2025-02-03T08:40:37.096+0000][22828][info ][gc,start    ] GC(9) Pause Remark
[2025-02-03T08:40:37.111+0000][22828][info ][gc          ] GC(9) Pause Remark 32M->32M(4008M) 10.723ms
[2025-02-03T08:40:37.111+0000][22828][info ][gc,cpu      ] GC(9) User=0.00s Sys=0.00s Real=0.02s
[2025-02-03T08:40:37.111+0000][22828][info ][safepoint   ] Safepoint "G1PauseRemark", Time since last: 21387100 ns, Reaching safepoint: 7800 ns, At safepoint: 10846600 ns, Total: 10854400 ns
[2025-02-03T08:40:37.111+0000][22828][info ][gc,marking  ] GC(9) Concurrent Mark 27.519ms
[2025-02-03T08:40:37.111+0000][22828][info ][gc,marking  ] GC(9) Concurrent Rebuild Remembered Sets and Scrub Regions
[2025-02-03T08:40:37.111+0000][22828][info ][gc,marking  ] GC(9) Concurrent Rebuild Remembered Sets and Scrub Regions 4.087ms
[2025-02-03T08:40:37.111+0000][22828][info ][gc,start    ] GC(9) Pause Cleanup
[2025-02-03T08:40:37.111+0000][22828][info ][gc          ] GC(9) Pause Cleanup 32M->32M(4008M) 0.112ms
[2025-02-03T08:40:37.111+0000][22828][info ][gc,cpu      ] GC(9) User=0.00s Sys=0.00s Real=0.00s
[2025-02-03T08:40:37.111+0000][22828][info ][safepoint   ] Safepoint "G1PauseCleanup", Time since last: 4291300 ns, Reaching safepoint: 19300 ns, At safepoint: 199500 ns, Total: 218800 ns
[2025-02-03T08:40:37.111+0000][22828][info ][gc,marking  ] GC(9) Concurrent Clear Claimed Marks
[2025-02-03T08:40:37.111+0000][22828][info ][gc,marking  ] GC(9) Concurrent Clear Claimed Marks 0.107ms
[2025-02-03T08:40:37.111+0000][22828][info ][gc,marking  ] GC(9) Concurrent Cleanup for Next Mark
[2025-02-03T08:40:37.127+0000][22828][info ][gc,marking  ] GC(9) Concurrent Cleanup for Next Mark 22.956ms
[2025-02-03T08:40:37.142+0000][22828][info ][gc          ] GC(9) Concurrent Mark Cycle 60.061ms
[2025-02-03T08:40:39.293+0000][22828][info ][gc,start    ] GC(10) Pause Young (Normal) (G1 Evacuation Pause)
[2025-02-03T08:40:39.293+0000][22828][info ][gc,task     ] GC(10) Using 10 workers of 10 for evacuation
[2025-02-03T08:40:39.293+0000][22828][debug][gc,age      ] GC(10) Desired survivor size 35651584 bytes, new threshold 15 (max threshold 15)
[2025-02-03T08:40:39.309+0000][22828][info ][gc,phases   ] GC(10)   Pre Evacuate Collection Set: 3.01ms
[2025-02-03T08:40:39.309+0000][22828][info ][gc,phases   ] GC(10)   Merge Heap Roots: 0.25ms
[2025-02-03T08:40:39.309+0000][22828][info ][gc,phases   ] GC(10)   Evacuate Collection Set: 19.74ms
[2025-02-03T08:40:39.309+0000][22828][info ][gc,phases   ] GC(10)   Post Evacuate Collection Set: 1.47ms
[2025-02-03T08:40:39.309+0000][22828][info ][gc,phases   ] GC(10)   Other: 0.61ms
[2025-02-03T08:40:39.309+0000][22828][trace][gc,age      ] GC(10) Age table:
[2025-02-03T08:40:39.309+0000][22828][trace][gc,age      ] GC(10) - age   1:    6480368 bytes,    6480368 total
[2025-02-03T08:40:39.309+0000][22828][trace][gc,age      ] GC(10) - age   2:    4272448 bytes,   10752816 total
[2025-02-03T08:40:39.309+0000][22828][trace][gc,age      ] GC(10) - age   3:     913672 bytes,   11666488 total
[2025-02-03T08:40:39.309+0000][22828][trace][gc,age      ] GC(10) - age   4:    2295264 bytes,   13961752 total
[2025-02-03T08:40:39.309+0000][22828][trace][gc,age      ] GC(10) - age   5:    2553824 bytes,   16515576 total
[2025-02-03T08:40:39.309+0000][22828][trace][gc,age      ] GC(10) - age   6:    4107624 bytes,   20623200 total
[2025-02-03T08:40:39.309+0000][22828][trace][gc,age      ] GC(10) - age   7:    1114184 bytes,   21737384 total
[2025-02-03T08:40:39.309+0000][22828][trace][gc,age      ] GC(10) - age   8:     118000 bytes,   21855384 total
[2025-02-03T08:40:39.309+0000][22828][info ][gc,heap     ] GC(10) Eden regions: 124->0(103)
[2025-02-03T08:40:39.309+0000][22828][info ][gc,heap     ] GC(10) Survivor regions: 5->6(17)
[2025-02-03T08:40:39.309+0000][22828][info ][gc,heap     ] GC(10) Old regions: 4->4
[2025-02-03T08:40:39.309+0000][22828][info ][gc,heap     ] GC(10) Humongous regions: 0->0
[2025-02-03T08:40:39.309+0000][22828][info ][gc,metaspace] GC(10) Metaspace: 38343K(39488K)->38343K(39488K) NonClass: 33899K(34560K)->33899K(34560K) Class: 4444K(4928K)->4444K(4928K)
[2025-02-03T08:40:39.309+0000][22828][info ][gc          ] GC(10) Pause Young (Normal) (G1 Evacuation Pause) 526M->37M(4008M) 25.767ms
[2025-02-03T08:40:39.309+0000][22828][info ][gc,cpu      ] GC(10) User=0.00s Sys=0.06s Real=0.02s
[2025-02-03T08:40:39.309+0000][22828][info ][safepoint   ] Safepoint "G1CollectForAllocation", Time since last: 2177057600 ns, Reaching safepoint: 14300 ns, At safepoint: 25923200 ns, Total: 25937500 ns
[2025-02-03T08:40:41.240+0000][22828][info ][gc,start    ] GC(11) Pause Young (Normal) (G1 Evacuation Pause)
[2025-02-03T08:40:41.240+0000][22828][info ][gc,task     ] GC(11) Using 10 workers of 10 for evacuation
[2025-02-03T08:40:41.240+0000][22828][debug][gc,age      ] GC(11) Desired survivor size 29360128 bytes, new threshold 15 (max threshold 15)
[2025-02-03T08:40:41.255+0000][22828][info ][gc,phases   ] GC(11)   Pre Evacuate Collection Set: 0.41ms
[2025-02-03T08:40:41.255+0000][22828][info ][gc,phases   ] GC(11)   Merge Heap Roots: 0.11ms
[2025-02-03T08:40:41.255+0000][22828][info ][gc,phases   ] GC(11)   Evacuate Collection Set: 12.24ms
[2025-02-03T08:40:41.255+0000][22828][info ][gc,phases   ] GC(11)   Post Evacuate Collection Set: 0.88ms
[2025-02-03T08:40:41.255+0000][22828][info ][gc,phases   ] GC(11)   Other: 0.11ms
[2025-02-03T08:40:41.255+0000][22828][trace][gc,age      ] GC(11) Age table:
[2025-02-03T08:40:41.255+0000][22828][trace][gc,age      ] GC(11) - age   1:    6242712 bytes,    6242712 total
[2025-02-03T08:40:41.255+0000][22828][trace][gc,age      ] GC(11) - age   2:    6175368 bytes,   12418080 total
[2025-02-03T08:40:41.255+0000][22828][trace][gc,age      ] GC(11) - age   3:    4270352 bytes,   16688432 total
[2025-02-03T08:40:41.255+0000][22828][trace][gc,age      ] GC(11) - age   4:     913576 bytes,   17602008 total
[2025-02-03T08:40:41.255+0000][22828][trace][gc,age      ] GC(11) - age   5:    2295232 bytes,   19897240 total
[2025-02-03T08:40:41.255+0000][22828][trace][gc,age      ] GC(11) - age   6:    2553728 bytes,   22450968 total
[2025-02-03T08:40:41.255+0000][22828][trace][gc,age      ] GC(11) - age   7:    4105896 bytes,   26556864 total
[2025-02-03T08:40:41.255+0000][22828][trace][gc,age      ] GC(11) - age   8:    1094520 bytes,   27651384 total
[2025-02-03T08:40:41.255+0000][22828][trace][gc,age      ] GC(11) - age   9:     117936 bytes,   27769320 total
[2025-02-03T08:40:41.255+0000][22828][info ][gc,heap     ] GC(11) Eden regions: 103->0(144)
[2025-02-03T08:40:41.255+0000][22828][info ][gc,heap     ] GC(11) Survivor regions: 6->8(14)
[2025-02-03T08:40:41.255+0000][22828][info ][gc,heap     ] GC(11) Old regions: 4->4
[2025-02-03T08:40:41.255+0000][22828][info ][gc,heap     ] GC(11) Humongous regions: 0->0
[2025-02-03T08:40:41.255+0000][22828][info ][gc,metaspace] GC(11) Metaspace: 39038K(40256K)->39038K(40256K) NonClass: 34498K(35200K)->34498K(35200K) Class: 4539K(5056K)->4539K(5056K)
[2025-02-03T08:40:41.255+0000][22828][info ][gc          ] GC(11) Pause Young (Normal) (G1 Evacuation Pause) 449M->43M(4008M) 14.038ms
[2025-02-03T08:40:41.255+0000][22828][info ][gc,cpu      ] GC(11) User=0.02s Sys=0.00s Real=0.02s
[2025-02-03T08:40:41.255+0000][22828][info ][safepoint   ] Safepoint "G1CollectForAllocation", Time since last: 1929729500 ns, Reaching safepoint: 5500 ns, At safepoint: 14092800 ns, Total: 14098300 ns
[2025-02-03T08:40:44.207+0000][22828][info ][gc,start    ] GC(12) Pause Young (Normal) (G1 Evacuation Pause)
[2025-02-03T08:40:44.207+0000][22828][info ][gc,task     ] GC(12) Using 10 workers of 10 for evacuation
[2025-02-03T08:40:44.207+0000][22828][debug][gc,age      ] GC(12) Desired survivor size 39845888 bytes, new threshold 15 (max threshold 15)
[2025-02-03T08:40:44.222+0000][22828][info ][gc,phases   ] GC(12)   Pre Evacuate Collection Set: 0.75ms
[2025-02-03T08:40:44.222+0000][22828][info ][gc,phases   ] GC(12)   Merge Heap Roots: 0.13ms
[2025-02-03T08:40:44.222+0000][22828][info ][gc,phases   ] GC(12)   Evacuate Collection Set: 19.96ms
[2025-02-03T08:40:44.222+0000][22828][info ][gc,phases   ] GC(12)   Post Evacuate Collection Set: 1.83ms
[2025-02-03T08:40:44.222+0000][22828][info ][gc,phases   ] GC(12)   Other: 0.23ms
[2025-02-03T08:40:44.222+0000][22828][trace][gc,age      ] GC(12) Age table:
[2025-02-03T08:40:44.222+0000][22828][trace][gc,age      ] GC(12) - age   1:    6975160 bytes,    6975160 total
[2025-02-03T08:40:44.222+0000][22828][trace][gc,age      ] GC(12) - age   2:    4157880 bytes,   11133040 total
[2025-02-03T08:40:44.222+0000][22828][trace][gc,age      ] GC(12) - age   3:    6137768 bytes,   17270808 total
[2025-02-03T08:40:44.222+0000][22828][trace][gc,age      ] GC(12) - age   4:    4252176 bytes,   21522984 total
[2025-02-03T08:40:44.222+0000][22828][trace][gc,age      ] GC(12) - age   5:     906416 bytes,   22429400 total
[2025-02-03T08:40:44.222+0000][22828][trace][gc,age      ] GC(12) - age   6:    2285000 bytes,   24714400 total
[2025-02-03T08:40:44.222+0000][22828][trace][gc,age      ] GC(12) - age   7:    2542984 bytes,   27257384 total
[2025-02-03T08:40:44.222+0000][22828][trace][gc,age      ] GC(12) - age   8:    4097192 bytes,   31354576 total
[2025-02-03T08:40:44.222+0000][22828][trace][gc,age      ] GC(12) - age   9:     891832 bytes,   32246408 total
[2025-02-03T08:40:44.222+0000][22828][trace][gc,age      ] GC(12) - age  10:     117936 bytes,   32364344 total
[2025-02-03T08:40:44.222+0000][22828][info ][gc,heap     ] GC(12) Eden regions: 144->0(155)
[2025-02-03T08:40:44.222+0000][22828][info ][gc,heap     ] GC(12) Survivor regions: 8->9(19)
[2025-02-03T08:40:44.222+0000][22828][info ][gc,heap     ] GC(12) Old regions: 4->4
[2025-02-03T08:40:44.222+0000][22828][info ][gc,heap     ] GC(12) Humongous regions: 0->0
[2025-02-03T08:40:44.222+0000][22828][info ][gc,metaspace] GC(12) Metaspace: 45578K(46912K)->45578K(46912K) NonClass: 40082K(40896K)->40082K(40896K) Class: 5496K(6016K)->5496K(6016K)
[2025-02-03T08:40:44.222+0000][22828][info ][gc          ] GC(12) Pause Young (Normal) (G1 Evacuation Pause) 619M->48M(4008M) 23.873ms
[2025-02-03T08:40:44.222+0000][22828][info ][gc,cpu      ] GC(12) User=0.02s Sys=0.06s Real=0.01s
[2025-02-03T08:40:44.222+0000][22828][info ][safepoint   ] Safepoint "G1CollectForAllocation", Time since last: 2942738700 ns, Reaching safepoint: 37300 ns, At safepoint: 23989200 ns, Total: 24026500 ns
[2025-02-03T08:40:46.404+0000][22828][info ][gc,start    ] GC(13) Pause Young (Concurrent Start) (Metadata GC Threshold)
[2025-02-03T08:40:46.404+0000][22828][info ][gc,task     ] GC(13) Using 10 workers of 10 for evacuation
[2025-02-03T08:40:46.404+0000][22828][debug][gc,age      ] GC(13) Desired survivor size 44040192 bytes, new threshold 15 (max threshold 15)
[2025-02-03T08:40:46.420+0000][22828][info ][gc,phases   ] GC(13)   Pre Evacuate Collection Set: 1.08ms
[2025-02-03T08:40:46.420+0000][22828][info ][gc,phases   ] GC(13)   Merge Heap Roots: 0.09ms
[2025-02-03T08:40:46.420+0000][22828][info ][gc,phases   ] GC(13)   Evacuate Collection Set: 14.15ms
[2025-02-03T08:40:46.420+0000][22828][info ][gc,phases   ] GC(13)   Post Evacuate Collection Set: 1.54ms
[2025-02-03T08:40:46.420+0000][22828][info ][gc,phases   ] GC(13)   Other: 0.07ms
[2025-02-03T08:40:46.420+0000][22828][trace][gc,age      ] GC(13) Age table:
[2025-02-03T08:40:46.420+0000][22828][trace][gc,age      ] GC(13) - age   1:    3251704 bytes,    3251704 total
[2025-02-03T08:40:46.420+0000][22828][trace][gc,age      ] GC(13) - age   2:    6743880 bytes,    9995584 total
[2025-02-03T08:40:46.420+0000][22828][trace][gc,age      ] GC(13) - age   3:    4153864 bytes,   14149448 total
[2025-02-03T08:40:46.420+0000][22828][trace][gc,age      ] GC(13) - age   4:    6133904 bytes,   20283352 total
[2025-02-03T08:40:46.420+0000][22828][trace][gc,age      ] GC(13) - age   5:    4251656 bytes,   24535008 total
[2025-02-03T08:40:46.420+0000][22828][trace][gc,age      ] GC(13) - age   6:     906384 bytes,   25441392 total
[2025-02-03T08:40:46.420+0000][22828][trace][gc,age      ] GC(13) - age   7:    2284256 bytes,   27725648 total
[2025-02-03T08:40:46.420+0000][22828][trace][gc,age      ] GC(13) - age   8:    2542488 bytes,   30268136 total
[2025-02-03T08:40:46.420+0000][22828][trace][gc,age      ] GC(13) - age   9:    4097080 bytes,   34365216 total
[2025-02-03T08:40:46.420+0000][22828][trace][gc,age      ] GC(13) - age  10:     890168 bytes,   35255384 total
[2025-02-03T08:40:46.420+0000][22828][trace][gc,age      ] GC(13) - age  11:     117936 bytes,   35373320 total
[2025-02-03T08:40:46.420+0000][22828][info ][gc,heap     ] GC(13) Eden regions: 58->0(210)
[2025-02-03T08:40:46.420+0000][22828][info ][gc,heap     ] GC(13) Survivor regions: 9->10(21)
[2025-02-03T08:40:46.420+0000][22828][info ][gc,heap     ] GC(13) Old regions: 4->4
[2025-02-03T08:40:46.420+0000][22828][info ][gc,heap     ] GC(13) Humongous regions: 0->0
[2025-02-03T08:40:46.420+0000][22828][info ][gc,metaspace] GC(13) Metaspace: 58957K(60480K)->58957K(60480K) NonClass: 51652K(52544K)->51652K(52544K) Class: 7305K(7936K)->7305K(7936K)
[2025-02-03T08:40:46.420+0000][22828][info ][gc          ] GC(13) Pause Young (Concurrent Start) (Metadata GC Threshold) 278M->51M(4008M) 17.446ms
[2025-02-03T08:40:46.420+0000][22828][info ][gc,cpu      ] GC(13) User=0.03s Sys=0.03s Real=0.02s
[2025-02-03T08:40:46.420+0000][22828][info ][gc          ] GC(14) Concurrent Mark Cycle
[2025-02-03T08:40:46.420+0000][22828][info ][gc,marking  ] GC(14) Concurrent Scan Root Regions
[2025-02-03T08:40:46.420+0000][22828][info ][safepoint   ] Safepoint "CollectForMetadataAllocation", Time since last: 2174295800 ns, Reaching safepoint: 7900 ns, At safepoint: 17952700 ns, Total: 17960600 ns
[2025-02-03T08:40:46.420+0000][22828][info ][gc,marking  ] GC(14) Concurrent Scan Root Regions 8.634ms
[2025-02-03T08:40:46.420+0000][22828][info ][gc,marking  ] GC(14) Concurrent Mark
[2025-02-03T08:40:46.420+0000][22828][info ][gc,marking  ] GC(14) Concurrent Mark From Roots
[2025-02-03T08:40:46.420+0000][22828][info ][gc,task     ] GC(14) Using 3 workers of 3 for marking
[2025-02-03T08:40:46.467+0000][22828][info ][gc,marking  ] GC(14) Concurrent Mark From Roots 35.103ms
[2025-02-03T08:40:46.467+0000][22828][info ][gc,marking  ] GC(14) Concurrent Preclean
[2025-02-03T08:40:46.467+0000][22828][info ][gc,marking  ] GC(14) Concurrent Preclean 0.125ms
[2025-02-03T08:40:46.467+0000][22828][info ][gc,start    ] GC(14) Pause Remark
[2025-02-03T08:40:46.483+0000][22828][info ][gc          ] GC(14) Pause Remark 55M->55M(4008M) 27.351ms
[2025-02-03T08:40:46.483+0000][22828][info ][gc,cpu      ] GC(14) User=0.00s Sys=0.00s Real=0.02s
[2025-02-03T08:40:46.483+0000][22828][info ][safepoint   ] Safepoint "G1PauseRemark", Time since last: 44034200 ns, Reaching safepoint: 721900 ns, At safepoint: 27480500 ns, Total: 28202400 ns
[2025-02-03T08:40:46.483+0000][22828][info ][gc,marking  ] GC(14) Concurrent Mark 63.619ms
[2025-02-03T08:40:46.483+0000][22828][info ][gc,marking  ] GC(14) Concurrent Rebuild Remembered Sets and Scrub Regions
[2025-02-03T08:40:46.499+0000][22828][info ][gc,marking  ] GC(14) Concurrent Rebuild Remembered Sets and Scrub Regions 3.441ms
[2025-02-03T08:40:46.499+0000][22828][info ][gc,start    ] GC(14) Pause Cleanup
[2025-02-03T08:40:46.499+0000][22828][info ][gc          ] GC(14) Pause Cleanup 55M->55M(4008M) 0.082ms
[2025-02-03T08:40:46.499+0000][22828][info ][gc,cpu      ] GC(14) User=0.00s Sys=0.00s Real=0.00s
[2025-02-03T08:40:46.499+0000][22828][info ][safepoint   ] Safepoint "G1PauseCleanup", Time since last: 3615900 ns, Reaching safepoint: 240300 ns, At safepoint: 151000 ns, Total: 391300 ns
[2025-02-03T08:40:46.499+0000][22828][info ][gc,marking  ] GC(14) Concurrent Clear Claimed Marks
[2025-02-03T08:40:46.499+0000][22828][info ][gc,marking  ] GC(14) Concurrent Clear Claimed Marks 0.118ms
[2025-02-03T08:40:46.499+0000][22828][info ][gc,marking  ] GC(14) Concurrent Cleanup for Next Mark
[2025-02-03T08:40:46.514+0000][22828][info ][gc,marking  ] GC(14) Concurrent Cleanup for Next Mark 19.476ms
[2025-02-03T08:40:46.514+0000][22828][info ][gc          ] GC(14) Concurrent Mark Cycle 96.109ms
[2025-02-03T08:40:55.553+0000][22828][info ][gc,start    ] GC(15) Pause Young (Normal) (G1 Evacuation Pause)
[2025-02-03T08:40:55.553+0000][22828][info ][gc,task     ] GC(15) Using 10 workers of 10 for evacuation
[2025-02-03T08:40:55.553+0000][22828][debug][gc,age      ] GC(15) Desired survivor size 58720256 bytes, new threshold 15 (max threshold 15)
[2025-02-03T08:40:55.600+0000][22828][info ][gc,phases   ] GC(15)   Pre Evacuate Collection Set: 1.67ms
[2025-02-03T08:40:55.600+0000][22828][info ][gc,phases   ] GC(15)   Merge Heap Roots: 0.50ms
[2025-02-03T08:40:55.600+0000][22828][info ][gc,phases   ] GC(15)   Evacuate Collection Set: 41.63ms
[2025-02-03T08:40:55.600+0000][22828][info ][gc,phases   ] GC(15)   Post Evacuate Collection Set: 4.79ms
[2025-02-03T08:40:55.600+0000][22828][info ][gc,phases   ] GC(15)   Other: 1.95ms
[2025-02-03T08:40:55.600+0000][22828][trace][gc,age      ] GC(15) Age table:
[2025-02-03T08:40:55.600+0000][22828][trace][gc,age      ] GC(15) - age   1:   15993264 bytes,   15993264 total
[2025-02-03T08:40:55.600+0000][22828][trace][gc,age      ] GC(15) - age   2:    3012656 bytes,   19005920 total
[2025-02-03T08:40:55.600+0000][22828][trace][gc,age      ] GC(15) - age   3:    6531896 bytes,   25537816 total
[2025-02-03T08:40:55.600+0000][22828][trace][gc,age      ] GC(15) - age   4:    4111728 bytes,   29649544 total
[2025-02-03T08:40:55.600+0000][22828][trace][gc,age      ] GC(15) - age   5:    6117160 bytes,   35766704 total
[2025-02-03T08:40:55.600+0000][22828][trace][gc,age      ] GC(15) - age   6:    4233024 bytes,   39999728 total
[2025-02-03T08:40:55.600+0000][22828][trace][gc,age      ] GC(15) - age   7:     900480 bytes,   40900208 total
[2025-02-03T08:40:55.600+0000][22828][trace][gc,age      ] GC(15) - age   8:    2276904 bytes,   43177112 total
[2025-02-03T08:40:55.600+0000][22828][trace][gc,age      ] GC(15) - age   9:    2532800 bytes,   45709912 total
[2025-02-03T08:40:55.600+0000][22828][trace][gc,age      ] GC(15) - age  10:    4075280 bytes,   49785192 total
[2025-02-03T08:40:55.600+0000][22828][trace][gc,age      ] GC(15) - age  11:     878088 bytes,   50663280 total
[2025-02-03T08:40:55.600+0000][22828][trace][gc,age      ] GC(15) - age  12:     117136 bytes,   50780416 total
[2025-02-03T08:40:55.600+0000][22828][info ][gc,heap     ] GC(15) Eden regions: 210->0(184)
[2025-02-03T08:40:55.600+0000][22828][info ][gc,heap     ] GC(15) Survivor regions: 10->14(28)
[2025-02-03T08:40:55.600+0000][22828][info ][gc,heap     ] GC(15) Old regions: 4->4
[2025-02-03T08:40:55.600+0000][22828][info ][gc,heap     ] GC(15) Humongous regions: 0->0
[2025-02-03T08:40:55.600+0000][22828][info ][gc,metaspace] GC(15) Metaspace: 86958K(88960K)->86958K(88960K) NonClass: 75237K(76416K)->75237K(76416K) Class: 11721K(12544K)->11721K(12544K)
[2025-02-03T08:40:55.600+0000][22828][info ][gc          ] GC(15) Pause Young (Normal) (G1 Evacuation Pause) 891M->67M(4008M) 53.019ms
[2025-02-03T08:40:55.600+0000][22828][info ][gc,cpu      ] GC(15) User=0.05s Sys=0.20s Real=0.05s
[2025-02-03T08:40:55.600+0000][22828][info ][safepoint   ] Safepoint "G1CollectForAllocation", Time since last: 9054169900 ns, Reaching safepoint: 230300 ns, At safepoint: 53626800 ns, Total: 53857100 ns
[2025-02-03T08:40:58.943+0000][22828][info ][gc,start    ] GC(16) Pause Young (Concurrent Start) (Metadata GC Threshold)
[2025-02-03T08:40:58.943+0000][22828][info ][gc,task     ] GC(16) Using 10 workers of 10 for evacuation
[2025-02-03T08:40:58.943+0000][22828][debug][gc,age      ] GC(16) Desired survivor size 52428800 bytes, new threshold 15 (max threshold 15)
[2025-02-03T08:40:59.021+0000][22828][info ][gc,phases   ] GC(16)   Pre Evacuate Collection Set: 0.90ms
[2025-02-03T08:40:59.021+0000][22828][info ][gc,phases   ] GC(16)   Merge Heap Roots: 0.12ms
[2025-02-03T08:40:59.021+0000][22828][info ][gc,phases   ] GC(16)   Evacuate Collection Set: 79.23ms
[2025-02-03T08:40:59.021+0000][22828][info ][gc,phases   ] GC(16)   Post Evacuate Collection Set: 2.66ms
[2025-02-03T08:40:59.021+0000][22828][info ][gc,phases   ] GC(16)   Other: 0.00ms
[2025-02-03T08:40:59.021+0000][22828][trace][gc,age      ] GC(16) Age table:
[2025-02-03T08:40:59.021+0000][22828][trace][gc,age      ] GC(16) - age   1:    5883152 bytes,    5883152 total
[2025-02-03T08:40:59.021+0000][22828][trace][gc,age      ] GC(16) - age   2:   15399328 bytes,   21282480 total
[2025-02-03T08:40:59.021+0000][22828][trace][gc,age      ] GC(16) - age   3:    2998072 bytes,   24280552 total
[2025-02-03T08:40:59.021+0000][22828][trace][gc,age      ] GC(16) - age   4:    6476816 bytes,   30757368 total
[2025-02-03T08:40:59.021+0000][22828][trace][gc,age      ] GC(16) - age   5:    4108568 bytes,   34865936 total
[2025-02-03T08:40:59.021+0000][22828][trace][gc,age      ] GC(16) - age   6:    6111352 bytes,   40977288 total
[2025-02-03T08:40:59.021+0000][22828][trace][gc,age      ] GC(16) - age   7:    4231800 bytes,   45209088 total
[2025-02-03T08:40:59.021+0000][22828][trace][gc,age      ] GC(16) - age   8:     900032 bytes,   46109120 total
[2025-02-03T08:40:59.021+0000][22828][trace][gc,age      ] GC(16) - age   9:    2276000 bytes,   48385120 total
[2025-02-03T08:40:59.021+0000][22828][trace][gc,age      ] GC(16) - age  10:    2531584 bytes,   50916704 total
[2025-02-03T08:40:59.021+0000][22828][trace][gc,age      ] GC(16) - age  11:    4061792 bytes,   54978496 total
[2025-02-03T08:40:59.021+0000][22828][trace][gc,age      ] GC(16) - age  12:     877096 bytes,   55855592 total
[2025-02-03T08:40:59.021+0000][22828][trace][gc,age      ] GC(16) - age  13:     116528 bytes,   55972120 total
[2025-02-03T08:40:59.021+0000][22828][info ][gc,heap     ] GC(16) Eden regions: 55->0(228)
[2025-02-03T08:40:59.021+0000][22828][info ][gc,heap     ] GC(16) Survivor regions: 14->15(25)
[2025-02-03T08:40:59.021+0000][22828][info ][gc,heap     ] GC(16) Old regions: 4->4
[2025-02-03T08:40:59.021+0000][22828][info ][gc,heap     ] GC(16) Humongous regions: 0->0
[2025-02-03T08:40:59.021+0000][22828][info ][gc,metaspace] GC(16) Metaspace: 99329K(101376K)->99329K(101376K) NonClass: 85735K(86912K)->85735K(86912K) Class: 13593K(14464K)->13593K(14464K)
[2025-02-03T08:40:59.021+0000][22828][info ][gc          ] GC(16) Pause Young (Concurrent Start) (Metadata GC Threshold) 287M->74M(4008M) 83.580ms
[2025-02-03T08:40:59.021+0000][22828][info ][gc,cpu      ] GC(16) User=0.09s Sys=0.05s Real=0.08s
[2025-02-03T08:40:59.021+0000][22828][info ][gc          ] GC(17) Concurrent Mark Cycle
[2025-02-03T08:40:59.021+0000][22828][info ][gc,marking  ] GC(17) Concurrent Scan Root Regions
[2025-02-03T08:40:59.021+0000][22828][info ][safepoint   ] Safepoint "CollectForMetadataAllocation", Time since last: 3340924500 ns, Reaching safepoint: 7700 ns, At safepoint: 83830600 ns, Total: 83838300 ns
[2025-02-03T08:40:59.052+0000][22828][info ][gc,marking  ] GC(17) Concurrent Scan Root Regions 19.413ms
[2025-02-03T08:40:59.052+0000][22828][info ][gc,marking  ] GC(17) Concurrent Mark
[2025-02-03T08:40:59.052+0000][22828][info ][gc,marking  ] GC(17) Concurrent Mark From Roots
[2025-02-03T08:40:59.052+0000][22828][info ][gc,task     ] GC(17) Using 3 workers of 3 for marking
[2025-02-03T08:40:59.102+0000][22828][info ][gc,marking  ] GC(17) Concurrent Mark From Roots 56.049ms
[2025-02-03T08:40:59.102+0000][22828][info ][gc,marking  ] GC(17) Concurrent Preclean
[2025-02-03T08:40:59.102+0000][22828][info ][gc,marking  ] GC(17) Concurrent Preclean 0.105ms
[2025-02-03T08:40:59.102+0000][22828][info ][gc,start    ] GC(17) Pause Remark
[2025-02-03T08:40:59.148+0000][22828][info ][gc          ] GC(17) Pause Remark 90M->90M(4008M) 51.100ms
[2025-02-03T08:40:59.148+0000][22828][info ][gc,cpu      ] GC(17) User=0.05s Sys=0.02s Real=0.05s
[2025-02-03T08:40:59.148+0000][22828][info ][safepoint   ] Safepoint "G1PauseRemark", Time since last: 75766600 ns, Reaching safepoint: 9100 ns, At safepoint: 51242700 ns, Total: 51251800 ns
[2025-02-03T08:40:59.148+0000][22828][info ][gc,marking  ] GC(17) Concurrent Mark 107.578ms
[2025-02-03T08:40:59.148+0000][22828][info ][gc,marking  ] GC(17) Concurrent Rebuild Remembered Sets and Scrub Regions
[2025-02-03T08:40:59.163+0000][22828][info ][gc,marking  ] GC(17) Concurrent Rebuild Remembered Sets and Scrub Regions 3.520ms
[2025-02-03T08:40:59.163+0000][22828][info ][gc,start    ] GC(17) Pause Cleanup
[2025-02-03T08:40:59.163+0000][22828][info ][gc          ] GC(17) Pause Cleanup 90M->90M(4008M) 0.072ms
[2025-02-03T08:40:59.163+0000][22828][info ][gc,cpu      ] GC(17) User=0.00s Sys=0.00s Real=0.00s
[2025-02-03T08:40:59.163+0000][22828][info ][safepoint   ] Safepoint "G1PauseCleanup", Time since last: 3693600 ns, Reaching safepoint: 7700 ns, At safepoint: 165200 ns, Total: 172900 ns
[2025-02-03T08:40:59.163+0000][22828][info ][gc,marking  ] GC(17) Concurrent Clear Claimed Marks
[2025-02-03T08:40:59.163+0000][22828][info ][gc,marking  ] GC(17) Concurrent Clear Claimed Marks 0.123ms
[2025-02-03T08:40:59.163+0000][22828][info ][gc,marking  ] GC(17) Concurrent Cleanup for Next Mark
[2025-02-03T08:40:59.259+0000][22828][info ][gc,marking  ] GC(17) Concurrent Cleanup for Next Mark 97.793ms
[2025-02-03T08:40:59.259+0000][22828][info ][gc          ] GC(17) Concurrent Mark Cycle 229.012ms
[2025-02-03T08:46:22.859+0000][22828][info ][gc,start    ] GC(18) Pause Young (Normal) (G1 Evacuation Pause)
[2025-02-03T08:46:22.866+0000][22828][info ][gc,task     ] GC(18) Using 10 workers of 10 for evacuation
[2025-02-03T08:46:22.866+0000][22828][debug][gc,age      ] GC(18) Desired survivor size 65011712 bytes, new threshold 15 (max threshold 15)
[2025-02-03T08:46:23.431+0000][22828][info ][gc,mmu      ] GC(18) MMU target violated: 201.0ms (200.0ms/201.0ms)
[2025-02-03T08:46:23.431+0000][22828][info ][gc,phases   ] GC(18)   Pre Evacuate Collection Set: 14.11ms
[2025-02-03T08:46:23.431+0000][22828][info ][gc,phases   ] GC(18)   Merge Heap Roots: 3.37ms
[2025-02-03T08:46:23.431+0000][22828][info ][gc,phases   ] GC(18)   Evacuate Collection Set: 532.65ms
[2025-02-03T08:46:23.431+0000][22828][info ][gc,phases   ] GC(18)   Post Evacuate Collection Set: 14.15ms
[2025-02-03T08:46:23.431+0000][22828][info ][gc,phases   ] GC(18)   Other: 8.48ms
[2025-02-03T08:46:23.431+0000][22828][trace][gc,age      ] GC(18) Age table:
[2025-02-03T08:46:23.431+0000][22828][trace][gc,age      ] GC(18) - age   1:   51032072 bytes,   51032072 total
[2025-02-03T08:46:23.431+0000][22828][trace][gc,age      ] GC(18) - age   2:    5616032 bytes,   56648104 total
[2025-02-03T08:46:23.431+0000][22828][trace][gc,age      ] GC(18) - age   3:   15181072 bytes,   71829176 total
[2025-02-03T08:46:23.431+0000][22828][trace][gc,age      ] GC(18) - age   4:    2903256 bytes,   74732432 total
[2025-02-03T08:46:23.431+0000][22828][trace][gc,age      ] GC(18) - age   5:    6458208 bytes,   81190640 total
[2025-02-03T08:46:23.431+0000][22828][trace][gc,age      ] GC(18) - age   6:    4105872 bytes,   85296512 total
[2025-02-03T08:46:23.431+0000][22828][trace][gc,age      ] GC(18) - age   7:    6103808 bytes,   91400320 total
[2025-02-03T08:46:23.431+0000][22828][trace][gc,age      ] GC(18) - age   8:    4229040 bytes,   95629360 total
[2025-02-03T08:46:23.431+0000][22828][trace][gc,age      ] GC(18) - age   9:     895376 bytes,   96524736 total
[2025-02-03T08:46:23.431+0000][22828][trace][gc,age      ] GC(18) - age  10:    2273592 bytes,   98798328 total
[2025-02-03T08:46:23.431+0000][22828][trace][gc,age      ] GC(18) - age  11:    2527376 bytes,  101325704 total
[2025-02-03T08:46:23.431+0000][22828][trace][gc,age      ] GC(18) - age  12:    4059272 bytes,  105384976 total
[2025-02-03T08:46:23.431+0000][22828][trace][gc,age      ] GC(18) - age  13:     875088 bytes,  106260064 total
[2025-02-03T08:46:23.431+0000][22828][trace][gc,age      ] GC(18) - age  14:     113648 bytes,  106373712 total
[2025-02-03T08:46:23.431+0000][22828][info ][gc,heap     ] GC(18) Eden regions: 228->0(21)
[2025-02-03T08:46:23.431+0000][22828][info ][gc,heap     ] GC(18) Survivor regions: 15->29(31)
[2025-02-03T08:46:23.431+0000][22828][info ][gc,heap     ] GC(18) Old regions: 4->4
[2025-02-03T08:46:23.431+0000][22828][info ][gc,heap     ] GC(18) Humongous regions: 2->2
[2025-02-03T08:46:23.431+0000][22828][info ][gc,metaspace] GC(18) Metaspace: 147808K(152000K)->147808K(152000K) NonClass: 126606K(128960K)->126606K(128960K) Class: 21202K(23040K)->21202K(23040K)
[2025-02-03T08:46:23.431+0000][22828][info ][gc          ] GC(18) Pause Young (Normal) (G1 Evacuation Pause) 994M->137M(4008M) 576.607ms
[2025-02-03T08:46:23.431+0000][22828][info ][gc,cpu      ] GC(18) User=0.03s Sys=0.14s Real=0.57s
[2025-02-03T08:46:23.431+0000][22828][info ][safepoint   ] Safepoint "G1CollectForAllocation", Time since last: 323693503100 ns, Reaching safepoint: 188700 ns, At safepoint: 577337300 ns, Total: 577526000 ns
[2025-02-03T08:47:19.027+0000][22828][info ][gc,start    ] GC(19) Pause Young (Normal) (G1 Evacuation Pause)
[2025-02-03T08:47:19.029+0000][22828][info ][gc,task     ] GC(19) Using 10 workers of 10 for evacuation
[2025-02-03T08:47:19.029+0000][22828][debug][gc,age      ] GC(19) Desired survivor size 14680064 bytes, new threshold 1 (max threshold 15)
[2025-02-03T08:47:19.362+0000][22828][info ][gc,mmu      ] GC(19) MMU target violated: 201.0ms (200.0ms/201.0ms)
[2025-02-03T08:47:19.362+0000][22828][info ][gc,phases   ] GC(19)   Pre Evacuate Collection Set: 9.94ms
[2025-02-03T08:47:19.362+0000][22828][info ][gc,phases   ] GC(19)   Merge Heap Roots: 1.71ms
[2025-02-03T08:47:19.362+0000][22828][info ][gc,phases   ] GC(19)   Evacuate Collection Set: 288.17ms
[2025-02-03T08:47:19.362+0000][22828][info ][gc,phases   ] GC(19)   Post Evacuate Collection Set: 29.08ms
[2025-02-03T08:47:19.362+0000][22828][info ][gc,phases   ] GC(19)   Other: 6.33ms
[2025-02-03T08:47:19.362+0000][22828][trace][gc,age      ] GC(19) Age table:
[2025-02-03T08:47:19.362+0000][22828][trace][gc,age      ] GC(19) - age   1:      67704 bytes,      67704 total
[2025-02-03T08:47:19.362+0000][22828][info ][gc,heap     ] GC(19) Eden regions: 21->0(154)
[2025-02-03T08:47:19.362+0000][22828][info ][gc,heap     ] GC(19) Survivor regions: 29->3(7)
[2025-02-03T08:47:19.362+0000][22828][info ][gc,heap     ] GC(19) Old regions: 4->32
[2025-02-03T08:47:19.362+0000][22828][info ][gc,heap     ] GC(19) Humongous regions: 2->2
[2025-02-03T08:47:19.362+0000][22828][info ][gc,metaspace] GC(19) Metaspace: 147860K(152064K)->147860K(152064K) NonClass: 126655K(129024K)->126655K(129024K) Class: 21205K(23040K)->21205K(23040K)
[2025-02-03T08:47:19.362+0000][22828][info ][gc          ] GC(19) Pause Young (Normal) (G1 Evacuation Pause) 221M->143M(4008M) 344.156ms
[2025-02-03T08:47:19.362+0000][22828][info ][gc,cpu      ] GC(19) User=0.34s Sys=0.58s Real=0.35s
[2025-02-03T08:47:19.362+0000][22828][info ][safepoint   ] Safepoint "G1CollectForAllocation", Time since last: 55587831200 ns, Reaching safepoint: 2894400 ns, At safepoint: 344994700 ns, Total: 347889100 ns
[2025-02-03T08:57:49.966+0000][22828][info ][gc,start    ] GC(20) Pause Young (Normal) (G1 Evacuation Pause)
[2025-02-03T08:57:49.995+0000][22828][info ][gc,task     ] GC(20) Using 10 workers of 10 for evacuation
[2025-02-03T08:57:49.995+0000][22828][debug][gc,age      ] GC(20) Desired survivor size 41943040 bytes, new threshold 15 (max threshold 15)
[2025-02-03T08:57:50.283+0000][22828][info ][gc,mmu      ] GC(20) MMU target violated: 201.0ms (200.0ms/201.0ms)
[2025-02-03T08:57:50.283+0000][22828][info ][gc,phases   ] GC(20)   Pre Evacuate Collection Set: 96.53ms
[2025-02-03T08:57:50.283+0000][22828][info ][gc,phases   ] GC(20)   Merge Heap Roots: 9.32ms
[2025-02-03T08:57:50.283+0000][22828][info ][gc,phases   ] GC(20)   Evacuate Collection Set: 144.52ms
[2025-02-03T08:57:50.283+0000][22828][info ][gc,phases   ] GC(20)   Post Evacuate Collection Set: 32.84ms
[2025-02-03T08:57:50.283+0000][22828][info ][gc,phases   ] GC(20)   Other: 23.68ms
[2025-02-03T08:57:50.283+0000][22828][trace][gc,age      ] GC(20) Age table:
[2025-02-03T08:57:50.283+0000][22828][trace][gc,age      ] GC(20) - age   1:    1319296 bytes,    1319296 total
[2025-02-03T08:57:50.283+0000][22828][trace][gc,age      ] GC(20) - age   2:      48600 bytes,    1367896 total
[2025-02-03T08:57:50.283+0000][22828][info ][gc,heap     ] GC(20) Eden regions: 154->0(56)
[2025-02-03T08:57:50.283+0000][22828][info ][gc,heap     ] GC(20) Survivor regions: 3->1(20)
[2025-02-03T08:57:50.283+0000][22828][info ][gc,heap     ] GC(20) Old regions: 32->32
[2025-02-03T08:57:50.283+0000][22828][info ][gc,heap     ] GC(20) Humongous regions: 2->2
[2025-02-03T08:57:50.283+0000][22828][info ][gc,metaspace] GC(20) Metaspace: 148778K(153024K)->148778K(153024K) NonClass: 127437K(129792K)->127437K(129792K) Class: 21341K(23232K)->21341K(23232K)
[2025-02-03T08:57:50.283+0000][22828][info ][gc          ] GC(20) Pause Young (Normal) (G1 Evacuation Pause) 759M->135M(4008M) 321.240ms
[2025-02-03T08:57:50.288+0000][22828][info ][gc,cpu      ] GC(20) User=0.02s Sys=0.16s Real=0.33s
[2025-02-03T08:57:50.288+0000][22828][info ][safepoint   ] Safepoint "G1CollectForAllocation", Time since last: 630585585500 ns, Reaching safepoint: 7495500 ns, At safepoint: 323062100 ns, Total: 330557600 ns
[2025-02-03T09:01:19.272+0000][22828][info ][gc,start    ] GC(21) Pause Young (Normal) (G1 Evacuation Pause)
[2025-02-03T09:01:19.272+0000][22828][info ][gc,task     ] GC(21) Using 10 workers of 10 for evacuation
[2025-02-03T09:01:19.272+0000][22828][debug][gc,age      ] GC(21) Desired survivor size 16777216 bytes, new threshold 15 (max threshold 15)
[2025-02-03T09:01:19.320+0000][22828][info ][gc,phases   ] GC(21)   Pre Evacuate Collection Set: 7.91ms
[2025-02-03T09:01:19.320+0000][22828][info ][gc,phases   ] GC(21)   Merge Heap Roots: 1.30ms
[2025-02-03T09:01:19.320+0000][22828][info ][gc,phases   ] GC(21)   Evacuate Collection Set: 32.56ms
[2025-02-03T09:01:19.320+0000][22828][info ][gc,phases   ] GC(21)   Post Evacuate Collection Set: 8.05ms
[2025-02-03T09:01:19.320+0000][22828][info ][gc,phases   ] GC(21)   Other: 4.05ms
[2025-02-03T09:01:19.320+0000][22828][trace][gc,age      ] GC(21) Age table:
[2025-02-03T09:01:19.320+0000][22828][trace][gc,age      ] GC(21) - age   1:     448720 bytes,     448720 total
[2025-02-03T09:01:19.320+0000][22828][trace][gc,age      ] GC(21) - age   2:    1235008 bytes,    1683728 total
[2025-02-03T09:01:19.320+0000][22828][trace][gc,age      ] GC(21) - age   3:      48208 bytes,    1731936 total
[2025-02-03T09:01:19.320+0000][22828][info ][gc,heap     ] GC(21) Eden regions: 56->0(78)
[2025-02-03T09:01:19.320+0000][22828][info ][gc,heap     ] GC(21) Survivor regions: 1->1(8)
[2025-02-03T09:01:19.320+0000][22828][info ][gc,heap     ] GC(21) Old regions: 32->32
[2025-02-03T09:01:19.320+0000][22828][info ][gc,heap     ] GC(21) Humongous regions: 2->2
[2025-02-03T09:01:19.320+0000][22828][info ][gc,metaspace] GC(21) Metaspace: 149329K(153536K)->149329K(153536K) NonClass: 127874K(130240K)->127874K(130240K) Class: 21454K(23296K)->21454K(23296K)
[2025-02-03T09:01:19.320+0000][22828][info ][gc          ] GC(21) Pause Young (Normal) (G1 Evacuation Pause) 359M->134M(4008M) 61.425ms
[2025-02-03T09:01:19.320+0000][22828][info ][gc,cpu      ] GC(21) User=0.02s Sys=0.00s Real=0.05s
[2025-02-03T09:01:19.320+0000][22828][info ][safepoint   ] Safepoint "G1CollectForAllocation", Time since last: 208973628600 ns, Reaching safepoint: 11059800 ns, At safepoint: 62129300 ns, Total: 73189100 ns
[2025-02-03T09:01:19.661+0000][22828][info ][gc,heap,exit] Heap
[2025-02-03T09:01:19.661+0000][22828][info ][gc,heap,exit]  garbage-first heap   total reserved 4104192K, committed 4104192K, used 144754K [0x0000000705800000, 0x0000000800000000)
[2025-02-03T09:01:19.661+0000][22828][info ][gc,heap,exit]   region size 4096K, 3 young (12288K), 1 survivors (4096K)
[2025-02-03T09:01:19.661+0000][22828][info ][gc,heap,exit]  Metaspace       used 149350K, committed 153536K, reserved 1179648K
[2025-02-03T09:01:19.661+0000][22828][info ][gc,heap,exit]   class space    used 21459K, committed 23296K, reserved 1048576K
