[2025-02-03T08:28:03.088+0000][29576][info][gc,init] CardTable entry size: 512
[2025-02-03T08:28:03.088+0000][29576][info][gc     ] Using G1
[2025-02-03T08:28:04.834+0000][29576][info][gc,init] Version: 23+37-2369 (release)
[2025-02-03T08:28:04.834+0000][29576][info][gc,init] CPUs: 12 total, 12 available
[2025-02-03T08:28:04.834+0000][29576][info][gc,init] Memory: 8016M
[2025-02-03T08:28:04.834+0000][29576][info][gc,init] Large Page Support: Disabled
[2025-02-03T08:28:04.834+0000][29576][info][gc,init] NUMA Support: Disabled
[2025-02-03T08:28:04.834+0000][29576][info][gc,init] Compressed Oops: Enabled (Zero based)
[2025-02-03T08:28:04.834+0000][29576][info][gc,init] Heap Region Size: 4M
[2025-02-03T08:28:04.834+0000][29576][info][gc,init] Heap Min Capacity: 4008M
[2025-02-03T08:28:04.834+0000][29576][info][gc,init] Heap Initial Capacity: 4008M
[2025-02-03T08:28:04.834+0000][29576][info][gc,init] Heap Max Capacity: 4008M
[2025-02-03T08:28:04.834+0000][29576][info][gc,init] Pre-touch: Enabled
[2025-02-03T08:28:04.834+0000][29576][info][gc,init] Parallel Workers: 10
[2025-02-03T08:28:04.834+0000][29576][info][gc,init] Concurrent Workers: 3
[2025-02-03T08:28:04.834+0000][29576][info][gc,init] Concurrent Refinement Workers: 10
[2025-02-03T08:28:04.834+0000][29576][info][gc,init] Periodic GC: Disabled
[2025-02-03T08:28:04.850+0000][29576][info][gc,metaspace] CDS archive(s) mapped at: [0x0000011980000000-0x0000011980d70000-0x0000011980d70000), size 14090240, SharedBaseAddress: 0x0000011980000000, ArchiveRelocationMode: 1.
[2025-02-03T08:28:04.850+0000][29576][info][gc,metaspace] Compressed class space mapped at: 0x0000011981000000-0x00000119c1000000, reserved size: 1073741824
[2025-02-03T08:28:04.850+0000][29576][info][gc,metaspace] Narrow klass base: 0x0000011980000000, Narrow klass shift: 0, Narrow klass range: 0x41000000
[2025-02-03T08:28:10.299+0000][29576][info][gc,start    ] GC(0) Pause Young (Normal) (G1 Evacuation Pause)
[2025-02-03T08:28:10.299+0000][29576][info][gc,task     ] GC(0) Using 10 workers of 10 for evacuation
[2025-02-03T08:28:10.299+0000][29576][debug][gc,age      ] GC(0) Desired survivor size 14680064 bytes, new threshold 15 (max threshold 15)
[2025-02-03T08:28:10.314+0000][29576][info ][gc,phases   ] GC(0)   Pre Evacuate Collection Set: 0.25ms
[2025-02-03T08:28:10.314+0000][29576][info ][gc,phases   ] GC(0)   Merge Heap Roots: 0.65ms
[2025-02-03T08:28:10.314+0000][29576][info ][gc,phases   ] GC(0)   Evacuate Collection Set: 8.90ms
[2025-02-03T08:28:10.314+0000][29576][info ][gc,phases   ] GC(0)   Post Evacuate Collection Set: 1.90ms
[2025-02-03T08:28:10.314+0000][29576][info ][gc,phases   ] GC(0)   Other: 0.28ms
[2025-02-03T08:28:10.314+0000][29576][trace][gc,age      ] GC(0) Age table:
[2025-02-03T08:28:10.314+0000][29576][trace][gc,age      ] GC(0) - age   1:   15148016 bytes,   15148016 total
[2025-02-03T08:28:10.314+0000][29576][info ][gc,heap     ] GC(0) Eden regions: 50->0(46)
[2025-02-03T08:28:10.314+0000][29576][info ][gc,heap     ] GC(0) Survivor regions: 0->4(7)
[2025-02-03T08:28:10.314+0000][29576][info ][gc,heap     ] GC(0) Old regions: 0->0
[2025-02-03T08:28:10.314+0000][29576][info ][gc,heap     ] GC(0) Humongous regions: 0->0
[2025-02-03T08:28:10.314+0000][29576][info ][gc,metaspace] GC(0) Metaspace: 19369K(20160K)->19369K(20160K) NonClass: 17153K(17600K)->17153K(17600K) Class: 2216K(2560K)->2216K(2560K)
[2025-02-03T08:28:10.314+0000][29576][info ][gc          ] GC(0) Pause Young (Normal) (G1 Evacuation Pause) 200M->15M(4008M) 13.135ms
[2025-02-03T08:28:10.314+0000][29576][info ][gc,cpu      ] GC(0) User=0.00s Sys=0.00s Real=0.01s
[2025-02-03T08:28:10.314+0000][29576][info ][safepoint   ] Safepoint "G1CollectForAllocation", Time since last: 5439188600 ns, Reaching safepoint: 11000 ns, At safepoint: 13471800 ns, Total: 13482800 ns
[2025-02-03T08:28:10.386+0000][29576][info ][gc,start    ] GC(1) Pause Young (Concurrent Start) (Metadata GC Threshold)
[2025-02-03T08:28:10.386+0000][29576][info ][gc,task     ] GC(1) Using 10 workers of 10 for evacuation
[2025-02-03T08:28:10.386+0000][29576][debug][gc,age      ] GC(1) Desired survivor size 14680064 bytes, new threshold 1 (max threshold 15)
[2025-02-03T08:28:10.402+0000][29576][info ][gc,phases   ] GC(1)   Pre Evacuate Collection Set: 2.55ms
[2025-02-03T08:28:10.402+0000][29576][info ][gc,phases   ] GC(1)   Merge Heap Roots: 0.16ms
[2025-02-03T08:28:10.402+0000][29576][info ][gc,phases   ] GC(1)   Evacuate Collection Set: 11.78ms
[2025-02-03T08:28:10.402+0000][29576][info ][gc,phases   ] GC(1)   Post Evacuate Collection Set: 1.10ms
[2025-02-03T08:28:10.402+0000][29576][info ][gc,phases   ] GC(1)   Other: 0.17ms
[2025-02-03T08:28:10.402+0000][29576][trace][gc,age      ] GC(1) Age table:
[2025-02-03T08:28:10.402+0000][29576][trace][gc,age      ] GC(1) - age   1:     181728 bytes,     181728 total
[2025-02-03T08:28:10.402+0000][29576][info ][gc,heap     ] GC(1) Eden regions: 2->0(49)
[2025-02-03T08:28:10.402+0000][29576][info ][gc,heap     ] GC(1) Survivor regions: 4->1(7)
[2025-02-03T08:28:10.402+0000][29576][info ][gc,heap     ] GC(1) Old regions: 0->4
[2025-02-03T08:28:10.402+0000][29576][info ][gc,heap     ] GC(1) Humongous regions: 0->0
[2025-02-03T08:28:10.402+0000][29576][info ][gc,metaspace] GC(1) Metaspace: 20743K(21504K)->20743K(21504K) NonClass: 18399K(18816K)->18399K(18816K) Class: 2343K(2688K)->2343K(2688K)
[2025-02-03T08:28:10.402+0000][29576][info ][gc          ] GC(1) Pause Young (Concurrent Start) (Metadata GC Threshold) 23M->16M(4008M) 15.974ms
[2025-02-03T08:28:10.402+0000][29576][info ][gc,cpu      ] GC(1) User=0.00s Sys=0.00s Real=0.02s
[2025-02-03T08:28:10.402+0000][29576][info ][safepoint   ] Safepoint "CollectForMetadataAllocation", Time since last: 74836100 ns, Reaching safepoint: 3500 ns, At safepoint: 16060300 ns, Total: 16063800 ns
[2025-02-03T08:28:10.402+0000][29576][info ][gc          ] GC(2) Concurrent Mark Cycle
[2025-02-03T08:28:10.402+0000][29576][info ][gc,marking  ] GC(2) Concurrent Scan Root Regions
[2025-02-03T08:28:10.402+0000][29576][info ][gc,marking  ] GC(2) Concurrent Scan Root Regions 3.161ms
[2025-02-03T08:28:10.402+0000][29576][info ][gc,marking  ] GC(2) Concurrent Mark
[2025-02-03T08:28:10.402+0000][29576][info ][gc,marking  ] GC(2) Concurrent Mark From Roots
[2025-02-03T08:28:10.402+0000][29576][info ][gc,task     ] GC(2) Using 3 workers of 3 for marking
[2025-02-03T08:28:10.402+0000][29576][info ][gc,marking  ] GC(2) Concurrent Mark From Roots 0.402ms
[2025-02-03T08:28:10.402+0000][29576][info ][gc,marking  ] GC(2) Concurrent Preclean
[2025-02-03T08:28:10.402+0000][29576][info ][gc,marking  ] GC(2) Concurrent Preclean 0.019ms
[2025-02-03T08:28:10.402+0000][29576][info ][gc,start    ] GC(2) Pause Remark
[2025-02-03T08:28:10.402+0000][29576][info ][gc          ] GC(2) Pause Remark 19M->19M(4008M) 2.974ms
[2025-02-03T08:28:10.402+0000][29576][info ][gc,cpu      ] GC(2) User=0.00s Sys=0.00s Real=0.00s
[2025-02-03T08:28:10.402+0000][29576][info ][safepoint   ] Safepoint "G1PauseRemark", Time since last: 3916000 ns, Reaching safepoint: 215100 ns, At safepoint: 3094300 ns, Total: 3309400 ns
[2025-02-03T08:28:10.402+0000][29576][info ][gc,marking  ] GC(2) Concurrent Mark 3.955ms
[2025-02-03T08:28:10.402+0000][29576][info ][gc,marking  ] GC(2) Concurrent Rebuild Remembered Sets and Scrub Regions
[2025-02-03T08:28:10.402+0000][29576][info ][gc,marking  ] GC(2) Concurrent Rebuild Remembered Sets and Scrub Regions 2.406ms
[2025-02-03T08:28:10.402+0000][29576][info ][gc,start    ] GC(2) Pause Cleanup
[2025-02-03T08:28:10.402+0000][29576][info ][gc          ] GC(2) Pause Cleanup 19M->19M(4008M) 0.080ms
[2025-02-03T08:28:10.402+0000][29576][info ][gc,cpu      ] GC(2) User=0.00s Sys=0.00s Real=0.00s
[2025-02-03T08:28:10.402+0000][29576][info ][safepoint   ] Safepoint "G1PauseCleanup", Time since last: 2672400 ns, Reaching safepoint: 77100 ns, At safepoint: 138600 ns, Total: 215700 ns
[2025-02-03T08:28:10.402+0000][29576][info ][gc,marking  ] GC(2) Concurrent Clear Claimed Marks
[2025-02-03T08:28:10.402+0000][29576][info ][gc,marking  ] GC(2) Concurrent Clear Claimed Marks 0.084ms
[2025-02-03T08:28:10.402+0000][29576][info ][gc,marking  ] GC(2) Concurrent Cleanup for Next Mark
[2025-02-03T08:28:10.417+0000][29576][info ][gc,marking  ] GC(2) Concurrent Cleanup for Next Mark 3.623ms
[2025-02-03T08:28:10.417+0000][29576][info ][gc          ] GC(2) Concurrent Mark Cycle 14.031ms
[2025-02-03T08:28:13.561+0000][29576][info ][gc,start    ] GC(3) Pause Young (Normal) (G1 Evacuation Pause)
[2025-02-03T08:28:13.561+0000][29576][info ][gc,task     ] GC(3) Using 10 workers of 10 for evacuation
[2025-02-03T08:28:13.561+0000][29576][debug][gc,age      ] GC(3) Desired survivor size 14680064 bytes, new threshold 15 (max threshold 15)
[2025-02-03T08:28:13.576+0000][29576][info ][gc,phases   ] GC(3)   Pre Evacuate Collection Set: 0.32ms
[2025-02-03T08:28:13.576+0000][29576][info ][gc,phases   ] GC(3)   Merge Heap Roots: 0.70ms
[2025-02-03T08:28:13.576+0000][29576][info ][gc,phases   ] GC(3)   Evacuate Collection Set: 2.04ms
[2025-02-03T08:28:13.576+0000][29576][info ][gc,phases   ] GC(3)   Post Evacuate Collection Set: 0.69ms
[2025-02-03T08:28:13.576+0000][29576][info ][gc,phases   ] GC(3)   Other: 0.13ms
[2025-02-03T08:28:13.576+0000][29576][trace][gc,age      ] GC(3) Age table:
[2025-02-03T08:28:13.576+0000][29576][trace][gc,age      ] GC(3) - age   1:    4246776 bytes,    4246776 total
[2025-02-03T08:28:13.576+0000][29576][trace][gc,age      ] GC(3) - age   2:     170520 bytes,    4417296 total
[2025-02-03T08:28:13.576+0000][29576][info ][gc,heap     ] GC(3) Eden regions: 49->0(48)
[2025-02-03T08:28:13.576+0000][29576][info ][gc,heap     ] GC(3) Survivor regions: 1->2(7)
[2025-02-03T08:28:13.576+0000][29576][info ][gc,heap     ] GC(3) Old regions: 4->4
[2025-02-03T08:28:13.576+0000][29576][info ][gc,heap     ] GC(3) Humongous regions: 0->0
[2025-02-03T08:28:13.576+0000][29576][info ][gc,metaspace] GC(3) Metaspace: 23334K(24192K)->23334K(24192K) NonClass: 20675K(21184K)->20675K(21184K) Class: 2659K(3008K)->2659K(3008K)
[2025-02-03T08:28:13.576+0000][29576][info ][gc          ] GC(3) Pause Young (Normal) (G1 Evacuation Pause) 212M->18M(4008M) 4.973ms
[2025-02-03T08:28:13.576+0000][29576][info ][gc,cpu      ] GC(3) User=0.02s Sys=0.00s Real=0.01s
[2025-02-03T08:28:13.576+0000][29576][info ][safepoint   ] Safepoint "G1CollectForAllocation", Time since last: 3157143900 ns, Reaching safepoint: 18900 ns, At safepoint: 5110600 ns, Total: 5129500 ns
[2025-02-03T08:28:16.026+0000][29576][info ][gc,start    ] GC(4) Pause Young (Normal) (G1 Evacuation Pause)
[2025-02-03T08:28:16.026+0000][29576][info ][gc,task     ] GC(4) Using 10 workers of 10 for evacuation
[2025-02-03T08:28:16.026+0000][29576][debug][gc,age      ] GC(4) Desired survivor size 14680064 bytes, new threshold 15 (max threshold 15)
[2025-02-03T08:28:16.041+0000][29576][info ][gc,phases   ] GC(4)   Pre Evacuate Collection Set: 0.24ms
[2025-02-03T08:28:16.041+0000][29576][info ][gc,phases   ] GC(4)   Merge Heap Roots: 0.11ms
[2025-02-03T08:28:16.041+0000][29576][info ][gc,phases   ] GC(4)   Evacuate Collection Set: 3.39ms
[2025-02-03T08:28:16.041+0000][29576][info ][gc,phases   ] GC(4)   Post Evacuate Collection Set: 0.67ms
[2025-02-03T08:28:16.041+0000][29576][info ][gc,phases   ] GC(4)   Other: 0.12ms
[2025-02-03T08:28:16.041+0000][29576][trace][gc,age      ] GC(4) Age table:
[2025-02-03T08:28:16.041+0000][29576][trace][gc,age      ] GC(4) - age   1:    4129152 bytes,    4129152 total
[2025-02-03T08:28:16.041+0000][29576][trace][gc,age      ] GC(4) - age   2:    1126472 bytes,    5255624 total
[2025-02-03T08:28:16.041+0000][29576][trace][gc,age      ] GC(4) - age   3:     165928 bytes,    5421552 total
[2025-02-03T08:28:16.041+0000][29576][info ][gc,heap     ] GC(4) Eden regions: 48->0(49)
[2025-02-03T08:28:16.041+0000][29576][info ][gc,heap     ] GC(4) Survivor regions: 2->2(7)
[2025-02-03T08:28:16.041+0000][29576][info ][gc,heap     ] GC(4) Old regions: 4->4
[2025-02-03T08:28:16.041+0000][29576][info ][gc,heap     ] GC(4) Humongous regions: 0->0
[2025-02-03T08:28:16.041+0000][29576][info ][gc,metaspace] GC(4) Metaspace: 29103K(30016K)->29103K(30016K) NonClass: 25820K(26368K)->25820K(26368K) Class: 3282K(3648K)->3282K(3648K)
[2025-02-03T08:28:16.041+0000][29576][info ][gc          ] GC(4) Pause Young (Normal) (G1 Evacuation Pause) 210M->19M(4008M) 4.918ms
[2025-02-03T08:28:16.041+0000][29576][info ][gc,cpu      ] GC(4) User=0.05s Sys=0.02s Real=0.01s
[2025-02-03T08:28:16.041+0000][29576][info ][safepoint   ] Safepoint "G1CollectForAllocation", Time since last: 2459268000 ns, Reaching safepoint: 7100 ns, At safepoint: 4998500 ns, Total: 5005600 ns
[2025-02-03T08:28:19.369+0000][29576][info ][gc,start    ] GC(5) Pause Young (Normal) (G1 Evacuation Pause)
[2025-02-03T08:28:19.369+0000][29576][info ][gc,task     ] GC(5) Using 10 workers of 10 for evacuation
[2025-02-03T08:28:19.369+0000][29576][debug][gc,age      ] GC(5) Desired survivor size 14680064 bytes, new threshold 15 (max threshold 15)
[2025-02-03T08:28:19.369+0000][29576][info ][gc,phases   ] GC(5)   Pre Evacuate Collection Set: 0.31ms
[2025-02-03T08:28:19.369+0000][29576][info ][gc,phases   ] GC(5)   Merge Heap Roots: 0.09ms
[2025-02-03T08:28:19.369+0000][29576][info ][gc,phases   ] GC(5)   Evacuate Collection Set: 3.40ms
[2025-02-03T08:28:19.369+0000][29576][info ][gc,phases   ] GC(5)   Post Evacuate Collection Set: 0.90ms
[2025-02-03T08:28:19.369+0000][29576][info ][gc,phases   ] GC(5)   Other: 0.16ms
[2025-02-03T08:28:19.369+0000][29576][trace][gc,age      ] GC(5) Age table:
[2025-02-03T08:28:19.369+0000][29576][trace][gc,age      ] GC(5) - age   1:    2588744 bytes,    2588744 total
[2025-02-03T08:28:19.369+0000][29576][trace][gc,age      ] GC(5) - age   2:    4118104 bytes,    6706848 total
[2025-02-03T08:28:19.369+0000][29576][trace][gc,age      ] GC(5) - age   3:    1126264 bytes,    7833112 total
[2025-02-03T08:28:19.369+0000][29576][trace][gc,age      ] GC(5) - age   4:     165928 bytes,    7999040 total
[2025-02-03T08:28:19.369+0000][29576][info ][gc,heap     ] GC(5) Eden regions: 49->0(73)
[2025-02-03T08:28:19.369+0000][29576][info ][gc,heap     ] GC(5) Survivor regions: 2->3(7)
[2025-02-03T08:28:19.369+0000][29576][info ][gc,heap     ] GC(5) Old regions: 4->4
[2025-02-03T08:28:19.369+0000][29576][info ][gc,heap     ] GC(5) Humongous regions: 0->0
[2025-02-03T08:28:19.369+0000][29576][info ][gc,metaspace] GC(5) Metaspace: 30129K(31040K)->30129K(31040K) NonClass: 26676K(27200K)->26676K(27200K) Class: 3453K(3840K)->3453K(3840K)
[2025-02-03T08:28:19.369+0000][29576][info ][gc          ] GC(5) Pause Young (Normal) (G1 Evacuation Pause) 215M->22M(4008M) 5.807ms
[2025-02-03T08:28:19.369+0000][29576][info ][gc,cpu      ] GC(5) User=0.00s Sys=0.00s Real=0.00s
[2025-02-03T08:28:19.369+0000][29576][info ][safepoint   ] Safepoint "G1CollectForAllocation", Time since last: 3326900500 ns, Reaching safepoint: 7900 ns, At safepoint: 5949000 ns, Total: 5956900 ns
[2025-02-03T08:28:25.504+0000][29576][info ][gc,start    ] GC(6) Pause Young (Normal) (G1 Evacuation Pause)
[2025-02-03T08:28:25.504+0000][29576][info ][gc,task     ] GC(6) Using 10 workers of 10 for evacuation
[2025-02-03T08:28:25.504+0000][29576][debug][gc,age      ] GC(6) Desired survivor size 20971520 bytes, new threshold 15 (max threshold 15)
[2025-02-03T08:28:25.520+0000][29576][info ][gc,phases   ] GC(6)   Pre Evacuate Collection Set: 0.76ms
[2025-02-03T08:28:25.520+0000][29576][info ][gc,phases   ] GC(6)   Merge Heap Roots: 0.12ms
[2025-02-03T08:28:25.520+0000][29576][info ][gc,phases   ] GC(6)   Evacuate Collection Set: 13.23ms
[2025-02-03T08:28:25.520+0000][29576][info ][gc,phases   ] GC(6)   Post Evacuate Collection Set: 2.06ms
[2025-02-03T08:28:25.520+0000][29576][info ][gc,phases   ] GC(6)   Other: 0.26ms
[2025-02-03T08:28:25.520+0000][29576][trace][gc,age      ] GC(6) Age table:
[2025-02-03T08:28:25.520+0000][29576][trace][gc,age      ] GC(6) - age   1:    4106840 bytes,    4106840 total
[2025-02-03T08:28:25.520+0000][29576][trace][gc,age      ] GC(6) - age   2:    2564680 bytes,    6671520 total
[2025-02-03T08:28:25.520+0000][29576][trace][gc,age      ] GC(6) - age   3:    4118008 bytes,   10789528 total
[2025-02-03T08:28:25.520+0000][29576][trace][gc,age      ] GC(6) - age   4:    1126264 bytes,   11915792 total
[2025-02-03T08:28:25.520+0000][29576][trace][gc,age      ] GC(6) - age   5:     165928 bytes,   12081720 total
[2025-02-03T08:28:25.520+0000][29576][info ][gc,heap     ] GC(6) Eden regions: 73->0(63)
[2025-02-03T08:28:25.520+0000][29576][info ][gc,heap     ] GC(6) Survivor regions: 3->4(10)
[2025-02-03T08:28:25.520+0000][29576][info ][gc,heap     ] GC(6) Old regions: 4->4
[2025-02-03T08:28:25.520+0000][29576][info ][gc,heap     ] GC(6) Humongous regions: 0->0
[2025-02-03T08:28:25.520+0000][29576][info ][gc,metaspace] GC(6) Metaspace: 30554K(31488K)->30554K(31488K) NonClass: 27056K(27584K)->27056K(27584K) Class: 3497K(3904K)->3497K(3904K)
[2025-02-03T08:28:25.520+0000][29576][info ][gc          ] GC(6) Pause Young (Normal) (G1 Evacuation Pause) 314M->27M(4008M) 17.299ms
[2025-02-03T08:28:25.520+0000][29576][info ][gc,cpu      ] GC(6) User=0.00s Sys=0.00s Real=0.02s
[2025-02-03T08:28:25.520+0000][29576][info ][safepoint   ] Safepoint "G1CollectForAllocation", Time since last: 6131086800 ns, Reaching safepoint: 11200 ns, At safepoint: 17410000 ns, Total: 17421200 ns
[2025-02-03T08:28:28.630+0000][29576][info ][gc,start    ] GC(7) Pause Young (Normal) (G1 Evacuation Pause)
[2025-02-03T08:28:28.630+0000][29576][info ][gc,task     ] GC(7) Using 10 workers of 10 for evacuation
[2025-02-03T08:28:28.630+0000][29576][debug][gc,age      ] GC(7) Desired survivor size 18874368 bytes, new threshold 15 (max threshold 15)
[2025-02-03T08:28:28.638+0000][29576][info ][gc,phases   ] GC(7)   Pre Evacuate Collection Set: 0.42ms
[2025-02-03T08:28:28.638+0000][29576][info ][gc,phases   ] GC(7)   Merge Heap Roots: 0.13ms
[2025-02-03T08:28:28.638+0000][29576][info ][gc,phases   ] GC(7)   Evacuate Collection Set: 6.19ms
[2025-02-03T08:28:28.638+0000][29576][info ][gc,phases   ] GC(7)   Post Evacuate Collection Set: 0.98ms
[2025-02-03T08:28:28.638+0000][29576][info ][gc,phases   ] GC(7)   Other: 0.17ms
[2025-02-03T08:28:28.638+0000][29576][trace][gc,age      ] GC(7) Age table:
[2025-02-03T08:28:28.638+0000][29576][trace][gc,age      ] GC(7) - age   1:    1784032 bytes,    1784032 total
[2025-02-03T08:28:28.638+0000][29576][trace][gc,age      ] GC(7) - age   2:    2297816 bytes,    4081848 total
[2025-02-03T08:28:28.638+0000][29576][trace][gc,age      ] GC(7) - age   3:    2564616 bytes,    6646464 total
[2025-02-03T08:28:28.638+0000][29576][trace][gc,age      ] GC(7) - age   4:    4117624 bytes,   10764088 total
[2025-02-03T08:28:28.638+0000][29576][trace][gc,age      ] GC(7) - age   5:    1126176 bytes,   11890264 total
[2025-02-03T08:28:28.638+0000][29576][trace][gc,age      ] GC(7) - age   6:     165928 bytes,   12056192 total
[2025-02-03T08:28:28.638+0000][29576][info ][gc,heap     ] GC(7) Eden regions: 63->0(91)
[2025-02-03T08:28:28.638+0000][29576][info ][gc,heap     ] GC(7) Survivor regions: 4->3(9)
[2025-02-03T08:28:28.638+0000][29576][info ][gc,heap     ] GC(7) Old regions: 4->4
[2025-02-03T08:28:28.638+0000][29576][info ][gc,heap     ] GC(7) Humongous regions: 0->0
[2025-02-03T08:28:28.638+0000][29576][info ][gc,metaspace] GC(7) Metaspace: 30971K(32000K)->30971K(32000K) NonClass: 27415K(28032K)->27415K(28032K) Class: 3555K(3968K)->3555K(3968K)
[2025-02-03T08:28:28.638+0000][29576][info ][gc          ] GC(7) Pause Young (Normal) (G1 Evacuation Pause) 279M->26M(4008M) 8.440ms
[2025-02-03T08:28:28.638+0000][29576][info ][gc,cpu      ] GC(7) User=0.02s Sys=0.00s Real=0.01s
[2025-02-03T08:28:28.638+0000][29576][info ][safepoint   ] Safepoint "G1CollectForAllocation", Time since last: 3108486300 ns, Reaching safepoint: 9200 ns, At safepoint: 8532600 ns, Total: 8541800 ns
[2025-02-03T08:28:36.807+0000][29576][info ][gc,start    ] GC(8) Pause Young (Concurrent Start) (Metadata GC Threshold)
[2025-02-03T08:28:36.807+0000][29576][info ][gc,task     ] GC(8) Using 10 workers of 10 for evacuation
[2025-02-03T08:28:36.807+0000][29576][debug][gc,age      ] GC(8) Desired survivor size 25165824 bytes, new threshold 15 (max threshold 15)
[2025-02-03T08:28:36.823+0000][29576][info ][gc,phases   ] GC(8)   Pre Evacuate Collection Set: 0.60ms
[2025-02-03T08:28:36.823+0000][29576][info ][gc,phases   ] GC(8)   Merge Heap Roots: 0.11ms
[2025-02-03T08:28:36.823+0000][29576][info ][gc,phases   ] GC(8)   Evacuate Collection Set: 6.64ms
[2025-02-03T08:28:36.823+0000][29576][info ][gc,phases   ] GC(8)   Post Evacuate Collection Set: 0.79ms
[2025-02-03T08:28:36.823+0000][29576][info ][gc,phases   ] GC(8)   Other: 0.02ms
[2025-02-03T08:28:36.823+0000][29576][trace][gc,age      ] GC(8) Age table:
[2025-02-03T08:28:36.823+0000][29576][trace][gc,age      ] GC(8) - age   1:    4289856 bytes,    4289856 total
[2025-02-03T08:28:36.823+0000][29576][trace][gc,age      ] GC(8) - age   2:     913280 bytes,    5203136 total
[2025-02-03T08:28:36.823+0000][29576][trace][gc,age      ] GC(8) - age   3:    2297784 bytes,    7500920 total
[2025-02-03T08:28:36.823+0000][29576][trace][gc,age      ] GC(8) - age   4:    2558552 bytes,   10059472 total
[2025-02-03T08:28:36.823+0000][29576][trace][gc,age      ] GC(8) - age   5:    4116264 bytes,   14175736 total
[2025-02-03T08:28:36.823+0000][29576][trace][gc,age      ] GC(8) - age   6:    1126032 bytes,   15301768 total
[2025-02-03T08:28:36.823+0000][29576][trace][gc,age      ] GC(8) - age   7:     165896 bytes,   15467664 total
[2025-02-03T08:28:36.823+0000][29576][info ][gc,heap     ] GC(8) Eden regions: 67->0(119)
[2025-02-03T08:28:36.823+0000][29576][info ][gc,heap     ] GC(8) Survivor regions: 3->5(12)
[2025-02-03T08:28:36.823+0000][29576][info ][gc,heap     ] GC(8) Old regions: 4->4
[2025-02-03T08:28:36.823+0000][29576][info ][gc,heap     ] GC(8) Humongous regions: 0->0
[2025-02-03T08:28:36.823+0000][29576][info ][gc,metaspace] GC(8) Metaspace: 34972K(35968K)->34972K(35968K) NonClass: 31003K(31552K)->31003K(31552K) Class: 3968K(4416K)->3968K(4416K)
[2025-02-03T08:28:36.823+0000][29576][info ][gc          ] GC(8) Pause Young (Concurrent Start) (Metadata GC Threshold) 294M->30M(4008M) 8.606ms
[2025-02-03T08:28:36.823+0000][29576][info ][gc,cpu      ] GC(8) User=0.03s Sys=0.00s Real=0.02s
[2025-02-03T08:28:36.823+0000][29576][info ][gc          ] GC(9) Concurrent Mark Cycle
[2025-02-03T08:28:36.823+0000][29576][info ][safepoint   ] Safepoint "CollectForMetadataAllocation", Time since last: 8176161700 ns, Reaching safepoint: 7000 ns, At safepoint: 8865200 ns, Total: 8872200 ns
[2025-02-03T08:28:36.823+0000][29576][info ][gc,marking  ] GC(9) Concurrent Scan Root Regions
[2025-02-03T08:28:36.823+0000][29576][info ][gc,marking  ] GC(9) Concurrent Scan Root Regions 3.927ms
[2025-02-03T08:28:36.823+0000][29576][info ][gc,marking  ] GC(9) Concurrent Mark
[2025-02-03T08:28:36.823+0000][29576][info ][gc,marking  ] GC(9) Concurrent Mark From Roots
[2025-02-03T08:28:36.823+0000][29576][info ][gc,task     ] GC(9) Using 3 workers of 3 for marking
[2025-02-03T08:28:36.838+0000][29576][info ][gc,marking  ] GC(9) Concurrent Mark From Roots 13.393ms
[2025-02-03T08:28:36.838+0000][29576][info ][gc,marking  ] GC(9) Concurrent Preclean
[2025-02-03T08:28:36.838+0000][29576][info ][gc,marking  ] GC(9) Concurrent Preclean 0.192ms
[2025-02-03T08:28:36.838+0000][29576][info ][gc,start    ] GC(9) Pause Remark
[2025-02-03T08:28:36.854+0000][29576][info ][gc          ] GC(9) Pause Remark 32M->32M(4008M) 9.431ms
[2025-02-03T08:28:36.854+0000][29576][info ][gc,cpu      ] GC(9) User=0.00s Sys=0.00s Real=0.02s
[2025-02-03T08:28:36.854+0000][29576][info ][safepoint   ] Safepoint "G1PauseRemark", Time since last: 17891600 ns, Reaching safepoint: 35600 ns, At safepoint: 9599100 ns, Total: 9634700 ns
[2025-02-03T08:28:36.854+0000][29576][info ][gc,marking  ] GC(9) Concurrent Mark 23.561ms
[2025-02-03T08:28:36.854+0000][29576][info ][gc,marking  ] GC(9) Concurrent Rebuild Remembered Sets and Scrub Regions
[2025-02-03T08:28:36.854+0000][29576][info ][gc,marking  ] GC(9) Concurrent Rebuild Remembered Sets and Scrub Regions 3.064ms
[2025-02-03T08:28:36.854+0000][29576][info ][gc,start    ] GC(9) Pause Cleanup
[2025-02-03T08:28:36.854+0000][29576][info ][gc          ] GC(9) Pause Cleanup 32M->32M(4008M) 0.066ms
[2025-02-03T08:28:36.854+0000][29576][info ][gc,cpu      ] GC(9) User=0.00s Sys=0.00s Real=0.00s
[2025-02-03T08:28:36.854+0000][29576][info ][safepoint   ] Safepoint "G1PauseCleanup", Time since last: 3303000 ns, Reaching safepoint: 92300 ns, At safepoint: 117000 ns, Total: 209300 ns
[2025-02-03T08:28:36.854+0000][29576][info ][gc,marking  ] GC(9) Concurrent Clear Claimed Marks
[2025-02-03T08:28:36.854+0000][29576][info ][gc,marking  ] GC(9) Concurrent Clear Claimed Marks 0.107ms
[2025-02-03T08:28:36.854+0000][29576][info ][gc,marking  ] GC(9) Concurrent Cleanup for Next Mark
[2025-02-03T08:28:36.870+0000][29576][info ][gc,marking  ] GC(9) Concurrent Cleanup for Next Mark 12.968ms
[2025-02-03T08:28:36.870+0000][29576][info ][gc          ] GC(9) Concurrent Mark Cycle 44.314ms
[2025-02-03T08:28:45.757+0000][29576][info ][gc,start    ] GC(10) Pause Young (Normal) (G1 Evacuation Pause)
[2025-02-03T08:28:45.757+0000][29576][info ][gc,task     ] GC(10) Using 10 workers of 10 for evacuation
[2025-02-03T08:28:45.757+0000][29576][debug][gc,age      ] GC(10) Desired survivor size 33554432 bytes, new threshold 15 (max threshold 15)
[2025-02-03T08:28:45.781+0000][29576][info ][gc,phases   ] GC(10)   Pre Evacuate Collection Set: 0.85ms
[2025-02-03T08:28:45.781+0000][29576][info ][gc,phases   ] GC(10)   Merge Heap Roots: 0.10ms
[2025-02-03T08:28:45.781+0000][29576][info ][gc,phases   ] GC(10)   Evacuate Collection Set: 18.74ms
[2025-02-03T08:28:45.781+0000][29576][info ][gc,phases   ] GC(10)   Post Evacuate Collection Set: 1.23ms
[2025-02-03T08:28:45.781+0000][29576][info ][gc,phases   ] GC(10)   Other: 0.24ms
[2025-02-03T08:28:45.781+0000][29576][trace][gc,age      ] GC(10) Age table:
[2025-02-03T08:28:45.781+0000][29576][trace][gc,age      ] GC(10) - age   1:    6775640 bytes,    6775640 total
[2025-02-03T08:28:45.781+0000][29576][trace][gc,age      ] GC(10) - age   2:    4266176 bytes,   11041816 total
[2025-02-03T08:28:45.781+0000][29576][trace][gc,age      ] GC(10) - age   3:     912968 bytes,   11954784 total
[2025-02-03T08:28:45.781+0000][29576][trace][gc,age      ] GC(10) - age   4:    2296056 bytes,   14250840 total
[2025-02-03T08:28:45.781+0000][29576][trace][gc,age      ] GC(10) - age   5:    2554696 bytes,   16805536 total
[2025-02-03T08:28:45.781+0000][29576][trace][gc,age      ] GC(10) - age   6:    4108896 bytes,   20914432 total
[2025-02-03T08:28:45.781+0000][29576][trace][gc,age      ] GC(10) - age   7:    1125080 bytes,   22039512 total
[2025-02-03T08:28:45.781+0000][29576][trace][gc,age      ] GC(10) - age   8:     165208 bytes,   22204720 total
[2025-02-03T08:28:45.781+0000][29576][info ][gc,heap     ] GC(10) Eden regions: 119->0(103)
[2025-02-03T08:28:45.781+0000][29576][info ][gc,heap     ] GC(10) Survivor regions: 5->6(16)
[2025-02-03T08:28:45.781+0000][29576][info ][gc,heap     ] GC(10) Old regions: 4->4
[2025-02-03T08:28:45.781+0000][29576][info ][gc,heap     ] GC(10) Humongous regions: 0->0
[2025-02-03T08:28:45.781+0000][29576][info ][gc,metaspace] GC(10) Metaspace: 38451K(39616K)->38451K(39616K) NonClass: 33997K(34688K)->33997K(34688K) Class: 4453K(4928K)->4453K(4928K)
[2025-02-03T08:28:45.781+0000][29576][info ][gc          ] GC(10) Pause Young (Normal) (G1 Evacuation Pause) 506M->37M(4008M) 21.600ms
[2025-02-03T08:28:45.781+0000][29576][info ][gc,cpu      ] GC(10) User=0.08s Sys=0.02s Real=0.02s
[2025-02-03T08:28:45.781+0000][29576][info ][safepoint   ] Safepoint "G1CollectForAllocation", Time since last: 8903382800 ns, Reaching safepoint: 7800 ns, At safepoint: 21680600 ns, Total: 21688400 ns
[2025-02-03T08:28:59.961+0000][29576][info ][gc,start    ] GC(11) Pause Young (Normal) (G1 Evacuation Pause)
[2025-02-03T08:28:59.961+0000][29576][info ][gc,task     ] GC(11) Using 10 workers of 10 for evacuation
[2025-02-03T08:28:59.961+0000][29576][debug][gc,age      ] GC(11) Desired survivor size 29360128 bytes, new threshold 15 (max threshold 15)
[2025-02-03T08:28:59.973+0000][29576][info ][gc,phases   ] GC(11)   Pre Evacuate Collection Set: 0.59ms
[2025-02-03T08:28:59.973+0000][29576][info ][gc,phases   ] GC(11)   Merge Heap Roots: 0.12ms
[2025-02-03T08:28:59.973+0000][29576][info ][gc,phases   ] GC(11)   Evacuate Collection Set: 7.93ms
[2025-02-03T08:28:59.973+0000][29576][info ][gc,phases   ] GC(11)   Post Evacuate Collection Set: 1.20ms
[2025-02-03T08:28:59.973+0000][29576][info ][gc,phases   ] GC(11)   Other: 0.13ms
[2025-02-03T08:28:59.973+0000][29576][trace][gc,age      ] GC(11) Age table:
[2025-02-03T08:28:59.973+0000][29576][trace][gc,age      ] GC(11) - age   1:    4266896 bytes,    4266896 total
[2025-02-03T08:28:59.973+0000][29576][trace][gc,age      ] GC(11) - age   2:    6059904 bytes,   10326800 total
[2025-02-03T08:28:59.973+0000][29576][trace][gc,age      ] GC(11) - age   3:    4264080 bytes,   14590880 total
[2025-02-03T08:28:59.973+0000][29576][trace][gc,age      ] GC(11) - age   4:     912232 bytes,   15503112 total
[2025-02-03T08:28:59.973+0000][29576][trace][gc,age      ] GC(11) - age   5:    2295960 bytes,   17799072 total
[2025-02-03T08:28:59.973+0000][29576][trace][gc,age      ] GC(11) - age   6:    2554536 bytes,   20353608 total
[2025-02-03T08:28:59.973+0000][29576][trace][gc,age      ] GC(11) - age   7:    4107072 bytes,   24460680 total
[2025-02-03T08:28:59.973+0000][29576][trace][gc,age      ] GC(11) - age   8:    1105320 bytes,   25566000 total
[2025-02-03T08:28:59.973+0000][29576][trace][gc,age      ] GC(11) - age   9:     165112 bytes,   25731112 total
[2025-02-03T08:28:59.973+0000][29576][info ][gc,heap     ] GC(11) Eden regions: 103->0(145)
[2025-02-03T08:28:59.973+0000][29576][info ][gc,heap     ] GC(11) Survivor regions: 6->7(14)
[2025-02-03T08:28:59.973+0000][29576][info ][gc,heap     ] GC(11) Old regions: 4->4
[2025-02-03T08:28:59.973+0000][29576][info ][gc,heap     ] GC(11) Humongous regions: 0->0
[2025-02-03T08:28:59.973+0000][29576][info ][gc,metaspace] GC(11) Metaspace: 39205K(40384K)->39205K(40384K) NonClass: 34649K(35328K)->34649K(35328K) Class: 4556K(5056K)->4556K(5056K)
[2025-02-03T08:28:59.973+0000][29576][info ][gc          ] GC(11) Pause Young (Normal) (G1 Evacuation Pause) 449M->41M(4008M) 10.375ms
[2025-02-03T08:28:59.973+0000][29576][info ][gc,cpu      ] GC(11) User=0.00s Sys=0.00s Real=0.01s
[2025-02-03T08:28:59.973+0000][29576][info ][safepoint   ] Safepoint "G1CollectForAllocation", Time since last: 14185907100 ns, Reaching safepoint: 5700 ns, At safepoint: 10444900 ns, Total: 10450600 ns
[2025-02-03T08:29:13.526+0000][29576][info ][gc,start    ] GC(12) Pause Young (Normal) (G1 Evacuation Pause)
[2025-02-03T08:29:13.541+0000][29576][info ][gc,task     ] GC(12) Using 10 workers of 10 for evacuation
[2025-02-03T08:29:13.541+0000][29576][debug][gc,age      ] GC(12) Desired survivor size 39845888 bytes, new threshold 15 (max threshold 15)
[2025-02-03T08:29:13.636+0000][29576][info ][gc,phases   ] GC(12)   Pre Evacuate Collection Set: 3.30ms
[2025-02-03T08:29:13.636+0000][29576][info ][gc,phases   ] GC(12)   Merge Heap Roots: 1.60ms
[2025-02-03T08:29:13.636+0000][29576][info ][gc,phases   ] GC(12)   Evacuate Collection Set: 84.63ms
[2025-02-03T08:29:13.636+0000][29576][info ][gc,phases   ] GC(12)   Post Evacuate Collection Set: 14.10ms
[2025-02-03T08:29:13.636+0000][29576][info ][gc,phases   ] GC(12)   Other: 2.56ms
[2025-02-03T08:29:13.636+0000][29576][trace][gc,age      ] GC(12) Age table:
[2025-02-03T08:29:13.636+0000][29576][trace][gc,age      ] GC(12) - age   1:    6806112 bytes,    6806112 total
[2025-02-03T08:29:13.636+0000][29576][trace][gc,age      ] GC(12) - age   2:    4240904 bytes,   11047016 total
[2025-02-03T08:29:13.636+0000][29576][trace][gc,age      ] GC(12) - age   3:    6024520 bytes,   17071536 total
[2025-02-03T08:29:13.636+0000][29576][trace][gc,age      ] GC(12) - age   4:    4245872 bytes,   21317408 total
[2025-02-03T08:29:13.636+0000][29576][trace][gc,age      ] GC(12) - age   5:     905200 bytes,   22222608 total
[2025-02-03T08:29:13.636+0000][29576][trace][gc,age      ] GC(12) - age   6:    2285728 bytes,   24508336 total
[2025-02-03T08:29:13.636+0000][29576][trace][gc,age      ] GC(12) - age   7:    2543888 bytes,   27052224 total
[2025-02-03T08:29:13.636+0000][29576][trace][gc,age      ] GC(12) - age   8:    4098400 bytes,   31150624 total
[2025-02-03T08:29:13.636+0000][29576][trace][gc,age      ] GC(12) - age   9:     902632 bytes,   32053256 total
[2025-02-03T08:29:13.636+0000][29576][trace][gc,age      ] GC(12) - age  10:     165112 bytes,   32218368 total
[2025-02-03T08:29:13.636+0000][29576][info ][gc,heap     ] GC(12) Eden regions: 145->0(117)
[2025-02-03T08:29:13.636+0000][29576][info ][gc,heap     ] GC(12) Survivor regions: 7->9(19)
[2025-02-03T08:29:13.636+0000][29576][info ][gc,heap     ] GC(12) Old regions: 4->4
[2025-02-03T08:29:13.636+0000][29576][info ][gc,heap     ] GC(12) Humongous regions: 0->0
[2025-02-03T08:29:13.636+0000][29576][info ][gc,metaspace] GC(12) Metaspace: 45738K(47040K)->45738K(47040K) NonClass: 40228K(41024K)->40228K(41024K) Class: 5509K(6016K)->5509K(6016K)
[2025-02-03T08:29:13.636+0000][29576][info ][gc          ] GC(12) Pause Young (Normal) (G1 Evacuation Pause) 621M->47M(4008M) 109.461ms
[2025-02-03T08:29:13.636+0000][29576][info ][gc,cpu      ] GC(12) User=0.09s Sys=0.39s Real=0.11s
[2025-02-03T08:29:13.636+0000][29576][info ][safepoint   ] Safepoint "G1CollectForAllocation", Time since last: 13558553800 ns, Reaching safepoint: 345400 ns, At safepoint: 110247300 ns, Total: 110592700 ns
[2025-02-03T08:29:17.567+0000][29576][info ][gc,start    ] GC(13) Pause Young (Concurrent Start) (Metadata GC Threshold)
[2025-02-03T08:29:17.567+0000][29576][info ][gc,task     ] GC(13) Using 10 workers of 10 for evacuation
[2025-02-03T08:29:17.567+0000][29576][debug][gc,age      ] GC(13) Desired survivor size 33554432 bytes, new threshold 15 (max threshold 15)
[2025-02-03T08:29:17.644+0000][29576][info ][gc,phases   ] GC(13)   Pre Evacuate Collection Set: 2.11ms
[2025-02-03T08:29:17.644+0000][29576][info ][gc,phases   ] GC(13)   Merge Heap Roots: 0.12ms
[2025-02-03T08:29:17.644+0000][29576][info ][gc,phases   ] GC(13)   Evacuate Collection Set: 63.48ms
[2025-02-03T08:29:17.644+0000][29576][info ][gc,phases   ] GC(13)   Post Evacuate Collection Set: 2.21ms
[2025-02-03T08:29:17.644+0000][29576][info ][gc,phases   ] GC(13)   Other: 0.13ms
[2025-02-03T08:29:17.644+0000][29576][trace][gc,age      ] GC(13) Age table:
[2025-02-03T08:29:17.644+0000][29576][trace][gc,age      ] GC(13) - age   1:    3273768 bytes,    3273768 total
[2025-02-03T08:29:17.644+0000][29576][trace][gc,age      ] GC(13) - age   2:    6689808 bytes,    9963576 total
[2025-02-03T08:29:17.644+0000][29576][trace][gc,age      ] GC(13) - age   3:    4235720 bytes,   14199296 total
[2025-02-03T08:29:17.644+0000][29576][trace][gc,age      ] GC(13) - age   4:    6021984 bytes,   20221280 total
[2025-02-03T08:29:17.644+0000][29576][trace][gc,age      ] GC(13) - age   5:    4245352 bytes,   24466632 total
[2025-02-03T08:29:17.644+0000][29576][trace][gc,age      ] GC(13) - age   6:     905200 bytes,   25371832 total
[2025-02-03T08:29:17.644+0000][29576][trace][gc,age      ] GC(13) - age   7:    2284976 bytes,   27656808 total
[2025-02-03T08:29:17.644+0000][29576][trace][gc,age      ] GC(13) - age   8:    2543456 bytes,   30200264 total
[2025-02-03T08:29:17.644+0000][29576][trace][gc,age      ] GC(13) - age   9:    4098288 bytes,   34298552 total
[2025-02-03T08:29:17.644+0000][29576][trace][gc,age      ] GC(13) - age  10:     901032 bytes,   35199584 total
[2025-02-03T08:29:17.644+0000][29576][trace][gc,age      ] GC(13) - age  11:     165080 bytes,   35364664 total
[2025-02-03T08:29:17.644+0000][29576][info ][gc,heap     ] GC(13) Eden regions: 60->0(129)
[2025-02-03T08:29:17.644+0000][29576][info ][gc,heap     ] GC(13) Survivor regions: 9->10(16)
[2025-02-03T08:29:17.644+0000][29576][info ][gc,heap     ] GC(13) Old regions: 4->4
[2025-02-03T08:29:17.644+0000][29576][info ][gc,heap     ] GC(13) Humongous regions: 0->0
[2025-02-03T08:29:17.644+0000][29576][info ][gc,metaspace] GC(13) Metaspace: 58839K(60416K)->58839K(60416K) NonClass: 51570K(52544K)->51570K(52544K) Class: 7269K(7872K)->7269K(7872K)
[2025-02-03T08:29:17.644+0000][29576][info ][gc          ] GC(13) Pause Young (Concurrent Start) (Metadata GC Threshold) 287M->52M(4008M) 68.744ms
[2025-02-03T08:29:17.644+0000][29576][info ][gc,cpu      ] GC(13) User=0.09s Sys=0.11s Real=0.08s
[2025-02-03T08:29:17.644+0000][29576][info ][safepoint   ] Safepoint "CollectForMetadataAllocation", Time since last: 3928117000 ns, Reaching safepoint: 14000 ns, At safepoint: 69887100 ns, Total: 69901100 ns
[2025-02-03T08:29:17.644+0000][29576][info ][gc          ] GC(14) Concurrent Mark Cycle
[2025-02-03T08:29:17.644+0000][29576][info ][gc,marking  ] GC(14) Concurrent Scan Root Regions
[2025-02-03T08:29:17.675+0000][29576][info ][gc,marking  ] GC(14) Concurrent Scan Root Regions 29.362ms
[2025-02-03T08:29:17.675+0000][29576][info ][gc,marking  ] GC(14) Concurrent Mark
[2025-02-03T08:29:17.675+0000][29576][info ][gc,marking  ] GC(14) Concurrent Mark From Roots
[2025-02-03T08:29:17.675+0000][29576][info ][gc,task     ] GC(14) Using 3 workers of 3 for marking
[2025-02-03T08:29:17.738+0000][29576][info ][safepoint   ] Safepoint "CollectForMetadataAllocation", Time since last: 65611300 ns, Reaching safepoint: 26153300 ns, At safepoint: 110500 ns, Total: 26263800 ns
[2025-02-03T08:29:17.738+0000][29576][info ][gc,marking  ] GC(14) Concurrent Mark From Roots 66.200ms
[2025-02-03T08:29:17.738+0000][29576][info ][gc,marking  ] GC(14) Concurrent Preclean
[2025-02-03T08:29:17.738+0000][29576][info ][gc,marking  ] GC(14) Concurrent Preclean 0.177ms
[2025-02-03T08:29:17.754+0000][29576][info ][gc,start    ] GC(14) Pause Remark
[2025-02-03T08:29:17.796+0000][29576][info ][gc          ] GC(14) Pause Remark 58M->58M(4008M) 43.158ms
[2025-02-03T08:29:17.796+0000][29576][info ][gc,cpu      ] GC(14) User=0.00s Sys=0.02s Real=0.04s
[2025-02-03T08:29:17.796+0000][29576][info ][safepoint   ] Safepoint "G1PauseRemark", Time since last: 5940900 ns, Reaching safepoint: 9589100 ns, At safepoint: 43306200 ns, Total: 52895300 ns
[2025-02-03T08:29:17.796+0000][29576][info ][gc,marking  ] GC(14) Concurrent Mark 119.536ms
[2025-02-03T08:29:17.796+0000][29576][info ][gc,marking  ] GC(14) Concurrent Rebuild Remembered Sets and Scrub Regions
[2025-02-03T08:29:17.800+0000][29576][info ][gc,marking  ] GC(14) Concurrent Rebuild Remembered Sets and Scrub Regions 3.340ms
[2025-02-03T08:29:17.800+0000][29576][info ][gc,start    ] GC(14) Pause Cleanup
[2025-02-03T08:29:17.800+0000][29576][info ][gc          ] GC(14) Pause Cleanup 58M->58M(4008M) 0.097ms
[2025-02-03T08:29:17.800+0000][29576][info ][gc,cpu      ] GC(14) User=0.00s Sys=0.00s Real=0.00s
[2025-02-03T08:29:17.800+0000][29576][info ][safepoint   ] Safepoint "G1PauseCleanup", Time since last: 3542800 ns, Reaching safepoint: 170400 ns, At safepoint: 229200 ns, Total: 399600 ns
[2025-02-03T08:29:17.800+0000][29576][info ][gc,marking  ] GC(14) Concurrent Clear Claimed Marks
[2025-02-03T08:29:17.800+0000][29576][info ][gc,marking  ] GC(14) Concurrent Clear Claimed Marks 0.148ms
[2025-02-03T08:29:17.801+0000][29576][info ][gc,marking  ] GC(14) Concurrent Cleanup for Next Mark
[2025-02-03T08:29:17.843+0000][29576][info ][gc,marking  ] GC(14) Concurrent Cleanup for Next Mark 47.274ms
[2025-02-03T08:29:17.843+0000][29576][info ][gc          ] GC(14) Concurrent Mark Cycle 202.217ms
[2025-02-03T08:29:26.619+0000][29576][info ][gc,start    ] GC(15) Pause Young (Normal) (G1 Evacuation Pause)
[2025-02-03T08:29:26.619+0000][29576][info ][gc,task     ] GC(15) Using 10 workers of 10 for evacuation
[2025-02-03T08:29:26.619+0000][29576][debug][gc,age      ] GC(15) Desired survivor size 37748736 bytes, new threshold 15 (max threshold 15)
[2025-02-03T08:29:26.729+0000][29576][info ][gc,phases   ] GC(15)   Pre Evacuate Collection Set: 2.20ms
[2025-02-03T08:29:26.729+0000][29576][info ][gc,phases   ] GC(15)   Merge Heap Roots: 1.07ms
[2025-02-03T08:29:26.729+0000][29576][info ][gc,phases   ] GC(15)   Evacuate Collection Set: 99.28ms
[2025-02-03T08:29:26.729+0000][29576][info ][gc,phases   ] GC(15)   Post Evacuate Collection Set: 3.93ms
[2025-02-03T08:29:26.729+0000][29576][info ][gc,phases   ] GC(15)   Other: 2.34ms
[2025-02-03T08:29:26.729+0000][29576][trace][gc,age      ] GC(15) Age table:
[2025-02-03T08:29:26.729+0000][29576][trace][gc,age      ] GC(15) - age   1:   11773152 bytes,   11773152 total
[2025-02-03T08:29:26.729+0000][29576][trace][gc,age      ] GC(15) - age   2:    3060904 bytes,   14834056 total
[2025-02-03T08:29:26.729+0000][29576][trace][gc,age      ] GC(15) - age   3:    6541792 bytes,   21375848 total
[2025-02-03T08:29:26.729+0000][29576][trace][gc,age      ] GC(15) - age   4:    4197048 bytes,   25572896 total
[2025-02-03T08:29:26.729+0000][29576][trace][gc,age      ] GC(15) - age   5:    6011648 bytes,   31584544 total
[2025-02-03T08:29:26.729+0000][29576][trace][gc,age      ] GC(15) - age   6:    4237104 bytes,   35821648 total
[2025-02-03T08:29:26.729+0000][29576][trace][gc,age      ] GC(15) - age   7:     901352 bytes,   36723000 total
[2025-02-03T08:29:26.729+0000][29576][trace][gc,age      ] GC(15) - age   8:    2279880 bytes,   39002880 total
[2025-02-03T08:29:26.729+0000][29576][trace][gc,age      ] GC(15) - age   9:    2533688 bytes,   41536568 total
[2025-02-03T08:29:26.729+0000][29576][trace][gc,age      ] GC(15) - age  10:    4078560 bytes,   45615128 total
[2025-02-03T08:29:26.729+0000][29576][trace][gc,age      ] GC(15) - age  11:     894584 bytes,   46509712 total
[2025-02-03T08:29:26.729+0000][29576][trace][gc,age      ] GC(15) - age  12:     163880 bytes,   46673592 total
[2025-02-03T08:29:26.729+0000][29576][info ][gc,heap     ] GC(15) Eden regions: 129->0(124)
[2025-02-03T08:29:26.729+0000][29576][info ][gc,heap     ] GC(15) Survivor regions: 10->13(18)
[2025-02-03T08:29:26.729+0000][29576][info ][gc,heap     ] GC(15) Old regions: 4->4
[2025-02-03T08:29:26.729+0000][29576][info ][gc,heap     ] GC(15) Humongous regions: 0->0
[2025-02-03T08:29:26.729+0000][29576][info ][gc,metaspace] GC(15) Metaspace: 77767K(79744K)->77767K(79744K) NonClass: 67289K(68480K)->67289K(68480K) Class: 10477K(11264K)->10477K(11264K)
[2025-02-03T08:29:26.729+0000][29576][info ][gc          ] GC(15) Pause Young (Normal) (G1 Evacuation Pause) 568M->65M(4008M) 112.910ms
[2025-02-03T08:29:26.729+0000][29576][info ][gc,cpu      ] GC(15) User=0.20s Sys=0.58s Real=0.12s
[2025-02-03T08:29:26.729+0000][29576][info ][safepoint   ] Safepoint "G1CollectForAllocation", Time since last: 8817055100 ns, Reaching safepoint: 317700 ns, At safepoint: 113580400 ns, Total: 113898100 ns
[2025-02-03T08:29:33.348+0000][29576][info ][gc,start    ] GC(16) Pause Young (Concurrent Start) (Metadata GC Threshold)
[2025-02-03T08:29:33.348+0000][29576][info ][gc,task     ] GC(16) Using 10 workers of 10 for evacuation
[2025-02-03T08:29:33.348+0000][29576][debug][gc,age      ] GC(16) Desired survivor size 37748736 bytes, new threshold 8 (max threshold 15)
[2025-02-03T08:29:33.583+0000][29576][info ][gc,mmu      ] GC(16) MMU target violated: 201.0ms (200.0ms/201.0ms)
[2025-02-03T08:29:33.583+0000][29576][info ][gc,phases   ] GC(16)   Pre Evacuate Collection Set: 7.21ms
[2025-02-03T08:29:33.583+0000][29576][info ][gc,phases   ] GC(16)   Merge Heap Roots: 0.96ms
[2025-02-03T08:29:33.583+0000][29576][info ][gc,phases   ] GC(16)   Evacuate Collection Set: 212.58ms
[2025-02-03T08:29:33.583+0000][29576][info ][gc,phases   ] GC(16)   Post Evacuate Collection Set: 11.59ms
[2025-02-03T08:29:33.583+0000][29576][info ][gc,phases   ] GC(16)   Other: 3.33ms
[2025-02-03T08:29:33.583+0000][29576][trace][gc,age      ] GC(16) Age table:
[2025-02-03T08:29:33.583+0000][29576][trace][gc,age      ] GC(16) - age   1:    8486840 bytes,    8486840 total
[2025-02-03T08:29:33.583+0000][29576][trace][gc,age      ] GC(16) - age   2:   11343000 bytes,   19829840 total
[2025-02-03T08:29:33.583+0000][29576][trace][gc,age      ] GC(16) - age   3:    3042504 bytes,   22872344 total
[2025-02-03T08:29:33.583+0000][29576][trace][gc,age      ] GC(16) - age   4:    6465184 bytes,   29337528 total
[2025-02-03T08:29:33.583+0000][29576][trace][gc,age      ] GC(16) - age   5:    4190208 bytes,   33527736 total
[2025-02-03T08:29:33.583+0000][29576][trace][gc,age      ] GC(16) - age   6:    6001056 bytes,   39528792 total
[2025-02-03T08:29:33.583+0000][29576][trace][gc,age      ] GC(16) - age   7:    4226200 bytes,   43754992 total
[2025-02-03T08:29:33.583+0000][29576][trace][gc,age      ] GC(16) - age   8:     899072 bytes,   44654064 total
[2025-02-03T08:29:33.583+0000][29576][info ][gc,heap     ] GC(16) Eden regions: 115->0(104)
[2025-02-03T08:29:33.583+0000][29576][info ][gc,heap     ] GC(16) Survivor regions: 13->12(18)
[2025-02-03T08:29:33.583+0000][29576][info ][gc,heap     ] GC(16) Old regions: 4->7
[2025-02-03T08:29:33.583+0000][29576][info ][gc,heap     ] GC(16) Humongous regions: 0->0
[2025-02-03T08:29:33.583+0000][29576][info ][gc,metaspace] GC(16) Metaspace: 99433K(101440K)->99433K(101440K) NonClass: 85868K(87040K)->85868K(87040K) Class: 13565K(14400K)->13565K(14400K)
[2025-02-03T08:29:33.583+0000][29576][info ][gc          ] GC(16) Pause Young (Concurrent Start) (Metadata GC Threshold) 523M->70M(4008M) 239.574ms
[2025-02-03T08:29:33.599+0000][29576][info ][gc,cpu      ] GC(16) User=0.22s Sys=0.53s Real=0.25s
[2025-02-03T08:29:33.599+0000][29576][info ][gc          ] GC(17) Concurrent Mark Cycle
[2025-02-03T08:29:33.599+0000][29576][info ][safepoint   ] Safepoint "CollectForMetadataAllocation", Time since last: 6623447400 ns, Reaching safepoint: 207600 ns, At safepoint: 243339100 ns, Total: 243546700 ns
[2025-02-03T08:29:33.599+0000][29576][info ][gc,marking  ] GC(17) Concurrent Scan Root Regions
[2025-02-03T08:29:33.646+0000][29576][info ][gc,marking  ] GC(17) Concurrent Scan Root Regions 50.872ms
[2025-02-03T08:29:33.646+0000][29576][info ][gc,marking  ] GC(17) Concurrent Mark
[2025-02-03T08:29:33.646+0000][29576][info ][gc,marking  ] GC(17) Concurrent Mark From Roots
[2025-02-03T08:29:33.646+0000][29576][info ][gc,task     ] GC(17) Using 3 workers of 3 for marking
[2025-02-03T08:29:33.740+0000][29576][info ][safepoint   ] Safepoint "CollectForMetadataAllocation", Time since last: 102068900 ns, Reaching safepoint: 49212800 ns, At safepoint: 115400 ns, Total: 49328200 ns
[2025-02-03T08:29:33.756+0000][29576][info ][gc,marking  ] GC(17) Concurrent Mark From Roots 116.868ms
[2025-02-03T08:29:33.756+0000][29576][info ][gc,marking  ] GC(17) Concurrent Preclean
[2025-02-03T08:29:33.756+0000][29576][info ][gc,marking  ] GC(17) Concurrent Preclean 0.150ms
[2025-02-03T08:29:33.756+0000][29576][info ][gc,start    ] GC(17) Pause Remark
[2025-02-03T08:29:33.866+0000][29576][info ][gc          ] GC(17) Pause Remark 78M->78M(4008M) 108.087ms
[2025-02-03T08:29:33.866+0000][29576][info ][gc,cpu      ] GC(17) User=0.03s Sys=0.03s Real=0.11s
[2025-02-03T08:29:33.866+0000][29576][info ][safepoint   ] Safepoint "G1PauseRemark", Time since last: 17307000 ns, Reaching safepoint: 11600 ns, At safepoint: 108262400 ns, Total: 108274000 ns
[2025-02-03T08:29:33.866+0000][29576][info ][gc,marking  ] GC(17) Concurrent Mark 225.590ms
[2025-02-03T08:29:33.866+0000][29576][info ][gc,marking  ] GC(17) Concurrent Rebuild Remembered Sets and Scrub Regions
[2025-02-03T08:29:33.881+0000][29576][info ][gc,marking  ] GC(17) Concurrent Rebuild Remembered Sets and Scrub Regions 6.193ms
[2025-02-03T08:29:33.881+0000][29576][info ][gc,start    ] GC(17) Pause Cleanup
[2025-02-03T08:29:33.881+0000][29576][info ][gc          ] GC(17) Pause Cleanup 78M->78M(4008M) 0.076ms
[2025-02-03T08:29:33.881+0000][29576][info ][gc,cpu      ] GC(17) User=0.00s Sys=0.00s Real=0.00s
[2025-02-03T08:29:33.881+0000][29576][info ][safepoint   ] Safepoint "G1PauseCleanup", Time since last: 6474000 ns, Reaching safepoint: 30900 ns, At safepoint: 148600 ns, Total: 179500 ns
[2025-02-03T08:29:33.881+0000][29576][info ][gc,marking  ] GC(17) Concurrent Clear Claimed Marks
[2025-02-03T08:29:33.881+0000][29576][info ][gc,marking  ] GC(17) Concurrent Clear Claimed Marks 0.162ms
[2025-02-03T08:29:33.881+0000][29576][info ][gc,marking  ] GC(17) Concurrent Cleanup for Next Mark
[2025-02-03T08:29:33.912+0000][29576][info ][gc,marking  ] GC(17) Concurrent Cleanup for Next Mark 36.194ms
[2025-02-03T08:29:33.912+0000][29576][info ][gc          ] GC(17) Concurrent Mark Cycle 320.391ms
[2025-02-03T08:29:54.633+0000][29576][info ][gc,start    ] GC(18) Pause Young (Normal) (G1 Evacuation Pause)
[2025-02-03T08:29:54.633+0000][29576][info ][gc,task     ] GC(18) Using 10 workers of 10 for evacuation
[2025-02-03T08:29:54.633+0000][29576][debug][gc,age      ] GC(18) Desired survivor size 31457280 bytes, new threshold 5 (max threshold 15)
[2025-02-03T08:29:54.845+0000][29576][info ][gc,mmu      ] GC(18) MMU target violated: 201.0ms (200.0ms/201.0ms)
[2025-02-03T08:29:54.845+0000][29576][info ][gc,phases   ] GC(18)   Pre Evacuate Collection Set: 1.31ms
[2025-02-03T08:29:54.845+0000][29576][info ][gc,phases   ] GC(18)   Merge Heap Roots: 1.09ms
[2025-02-03T08:29:54.845+0000][29576][info ][gc,phases   ] GC(18)   Evacuate Collection Set: 204.78ms
[2025-02-03T08:29:54.845+0000][29576][info ][gc,phases   ] GC(18)   Post Evacuate Collection Set: 10.68ms
[2025-02-03T08:29:54.845+0000][29576][info ][gc,phases   ] GC(18)   Other: 3.80ms
[2025-02-03T08:29:54.845+0000][29576][trace][gc,age      ] GC(18) Age table:
[2025-02-03T08:29:54.845+0000][29576][trace][gc,age      ] GC(18) - age   1:   34088600 bytes,   34088600 total
[2025-02-03T08:29:54.845+0000][29576][trace][gc,age      ] GC(18) - age   2:    6481712 bytes,   40570312 total
[2025-02-03T08:29:54.845+0000][29576][trace][gc,age      ] GC(18) - age   3:    9551384 bytes,   50121696 total
[2025-02-03T08:29:54.845+0000][29576][trace][gc,age      ] GC(18) - age   4:    2382296 bytes,   52503992 total
[2025-02-03T08:29:54.845+0000][29576][trace][gc,age      ] GC(18) - age   5:    5973144 bytes,   58477136 total
[2025-02-03T08:29:54.845+0000][29576][info ][gc,heap     ] GC(18) Eden regions: 104->0(51)
[2025-02-03T08:29:54.845+0000][29576][info ][gc,heap     ] GC(18) Survivor regions: 12->15(15)
[2025-02-03T08:29:54.845+0000][29576][info ][gc,heap     ] GC(18) Old regions: 7->14
[2025-02-03T08:29:54.845+0000][29576][info ][gc,heap     ] GC(18) Humongous regions: 2->2
[2025-02-03T08:29:54.845+0000][29576][info ][gc,metaspace] GC(18) Metaspace: 137657K(141824K)->137657K(141824K) NonClass: 117901K(120192K)->117901K(120192K) Class: 19755K(21632K)->19755K(21632K)
[2025-02-03T08:29:54.845+0000][29576][info ][gc          ] GC(18) Pause Young (Normal) (G1 Evacuation Pause) 494M->120M(4008M) 225.968ms
[2025-02-03T08:29:54.845+0000][29576][info ][gc,cpu      ] GC(18) User=0.17s Sys=0.53s Real=0.21s
[2025-02-03T08:29:54.845+0000][29576][info ][safepoint   ] Safepoint "G1CollectForAllocation", Time since last: 20748656900 ns, Reaching safepoint: 537900 ns, At safepoint: 226668600 ns, Total: 227206500 ns
[2025-02-03T08:36:16.220+0000][29576][info ][gc,start    ] GC(19) Pause Young (Normal) (G1 Evacuation Pause)
[2025-02-03T08:36:16.235+0000][29576][info ][gc,task     ] GC(19) Using 10 workers of 10 for evacuation
[2025-02-03T08:36:16.235+0000][29576][debug][gc,age      ] GC(19) Desired survivor size 14680064 bytes, new threshold 1 (max threshold 15)
[2025-02-03T08:36:16.643+0000][29576][info ][gc,mmu      ] GC(19) MMU target violated: 201.0ms (200.0ms/201.0ms)
[2025-02-03T08:36:16.643+0000][29576][info ][gc,phases   ] GC(19)   Pre Evacuate Collection Set: 12.04ms
[2025-02-03T08:36:16.643+0000][29576][info ][gc,phases   ] GC(19)   Merge Heap Roots: 9.71ms
[2025-02-03T08:36:16.643+0000][29576][info ][gc,phases   ] GC(19)   Evacuate Collection Set: 366.16ms
[2025-02-03T08:36:16.643+0000][29576][info ][gc,phases   ] GC(19)   Post Evacuate Collection Set: 18.40ms
[2025-02-03T08:36:16.643+0000][29576][info ][gc,phases   ] GC(19)   Other: 6.15ms
[2025-02-03T08:36:16.643+0000][29576][trace][gc,age      ] GC(19) Age table:
[2025-02-03T08:36:16.643+0000][29576][trace][gc,age      ] GC(19) - age   1:    7535344 bytes,    7535344 total
[2025-02-03T08:36:16.643+0000][29576][info ][gc,heap     ] GC(19) Eden regions: 35->0(78)
[2025-02-03T08:36:16.643+0000][29576][info ][gc,heap     ] GC(19) Survivor regions: 15->4(7)
[2025-02-03T08:36:16.643+0000][29576][info ][gc,heap     ] GC(19) Old regions: 14->29
[2025-02-03T08:36:16.643+0000][29576][info ][gc,heap     ] GC(19) Humongous regions: 2->2
[2025-02-03T08:36:16.643+0000][29576][info ][gc,metaspace] GC(19) Metaspace: 142574K(146816K)->142574K(146816K) NonClass: 122139K(124480K)->122139K(124480K) Class: 20434K(22336K)->20434K(22336K)
[2025-02-03T08:36:16.643+0000][29576][info ][gc          ] GC(19) Pause Young (Normal) (G1 Evacuation Pause) 260M->136M(4008M) 417.570ms
[2025-02-03T08:36:16.643+0000][29576][info ][gc,cpu      ] GC(19) User=0.27s Sys=0.92s Real=0.42s
[2025-02-03T08:36:16.643+0000][29576][info ][safepoint   ] Safepoint "G1CollectForAllocation", Time since last: 381372358300 ns, Reaching safepoint: 494800 ns, At safepoint: 418364100 ns, Total: 418858900 ns
[2025-02-03T08:36:20.034+0000][29576][info ][gc,heap,exit] Heap
[2025-02-03T08:36:20.034+0000][29576][info ][gc,heap,exit]  garbage-first heap   total reserved 4104192K, committed 4104192K, used 166987K [0x0000000705800000, 0x0000000800000000)
[2025-02-03T08:36:20.034+0000][29576][info ][gc,heap,exit]   region size 4096K, 11 young (45056K), 4 survivors (16384K)
[2025-02-03T08:36:20.034+0000][29576][info ][gc,heap,exit]  Metaspace       used 143136K, committed 147392K, reserved 1179648K
[2025-02-03T08:36:20.034+0000][29576][info ][gc,heap,exit]   class space    used 20558K, committed 22464K, reserved 1048576K
