[2025-01-31T14:08:36.249+0000][21912][info][gc,init] CardTable entry size: 512
[2025-01-31T14:08:36.253+0000][21912][info][gc     ] Using G1
[2025-01-31T14:08:36.258+0000][21912][info][gc,init] Version: 23+37-2369 (release)
[2025-01-31T14:08:36.258+0000][21912][info][gc,init] CPUs: 12 total, 12 available
[2025-01-31T14:08:36.258+0000][21912][info][gc,init] Memory: 8016M
[2025-01-31T14:08:36.258+0000][21912][info][gc,init] Large Page Support: Disabled
[2025-01-31T14:08:36.258+0000][21912][info][gc,init] NUMA Support: Disabled
[2025-01-31T14:08:36.258+0000][21912][info][gc,init] Compressed Oops: Enabled (32-bit)
[2025-01-31T14:08:36.258+0000][21912][info][gc,init] Heap Region Size: 1M
[2025-01-31T14:08:36.258+0000][21912][info][gc,init] Heap Min Capacity: 8M
[2025-01-31T14:08:36.258+0000][21912][info][gc,init] Heap Initial Capacity: 126M
[2025-01-31T14:08:36.258+0000][21912][info][gc,init] Heap Max Capacity: 2006M
[2025-01-31T14:08:36.259+0000][21912][info][gc,init] Pre-touch: Disabled
[2025-01-31T14:08:36.259+0000][21912][info][gc,init] Parallel Workers: 10
[2025-01-31T14:08:36.259+0000][21912][info][gc,init] Concurrent Workers: 3
[2025-01-31T14:08:36.259+0000][21912][info][gc,init] Concurrent Refinement Workers: 10
[2025-01-31T14:08:36.259+0000][21912][info][gc,init] Periodic GC: Disabled
[2025-01-31T14:08:36.272+0000][21912][info][gc,metaspace] CDS archive(s) mapped at: [0x00000167c9000000-0x00000167c9d70000-0x00000167c9d70000), size 14090240, SharedBaseAddress: 0x00000167c9000000, ArchiveRelocationMode: 1.
[2025-01-31T14:08:36.272+0000][21912][info][gc,metaspace] Compressed class space mapped at: 0x00000167ca000000-0x000001680a000000, reserved size: 1073741824
[2025-01-31T14:08:36.272+0000][21912][info][gc,metaspace] Narrow klass base: 0x00000167c9000000, Narrow klass shift: 0, Narrow klass range: 0x41000000
[2025-01-31T14:08:36.364+0000][21912][info][gc,heap,exit] Heap
[2025-01-31T14:08:36.364+0000][21912][info][gc,heap,exit]  garbage-first heap   total reserved 2054144K, committed 129024K, used 3031K [0x0000000082a00000, 0x0000000100000000)
[2025-01-31T14:08:36.364+0000][21912][info][gc,heap,exit]   region size 1024K, 3 young (3072K), 0 survivors (0K)
[2025-01-31T14:08:36.364+0000][21912][info][gc,heap,exit]  Metaspace       used 215K, committed 448K, reserved 1114112K
[2025-01-31T14:08:36.365+0000][21912][info][gc,heap,exit]   class space    used 6K, committed 128K, reserved 1048576K
